2713:8:response,510:6:reason,2:OK,13:timestamp_end,17:1558440321.096555^12:http_version,8:HTTP/1.1,11:status_code,3:200#15:timestamp_start,17:1558440321.090005^7:headers,257:40:4:Date,29:Tue, 21 May 2019 12:05:21 GMT,]51:12:Content-Type,31:application/json; charset=utf-8,]23:14:Content-Length,2:84,]28:10:Connection,10:keep-alive,]27:16:Content-Encoding,4:gzip,]31:12:G-Powered-By,11:EaseGateway,]29:11:G-Timestamp,10:1558440321,]]7:content,84:‹      ÿªVÊP²ªVJV²2ĞQJU²RRÒQ*V²245µ011062ÔQ*Q²2ªÕ)©V*.I,)-V²Ê+ÍÉ©­å  ÿÿñ©â>   ,}4:type,4:http,5:error,0:~6:marked,5:false!7:version,13:1:0#2:18#1:2#]11:client_conn,204:15:ssl_established,5:false!10:clientcert,0:~13:timestamp_end,0:~7:address,60:7:address,27:15:192.168.128.181,5:63008#]8:use_ipv6,5:false!}15:timestamp_start,17:1558440320.990038^19:timestamp_ssl_setup,0:~}2:id,36:307678f5-d36d-421d-aad4-863a753d77bc,11:intercepted,5:false!7:request,1373:9:is_replay,5:false!4:port,2:80#12:stickycookie,5:false!13:timestamp_end,17:1558440321.028521^4:path,22:/badge/status/85003403,15:timestamp_start,17:1558440320.997379^7:headers,1032:29:9:X-App-Key,13:android-6.2.0,]19:5:X-Uid,8:85003403,]14:7:X-Thumb,1:l,]15:4:X-Dt,5:phone,]13:4:X-Ov,3:6.0,]15:5:X-Net,4:WIFI,]17:4:X-Os,7:ANDROID,]26:3:X-D,16:ae244834553d4eda,]28:4:X-Dv,17:Samsung Galaxy S6,]13:3:X-T,4:json,]13:6:X-Chil,1:0,]10:3:X-V,1:2,]15:4:X-Av,5:6.2.0,]14:5:X-Scr,3:2.0,]12:5:X-Adv,1:1,]45:6:X-Seid,32:218ef9e66ce3e0025bfad70cd02dd2ed,]14:8:X-Hitdot,0:,]63:11:G-Auth-Sign,44:OWNjZDEyY2EzNDYxZDE1ODQxYThmZjUzY2U1MWIwZjk=,]52:12:G-Auth-Nonce,32:41a88d2a83e08c10ec44cc6f99481c00,]26:9:G-Auth-Ts,10:1558440320,]44:12:G-Auth-Appid,24:5a27d122ee4638163f594393,]312:12:G-Auth-Token,291:eyJhbGciOiJIUzUxMiIsInR5cCI6IkpXVCJ9.eyJhdWQiOiJsdW9qaWxhYi5jb20iLCJleHAiOjE1NTkwNDI3OTksImlhdCI6MTU1ODQzNzk5OSwiaXNzIjoiRWFzZUdhdGV3YXkgSldUQXV0aCBQbHVnaW4iLCJuYmYiOjE1NTg0Mzc5OTksInN1YiI6Ijg1MDAzNDAzIn0.5J13wFzrBZv434Oi7yos7349FnruBeGZ0LNw4VmjORaaWUiFX3Q2yVNrSKqf27JfNQRsAT3NYL2gouO0Xju66Q,]33:4:Host,22:entree.dev.igetget.com,]28:10:Connection,10:Keep-Alive,]26:15:Accept-Encoding,4:gzip,]31:10:User-Agent,13:okhttp/3.11.0,]]7:content,0:,6:method,3:GET,4:host,22:entree.dev.igetget.com,17:first_line_format,8:relative,12:http_version,8:HTTP/1.1,6:scheme,4:http,10:stickyauth,5:false!}11:server_conn,417:15:ssl_established,5:false!14:source_address,60:7:address,27:15:192.168.128.181,5:63011#]8:use_ipv6,5:false!}13:timestamp_end,0:~7:address,64:7:address,31:22:entree.dev.igetget.com,2:80#]8:use_ipv6,5:false!}4:cert,0:~3:sni,0:~15:timestamp_start,17:1558440321.054038^19:timestamp_ssl_setup,0:~10:ip_address,54:7:address,21:12:39.107.208.4,2:80#]8:use_ipv6,5:false!}3:via,0:~19:timestamp_tcp_setup,17:1558440321.064838^}}3104:8:response,503:6:reason,2:OK,13:timestamp_end,17:1558440321.098107^12:http_version,8:HTTP/1.1,11:status_code,3:200#15:timestamp_start,17:1558440321.077512^7:headers,257:40:4:Date,29:Tue, 21 May 2019 12:05:21 GMT,]51:12:Content-Type,31:application/json; charset=utf-8,]23:14:Content-Length,2:77,]28:10:Connection,10:keep-alive,]27:16:Content-Encoding,4:gzip,]31:12:G-Powered-By,11:EaseGateway,]29:11:G-Timestamp,10:1558440321,]]7:content,77:‹      ÿªVÊP²ªVJV²2ĞQJU²RRÒQ*V²245µ011062ÔQ*Q²2ªÕ)©VÊÏV²2¬­å  ÿÿj%Ù7   ,}4:type,4:http,5:error,0:~6:marked,5:false!7:version,13:1:0#2:18#1:2#]11:client_conn,204:15:ssl_established,5:false!10:clientcert,0:~13:timestamp_end,0:~7:address,60:7:address,27:15:192.168.128.181,5:63009#]8:use_ipv6,5:false!}15:timestamp_start,17:1558440320.990638^19:timestamp_ssl_setup,0:~}2:id,36:bea691a6-d0e0-4340-a4e4-7702560ac5f3,11:intercepted,5:false!7:request,1771:9:is_replay,5:false!4:port,2:80#12:stickycookie,5:false!13:timestamp_end,17:1558440321.023894^4:path,25:/onepiece/v1/device/check,15:timestamp_start,17:1558440320.997687^7:headers,1115:29:9:X-App-Key,13:android-6.2.0,]19:5:X-Uid,8:85003403,]14:7:X-Thumb,1:l,]15:4:X-Dt,5:phone,]13:4:X-Ov,3:6.0,]15:5:X-Net,4:WIFI,]17:4:X-Os,7:ANDROID,]26:3:X-D,16:ae244834553d4eda,]28:4:X-Dv,17:Samsung Galaxy S6,]13:3:X-T,4:json,]13:6:X-Chil,1:0,]10:3:X-V,1:2,]15:4:X-Av,5:6.2.0,]14:5:X-Scr,3:2.0,]12:5:X-Adv,1:1,]45:6:X-Seid,32:218ef9e66ce3e0025bfad70cd02dd2ed,]14:8:X-Hitdot,0:,]63:11:G-Auth-Sign,44:NmViZmYxZTVjYjYwOTQzOGRmMzM2YjRjYzQ2ODdlYzk=,]52:12:G-Auth-Nonce,32:1771a06227a57b407d743dd74e722bc3,]26:9:G-Auth-Ts,10:1558440320,]44:12:G-Auth-Appid,24:5a27d122ee4638163f594393,]312:12:G-Auth-Token,291:eyJhbGciOiJIUzUxMiIsInR5cCI6IkpXVCJ9.eyJhdWQiOiJsdW9qaWxhYi5jb20iLCJleHAiOjE1NTkwNDI3OTksImlhdCI6MTU1ODQzNzk5OSwiaXNzIjoiRWFzZUdhdGV3YXkgSldUQXV0aCBQbHVnaW4iLCJuYmYiOjE1NTg0Mzc5OTksInN1YiI6Ijg1MDAzNDAzIn0.5J13wFzrBZv434Oi7yos7349FnruBeGZ0LNw4VmjORaaWUiFX3Q2yVNrSKqf27JfNQRsAT3NYL2gouO0Xju66Q,]51:12:Content-Type,31:application/json; charset=UTF-8,]24:14:Content-Length,3:309,]33:4:Host,22:entree.dev.igetget.com,]28:10:Connection,10:Keep-Alive,]26:15:Accept-Encoding,4:gzip,]31:10:User-Agent,13:okhttp/3.11.0,]]7:content,309:{"h":{"u":"85003403","thumb":"l","dt":"phone","ov":"6.0","net":"WIFI","os":"ANDROID","d":"ae244834553d4eda","dv":"Samsung Galaxy S6","t":"json","chil":"0","v":"2","av":"6.2.0","scr":"2.0","adv":"1","X-Dv":"Samsung Galaxy S6","ts":"1558440319","s":"9628def9c754fceb","seid":"218ef9e66ce3e0025bfad70cd02dd2ed"}},6:method,4:POST,4:host,22:entree.dev.igetget.com,17:first_line_format,8:relative,12:http_version,8:HTTP/1.1,6:scheme,4:http,10:stickyauth,5:false!}11:server_conn,417:15:ssl_established,5:false!14:source_address,60:7:address,27:15:192.168.128.181,5:63010#]8:use_ipv6,5:false!}13:timestamp_end,0:~7:address,64:7:address,31:22:entree.dev.igetget.com,2:80#]8:use_ipv6,5:false!}4:cert,0:~3:sni,0:~15:timestamp_start,17:1558440321.045617^19:timestamp_ssl_setup,0:~10:ip_address,54:7:address,21:12:39.107.208.4,2:80#]8:use_ipv6,5:false!}3:via,0:~19:timestamp_tcp_setup,17:1558440321.059817^}}3443:8:response,572:6:reason,2:OK,13:timestamp_end,16:1558440321.38228^12:http_version,8:HTTP/1.1,11:status_code,3:200#15:timestamp_start,16:1558440321.37158^7:headers,258:40:4:Date,29:Tue, 21 May 2019 12:05:21 GMT,]51:12:Content-Type,31:application/json; charset=utf-8,]24:14:Content-Length,3:146,]28:10:Connection,10:keep-alive,]27:16:Content-Encoding,4:gzip,]31:12:G-Powered-By,11:EaseGateway,]29:11:G-Timestamp,10:1558440321,]]7:content,146:‹      ÿ$Ì]ªÃ Gñ½üŸ' ùàŞÎVJQK£Gh÷^š¾¿ÜáÀŠÀ ¡‚õ¶ı¯«ZfM°^ş}§3ÙlªXi¼R¬¾?RÄ¦ËyÆën\iY~ğëN‚7p)Ş¾Á˜•¾Mj›fBôÁ&“ÛVc|  ÿÿ¬;›   ,}4:type,4:http,5:error,0:~6:marked,5:false!7:version,13:1:0#2:18#1:2#]11:client_conn,204:15:ssl_established,5:false!10:clientcert,0:~13:timestamp_end,0:~7:address,60:7:address,27:15:192.168.128.181,5:63012#]8:use_ipv6,5:false!}15:timestamp_start,17:1558440321.086178^19:timestamp_ssl_setup,0:~}2:id,36:61d5c2c5-1ce5-4b2a-bf77-94548347677b,11:intercepted,5:false!7:request,2042:9:is_replay,5:false!4:port,2:80#12:stickycookie,5:false!13:timestamp_end,17:1558440321.148038^4:path,28:/feed/v3/plandetail/todolist,15:timestamp_start,17:1558440321.136496^7:headers,1117:29:9:X-App-Key,13:android-6.2.0,]19:5:X-Uid,8:85003403,]14:7:X-Thumb,1:l,]15:4:X-Dt,5:phone,]13:4:X-Ov,3:6.0,]15:5:X-Net,4:WIFI,]17:4:X-Os,7:ANDROID,]26:3:X-D,16:ae244834553d4eda,]28:4:X-Dv,17:Samsung Galaxy S6,]13:3:X-T,4:json,]13:6:X-Chil,1:0,]10:3:X-V,1:2,]15:4:X-Av,5:6.2.0,]14:5:X-Scr,3:2.0,]12:5:X-Adv,1:1,]45:6:X-Seid,32:218ef9e66ce3e0025bfad70cd02dd2ed,]14:8:X-Hitdot,0:,]63:11:G-Auth-Sign,44:MjYzZDFjMWVkNTAwZWYwNjFiNzY3ODYwNWExMDE5YTE=,]52:12:G-Auth-Nonce,32:036fb79e169921fde7039d49754a2be2,]26:9:G-Auth-Ts,10:1558440321,]44:12:G-Auth-Appid,24:5a27d122ee4638163f594393,]312:12:G-Auth-Token,291:eyJhbGciOiJIUzUxMiIsInR5cCI6IkpXVCJ9.eyJhdWQiOiJsdW9qaWxhYi5jb20iLCJleHAiOjE1NTkwNDI3OTksImlhdCI6MTU1ODQzNzk5OSwiaXNzIjoiRWFzZUdhdGV3YXkgSldUQXV0aCBQbHVnaW4iLCJuYmYiOjE1NTg0Mzc5OTksInN1YiI6Ijg1MDAzNDAzIn0.5J13wFzrBZv434Oi7yos7349FnruBeGZ0LNw4VmjORaaWUiFX3Q2yVNrSKqf27JfNQRsAT3NYL2gouO0Xju66Q,]53:12:Content-Type,33:application/x-www-form-urlencoded,]24:14:Content-Length,3:575,]33:4:Host,22:entree.dev.igetget.com,]28:10:Connection,10:Keep-Alive,]26:15:Accept-Encoding,4:gzip,]31:10:User-Agent,13:okhttp/3.11.0,]]7:content,575:day=2019-05-21&since_id=0&count=20&h=%7B%22u%22%3A%2285003403%22%2C%22thumb%22%3A%22l%22%2C%22dt%22%3A%22phone%22%2C%22ov%22%3A%226.0%22%2C%22net%22%3A%22WIFI%22%2C%22os%22%3A%22ANDROID%22%2C%22d%22%3A%22ae244834553d4eda%22%2C%22dv%22%3A%22Samsung%20Galaxy%20S6%22%2C%22t%22%3A%22json%22%2C%22chil%22%3A%220%22%2C%22v%22%3A%222%22%2C%22av%22%3A%226.2.0%22%2C%22scr%22%3A%222.0%22%2C%22adv%22%3A%221%22%2C%22X-Dv%22%3A%22Samsung%20Galaxy%20S6%22%2C%22ts%22%3A%221558440320%22%2C%22s%22%3A%229628def9c754fceb%22%2C%22seid%22%3A%22218ef9e66ce3e0025bfad70cd02dd2ed%22%7D&max_id=0,6:method,4:POST,4:host,22:entree.dev.igetget.com,17:first_line_format,8:relative,12:http_version,8:HTTP/1.1,6:scheme,4:http,10:stickyauth,5:false!}11:server_conn,416:15:ssl_established,5:false!14:source_address,60:7:address,27:15:192.168.128.181,5:63013#]8:use_ipv6,5:false!}13:timestamp_end,0:~7:address,64:7:address,31:22:entree.dev.igetget.com,2:80#]8:use_ipv6,5:false!}4:cert,0:~3:sni,0:~15:timestamp_start,16:1558440321.15496^19:timestamp_ssl_setup,0:~10:ip_address,54:7:address,21:12:39.107.208.4,2:80#]8:use_ipv6,5:false!}3:via,0:~19:timestamp_tcp_setup,17:1558440321.182673^}}3103:8:response,503:6:reason,2:OK,13:timestamp_end,17:1558440321.744289^12:http_version,8:HTTP/1.1,11:status_code,3:200#15:timestamp_start,17:1558440321.700781^7:headers,257:40:4:Date,29:Tue, 21 May 2019 12:05:21 GMT,]51:12:Content-Type,31:application/json; charset=utf-8,]23:14:Content-Length,2:77,]28:10:Connection,10:keep-alive,]27:16:Content-Encoding,4:gzip,]31:12:G-Powered-By,11:EaseGateway,]29:11:G-Timestamp,10:1558440321,]]7:content,77:‹      ÿªVÊP²ªVJV²2ĞQJU²RRÒQ*V²245µ011062ÔQ*Q²2ªÕ)©VÊÏV²2¬­å  ÿÿj%Ù7   ,}4:type,4:http,5:error,0:~6:marked,5:false!7:version,13:1:0#2:18#1:2#]11:client_conn,204:15:ssl_established,5:false!10:clientcert,0:~13:timestamp_end,0:~7:address,60:7:address,27:15:192.168.128.181,5:63008#]8:use_ipv6,5:false!}15:timestamp_start,17:1558440320.990038^19:timestamp_ssl_setup,0:~}2:id,36:b24fe821-ec04-4a09-acff-0a362a8b1a0a,11:intercepted,5:false!7:request,1770:9:is_replay,5:false!4:port,2:80#12:stickycookie,5:false!13:timestamp_end,16:1558440321.64434^4:path,25:/onepiece/v1/device/check,15:timestamp_start,17:1558440321.636375^7:headers,1115:29:9:X-App-Key,13:android-6.2.0,]19:5:X-Uid,8:85003403,]14:7:X-Thumb,1:l,]15:4:X-Dt,5:phone,]13:4:X-Ov,3:6.0,]15:5:X-Net,4:WIFI,]17:4:X-Os,7:ANDROID,]26:3:X-D,16:ae244834553d4eda,]28:4:X-Dv,17:Samsung Galaxy S6,]13:3:X-T,4:json,]13:6:X-Chil,1:0,]10:3:X-V,1:2,]15:4:X-Av,5:6.2.0,]14:5:X-Scr,3:2.0,]12:5:X-Adv,1:1,]45:6:X-Seid,32:218ef9e66ce3e0025bfad70cd02dd2ed,]14:8:X-Hitdot,0:,]63:11:G-Auth-Sign,44:NTllZTdkOTNhM2E1OWEyZjcyM2RhNDY0MjdhNTRiYjQ=,]52:12:G-Auth-Nonce,32:d6a1f72c09d011557c44b410614dbc0b,]26:9:G-Auth-Ts,10:1558440321,]44:12:G-Auth-Appid,24:5a27d122ee4638163f594393,]312:12:G-Auth-Token,291:eyJhbGciOiJIUzUxMiIsInR5cCI6IkpXVCJ9.eyJhdWQiOiJsdW9qaWxhYi5jb20iLCJleHAiOjE1NTkwNDI3OTksImlhdCI6MTU1ODQzNzk5OSwiaXNzIjoiRWFzZUdhdGV3YXkgSldUQXV0aCBQbHVnaW4iLCJuYmYiOjE1NTg0Mzc5OTksInN1YiI6Ijg1MDAzNDAzIn0.5J13wFzrBZv434Oi7yos7349FnruBeGZ0LNw4VmjORaaWUiFX3Q2yVNrSKqf27JfNQRsAT3NYL2gouO0Xju66Q,]51:12:Content-Type,31:application/json; charset=UTF-8,]24:14:Content-Length,3:309,]33:4:Host,22:entree.dev.igetget.com,]28:10:Connection,10:Keep-Alive,]26:15:Accept-Encoding,4:gzip,]31:10:User-Agent,13:okhttp/3.11.0,]]7:content,309:{"h":{"u":"85003403","thumb":"l","dt":"phone","ov":"6.0","net":"WIFI","os":"ANDROID","d":"ae244834553d4eda","dv":"Samsung Galaxy S6","t":"json","chil":"0","v":"2","av":"6.2.0","scr":"2.0","adv":"1","X-Dv":"Samsung Galaxy S6","ts":"1558440321","s":"9628def9c754fceb","seid":"218ef9e66ce3e0025bfad70cd02dd2ed"}},6:method,4:POST,4:host,22:entree.dev.igetget.com,17:first_line_format,8:relative,12:http_version,8:HTTP/1.1,6:scheme,4:http,10:stickyauth,5:false!}11:server_conn,417:15:ssl_established,5:false!14:source_address,60:7:address,27:15:192.168.128.181,5:63011#]8:use_ipv6,5:false!}13:timestamp_end,0:~7:address,64:7:address,31:22:entree.dev.igetget.com,2:80#]8:use_ipv6,5:false!}4:cert,0:~3:sni,0:~15:timestamp_start,17:1558440321.054038^19:timestamp_ssl_setup,0:~10:ip_address,54:7:address,21:12:39.107.208.4,2:80#]8:use_ipv6,5:false!}3:via,0:~19:timestamp_tcp_setup,17:1558440321.064838^}}3635:8:response,814:6:reason,2:OK,13:timestamp_end,17:1558440321.745015^12:http_version,8:HTTP/1.1,11:status_code,3:200#15:timestamp_start,17:1558440321.700819^7:headers,258:40:4:Date,29:Tue, 21 May 2019 12:05:21 GMT,]51:12:Content-Type,31:application/json; charset=utf-8,]24:14:Content-Length,3:386,]28:10:Connection,10:keep-alive,]27:16:Content-Encoding,4:gzip,]31:12:G-Powered-By,11:EaseGateway,]29:11:G-Timestamp,10:1558440321,]]7:content,386:‹      ÿ”ÔÍJë@ğı}Œÿz™ÌGÎW¹\JHsi¸ÜŞ’¤)]‰PQÁ‹.êÎ…ŠíB
¾N£}I,ƒèäkıŸa~œsæÌÁÌ0úŸÃüš!ÂpÁ³<…Æá¿Åú¦8;CÿÂ(†,óiÃ¢4óx'åQ®¤O$´ô¦“á× gø“Œ“lt<†ühÃøI6¨0|Îåä,®^O»Ëãb½-–«î.íIát²—Ëwº6«ıò¶;‡S@ue¢>_º8»“ÍşúáíñœˆÈª¨Q%|N‚‚ï*´ª<«rÎ’U–´“]C*ƒ$gß,I[’n'éº*é~Uâ$Õqœª—•cœlĞƒä5’¤%Év’¬kœìÕ8®İ{i[l^>ÿ¹fQµ´tş9í“ê%úÙX$aI¢½HÂA²AÒo†4`°¿¿Øİ=cÎ0*7{T]ˆ?„åûJ‘”(g®º8ÿñ  ÿÿı_PV  ,}4:type,4:http,5:error,0:~6:marked,5:false!7:version,13:1:0#2:18#1:2#]11:client_conn,204:15:ssl_established,5:false!10:clientcert,0:~13:timestamp_end,0:~7:address,60:7:address,27:15:192.168.128.181,5:63012#]8:use_ipv6,5:false!}15:timestamp_start,17:1558440321.086178^19:timestamp_ssl_setup,0:~}2:id,36:0891eb26-8e76-4252-9389-d756ef39b822,11:intercepted,5:false!7:request,1992:9:is_replay,5:false!4:port,2:80#12:stickycookie,5:false!13:timestamp_end,17:1558440321.662621^4:path,22:/search/v2/keyword/hot,15:timestamp_start,17:1558440321.653189^7:headers,1117:29:9:X-App-Key,13:android-6.2.0,]19:5:X-Uid,8:85003403,]14:7:X-Thumb,1:l,]15:4:X-Dt,5:phone,]13:4:X-Ov,3:6.0,]15:5:X-Net,4:WIFI,]17:4:X-Os,7:ANDROID,]26:3:X-D,16:ae244834553d4eda,]28:4:X-Dv,17:Samsung Galaxy S6,]13:3:X-T,4:json,]13:6:X-Chil,1:0,]10:3:X-V,1:2,]15:4:X-Av,5:6.2.0,]14:5:X-Scr,3:2.0,]12:5:X-Adv,1:1,]45:6:X-Seid,32:218ef9e66ce3e0025bfad70cd02dd2ed,]14:8:X-Hitdot,0:,]63:11:G-Auth-Sign,44:ZDBkN2VhYmFiMDM2NGQ4ZmM0MTg0YjUxMTdhOTdhNmY=,]52:12:G-Auth-Nonce,32:b00266740c41f882e00b84d499f4bc43,]26:9:G-Auth-Ts,10:1558440321,]44:12:G-Auth-Appid,24:5a27d122ee4638163f594393,]312:12:G-Auth-Token,291:eyJhbGciOiJIUzUxMiIsInR5cCI6IkpXVCJ9.eyJhdWQiOiJsdW9qaWxhYi5jb20iLCJleHAiOjE1NTkwNDI3OTksImlhdCI6MTU1ODQzNzk5OSwiaXNzIjoiRWFzZUdhdGV3YXkgSldUQXV0aCBQbHVnaW4iLCJuYmYiOjE1NTg0Mzc5OTksInN1YiI6Ijg1MDAzNDAzIn0.5J13wFzrBZv434Oi7yos7349FnruBeGZ0LNw4VmjORaaWUiFX3Q2yVNrSKqf27JfNQRsAT3NYL2gouO0Xju66Q,]53:12:Content-Type,33:application/x-www-form-urlencoded,]24:14:Content-Length,3:531,]33:4:Host,22:entree.dev.igetget.com,]28:10:Connection,10:Keep-Alive,]26:15:Accept-Encoding,4:gzip,]31:10:User-Agent,13:okhttp/3.11.0,]]7:content,531:h=%7B%22u%22%3A%2285003403%22%2C%22thumb%22%3A%22l%22%2C%22dt%22%3A%22phone%22%2C%22ov%22%3A%226.0%22%2C%22net%22%3A%22WIFI%22%2C%22os%22%3A%22ANDROID%22%2C%22d%22%3A%22ae244834553d4eda%22%2C%22dv%22%3A%22Samsung%20Galaxy%20S6%22%2C%22t%22%3A%22json%22%2C%22chil%22%3A%220%22%2C%22v%22%3A%222%22%2C%22av%22%3A%226.2.0%22%2C%22scr%22%3A%222.0%22%2C%22adv%22%3A%221%22%2C%22X-Dv%22%3A%22Samsung%20Galaxy%20S6%22%2C%22ts%22%3A%221558440321%22%2C%22s%22%3A%229628def9c754fceb%22%2C%22seid%22%3A%22218ef9e66ce3e0025bfad70cd02dd2ed%22%7D,6:method,4:POST,4:host,22:entree.dev.igetget.com,17:first_line_format,8:relative,12:http_version,8:HTTP/1.1,6:scheme,4:http,10:stickyauth,5:false!}11:server_conn,416:15:ssl_established,5:false!14:source_address,60:7:address,27:15:192.168.128.181,5:63013#]8:use_ipv6,5:false!}13:timestamp_end,0:~7:address,64:7:address,31:22:entree.dev.igetget.com,2:80#]8:use_ipv6,5:false!}4:cert,0:~3:sni,0:~15:timestamp_start,16:1558440321.15496^19:timestamp_ssl_setup,0:~10:ip_address,54:7:address,21:12:39.107.208.4,2:80#]8:use_ipv6,5:false!}3:via,0:~19:timestamp_tcp_setup,17:1558440321.182673^}}13057:8:response,10215:6:reason,2:OK,13:timestamp_end,16:1558440321.89263^12:http_version,8:HTTP/1.1,11:status_code,3:200#15:timestamp_start,17:1558440321.883011^7:headers,234:40:4:Date,29:Tue, 21 May 2019 12:05:21 GMT,]51:12:Content-Type,31:application/json; charset=utf-8,]31:17:Transfer-Encoding,7:chunked,]28:10:Connection,10:keep-alive,]31:12:G-Powered-By,11:EaseGateway,]29:11:G-Timestamp,10:1558440321,]]7:content,9811:{"h":{"c":0,"e":"","s":1558440321,"t":316},"c":{"list":[{"id":10,"type":22,"icon":"https://piccdn.igetget.com/img/201805/17/201805171904586207028712.jpg","title":"æœ€åä¸€æ‰“æœ€åä¸€æ‰“æœ€åä¸€æ‰“æœ€åä¸€æ‰“æœ€å","author":"é­å©·li","author_intro":"å­¦ä¹ ä½¿æˆ‘å¿«ä¹å­¦ä¹ ä½¿æˆ‘å¿«ä¹å­¦ä¹ ä½¿æˆ‘å¿«ä¹","update_time":1536906634,"price":"19.00","price_desc":"è®²","slogan":"å‰¯æ ‡é¢˜æœ€åæ‰“æœ€åä¸€æ‰“æœ€åä¸€æ‰“æœ€åä¸€æ‰“æœ€åä¸€æ‰“æœ€åä¸€æ‰“","latest_article":"","duration":0,"course_num":8,"buy_num":1253,"log_id":"10","log_type":"course"},{"id":6,"type":22,"icon":"https://piccdn.igetget.com/img/201706/29/201706291745209872419724.jpg","title":"æ€æ ·è®©ä½ çš„å£°éŸ³æ›´æœ‰é­…åŠ›","author":"é­å©·li","author_intro":"å­¦ä¹ ä½¿æˆ‘å¿«ä¹å­¦ä¹ ä½¿æˆ‘å¿«ä¹å­¦ä¹ ä½¿æˆ‘å¿«ä¹","update_time":1542945287,"price":"5.00","price_desc":"è®²","slogan":"éƒ‘ä¼Ÿ Â· ç½—èƒ–çš„å£°éŸ³è®­ç»ƒå¸ˆ","latest_article":"","duration":0,"course_num":9,"buy_num":328,"log_id":"6","log_type":"course"},{"id":43,"type":4,"icon":"https://piccdn.igetget.com/img/201712/17/201712172351072169788719.jpg","title":"é¦™å¸…çš„åŒ—å¤§é‡‘èå­¦è¯¾","author":"æ¢æœä¼Ÿ","author_intro":"æ¢æœä¼Ÿï¼Œ1962å¹´6æœˆ27æ—¥å‡ºç”Ÿäºé¦™æ¸¯ï¼Œç¥–ç±å¹¿ä¸œçœå°å±±å¸‚ï¼Œä¸­å›½é¦™æ¸¯ç”·æ¼”å‘˜ã€æ­Œæ‰‹ï¼Œå›½å®¶ä¸€çº§æ¼”å‘˜ï¼Œæ¯•ä¸šäºé¦™æ¸¯æ— çº¿è®­ç»ƒç­ç¬¬11æœŸã€‚\r\n1982å¹´è€ƒå…¥æ— çº¿ç”µè§†è‰ºå‘˜è®­ç»ƒç­ï¼Œæ­£å¼è¿›å…¥æ¼”è‰ºç•Œã€‚20ä¸–çºª80å¹´ä»£æ‹æ‘„äº†å¤šéƒ¨ç”µè§†å‰§ã€‚1984å¹´å› å‡ºæ¼”ç”µè§†å‰§ã€Šé¹¿é¼è®°ã€‹ä¸­çš„éŸ¦å°å®ä¸€è§’å—åˆ°å…³æ³¨ [1]  ã€‚1990å¹´ä¸»æ¼”ç”µå½±ã€Šå–‹è¡€è¡—å¤´ã€‹ [2]  ã€‚1994å¹´å‡­å€Ÿç”µå½±ã€Šé‡åº†æ£®æ—ã€‹è·å¾—ç¬¬14å±Šé¦™æ¸¯ç”µå½±é‡‘åƒå¥–æœ€ä½³ç”·ä¸»è§’å¥–ã€ç¬¬31å±Šå°æ¹¾ç”µå½±é‡‘é©¬å¥–æœ€ä½³ç”·ä¸»è§’å¥– [3]  ã€‚1997å¹´å‡­å€Ÿç”µå½±ã€Šæ˜¥å…‰ä¹æ³„ã€‹è·å¾—ç¬¬17å±Šé¦™æ¸¯ç”µå½±é‡‘åƒå¥–æœ€ä½³ç”·ä¸»è§’å¥– [4]  ã€‚1998å¹´ä¸»æ¼”ç”µå½±ã€Šæš—èŠ±ã€‹ã€‚2000å¹´å‡­å€Ÿç”µå½±ã€ŠèŠ±æ ·å¹´åã€‹è·å¾—ç¬¬53å±Šæˆ›çº³å›½é™…ç”µå½±èŠ‚æœ€ä½³ç”·æ¼”å‘˜å¥–ä»¥åŠç¬¬20å±Šé¦™æ¸¯ç”µå½±é‡‘åƒå¥–æœ€ä½³ç”·ä¸»è§’ [5]  ã€‚\r\n2002å¹´ä¸»æ¼”å¼ è‰ºè°‹æ‰§å¯¼çš„ç”µå½±ã€Šè‹±é›„ã€‹ [6]  ã€‚2003å¹´å‡­å€Ÿç”µå½±ã€Šæ— é—´é“ã€‹è·å¾—ç¬¬22å±Šé¦™æ¸¯ç”µå½±é‡‘åƒå¥–æœ€ä½³ç”·ä¸»è§’å¥–ã€ç¬¬40å±Šå°æ¹¾ç”µå½±é‡‘é©¬å¥–æœ€ä½³ç”·ä¸»è§’å¥– [7]  ã€‚2005å¹´å‡­å€Ÿç”µå½±ã€Š2046ã€‹è·å¾—ç¬¬24å±Šé¦™æ¸¯ç”µå½±é‡‘åƒå¥–æœ€ä½³ç”·ä¸»è§’å¥– [8]  ã€‚2007å¹´å‡­å€Ÿç”µå½±ã€Šè‰²Â·æˆ’ã€‹è·å¾—ç¬¬44å±Šå°æ¹¾ç”µå½±é‡‘é©¬å¥–æœ€ä½³ç”·ä¸»è§’å¥–ã€‚2011å¹´ä¸»æ¼”ç‹å®¶å«æ‰§å¯¼çš„å½±ç‰‡ã€Šä¸€ä»£å®—å¸ˆã€‹ [9]  ã€‚2014å¹´å—é‚€æ‹…ä»»ç¬¬64å±ŠæŸæ—å›½é™…ç”µå½±èŠ‚ [10]  ä¸»ç«èµ›å•å…ƒè¯„å§”ã€‚2015å¹´1æœˆ8æ—¥ï¼Œä¸»æ¼”ã€Šä¸€ä»£å®—å¸ˆã€‹3Dç‰ˆä¸Šæ˜  [11]  ã€‚åŒå¹´ï¼Œæ¥æ‹ç”±ç‹å®¶å«ç›‘åˆ¶çš„ç”µå½±ã€Šæ‘†æ¸¡äººã€‹ [12]  ã€‚2016å¹´11æœˆæ‹æ‘„å¤è£…å–œå‰§ç‰‡ã€Šæ‰å¦–è®°2ã€‹ [13]  ã€‚","update_time":1547110816,"price":"0.00","price_desc":"è®²","slogan":"ç«™åœ¨é«˜å¤„ï¼Œé‡æ–°ç†è§£è´¢å¯Œ","latest_article":"","duration":0,"course_num":200,"buy_num":38,"log_id":"43","log_type":"column"},{"id":13,"type":36,"icon":"https://piccdn.igetget.com/img/201807/12/201807121447482842529792.jpg","title":"çŸ¥è¯†é­å©·è€çš„å¤§å¸ˆè¯¾","author":"é­å©·li","author_intro":"å­¦ä¹ ä½¿æˆ‘å¿«ä¹å­¦ä¹ ä½¿æˆ‘å¿«ä¹å­¦ä¹ ä½¿æˆ‘å¿«ä¹","update_time":1554284266,"price":"0.00","price_desc":"è®²","slogan":"2çˆ±æ—…æ¸¸çš„éƒ­è‹±æˆ","latest_article":"","duration":0,"course_num":100,"buy_num":113,"log_id":"13","log_type":"master"},{"id":3823,"type":13,"icon":"https://piccdn.igetget.com/img/201901/10/201901102118515807842427.jpg","title":"è€æ•°æ®å…¼å®¹æµ‹è¯•3","author":"","author_intro":"","update_time":0,"price":"4.99","price_desc":"","slogan":"è€æ•°æ®å…¼å®¹æµ‹è¯•3","latest_article":"","duration":254,"course_num":0,"buy_num":0,"log_id":"3823","log_type":"topic"},{"id":45,"type":22,"icon":"https://piccdn.igetget.com/img/201801/03/201801031151383300765396.jpg","title":"æœ‰æ•ˆè®­ç»ƒä½ çš„å¹½é»˜æ„Ÿ","author":"é­å©·li","author_intro":"å­¦ä¹ ä½¿æˆ‘å¿«ä¹å­¦ä¹ ä½¿æˆ‘å¿«ä¹å­¦ä¹ ä½¿æˆ‘å¿«ä¹","update_time":1537344550,"price":"19.00","price_desc":"è®²","slogan":"ææ–° Â· é²œæ¦¨å–œå‰§åˆ›å§‹äºº","latest_article":"","duration":0,"course_num":7,"buy_num":4,"log_id":"45","log_type":"course"},{"id":8,"type":22,"icon":"https://piccdn.igetget.com/img/201707/12/201707121651517762062461.jpg","title":"æ€æ ·æˆä¸ºè§£å†³é—®é¢˜çš„é«˜æ‰‹","author":"é­å©·li","author_intro":"å­¦ä¹ ä½¿æˆ‘å¿«ä¹å­¦ä¹ ä½¿æˆ‘å¿«ä¹å­¦ä¹ ä½¿æˆ‘å¿«ä¹","update_time":1536906634,"price":"19.00","price_desc":"è®²","slogan":"æ›²å‡¯ Â· å’¨è¯¢å¸ˆã€åˆ›ä¸šè€…","latest_article":"","duration":0,"course_num":9,"buy_num":11,"log_id":"8","log_type":"course"},{"id":44,"type":22,"icon":"https://piccdn.igetget.com/img/201712/27/201712271251106277486806.jpg","title":"æ€æ ·å¿«é€Ÿæå‡è‹±è¯­å£è¯­èƒ½åŠ›","author":"é­å©·li","author_intro":"å­¦ä¹ ä½¿æˆ‘å¿«ä¹å­¦ä¹ ä½¿æˆ‘å¿«ä¹å­¦ä¹ ä½¿æˆ‘å¿«ä¹","update_time":1543491555,"price":"19.00","price_desc":"è®²","slogan":"é©¬å¾éª Â· è‹±è¯­åå¸ˆã€èµ„æ·±ç¿»è¯‘","latest_article":"","duration":0,"course_num":10,"buy_num":1,"log_id":"44","log_type":"course"},{"id":5,"type":36,"icon":"https://piccdn.igetget.com/img/201801/15/201801151513264434146226.jpg","title":"åˆ˜å˜‰Â·å¿ƒç†å­¦åŸºç¡€30è®²","author":"é­å©·li","author_intro":"å­¦ä¹ ä½¿æˆ‘å¿«ä¹å­¦ä¹ ä½¿æˆ‘å¿«ä¹å­¦ä¹ ä½¿æˆ‘å¿«ä¹","update_time":1537869250,"price":"10.00","price_desc":"è®²","slogan":"å¤©æ‰æ˜¯æ€ä¹ˆç‚¼æˆçš„","latest_article":"","duration":0,"course_num":30,"buy_num":9,"log_id":"5","log_type":"master"},{"id":3822,"type":13,"icon":"https://piccdn.igetget.com/img/201901/10/201901102107104614246065.jpg","title":"è€ç‰ˆæœ¬å…¼å®¹æµ‹è¯•2","author":"","author_intro":"","update_time":0,"price":"4.99","price_desc":"","slogan":"è€ç‰ˆæœ¬å…¼å®¹æµ‹è¯•2","latest_article":"","duration":227,"course_num":0,"buy_num":0,"log_id":"3822","log_type":"topic"},{"id":3825,"type":13,"icon":"https://piccdn.igetget.com/img/201901/11/201901111659545245168619.jpg","title":"æ ‡é¢˜ä¸ºç©ºæœ‰æè¿°","author":"","author_intro":"","update_time":0,"price":"4.99","price_desc":"","slogan":"åŠŸå¤«å¤§ä½¿é¦†","latest_article":"","duration":293,"course_num":0,"buy_num":0,"log_id":"3825","log_type":"topic"},{"id":3824,"type":13,"icon":"https://piccdn.igetget.com/img/201901/11/201901111107366949259890.jpg","title":"è€æ•°æ®å…¼å®¹æµ‹è¯•4","author":"","author_intro":"","update_time":0,"price":"4.99","price_desc":"","slogan":"è€æ•°æ®å…¼å®¹æµ‹è¯•4","latest_article":"","duration":233,"course_num":0,"buy_num":0,"log_id":"3824","log_type":"topic"},{"id":46,"type":22,"icon":"https://piccdn.igetget.com/img/201801/25/201801250006177225812459.jpg","title":"æœ‰æ•ˆè®­ç»ƒä½ çš„ç»“æ„åŒ–æ€ç»´","author":"é­å©·li","author_intro":"å­¦ä¹ ä½¿æˆ‘å¿«ä¹å­¦ä¹ ä½¿æˆ‘å¿«ä¹å­¦ä¹ ä½¿æˆ‘å¿«ä¹","update_time":1537344546,"price":"19.00","price_desc":"è®²","slogan":"æå¿ ç§‹ Â· ç»“æ„æ€è€ƒåŠ›å­¦é™¢åˆ›å§‹äºº","latest_article":"","duration":0,"course_num":6,"buy_num":0,"log_id":"46","log_type":"course"},{"id":19,"type":4,"icon":"https://piccdn.igetget.com/img/201804/19/201804191926452203709353.jpg","title":"å´å†› Â· ç¡…è°·æ¥ä¿¡","author":"é­å©·li","author_intro":"å­¦ä¹ ä½¿æˆ‘å¿«ä¹å­¦ä¹ ä½¿æˆ‘å¿«ä¹å­¦ä¹ ä½¿æˆ‘å¿«ä¹","update_time":1536906634,"price":"199.00","price_desc":"è®²","slogan":"æ¯æ—¥æ·±è°ˆï¼Œåƒæ—¶ä»£é¢†èˆªè€…ä¸€æ ·æ€è€ƒ","latest_article":"","duration":0,"course_num":200,"buy_num":400,"log_id":"19","log_type":"column"},{"id":13,"type":4,"icon":"https://piccdn.igetget.com/img/201804/19/201804191923229397776548.jpg","title":"ä¸‡ç»´é’¢Â·ç²¾è‹±æ—¥è¯¾ç¬¬ä¸€å­£","author":"é­å©·li","author_intro":"å­¦ä¹ ä½¿æˆ‘å¿«ä¹å­¦ä¹ ä½¿æˆ‘å¿«ä¹å­¦ä¹ ä½¿æˆ‘å¿«ä¹","update_time":1536906634,"price":"199.00","price_desc":"è®²","slogan":"å¸®ä½ å’Œå…¨çƒç²¾è‹±å¤§è„‘åŒæ­¥","latest_article":"","duration":0,"course_num":200,"buy_num":8,"log_id":"13","log_type":"column"},{"id":26,"type":4,"icon":"https://piccdn.igetget.com/img/201804/19/201804191931384647085321.jpg","title":"Dr. é­çš„å®¶åº­æ•™è‚²å®å…¸","author":"é­å©·li","author_intro":"å­¦ä¹ ä½¿æˆ‘å¿«ä¹å­¦ä¹ ä½¿æˆ‘å¿«ä¹å­¦ä¹ ä½¿æˆ‘å¿«ä¹","update_time":1536906634,"price":"199.00","price_desc":"è®²","slogan":"è®©ä½ çš„å­©å­äº«å—å‰æ²¿è„‘ç§‘å­¦ç ”ç©¶æˆæœ","latest_article":"","duration":0,"course_num":200,"buy_num":3,"log_id":"26","log_type":"column"},{"id":12,"type":36,"icon":"https://piccdn.igetget.com/img/201804/16/201804161912282791574998.jpg","title":"ç¤¾ä¼šå­¦ä¸“é¢˜50è®²","author":"é­å©·li","author_intro":"å­¦ä¹ ä½¿æˆ‘å¿«ä¹å­¦ä¹ ä½¿æˆ‘å¿«ä¹å­¦ä¹ ä½¿æˆ‘å¿«ä¹","update_time":1541405760,"price":"2.00","price_desc":"è®²","slogan":"éƒ‘ä¹Ÿå¤«ç ´è§£è·¨ç•Œåˆ›æ–°å¯†ç ","latest_article":"","duration":0,"course_num":50,"buy_num":1085,"log_id":"12","log_type":"master"},{"id":3821,"type":13,"icon":"https://piccdn.igetget.com/img/201901/10/201901101859005561978853.jpg","title":"å…¼å®¹è€ç‰ˆæœ¬æµ‹è¯•","author":"","author_intro":"","update_time":0,"price":"4.99","price_desc":"","slogan":"å…¼å®¹è€ç‰ˆæœ¬æµ‹è¯•æµ‹è¯•","latest_article":"","duration":247,"course_num":0,"buy_num":0,"log_id":"3821","log_type":"topic"},{"id":4,"type":4,"icon":"https://piccdn.igetget.com/img/201804/19/201804191917356169277040.jpg","title":"æç¿”å•†ä¸šå†…å‚","author":"é­å©·li","author_intro":"å­¦ä¹ ä½¿æˆ‘å¿«ä¹å­¦ä¹ ä½¿æˆ‘å¿«ä¹å­¦ä¹ ä½¿æˆ‘å¿«ä¹","update_time":1537344453,"price":"199.00","price_desc":"è®²","slogan":"ä½ çš„ç§å®¶å•†ä¸šçŸ¥è¯†ç§˜ä¹¦","latest_article":"","duration":0,"course_num":2000,"buy_num":3,"log_id":"4","log_type":"column"},{"id":23,"type":4,"icon":"https://piccdn.igetget.com/img/201804/19/201804191930111624549201.jpg","title":"å…³ç³»æ”»ç•¥","author":"é­å©·li","author_intro":"å­¦ä¹ ä½¿æˆ‘å¿«ä¹å­¦ä¹ ä½¿æˆ‘å¿«ä¹å­¦ä¹ ä½¿æˆ‘å¿«ä¹","update_time":1536906634,"price":"199.00","price_desc":"è®²","slogan":"æ®‹é…·ç¤¾ä¼šç”Ÿå­˜æ³•åˆ™","latest_article":"","duration":0,"course_num":200,"buy_num":0,"log_id":"23","log_type":"column"}],"is_more":1,"page":1}},}4:type,4:http,5:error,0:~6:marked,5:false!7:version,13:1:0#2:18#1:2#]11:client_conn,204:15:ssl_established,5:false!10:clientcert,0:~13:timestamp_end,0:~7:address,60:7:address,27:15:192.168.128.181,5:63009#]8:use_ipv6,5:false!}15:timestamp_start,17:1558440320.990638^19:timestamp_ssl_setup,0:~}2:id,36:2ba214b1-d976-4463-ac25-0cb18d35ff54,11:intercepted,5:false!7:request,2010:9:is_replay,5:false!4:port,2:80#12:stickycookie,5:false!13:timestamp_end,17:1558440321.503888^4:path,24:/feed/v3/guessulike/list,15:timestamp_start,17:1558440321.496978^7:headers,1117:29:9:X-App-Key,13:android-6.2.0,]19:5:X-Uid,8:85003403,]14:7:X-Thumb,1:l,]15:4:X-Dt,5:phone,]13:4:X-Ov,3:6.0,]15:5:X-Net,4:WIFI,]17:4:X-Os,7:ANDROID,]26:3:X-D,16:ae244834553d4eda,]28:4:X-Dv,17:Samsung Galaxy S6,]13:3:X-T,4:json,]13:6:X-Chil,1:0,]10:3:X-V,1:2,]15:4:X-Av,5:6.2.0,]14:5:X-Scr,3:2.0,]12:5:X-Adv,1:1,]45:6:X-Seid,32:218ef9e66ce3e0025bfad70cd02dd2ed,]14:8:X-Hitdot,0:,]63:11:G-Auth-Sign,44:NTVmZTc2MDAyY2NjZDM5YTVjNTUwOTQxNTc1NDdjNWE=,]52:12:G-Auth-Nonce,32:d35c3841f0a9c009000a2095bb7c1b0a,]26:9:G-Auth-Ts,10:1558440321,]44:12:G-Auth-Appid,24:5a27d122ee4638163f594393,]312:12:G-Auth-Token,291:eyJhbGciOiJIUzUxMiIsInR5cCI6IkpXVCJ9.eyJhdWQiOiJsdW9qaWxhYi5jb20iLCJleHAiOjE1NTkwNDI3OTksImlhdCI6MTU1ODQzNzk5OSwiaXNzIjoiRWFzZUdhdGV3YXkgSldUQXV0aCBQbHVnaW4iLCJuYmYiOjE1NTg0Mzc5OTksInN1YiI6Ijg1MDAzNDAzIn0.5J13wFzrBZv434Oi7yos7349FnruBeGZ0LNw4VmjORaaWUiFX3Q2yVNrSKqf27JfNQRsAT3NYL2gouO0Xju66Q,]53:12:Content-Type,33:application/x-www-form-urlencoded,]24:14:Content-Length,3:547,]33:4:Host,22:entree.dev.igetget.com,]28:10:Connection,10:Keep-Alive,]26:15:Accept-Encoding,4:gzip,]31:10:User-Agent,13:okhttp/3.11.0,]]7:content,547:h=%7B%22u%22%3A%2285003403%22%2C%22thumb%22%3A%22l%22%2C%22dt%22%3A%22phone%22%2C%22ov%22%3A%226.0%22%2C%22net%22%3A%22WIFI%22%2C%22os%22%3A%22ANDROID%22%2C%22d%22%3A%22ae244834553d4eda%22%2C%22dv%22%3A%22Samsung%20Galaxy%20S6%22%2C%22t%22%3A%22json%22%2C%22chil%22%3A%220%22%2C%22v%22%3A%222%22%2C%22av%22%3A%226.2.0%22%2C%22scr%22%3A%222.0%22%2C%22adv%22%3A%221%22%2C%22X-Dv%22%3A%22Samsung%20Galaxy%20S6%22%2C%22ts%22%3A%221558440321%22%2C%22s%22%3A%229628def9c754fceb%22%2C%22seid%22%3A%22218ef9e66ce3e0025bfad70cd02dd2ed%22%7D&count=20&page=1,6:method,4:POST,4:host,22:entree.dev.igetget.com,17:first_line_format,8:relative,12:http_version,8:HTTP/1.1,6:scheme,4:http,10:stickyauth,5:false!}11:server_conn,417:15:ssl_established,5:false!14:source_address,60:7:address,27:15:192.168.128.181,5:63010#]8:use_ipv6,5:false!}13:timestamp_end,0:~7:address,64:7:address,31:22:entree.dev.igetget.com,2:80#]8:use_ipv6,5:false!}4:cert,0:~3:sni,0:~15:timestamp_start,17:1558440321.045617^19:timestamp_ssl_setup,0:~10:ip_address,54:7:address,21:12:39.107.208.4,2:80#]8:use_ipv6,5:false!}3:via,0:~19:timestamp_tcp_setup,17:1558440321.059817^}}3633:8:response,814:6:reason,2:OK,13:timestamp_end,17:1558440324.598861^12:http_version,8:HTTP/1.1,11:status_code,3:200#15:timestamp_start,17:1558440324.588732^7:headers,258:40:4:Date,29:Tue, 21 May 2019 12:05:24 GMT,]51:12:Content-Type,31:application/json; charset=utf-8,]24:14:Content-Length,3:386,]28:10:Connection,10:keep-alive,]27:16:Content-Encoding,4:gzip,]31:12:G-Powered-By,11:EaseGateway,]29:11:G-Timestamp,10:1558440324,]]7:content,386:‹      ÿ”ÔÍJë@ğı}Œÿz™ÌGÎW¹\JHsi¸ÜŞ’¤)]‰PQÁ‹.êÎ…ŠíB
¾N£}I,ƒèäkıŸa~œsæÌÁÌ0úŸÃüš!ÂpÁ³<…Æá¿Åú¦8;CÿÂ(†,óiÃ¢4óx'åQ®¤O$´ô¦“á× gø“Œ“lt<†ühÃøI6¨0|Îåä,®^O»Ëãb½-–«î.íIát²—Ëwº6«ıò¶;‡S@ue¢>_º8»“ÍşúáíñœˆÈª¨Q%|N‚‚ï*´ª<«rÎ’U–´“]C*ƒ$gß,I[’n'éº*é~Uâ$Õqœª—•cœlĞƒä5’¤%Év’¬kœìÕ8®İ{i[l^>ÿ¹fQµ´tş9í“ê%úÙX$aI¢½HÂA²AÒo†4`°¿¿Øİ=cÎ0*7{T]ˆ?„åûJ‘”(÷Euqşã=  ÿÿ¹”y°  ,}4:type,4:http,5:error,0:~6:marked,5:false!7:version,13:1:0#2:18#1:2#]11:client_conn,204:15:ssl_established,5:false!10:clientcert,0:~13:timestamp_end,0:~7:address,60:7:address,27:15:192.168.128.181,5:63009#]8:use_ipv6,5:false!}15:timestamp_start,17:1558440320.990638^19:timestamp_ssl_setup,0:~}2:id,36:523cff68-1bf6-489b-a931-ea2a4ad43f8f,11:intercepted,5:false!7:request,1989:9:is_replay,5:false!4:port,2:80#12:stickycookie,5:false!13:timestamp_end,17:1558440324.522544^4:path,22:/search/v2/keyword/hot,15:timestamp_start,14:1558440324.501^7:headers,1117:29:9:X-App-Key,13:android-6.2.0,]19:5:X-Uid,8:85003403,]14:7:X-Thumb,1:l,]15:4:X-Dt,5:phone,]13:4:X-Ov,3:6.0,]15:5:X-Net,4:WIFI,]17:4:X-Os,7:ANDROID,]26:3:X-D,16:ae244834553d4eda,]28:4:X-Dv,17:Samsung Galaxy S6,]13:3:X-T,4:json,]13:6:X-Chil,1:0,]10:3:X-V,1:2,]15:4:X-Av,5:6.2.0,]14:5:X-Scr,3:2.0,]12:5:X-Adv,1:1,]45:6:X-Seid,32:218ef9e66ce3e0025bfad70cd02dd2ed,]14:8:X-Hitdot,0:,]63:11:G-Auth-Sign,44:MDYzZWYwODFmYTFjN2U4OGQwNDc0ODdlZjU4MGU3MWY=,]52:12:G-Auth-Nonce,32:5325fc297e409d55a4fa668fb9372251,]26:9:G-Auth-Ts,10:1558440324,]44:12:G-Auth-Appid,24:5a27d122ee4638163f594393,]312:12:G-Auth-Token,291:eyJhbGciOiJIUzUxMiIsInR5cCI6IkpXVCJ9.eyJhdWQiOiJsdW9qaWxhYi5jb20iLCJleHAiOjE1NTkwNDI3OTksImlhdCI6MTU1ODQzNzk5OSwiaXNzIjoiRWFzZUdhdGV3YXkgSldUQXV0aCBQbHVnaW4iLCJuYmYiOjE1NTg0Mzc5OTksInN1YiI6Ijg1MDAzNDAzIn0.5J13wFzrBZv434Oi7yos7349FnruBeGZ0LNw4VmjORaaWUiFX3Q2yVNrSKqf27JfNQRsAT3NYL2gouO0Xju66Q,]53:12:Content-Type,33:application/x-www-form-urlencoded,]24:14:Content-Length,3:531,]33:4:Host,22:entree.dev.igetget.com,]28:10:Connection,10:Keep-Alive,]26:15:Accept-Encoding,4:gzip,]31:10:User-Agent,13:okhttp/3.11.0,]]7:content,531:h=%7B%22u%22%3A%2285003403%22%2C%22thumb%22%3A%22l%22%2C%22dt%22%3A%22phone%22%2C%22ov%22%3A%226.0%22%2C%22net%22%3A%22WIFI%22%2C%22os%22%3A%22ANDROID%22%2C%22d%22%3A%22ae244834553d4eda%22%2C%22dv%22%3A%22Samsung%20Galaxy%20S6%22%2C%22t%22%3A%22json%22%2C%22chil%22%3A%220%22%2C%22v%22%3A%222%22%2C%22av%22%3A%226.2.0%22%2C%22scr%22%3A%222.0%22%2C%22adv%22%3A%221%22%2C%22X-Dv%22%3A%22Samsung%20Galaxy%20S6%22%2C%22ts%22%3A%221558440324%22%2C%22s%22%3A%229628def9c754fceb%22%2C%22seid%22%3A%22218ef9e66ce3e0025bfad70cd02dd2ed%22%7D,6:method,4:POST,4:host,22:entree.dev.igetget.com,17:first_line_format,8:relative,12:http_version,8:HTTP/1.1,6:scheme,4:http,10:stickyauth,5:false!}11:server_conn,417:15:ssl_established,5:false!14:source_address,60:7:address,27:15:192.168.128.181,5:63010#]8:use_ipv6,5:false!}13:timestamp_end,0:~7:address,64:7:address,31:22:entree.dev.igetget.com,2:80#]8:use_ipv6,5:false!}4:cert,0:~3:sni,0:~15:timestamp_start,17:1558440321.045617^19:timestamp_ssl_setup,0:~10:ip_address,54:7:address,21:12:39.107.208.4,2:80#]8:use_ipv6,5:false!}3:via,0:~19:timestamp_tcp_setup,17:1558440321.059817^}}3541:8:response,914:6:reason,2:OK,13:timestamp_end,17:1558440324.604536^12:http_version,8:HTTP/1.1,11:status_code,3:200#15:timestamp_start,17:1558440324.583983^7:headers,258:40:4:Date,29:Tue, 21 May 2019 12:05:24 GMT,]51:12:Content-Type,31:application/json; charset=utf-8,]24:14:Content-Length,3:486,]28:10:Connection,10:keep-alive,]27:16:Content-Encoding,4:gzip,]31:12:G-Powered-By,11:EaseGateway,]29:11:G-Timestamp,10:1558440324,]]7:content,486:‹      ÿœÕQkÛ0ğïrÏ.H²ÕÄzËÂÖ=dtìaŒaTûÖˆØR°N%ä»µÌ³PW’<†(ÿ_Îº;aê-(V ‚(ÀƒâR.«Š•¢*€@ÉSaëlB»CjL
VP€q¾i]Ûøƒ¡vûfİÆë&oÁ4†–Âˆ ~¡uÁÆì:MÔñTÀVû†õJ°×ØĞÓAq?;oÈ8J°¿iÏCÈj¹(àå(|ÆÃZ>ºñ	NÅñ3¡rU9TOĞG7`üé—=:_yïFĞÒ0›»2sk6¹½ùs€ıà	Ôu›çó)ÿ×ˆ¸
qç iÉ--r¤š—¹\(oçÄ2'Ê‰´'¯("©¢Î	1«"Œ¯¸í’ÏÎrDf}¶Ñ¾í;Mø•®kî2i2Îsõöõıƒs»kÔäyò|xëdxsxİkï/‡ë´Ú2w—¯¹Ó8¯%´ôÉu¡Oî¸<¯n±Hül¦%cÙÓ¾×v·1^ïZèãW³íy^Có¸ÇgK-ÛiÿÆò[7h»;ç:ùìp!“=–Q2§> vï´µqV¾^'olÁH.æ7zĞûï.lÌcôéO   ÿÿXÂóï  ,}4:type,4:http,5:error,0:~6:marked,5:false!7:version,13:1:0#2:18#1:2#]11:client_conn,204:15:ssl_established,5:false!10:clientcert,0:~13:timestamp_end,0:~7:address,60:7:address,27:15:192.168.128.181,5:63008#]8:use_ipv6,5:false!}15:timestamp_start,17:1558440320.990038^19:timestamp_ssl_setup,0:~}2:id,36:53d70369-3978-465d-af70-5cd9a86b0aa9,11:intercepted,5:false!7:request,1797:9:is_replay,5:false!4:port,2:80#12:stickycookie,5:false!13:timestamp_end,17:1558440324.525311^4:path,36:/kaleidoscope/homepage/new_structure,15:timestamp_start,17:1558440324.506132^7:headers,1115:29:9:X-App-Key,13:android-6.2.0,]19:5:X-Uid,8:85003403,]14:7:X-Thumb,1:l,]15:4:X-Dt,5:phone,]13:4:X-Ov,3:6.0,]15:5:X-Net,4:WIFI,]17:4:X-Os,7:ANDROID,]26:3:X-D,16:ae244834553d4eda,]28:4:X-Dv,17:Samsung Galaxy S6,]13:3:X-T,4:json,]13:6:X-Chil,1:0,]10:3:X-V,1:2,]15:4:X-Av,5:6.2.0,]14:5:X-Scr,3:2.0,]12:5:X-Adv,1:1,]45:6:X-Seid,32:218ef9e66ce3e0025bfad70cd02dd2ed,]14:8:X-Hitdot,0:,]63:11:G-Auth-Sign,44:ZDM3MjFhNTEwNDM1MTdhZWQyNjIwYzkwZmE1NzhmMjM=,]52:12:G-Auth-Nonce,32:c2372828dcc3074e2a4fde6ffb450432,]26:9:G-Auth-Ts,10:1558440324,]44:12:G-Auth-Appid,24:5a27d122ee4638163f594393,]312:12:G-Auth-Token,291:eyJhbGciOiJIUzUxMiIsInR5cCI6IkpXVCJ9.eyJhdWQiOiJsdW9qaWxhYi5jb20iLCJleHAiOjE1NTkwNDI3OTksImlhdCI6MTU1ODQzNzk5OSwiaXNzIjoiRWFzZUdhdGV3YXkgSldUQXV0aCBQbHVnaW4iLCJuYmYiOjE1NTg0Mzc5OTksInN1YiI6Ijg1MDAzNDAzIn0.5J13wFzrBZv434Oi7yos7349FnruBeGZ0LNw4VmjORaaWUiFX3Q2yVNrSKqf27JfNQRsAT3NYL2gouO0Xju66Q,]51:12:Content-Type,31:application/json; charset=UTF-8,]24:14:Content-Length,3:324,]33:4:Host,22:entree.dev.igetget.com,]28:10:Connection,10:Keep-Alive,]26:15:Accept-Encoding,4:gzip,]31:10:User-Agent,13:okhttp/3.11.0,]]7:content,324:{"page_type":"","h":{"u":"85003403","thumb":"l","dt":"phone","ov":"6.0","net":"WIFI","os":"ANDROID","d":"ae244834553d4eda","dv":"Samsung Galaxy S6","t":"json","chil":"0","v":"2","av":"6.2.0","scr":"2.0","adv":"1","X-Dv":"Samsung Galaxy S6","ts":"1558440324","s":"9628def9c754fceb","seid":"218ef9e66ce3e0025bfad70cd02dd2ed"}},6:method,4:POST,4:host,22:entree.dev.igetget.com,17:first_line_format,8:relative,12:http_version,8:HTTP/1.1,6:scheme,4:http,10:stickyauth,5:false!}11:server_conn,417:15:ssl_established,5:false!14:source_address,60:7:address,27:15:192.168.128.181,5:63011#]8:use_ipv6,5:false!}13:timestamp_end,0:~7:address,64:7:address,31:22:entree.dev.igetget.com,2:80#]8:use_ipv6,5:false!}4:cert,0:~3:sni,0:~15:timestamp_start,17:1558440321.054038^19:timestamp_ssl_setup,0:~10:ip_address,54:7:address,21:12:39.107.208.4,2:80#]8:use_ipv6,5:false!}3:via,0:~19:timestamp_tcp_setup,17:1558440321.064838^}}3470:8:response,600:6:reason,2:OK,13:timestamp_end,17:1558440324.738194^12:http_version,8:HTTP/1.1,11:status_code,3:200#15:timestamp_start,17:1558440324.732701^7:headers,258:40:4:Date,29:Tue, 21 May 2019 12:05:24 GMT,]51:12:Content-Type,31:application/json; charset=utf-8,]24:14:Content-Length,3:172,]28:10:Connection,10:keep-alive,]27:16:Content-Encoding,4:gzip,]31:12:G-Powered-By,11:EaseGateway,]29:11:G-Timestamp,10:1558440324,]]7:content,172:‹      ÿDÎ±‚0Ğ¹sPš˜÷ºÓ¨´	µ¤}¦éêèæì×ñïÍy¹/Á€P! A€@•RªªØï*•YÌ$¡ñãAR€-÷«¶3|úçŞFœCÿíœ²í²áÔ5x÷+£ŠÆ rNA·­ç•Y×mŠïƒ^FçƒãXÇ&ØZ¯n{ÄÈéõ˜ŞOäKÎŸ   ÿÿŸËå}×   ,}4:type,4:http,5:error,0:~6:marked,5:false!7:version,13:1:0#2:18#1:2#]11:client_conn,204:15:ssl_established,5:false!10:clientcert,0:~13:timestamp_end,0:~7:address,60:7:address,27:15:192.168.128.181,5:63009#]8:use_ipv6,5:false!}15:timestamp_start,17:1558440320.990638^19:timestamp_ssl_setup,0:~}2:id,36:6c7f8535-8914-4b54-996b-0299043f1f92,11:intercepted,5:false!7:request,2040:9:is_replay,5:false!4:port,2:80#12:stickycookie,5:false!13:timestamp_end,17:1558440324.706322^4:path,54:/kaleidoscope/internal/homepage/category/structuredata,15:timestamp_start,17:1558440324.693427^7:headers,1117:29:9:X-App-Key,13:android-6.2.0,]19:5:X-Uid,8:85003403,]14:7:X-Thumb,1:l,]15:4:X-Dt,5:phone,]13:4:X-Ov,3:6.0,]15:5:X-Net,4:WIFI,]17:4:X-Os,7:ANDROID,]26:3:X-D,16:ae244834553d4eda,]28:4:X-Dv,17:Samsung Galaxy S6,]13:3:X-T,4:json,]13:6:X-Chil,1:0,]10:3:X-V,1:2,]15:4:X-Av,5:6.2.0,]14:5:X-Scr,3:2.0,]12:5:X-Adv,1:1,]45:6:X-Seid,32:218ef9e66ce3e0025bfad70cd02dd2ed,]14:8:X-Hitdot,0:,]63:11:G-Auth-Sign,44:ZGE1NTBmYWY4NTAxYjI2OTgyMmZhNjVhMDhkZGY2YzU=,]52:12:G-Auth-Nonce,32:cfd1523182cb154216a4d7201833a11c,]26:9:G-Auth-Ts,10:1558440324,]44:12:G-Auth-Appid,24:5a27d122ee4638163f594393,]312:12:G-Auth-Token,291:eyJhbGciOiJIUzUxMiIsInR5cCI6IkpXVCJ9.eyJhdWQiOiJsdW9qaWxhYi5jb20iLCJleHAiOjE1NTkwNDI3OTksImlhdCI6MTU1ODQzNzk5OSwiaXNzIjoiRWFzZUdhdGV3YXkgSldUQXV0aCBQbHVnaW4iLCJuYmYiOjE1NTg0Mzc5OTksInN1YiI6Ijg1MDAzNDAzIn0.5J13wFzrBZv434Oi7yos7349FnruBeGZ0LNw4VmjORaaWUiFX3Q2yVNrSKqf27JfNQRsAT3NYL2gouO0Xju66Q,]53:12:Content-Type,33:application/x-www-form-urlencoded,]24:14:Content-Length,3:547,]33:4:Host,22:entree.dev.igetget.com,]28:10:Connection,10:Keep-Alive,]26:15:Accept-Encoding,4:gzip,]31:10:User-Agent,13:okhttp/3.11.0,]]7:content,547:h=%7B%22u%22%3A%2285003403%22%2C%22thumb%22%3A%22l%22%2C%22dt%22%3A%22phone%22%2C%22ov%22%3A%226.0%22%2C%22net%22%3A%22WIFI%22%2C%22os%22%3A%22ANDROID%22%2C%22d%22%3A%22ae244834553d4eda%22%2C%22dv%22%3A%22Samsung%20Galaxy%20S6%22%2C%22t%22%3A%22json%22%2C%22chil%22%3A%220%22%2C%22v%22%3A%222%22%2C%22av%22%3A%226.2.0%22%2C%22scr%22%3A%222.0%22%2C%22adv%22%3A%221%22%2C%22X-Dv%22%3A%22Samsung%20Galaxy%20S6%22%2C%22ts%22%3A%221558440324%22%2C%22s%22%3A%229628def9c754fceb%22%2C%22seid%22%3A%22218ef9e66ce3e0025bfad70cd02dd2ed%22%7D&struct_id=25487,6:method,4:POST,4:host,22:entree.dev.igetget.com,17:first_line_format,8:relative,12:http_version,8:HTTP/1.1,6:scheme,4:http,10:stickyauth,5:false!}11:server_conn,417:15:ssl_established,5:false!14:source_address,60:7:address,27:15:192.168.128.181,5:63010#]8:use_ipv6,5:false!}13:timestamp_end,0:~7:address,64:7:address,31:22:entree.dev.igetget.com,2:80#]8:use_ipv6,5:false!}4:cert,0:~3:sni,0:~15:timestamp_start,17:1558440321.045617^19:timestamp_ssl_setup,0:~10:ip_address,54:7:address,21:12:39.107.208.4,2:80#]8:use_ipv6,5:false!}3:via,0:~19:timestamp_tcp_setup,17:1558440321.059817^}}6286:8:response,3427:6:reason,2:OK,13:timestamp_end,17:1558440324.769359^12:http_version,8:HTTP/1.1,11:status_code,3:200#15:timestamp_start,17:1558440324.758678^7:headers,234:40:4:Date,29:Tue, 21 May 2019 12:05:24 GMT,]51:12:Content-Type,31:application/json; charset=utf-8,]31:17:Transfer-Encoding,7:chunked,]28:10:Connection,10:keep-alive,]31:12:G-Powered-By,11:EaseGateway,]29:11:G-Timestamp,10:1558440324,]]7:content,3022:{"h":{"c":0,"e":"","s":1558440324,"t":26},"c":{"list":[{"id":3513,"title":"ä¹¦å•","image":"https://piccdn.igetget.com/img/201903/27/201903271112243378028738.jpeg","jump_type":"61","jump_url":"igetapp://odob/theme/themeArticle?themeId=261","sort_no":10,"create_time":"2019-05-16T17:17:34+08:00","update_time":"2019-05-16T17:17:34+08:00","relate_id":25489},{"id":3514,"title":"è®²åº§","image":"https://piccdn.igetget.com/img/201903/21/201903211521533508174733.png","jump_type":"81","jump_url":"igetapp://lecture.rn/list?lectureId=5055","sort_no":20,"create_time":"2019-05-16T17:17:34+08:00","update_time":"2019-05-16T17:17:34+08:00","relate_id":25489},{"id":3515,"title":"è®²åº§é¦–é¡µ","image":"https://piccdn.igetget.com/img/201903/21/201903211523022008524053.png","jump_type":"300","jump_url":"igetapp://lecture.rn/home","sort_no":30,"create_time":"2019-05-16T17:17:34+08:00","update_time":"2019-05-16T17:17:34+08:00","relate_id":25489},{"id":3516,"title":"å•†ä¸š","image":"https://piccdn.igetget.com/img/201903/21/201903211523238416810422.png","jump_type":"150","jump_url":"igetapp://home/category?navId=4\u0026type=1","sort_no":40,"create_time":"2019-05-16T17:17:34+08:00","update_time":"2019-05-16T17:17:34+08:00","relate_id":25489},{"id":3517,"title":"ç»æµå­¦","image":"https://piccdn.igetget.com/img/201903/21/201903211523380656000492.png","jump_type":"150","jump_url":"igetapp://home/category?navId=5\u0026type=1","sort_no":50,"create_time":"2019-05-16T17:17:34+08:00","update_time":"2019-05-16T17:17:34+08:00","relate_id":25489},{"id":3518,"title":"è§†é‡å­¦é™¢","image":"https://piccdn.igetget.com/img/201903/21/201903211523534664308259.png","jump_type":"70","jump_url":"igetapp://class/college?collegeId=2","sort_no":60,"create_time":"2019-05-16T17:17:34+08:00","update_time":"2019-05-16T17:17:34+08:00","relate_id":25489},{"id":3519,"title":"è–›å…†ä¸°","image":"https://piccdn.igetget.com/img/201903/21/201903211522299054134639.png","jump_type":"80","jump_url":"igetapp://user/detail?uid=11335114","sort_no":70,"create_time":"2019-05-16T17:17:34+08:00","update_time":"2019-05-16T17:17:34+08:00","relate_id":25489},{"id":3520,"title":"å…¨éƒ¨","image":"https://piccdn.igetget.com/img/201903/21/201903211522117832339867.png","jump_type":"150","jump_url":"igetapp://home/category?type=1\u0026navId=7","sort_no":80,"create_time":"2019-05-16T17:17:34+08:00","update_time":"2019-05-16T17:17:34+08:00","relate_id":25489},{"id":3521,"title":"å¾—åˆ°å¤§å­¦","image":"https://piccdn.igetget.com/img/201903/21/201903211727232225339873.png","jump_type":"66","jump_url":"igetapp://university/index","sort_no":90,"create_time":"2019-05-16T17:17:34+08:00","update_time":"2019-05-16T17:17:34+08:00","relate_id":25489},{"id":3522,"title":"ç§‘å­¦åˆ†ç±»","image":"https://piccdn.igetget.com/img/201905/12/201905121700264074110095.jpeg","jump_type":"150","jump_url":"igetapp://home/category?navId=1\u0026type=1","sort_no":100,"create_time":"2019-05-16T17:17:34+08:00","update_time":"2019-05-16T17:17:34+08:00","relate_id":25489}]}},}4:type,4:http,5:error,0:~6:marked,5:false!7:version,13:1:0#2:18#1:2#]11:client_conn,204:15:ssl_established,5:false!10:clientcert,0:~13:timestamp_end,0:~7:address,60:7:address,27:15:192.168.128.181,5:63008#]8:use_ipv6,5:false!}15:timestamp_start,17:1558440320.990038^19:timestamp_ssl_setup,0:~}2:id,36:0501daf8-2c15-414d-9084-b3f5cc931b63,11:intercepted,5:false!7:request,2028:9:is_replay,5:false!4:port,2:80#12:stickycookie,5:false!13:timestamp_end,17:1558440324.713481^4:path,42:/kaleidoscope/v1/operation/assortment/list,15:timestamp_start,17:1558440324.700463^7:headers,1117:29:9:X-App-Key,13:android-6.2.0,]19:5:X-Uid,8:85003403,]14:7:X-Thumb,1:l,]15:4:X-Dt,5:phone,]13:4:X-Ov,3:6.0,]15:5:X-Net,4:WIFI,]17:4:X-Os,7:ANDROID,]26:3:X-D,16:ae244834553d4eda,]28:4:X-Dv,17:Samsung Galaxy S6,]13:3:X-T,4:json,]13:6:X-Chil,1:0,]10:3:X-V,1:2,]15:4:X-Av,5:6.2.0,]14:5:X-Scr,3:2.0,]12:5:X-Adv,1:1,]45:6:X-Seid,32:218ef9e66ce3e0025bfad70cd02dd2ed,]14:8:X-Hitdot,0:,]63:11:G-Auth-Sign,44:MGI2Mjg5MzUzYzViYzQzMWE3NDg3YjkwODVlODcyOTA=,]52:12:G-Auth-Nonce,32:688af29255358752c590e04e6ab34317,]26:9:G-Auth-Ts,10:1558440324,]44:12:G-Auth-Appid,24:5a27d122ee4638163f594393,]312:12:G-Auth-Token,291:eyJhbGciOiJIUzUxMiIsInR5cCI6IkpXVCJ9.eyJhdWQiOiJsdW9qaWxhYi5jb20iLCJleHAiOjE1NTkwNDI3OTksImlhdCI6MTU1ODQzNzk5OSwiaXNzIjoiRWFzZUdhdGV3YXkgSldUQXV0aCBQbHVnaW4iLCJuYmYiOjE1NTg0Mzc5OTksInN1YiI6Ijg1MDAzNDAzIn0.5J13wFzrBZv434Oi7yos7349FnruBeGZ0LNw4VmjORaaWUiFX3Q2yVNrSKqf27JfNQRsAT3NYL2gouO0Xju66Q,]53:12:Content-Type,33:application/x-www-form-urlencoded,]24:14:Content-Length,3:547,]33:4:Host,22:entree.dev.igetget.com,]28:10:Connection,10:Keep-Alive,]26:15:Accept-Encoding,4:gzip,]31:10:User-Agent,13:okhttp/3.11.0,]]7:content,547:h=%7B%22u%22%3A%2285003403%22%2C%22thumb%22%3A%22l%22%2C%22dt%22%3A%22phone%22%2C%22ov%22%3A%226.0%22%2C%22net%22%3A%22WIFI%22%2C%22os%22%3A%22ANDROID%22%2C%22d%22%3A%22ae244834553d4eda%22%2C%22dv%22%3A%22Samsung%20Galaxy%20S6%22%2C%22t%22%3A%22json%22%2C%22chil%22%3A%220%22%2C%22v%22%3A%222%22%2C%22av%22%3A%226.2.0%22%2C%22scr%22%3A%222.0%22%2C%22adv%22%3A%221%22%2C%22X-Dv%22%3A%22Samsung%20Galaxy%20S6%22%2C%22ts%22%3A%221558440324%22%2C%22s%22%3A%229628def9c754fceb%22%2C%22seid%22%3A%22218ef9e66ce3e0025bfad70cd02dd2ed%22%7D&struct_id=25489,6:method,4:POST,4:host,22:entree.dev.igetget.com,17:first_line_format,8:relative,12:http_version,8:HTTP/1.1,6:scheme,4:http,10:stickyauth,5:false!}11:server_conn,417:15:ssl_established,5:false!14:source_address,60:7:address,27:15:192.168.128.181,5:63011#]8:use_ipv6,5:false!}13:timestamp_end,0:~7:address,64:7:address,31:22:entree.dev.igetget.com,2:80#]8:use_ipv6,5:false!}4:cert,0:~3:sni,0:~15:timestamp_start,17:1558440321.054038^19:timestamp_ssl_setup,0:~10:ip_address,54:7:address,21:12:39.107.208.4,2:80#]8:use_ipv6,5:false!}3:via,0:~19:timestamp_tcp_setup,17:1558440321.064838^}}2446:8:response,661:6:reason,2:OK,13:timestamp_end,17:1558440324.837931^12:http_version,8:HTTP/1.1,11:status_code,3:200#15:timestamp_start,17:1558440324.832538^7:headers,258:40:4:Date,29:Tue, 21 May 2019 12:05:24 GMT,]51:12:Content-Type,31:application/json; charset=utf-8,]24:14:Content-Length,3:233,]28:10:Connection,10:keep-alive,]27:16:Content-Encoding,4:gzip,]31:12:G-Powered-By,11:EaseGateway,]29:11:G-Timestamp,10:1558440324,]]7:content,233:‹      ÿLMjÃ0…ïòÖ¢H®ü7—1&©À–Š4ãtÕBW¾@7¥›öHI{Œ"¯†yóxß› ° @€AòNÊ¶®Û¶H U–Öò¾Ğ‹ÈŞ¦ç>ÏÄ=OÙ!üà¼íü4naÑ&O=»à¯;2ägıº¼~\¾Ÿ?ß C;g@…,œç@`›""³íVC·u!+¹“;cÓ„óËûy]UEZAÀLqCƒ”ÊŸy³hªq%òÓ£İúáxë‘—ÿÜÑ2Ÿ°,Ë_   ÿÿÙì!T0  ,}4:type,4:http,5:error,0:~6:marked,5:false!7:version,13:1:0#2:18#1:2#]11:client_conn,204:15:ssl_established,5:false!10:clientcert,0:~13:timestamp_end,0:~7:address,60:7:address,27:15:192.168.128.181,5:63016#]8:use_ipv6,5:false!}15:timestamp_start,17:1558440324.778851^19:timestamp_ssl_setup,0:~}2:id,36:8fa6e5c7-9914-41f6-9952-259fc6ebfa38,11:intercepted,5:false!7:request,957:9:is_replay,5:false!4:port,2:80#12:stickycookie,5:false!13:timestamp_end,17:1558440324.785527^4:path,62:/v3/igettv/structuredata?sign=f5998637a6eef01d06dbaddd60ba2f3a,15:timestamp_start,17:1558440324.783112^7:headers,248:28:13:Cache-Control,8:no-cache,]51:12:Content-Type,31:application/json; charset=UTF-8,]24:14:Content-Length,3:327,]32:4:Host,21:dedao.dev.igetget.com,]28:10:Connection,10:Keep-Alive,]26:15:Accept-Encoding,4:gzip,]31:10:User-Agent,13:okhttp/3.11.0,]]7:content,327:{"struct_id":25490,"h":{"u":"85003403","thumb":"l","dt":"phone","ov":"6.0","net":"WIFI","os":"ANDROID","d":"ae244834553d4eda","dv":"Samsung Galaxy S6","t":"json","chil":"0","v":"2","av":"6.2.0","scr":"2.0","adv":"1","X-Dv":"Samsung Galaxy S6","ts":"1558440324","s":"9628def9c754fceb","seid":"218ef9e66ce3e0025bfad70cd02dd2ed"}},6:method,4:POST,4:host,21:dedao.dev.igetget.com,17:first_line_format,8:relative,12:http_version,8:HTTP/1.1,6:scheme,4:http,10:stickyauth,5:false!}11:server_conn,416:15:ssl_established,5:false!14:source_address,60:7:address,27:15:192.168.128.181,5:63017#]8:use_ipv6,5:false!}13:timestamp_end,0:~7:address,63:7:address,30:21:dedao.dev.igetget.com,2:80#]8:use_ipv6,5:false!}4:cert,0:~3:sni,0:~15:timestamp_start,17:1558440324.795975^19:timestamp_ssl_setup,0:~10:ip_address,54:7:address,21:12:39.107.208.4,2:80#]8:use_ipv6,5:false!}3:via,0:~19:timestamp_tcp_setup,17:1558440324.803804^}}4708:8:response,2949:6:reason,2:OK,13:timestamp_end,17:1558440324.838148^12:http_version,8:HTTP/1.1,11:status_code,3:200#15:timestamp_start,17:1558440324.816659^7:headers,234:40:4:Date,29:Tue, 21 May 2019 12:05:24 GMT,]51:12:Content-Type,31:application/json; charset=utf-8,]31:17:Transfer-Encoding,7:chunked,]28:10:Connection,10:keep-alive,]31:12:G-Powered-By,11:EaseGateway,]29:11:G-Timestamp,10:1558440324,]]7:content,2544:{"h":{"c":0,"e":"","s":1558440324,"t":28},"c":{"list":[{"dd_url":"igetapp://activity/detail?url=http%3A%2F%2Fpic1cdn.luojilab.com%2Fhtml%2Fpostersimu%2Fpic4jVv1x2KjVUOL4oBg8Dx.html","log_id":2076,"log_interface":"kaleidoscope:StructDataServcie","log_type":"activity","m_from":"","m_full_image":"https://piccdn.igetget.com/img/201901/04/201901041627359606088363.gif@960w_1l_","m_id":0,"m_img":"https://piccdn.igetget.com/img/201901/04/201901041627407630968817.gif@960w_1l_","m_img_new":"https://piccdn.igetget.com/img/201901/04/201901041627407630968817.gif@960w_1l_","m_img_old":"https://piccdn.igetget.com/img/201901/04/201901041627359606088363.gif@960w_1l_","m_title":"è€webviewæ”¯æŒæ–°JSSDK","m_type":3,"m_url":"http://pic1cdn.luojilab.com/html/postersimu/pic4jVv1x2KjVUOL4oBg8Dx.html","operation_key":{"resource_id":2076,"resource_key":"topbanner"},"package_manager_switch":false},{"dd_url":"igetapp://shop/detail?url=http%3A%2F%2Fh5.dev.sao.cn%2Fproduct%2Fdetail%3Falias%3Du5oe3e3l2sh4","log_id":2071,"log_interface":"kaleidoscope:StructDataServcie","log_type":"activity","m_from":"shzf","m_full_image":"https://piccdn.igetget.com/img/201811/26/201811261626100638981129.jpg@960w_1l_","m_id":0,"m_img":"https://piccdn.igetget.com/img/201811/26/201811261626148132475300.jpg@960w_1l_","m_img_new":"https://piccdn.igetget.com/img/201811/26/201811261626148132475300.jpg@960w_1l_","m_img_old":"https://piccdn.igetget.com/img/201811/26/201811261626100638981129.jpg@960w_1l_","m_title":"ä»¿çœŸç”Ÿæ´»ä½œé£","m_type":3,"m_url":"http://h5.dev.sao.cn/product/detail?alias=u5oe3e3l2sh4","operation_key":{"resource_id":2071,"resource_key":"topbanner"},"package_manager_switch":false},{"dd_url":"igetapp://activity/detail?url=http%3A%2F%2Fpic1cdn.luojilab.com%2Fhtml%2Fpostersimu%2FpicWrplG79Xz1HQpKrN8Jvj.html\u0026needLogin=1","log_id":2082,"log_interface":"kaleidoscope:StructDataServcie","log_type":"activity","m_from":"promise","m_full_image":"https://piccdn.igetget.com/img/201905/20/201905201920567550278991.jpeg@960w_1l_","m_id":0,"m_img":"https://piccdn.igetget.com/img/201905/20/201905201921183078706473.jpeg@960w_1l_","m_img_new":"https://piccdn.igetget.com/img/201905/20/201905201921183078706473.jpeg@960w_1l_","m_img_old":"https://piccdn.igetget.com/img/201905/20/201905201920567550278991.jpeg@960w_1l_","m_title":"é¢†å–æ´»åŠ¨æ”¯æŒç«™å¤–è·³è½¬","m_type":3,"m_url":"http://pic1cdn.luojilab.com/html/postersimu/picWrplG79Xz1HQpKrN8Jvj.html","operation_key":{"resource_id":2082,"resource_key":"topbanner"},"package_manager_switch":false}]}},}4:type,4:http,5:error,0:~6:marked,5:false!7:version,13:1:0#2:18#1:2#]11:client_conn,204:15:ssl_established,5:false!10:clientcert,0:~13:timestamp_end,0:~7:address,60:7:address,27:15:192.168.128.181,5:63014#]8:use_ipv6,5:false!}15:timestamp_start,17:1558440324.690845^19:timestamp_ssl_setup,0:~}2:id,36:26174bf0-abd0-43fd-b0ea-15136fe2bc5a,11:intercepted,5:false!7:request,931:9:is_replay,5:false!4:port,2:80#12:stickycookie,5:false!13:timestamp_end,17:1558440324.750733^4:path,54:/v3/adv/homepage?sign=b709a4082c70baad7666e2079e9d280c,15:timestamp_start,17:1558440324.746269^7:headers,248:28:13:Cache-Control,8:no-cache,]51:12:Content-Type,31:application/json; charset=UTF-8,]24:14:Content-Length,3:309,]32:4:Host,21:dedao.dev.igetget.com,]28:10:Connection,10:Keep-Alive,]26:15:Accept-Encoding,4:gzip,]31:10:User-Agent,13:okhttp/3.11.0,]]7:content,309:{"h":{"u":"85003403","thumb":"l","dt":"phone","ov":"6.0","net":"WIFI","os":"ANDROID","d":"ae244834553d4eda","dv":"Samsung Galaxy S6","t":"json","chil":"0","v":"2","av":"6.2.0","scr":"2.0","adv":"1","X-Dv":"Samsung Galaxy S6","ts":"1558440324","s":"9628def9c754fceb","seid":"218ef9e66ce3e0025bfad70cd02dd2ed"}},6:method,4:POST,4:host,21:dedao.dev.igetget.com,17:first_line_format,8:relative,12:http_version,8:HTTP/1.1,6:scheme,4:http,10:stickyauth,5:false!}11:server_conn,415:15:ssl_established,5:false!14:source_address,60:7:address,27:15:192.168.128.181,5:63015#]8:use_ipv6,5:false!}13:timestamp_end,0:~7:address,63:7:address,30:21:dedao.dev.igetget.com,2:80#]8:use_ipv6,5:false!}4:cert,0:~3:sni,0:~15:timestamp_start,16:1558440324.75721^19:timestamp_ssl_setup,0:~10:ip_address,54:7:address,21:12:39.107.208.4,2:80#]8:use_ipv6,5:false!}3:via,0:~19:timestamp_tcp_setup,17:1558440324.778336^}}2333:8:response,325:6:reason,2:OK,13:timestamp_end,17:1558440325.324576^12:http_version,8:HTTP/1.1,11:status_code,3:200#15:timestamp_start,17:1558440325.315644^7:headers,28:24:14:Content-Length,3:128,]]7:content,128:0òN_Çmúı¤™~ÚAluÍ„œÔrN“•Ÿ|FŒ¢Ê“o_ƒôµó­Ï‘‚`7Ù—ä7éx·Ôö‰™’ Î³(¹÷Şò–/ô“ì8Ÿš¾²(
<™–UôP bmîÂ½`ÛMk~ØE5!ƒ!*áïşY,}4:type,4:http,5:error,0:~6:marked,5:false!7:version,13:1:0#2:18#1:2#]11:client_conn,204:15:ssl_established,5:false!10:clientcert,0:~13:timestamp_end,0:~7:address,60:7:address,27:15:192.168.128.181,5:63018#]8:use_ipv6,5:false!}15:timestamp_start,17:1558440325.211979^19:timestamp_ssl_setup,0:~}2:id,36:c6159703-84c8-4c76-9d6c-b13aff178537,11:intercepted,5:false!7:request,1176:9:is_replay,5:false!4:port,4:8080#12:stickycookie,5:false!13:timestamp_end,17:1558440325.239308^4:path,75:/analytics/upload?rid=a2d0876ac533aa46&sid=35b714d7596cac8f85ba2ea0debf507d,15:timestamp_start,17:1558440325.235441^7:headers,366:21:11:wup_version,3:3.0,]21:13:TYPE_COMPRESS,1:2,]22:9:encr_type,7:rsapost,]187:7:bea_key,172:WRkh7sFmyCGKNFH/HJlmfUftG2nOJ+A08L1vlJSgJ9SQujDI/zWn9pKS2DPPBn/QnoABifx2tkRq9+AzM7CdaaIFh0mQi9iK7rx8EJnipSmWvp4G63IPu2J+WCyuZwj2OdeOLNrRKsRNY9rP2yjKxmzEvAFAkbl2lOsOijJi3VE=,]24:14:Content-Length,3:416,]34:4:Host,23:oth.eve.mdt.qq.com:8080,]28:10:Connection,10:Keep-Alive,]]7:content,416:?AR;*C¸òõ
¤M1ÙÆñyüªD-¨ÇË°ß<NéViİ‚Á¥İU6DHvÙôô*d4X’‹FÌTïU¨Ÿ&ÃIåÁcàu¦Úéâ£ò‘œj~öş·6.O·pÍ¶ómâ.o¡ê?¦9uÖÜ§wŒ‰f­ğ?ªPÿ`ä¸•	n)AíÇ…6</ŸO¯YWÌzm€VÃi´XÕ ^‘V`ZVşvSÛ¥9mÑÍtH~f××gl„o6¶çM”®Èf›››	nO<£u{¸¨VJŒ‰¨¦5(Âˆå¡t”69ÊŸä€É°’ÿ–?Zl!gÎÎ£±¯4ÄÈV5ê1¼W¹2#Î“Ôçí§¸ïS-"ãÄÈ1Eh	0$rr !U
*©SU”PcF‚o#G,&sø-Üû™U/“iÎÚ§ô [ª²Ê]IK[ÌQ˜„k¨|¦L°½½ä§Ş¨•M6¹—|4Ç@Zc—+è}±Ú«v@VæÕÆ° Òèùîtf}[Á2æÅ;|aáüuT56önrÁãƒ6dı”,6:method,4:POST,4:host,18:oth.eve.mdt.qq.com,17:first_line_format,8:relative,12:http_version,8:HTTP/1.1,6:scheme,4:http,10:stickyauth,5:false!}11:server_conn,419:15:ssl_established,5:false!14:source_address,60:7:address,27:15:192.168.128.181,5:63019#]8:use_ipv6,5:false!}13:timestamp_end,0:~7:address,62:7:address,29:18:oth.eve.mdt.qq.com,4:8080#]8:use_ipv6,5:false!}4:cert,0:~3:sni,0:~15:timestamp_start,17:1558440325.250845^19:timestamp_ssl_setup,0:~10:ip_address,58:7:address,25:14:223.167.86.106,4:8080#]8:use_ipv6,5:false!}3:via,0:~19:timestamp_tcp_setup,17:1558440325.281759^}}47671:8:response,44797:6:reason,2:OK,13:timestamp_end,17:1558440325.692375^12:http_version,8:HTTP/1.1,11:status_code,3:200#15:timestamp_start,17:1558440325.678248^7:headers,234:40:4:Date,29:Tue, 21 May 2019 12:05:25 GMT,]51:12:Content-Type,31:application/json; charset=utf-8,]31:17:Transfer-Encoding,7:chunked,]28:10:Connection,10:keep-alive,]31:12:G-Powered-By,11:EaseGateway,]29:11:G-Timestamp,10:1558440325,]]7:content,44391:{"h":{"c":0,"e":"","s":1558440325,"t":265},"c":{"college":[{"id":0,"college_name":"å…¨éƒ¨","college_intro":"å…¨éƒ¨","college_slogan":"å…¨éƒ¨å­¦é™¢","index_img":"","college_badge":"","college_badge_bg":"","college_corner_img":"","college_type":0,"order_num":0,"state":1,"create_time":"0001-01-01T00:00:00Z","update_time":"0001-01-01T00:00:00Z","course_num":90},{"id":3,"college_name":"èƒ½åŠ›å­¦é™¢","college_intro":"èƒ½åŠ›å­¦","college_slogan":"æé«˜èƒ½åŠ›ï¼Œèµ°å‘äººç”Ÿå·…å³°","index_img":"img/201812/10/201812101703356286168538.png","college_badge":"https://piccdn.igetget.com/img/201807/17/201807171539217551492770.png","college_badge_bg":"https://piccdn.igetget.com/img/201807/17/201807171539299205909413.jpg","college_corner_img":"img/201812/04/201812041731262762695804.png","college_type":0,"order_num":3,"state":1,"create_time":"2018-07-17T15:39:33+08:00","update_time":"2018-12-10T17:03:44+08:00","course_num":10},{"id":5,"college_name":"ç¤¾ç§‘é€šè¯†å­¦é™¢","college_intro":"ç¤¾ç§‘é™¢","college_slogan":"å•†ä¸šçŸ¥è¯†æ±‡èšåœ°ï¼Œèµ°å‘äººç”Ÿå·…å³°","index_img":"img/201812/10/201812101703459491408248.png","college_badge":"https://piccdn.igetget.com/img/201808/28/201808281406239077944068.png","college_badge_bg":"https://piccdn.igetget.com/img/201808/28/201808281406335609492599.jpg","college_corner_img":"","college_type":0,"order_num":4,"state":1,"create_time":"2018-08-28T14:06:49+08:00","update_time":"2018-12-10T17:03:55+08:00","course_num":5},{"id":4,"college_name":"ç§‘å­¦é€šè¯†å­¦é™¢","college_intro":"ç§‘å­¦é™¢","college_slogan":"å•†ä¸šçŸ¥è¯†æ±‡èšåœ°ï¼Œèµ°å‘äººç”Ÿå·…å³°","index_img":"img/201812/10/201812101704361453991079.png","college_badge":"https://piccdn.igetget.com/img/201808/28/201808281135003632012867.png","college_badge_bg":"https://piccdn.igetget.com/img/201808/28/201808281136269963071989.jpg","college_corner_img":"","college_type":0,"order_num":6,"state":1,"create_time":"2018-08-28T11:37:32+08:00","update_time":"2018-12-10T17:04:44+08:00","course_num":5},{"id":2,"college_name":"è§†é‡å­¦é™¢","college_intro":"è§†é‡å­¦","college_slogan":"æ‹“å®½è§†é‡ï¼Œèµ°å‘äººç”Ÿå·…å³°","index_img":"img/201812/10/201812101703269148436234.png","college_badge":"https://piccdn.igetget.com/img/201807/17/201807171526007588955459.png","college_badge_bg":"https://piccdn.igetget.com/img/201807/17/201807171526132186082233.jpg","college_corner_img":"img/201812/04/201812041830157460878311.png","college_type":0,"order_num":7,"state":1,"create_time":"2018-07-17T15:26:22+08:00","update_time":"2018-12-17T12:19:08+08:00","course_num":3},{"id":1,"college_name":"1å¾—åˆ°å•†å­¦é™¢","college_intro":"1å•†å­¦é™¢","college_slogan":"å•†ä¸šçŸ¥è¯†æ±‡èšåœ°ï¼Œèµ°å‘äººç”Ÿå·…å³°","index_img":"img/201812/10/201812101703163090575212.png","college_badge":"https://piccdn.igetget.com/img/201807/17/201807171410120569283613.png","college_badge_bg":"https://piccdn.igetget.com/img/201807/17/201807171410188139259208.jpg","college_corner_img":"img/201812/04/201812041731014998144286.png","college_type":0,"order_num":8,"state":1,"create_time":"2018-07-17T14:10:23+08:00","update_time":"2018-12-17T12:18:29+08:00","course_num":24},{"id":6,"college_name":"äººæ–‡ç¤¾ç§‘å­¦é™¢","college_intro":"äººæ–‡å­¦","college_slogan":"å•†ä¸šçŸ¥è¯†æ±‡èšåœ°ï¼Œèµ°å‘äººç”Ÿå·…å³°","index_img":"img/201812/10/201812101703565585372529.png","college_badge":"https://piccdn.igetget.com/img/201808/28/201808281414559547035048.png","college_badge_bg":"https://piccdn.igetget.com/img/201808/28/201808281415107714446868.jpg","college_corner_img":"","college_type":0,"order_num":10,"state":1,"create_time":"2018-08-28T14:15:37+08:00","update_time":"2018-12-17T12:17:57+08:00","course_num":2}],"list":[{"log_id":"156","log_type":"class","id":156,"id_str":"156","product_id":156,"product_type":66,"has_chapter":0,"name":"æµ‹è¯•å­¦ä¹ è®¡åˆ’æ”¯æŒ66ç±»å‹","intro":"æµ‹è¯•å­¦ä¹ è®¡åˆ’æ”¯æŒ66ç±»å‹-å‰¯æ ‡é¢˜","phase_num":600,"learn_user_count":615,"current_article_count":0,"highlight":"i æ˜‚ i å•","price":6688,"index_img":"https://piccdn.igetget.com/img/201810/30/201810301539014718455369.jpg","index_img_applet":"https://piccdn.igetget.com/img/201810/30/201810301539052375173155.jpg?x-oss-process=image/resize,m_fill,w_420,h_332,limit_0/contrast,-60/watermark,g_sw,x_30,y_20,text_NjE15Lq65Yqg5YWl5a2m5Lmg,color_ffffff,size_28","logo":"https://piccdn.igetget.com/img/201810/30/201810301539052375173155.jpg","logo_iphonex":"https://piccdn.igetget.com/img/201810/30/201810301539089823121093.jpg","square_img":"https://piccdn.igetget.com/img/201810/30/201810301539127710872694.jpg","outline_img":"https://piccdn.igetget.com/img/201810/30/201810301539164986682215.jpg","player_img":"https://piccdn.igetget.com/img/201810/30/201810301539221540653618.jpg","share_title":"åˆ†äº«æ ‡é¢˜","share_summary":"åˆ†äº«å­©å­å•Šå‘€","status":1,"order_num":0,"shzf_url":"","shzf_url_qr":"","price_desc":"è®²","article_time":1543996994,"article_title":"","is_subscribe":0,"lecturer_name":"åˆ˜å¾·å","lecturer_title":"å¤©ç‹çº§æ­Œæ‰‹","lecturer_name_and_title":"åˆ˜å¾·åÂ·å¤©ç‹çº§æ­Œæ‰‹","lecturer_avatar":"https://piccdn.igetget.com/img/201807/17/201807171509498789262800.jpg","is_finished":1,"update_time":1543996999,"share_url":"http://m.dev.igetget.com/share/course/pay/detail/66/156","default_sort_reverse":false,"presale_url":"","without_audio":false,"view_type":1,"h5_url_name":"","package_manager_switch":false,"lecture_avator_special":"","mini_share_img":"","estimated_shelf_time":0,"estimated_down_time":0,"corner_img":"","without_giving":false},{"log_id":"162","log_type":"class","id":162,"id_str":"162","product_id":162,"product_type":66,"has_chapter":1,"name":"é­å©·æ¯•ä¸šè¯¾-æœ‰ç« èŠ‚-æ™®é€šè¯¾","intro":"é­å©·æ¯•ä¸šè¯¾","phase_num":7,"learn_user_count":626,"current_article_count":5,"highlight":"é­å©·æ¯•ä¸šè¯¾","price":100,"index_img":"https://piccdn.igetget.com/img/201811/07/201811071701265389583780.jpg","index_img_applet":"https://piccdn.igetget.com/img/201811/07/201811071701302707322537.jpg?x-oss-process=image/resize,m_fill,w_420,h_332,limit_0/contrast,-60/watermark,g_sw,x_30,y_20,text_NjI25Lq65Yqg5YWl5a2m5Lmg,color_ffffff,size_28","logo":"https://piccdn.igetget.com/img/201811/07/201811071701302707322537.jpg","logo_iphonex":"https://piccdn.igetget.com/img/201811/07/201811071701335821692022.jpg","square_img":"https://piccdn.igetget.com/img/201811/07/201811071701366760239709.jpg","outline_img":"https://piccdn.igetget.com/img/201811/07/201811071701399009176446.jpg","player_img":"https://piccdn.igetget.com/img/201811/07/201811071701434332477560.jpg","share_title":"é­å©·æ¯•ä¸šè¯¾","share_summary":"é­å©·æ¯•ä¸šè¯¾","status":1,"order_num":0,"shzf_url":"","shzf_url_qr":"","price_desc":"è®²","article_time":1541660754,"article_title":"","is_subscribe":0,"lecturer_name":"æ¢æœä¼Ÿ","lecturer_title":"å½±å¸æ‹¿åˆ°æ‰‹è½¯","lecturer_name_and_title":"æ¢æœä¼ŸÂ·å½±å¸æ‹¿åˆ°æ‰‹è½¯","lecturer_avatar":"https://piccdn.igetget.com/img/201807/17/201807171511552735654160.jpg","is_finished":0,"update_time":1557803123,"share_url":"http://m.dev.igetget.com/share/course/pay/detail/66/162","default_sort_reverse":false,"presale_url":"","without_audio":false,"view_type":1,"h5_url_name":"","package_manager_switch":false,"lecture_avator_special":"","mini_share_img":"","estimated_shelf_time":0,"estimated_down_time":0,"corner_img":"https://piccdn.igetget.com/img/201905/12/201905121511329717241468.png","without_giving":false},{"log_id":"165","log_type":"class","id":165,"id_str":"165","product_id":165,"product_type":66,"has_chapter":0,"name":"é¦–é¡µå¯è§†åŒ–è¿˜æœ‰95%çš„","intro":"é¦–é¡µå¯è§†åŒ–å‰¯æ ‡é¢˜","phase_num":50,"learn_user_count":605,"current_article_count":3,"highlight":"è¯¾ç¨‹äº®ç‚¹","price":0,"index_img":"https://piccdn.igetget.com/img/201812/04/201812041844557267377000.png","index_img_applet":"https://piccdn.igetget.com/img/201812/04/201812041844589413685548.png?x-oss-process=image/resize,m_fill,w_420,h_332,limit_0/contrast,-60/watermark,g_sw,x_30,y_20,text_NjA15Lq65Yqg5YWl5a2m5Lmg,color_ffffff,size_28","logo":"https://piccdn.igetget.com/img/201812/04/201812041844589413685548.png","logo_iphonex":"https://piccdn.igetget.com/img/201812/04/201812041845020695971858.png","square_img":"https://piccdn.igetget.com/img/201812/04/201812041845114821311200.png","outline_img":"https://piccdn.igetget.com/img/201812/04/201812041845168188139728.png","player_img":"https://piccdn.igetget.com/img/201812/04/201812041845204460249854.png","share_title":"åˆ†äº«æ ‡é¢˜","share_summary":"åˆ†äº«æ‘˜è¦","status":1,"order_num":0,"shzf_url":"","shzf_url_qr":"","price_desc":"è®²","article_time":1544008798,"article_title":"","is_subscribe":0,"lecturer_name":"æ¢æœä¼Ÿ","lecturer_title":"å½±å¸æ‹¿åˆ°æ‰‹è½¯","lecturer_name_and_title":"æ¢æœä¼ŸÂ·å½±å¸æ‹¿åˆ°æ‰‹è½¯","lecturer_avatar":"https://piccdn.igetget.com/img/201807/17/201807171511552735654160.jpg","is_finished":1,"update_time":1556247455,"share_url":"http://m.dev.igetget.com/share/course/pay/detail/66/165","default_sort_reverse":false,"presale_url":"","without_audio":false,"view_type":1,"h5_url_name":"","package_manager_switch":false,"lecture_avator_special":"","mini_share_img":"","estimated_shelf_time":0,"estimated_down_time":0,"corner_img":"https://piccdn.igetget.com/img/201812/04/201812041845233031433759.png","without_giving":false},{"log_id":"161","log_type":"class","id":161,"id_str":"161","product_id":161,"product_type":66,"has_chapter":0,"name":"ã€Šé­å©·æ¯•ä¸šè¯¾ã€‹-æ²¡ç« èŠ‚-æ™®é€šè¯¾","intro":"é­å©·æ¯•ä¸šè¯¾","phase_num":4,"learn_user_count":608,"current_article_count":3,"highlight":"é­å©·æ¯•ä¸šè¯¾","price":100,"index_img":"https://piccdn.igetget.com/img/201811/07/201811071659506527151895.jpg","index_img_applet":"https://piccdn.igetget.com/img/201811/07/201811071659541174698371.jpg?x-oss-process=image/resize,m_fill,w_420,h_332,limit_0/contrast,-60/watermark,g_sw,x_30,y_20,text_NjA45Lq65Yqg5YWl5a2m5Lmg,color_ffffff,size_28","logo":"https://piccdn.igetget.com/img/201811/07/201811071659541174698371.jpg","logo_iphonex":"https://piccdn.igetget.com/img/201811/07/201811071659573696842595.jpg","square_img":"https://piccdn.igetget.com/img/201811/07/201811071700006650651195.jpg","outline_img":"https://piccdn.igetget.com/img/201811/07/201811071700033567499818.jpg","player_img":"https://piccdn.igetget.com/img/201811/07/201811071700064927679681.jpg","share_title":"é­å©·æ¯•ä¸šè¯¾","share_summary":"é­å©·æ¯•ä¸šè¯¾","status":1,"order_num":0,"shzf_url":"","shzf_url_qr":"","price_desc":"è®²","article_time":1557808056,"article_title":"","is_subscribe":0,"lecturer_name":"æ¢æœä¼Ÿ","lecturer_title":"å½±å¸æ‹¿åˆ°æ‰‹è½¯","lecturer_name_and_title":"æ¢æœä¼ŸÂ·å½±å¸æ‹¿åˆ°æ‰‹è½¯","lecturer_avatar":"https://piccdn.igetget.com/img/201807/17/201807171511552735654160.jpg","is_finished":0,"update_time":1557808061,"share_url":"http://m.dev.igetget.com/share/course/pay/detail/66/161","default_sort_reverse":false,"presale_url":"","without_audio":false,"view_type":1,"h5_url_name":"","package_manager_switch":false,"lecture_avator_special":"","mini_share_img":"","estimated_shelf_time":0,"estimated_down_time":0,"corner_img":"","without_giving":false},{"log_id":"56","log_type":"course","id":148,"id_str":"148","product_id":56,"product_type":22,"has_chapter":0,"name":"å¦‚ä½•æˆä¸ºç¤¾äº¤é«˜æ‰‹ Â· å¥³æ€§ç¯‡","intro":"æŒæ¡ä¸»åŠ¨ï¼Œå»ºç«‹é«˜æ•ˆäººé™…åœˆ","phase_num":10,"learn_user_count":59,"current_article_count":9,"highlight":"è¿™é‡Œæ˜¯è¯¾ç¨‹äº®ç‚¹ï¼Œéœ€è¦é‡æ–°å¡«å†™ï¼Œè€ç‰ˆæœ¬çš„è®¢é˜…å¤§å¸ˆè¯¾æ²¡æœ‰è¿™ä¸ªå­—æ®µï¼Œéœ€è¦è¿è¥åŒå­¦é‡æ–°ç¼–è¾‘ã€‚ã€‚ã€‚ã€‚","price":1,"index_img":"https://piccdn.igetget.com/img/201803/27/201803271015304673294562.jpg","index_img_applet":"https://piccdn.igetget.com/img/201803/22/201803221610499573728535.jpg?x-oss-process=image/resize,m_fill,w_420,h_332,limit_0/contrast,-60/watermark,g_sw,x_30,y_20,text_NTnkurrliqDlhaXlrabkuaA,color_ffffff,size_28","logo":"https://piccdn.igetget.com/img/201803/22/201803221610499573728535.jpg","logo_iphonex":"https://piccdn.igetget.com/img/201803/22/201803221610593204641101.jpg","square_img":"https://piccdn.igetget.com/img/201803/22/201803221611099688377506.jpg","outline_img":"https://piccdn.igetget.com/img/201803/22/201803221828032919974955.jpg","player_img":"https://piccdn.igetget.com/img/201803/22/201803221611424729717852.jpg","share_title":"ã€Œå¾—åˆ°ã€ç²¾å“è¯¾ | å¦‚ä½•æˆä¸ºç¤¾äº¤é«˜æ‰‹ Â· å¥³æ€§ç¯‡","share_summary":"è½»æ¾é¢å¯¹äººé™…äº¤å¾€ï¼Œä¸»åŠ¨å¼€æ‹“é«˜æ•ˆç¤¾äº¤åœˆã€‚","status":1,"order_num":2,"shzf_url":"","shzf_url_qr":"","price_desc":"è®²","article_time":1537361155,"article_title":"","is_subscribe":0,"lecturer_name":"é­å©·li","lecturer_title":"æˆ‘çˆ±å­¦ä¹ æˆ‘çˆ±å­¦ä¹ ","lecturer_name_and_title":"é­å©·liÂ·æˆ‘çˆ±å­¦ä¹ æˆ‘çˆ±å­¦ä¹ ","lecturer_avatar":"https://piccdn.igetget.com/img/201807/11/201807111928181591749798.jpg","is_finished":0,"update_time":1547622315,"share_url":"http://m.dev.igetget.com/share/course/pay/detail/22/56","default_sort_reverse":false,"presale_url":"","without_audio":false,"view_type":1,"h5_url_name":"","package_manager_switch":false,"lecture_avator_special":"","mini_share_img":"","estimated_shelf_time":0,"estimated_down_time":0,"corner_img":"","without_giving":false},{"log_id":"8","log_type":"master_class","id":52,"id_str":"52","product_id":8,"product_type":36,"has_chapter":0,"name":"2018é‡è¦çš„ä¸€è¯¾çŸ¥è¯†","intro":"çŸ¥è¯†å‘¢çœ‹å‡†å¤§åŠ¿ï¼ŒæŠ“ä½æœªæ¥20å¹´æ–°æœºä¼šçŸ¥è¯†å•ŠçŸ¥è¯†","phase_num":10,"learn_user_count":27,"current_article_count":10,"highlight":"è¿™é‡Œæ˜¯è¯¾ç¨‹äº®ç‚¹ï¼Œéœ€è¦é‡æ–°å¡«å†™ï¼Œè€ç‰ˆæœ¬çš„è®¢é˜…å¤§å¸ˆè¯¾æ²¡æœ‰è¿™ä¸ªå­—æ®µï¼Œéœ€è¦è¿è¥åŒå­¦é‡æ–°ç¼–è¾‘ã€‚ã€‚ã€‚ã€‚","price":0,"index_img":"https://piccdn.igetget.com/img/201801/18/201801181904273377229648.png","index_img_applet":"https://piccdn.igetget.com/img/201801/18/201801181859489441498981.png?x-oss-process=image/resize,m_fill,w_420,h_332,limit_0/contrast,-60/watermark,g_sw,x_30,y_20,text_MjfkurrliqDlhaXlrabkuaA,color_ffffff,size_28","logo":"https://piccdn.igetget.com/img/201801/18/201801181859489441498981.png","logo_iphonex":"https://piccdn.igetget.com/img/201804/09/201804091557151113707496.jpg","square_img":"https://piccdn.igetget.com/img/201801/18/201801181859456631584244.png","outline_img":"https://piccdn.igetget.com/img/201801/22/201801221532149661364415.png","player_img":"https://piccdn.igetget.com/img/201801/18/201801181904123403423246.jpg","share_title":"å¾—åˆ°Appé€ä½ ã€Š2018é‡è¦çš„ä¸€è¯¾ã€‹ï¼Œå¸®ä½ çœ‹å‡†å¤§åŠ¿","share_summary":"å¤§åŠ¿èµ‹èƒ½ï¼Œä½ çœ‹åˆ°çš„ï¼Œå°†æ˜¯ç¡®å®šæ— ç–‘çš„æœªæ¥ã€‚","status":1,"order_num":3,"shzf_url":"https://h5.sao.cn/product/detail?alias=uk9zp31srred&spm=igetp014","shzf_url_qr":"","price_desc":"è®²","article_time":1516714765,"article_title":"","is_subscribe":0,"lecturer_name":"é­å©·li","lecturer_title":"æˆ‘çˆ±å­¦ä¹ æˆ‘çˆ±å­¦ä¹ ","lecturer_name_and_title":"é­å©·liÂ·æˆ‘çˆ±å­¦ä¹ æˆ‘çˆ±å­¦ä¹ ","lecturer_avatar":"https://piccdn.igetget.com/img/201807/11/201807111928181591749798.jpg","is_finished":1,"update_time":1537862554,"share_url":"http://m.dev.igetget.com/share/course/pay/detail/36/8","default_sort_reverse":false,"presale_url":"","without_audio":false,"view_type":1,"h5_url_name":"","package_manager_switch":false,"lecture_avator_special":"","mini_share_img":"","estimated_shelf_time":0,"estimated_down_time":0,"corner_img":"","without_giving":false},{"log_id":"12","log_type":"master_class","id":56,"id_str":"56","product_id":12,"product_type":36,"has_chapter":1,"name":"ç¤¾ä¼šå­¦ä¸“é¢˜50è®²","intro":"éƒ‘ä¹Ÿå¤«ç ´è§£è·¨ç•Œåˆ›æ–°å¯†ç ","phase_num":50,"learn_user_count":1085,"current_article_count":9,"highlight":"è¿™é‡Œæ˜¯è¯¾ç¨‹äº®ç‚¹ï¼Œéœ€è¦é‡æ–°å¡«å†™ï¼Œè€ç‰ˆæœ¬çš„è®¢é˜…å¤§å¸ˆè¯¾æ²¡æœ‰è¿™ä¸ªå­—æ®µï¼Œéœ€è¦è¿è¥åŒå­¦é‡æ–°ç¼–è¾‘ã€‚ã€‚ã€‚ã€‚","price":200,"index_img":"https://piccdn.igetget.com/img/201804/16/201804161912282791574998.jpg","index_img_applet":"https://piccdn.igetget.com/img/201804/16/201804161912007731562089.jpg?x-oss-process=image/resize,m_fill,w_420,h_332,limit_0/contrast,-60/watermark,g_sw,x_30,y_20,text_MTA4NeS6uuWKoOWFpeWtpuS5oA,color_ffffff,size_28","logo":"https://piccdn.igetget.com/img/201804/16/201804161912007731562089.jpg","logo_iphonex":"https://piccdn.igetget.com/img/201804/16/201804161912077047892670.psd","square_img":"https://piccdn.igetget.com/img/201804/16/201804161911481334669003.png","outline_img":"https://piccdn.igetget.com/img/201804/16/201804161912382528138256.jpg","player_img":"https://piccdn.igetget.com/img/201804/16/201804161912208309258688.jpg","share_title":"éƒ‘ä¹Ÿå¤«Â·ç¤¾ä¼šå­¦ä¸“é¢˜30è®² | å¾—åˆ°å¤§å¸ˆè¯¾","share_summary":"ç ´è§£è·¨ç•Œåˆ›æ–°çš„å¯†ç ","status":1,"order_num":5,"shzf_url":"0","shzf_url_qr":"","price_desc":"è®²","article_time":1541405689,"article_title":"","is_subscribe":0,"lecturer_name":"é­å©·li","lecturer_title":"æˆ‘çˆ±å­¦ä¹ æˆ‘çˆ±å­¦ä¹ ","lecturer_name_and_title":"é­å©·liÂ·æˆ‘çˆ±å­¦ä¹ æˆ‘çˆ±å­¦ä¹ ","lecturer_avatar":"https://piccdn.igetget.com/img/201807/11/201807111928181591749798.jpg","is_finished":0,"update_time":1541405760,"share_url":"http://m.dev.igetget.com/share/course/pay/detail/36/12","default_sort_reverse":false,"presale_url":"","without_audio":false,"view_type":1,"h5_url_name":"","package_manager_switch":false,"lecture_avator_special":"","mini_share_img":"","estimated_shelf_time":0,"estimated_down_time":0,"corner_img":"","without_giving":false},{"log_id":"1","log_type":"course","id":93,"id_str":"93","product_id":1,"product_type":22,"has_chapter":0,"name":"å¤§å®¶æ„šäººèŠ‚å¿«ä¹","intro":"æµ‹è¯•,è¯·å‹¿è´­ä¹°,è°¢è°¢","phase_num":0,"learn_user_count":0,"current_article_count":3,"highlight":"è¿™é‡Œæ˜¯è¯¾ç¨‹äº®ç‚¹ï¼Œéœ€è¦é‡æ–°å¡«å†™ï¼Œè€ç‰ˆæœ¬çš„è®¢é˜…å¤§å¸ˆè¯¾æ²¡æœ‰è¿™ä¸ªå­—æ®µï¼Œéœ€è¦è¿è¥åŒå­¦é‡æ–°ç¼–è¾‘ã€‚ã€‚ã€‚ã€‚","price":1990,"index_img":"https://piccdn.igetget.com/img/201809/12/201809121629162086814164.jpg","index_img_applet":"https://piccdn.igetget.com/img/201704/01/201704012234487275592667.png?x-oss-process=image/resize,m_fill,w_420,h_332,limit_0/contrast,-60/watermark,g_sw,x_30,y_20,text_MOS6uuWKoOWFpeWtpuS5oA,color_ffffff,size_28","logo":"https://piccdn.igetget.com/img/201704/01/201704012234487275592667.png","logo_iphonex":"https://piccdn.igetget.com/img/201809/12/201809121629189432089829.jpg","square_img":"https://piccdn.igetget.com/img/201809/12/201809121629216190679635.jpg","outline_img":"https://piccdn.igetget.com/img/201704/01/201704012234531617899400.png","player_img":"https://piccdn.igetget.com/img/201809/12/201809121629245640246438.jpg","share_title":"å¾®ä¿¡æ ‡é¢˜","share_summary":"å¤§å®¶å¥½","status":1,"order_num":8,"shzf_url":"","shzf_url_qr":"","price_desc":"è®²","article_time":1490862322,"article_title":"","is_subscribe":0,"lecturer_name":"é­å©·li","lecturer_title":"æˆ‘çˆ±å­¦ä¹ æˆ‘çˆ±å­¦ä¹ ","lecturer_name_and_title":"é­å©·liÂ·æˆ‘çˆ±å­¦ä¹ æˆ‘çˆ±å­¦ä¹ ","lecturer_avatar":"https://piccdn.igetget.com/img/201807/11/201807111928181591749798.jpg","is_finished":1,"update_time":1536906634,"share_url":"http://m.dev.igetget.com/share/course/pay/detail/22/1","default_sort_reverse":false,"presale_url":"","without_audio":false,"view_type":1,"h5_url_name":"","package_manager_switch":false,"lecture_avator_special":"","mini_share_img":"","estimated_shelf_time":0,"estimated_down_time":0,"corner_img":"","without_giving":false},{"log_id":"2","log_type":"course","id":94,"id_str":"94","product_id":2,"product_type":22,"has_chapter":0,"name":"æµ‹è¯•1","intro":"ä¸Šæ¬¡å¯¹ä¸èµ·","phase_num":0,"learn_user_count":0,"current_article_count":1,"highlight":"è¿™é‡Œæ˜¯è¯¾ç¨‹äº®ç‚¹ï¼Œéœ€è¦é‡æ–°å¡«å†™ï¼Œè€ç‰ˆæœ¬çš„è®¢é˜…å¤§å¸ˆè¯¾æ²¡æœ‰è¿™ä¸ªå­—æ®µï¼Œéœ€è¦è¿è¥åŒå­¦é‡æ–°ç¼–è¾‘ã€‚ã€‚ã€‚ã€‚","price":1990,"index_img":"https://piccdn.igetget.com/img/201809/12/201809121628507741448571.jpg","index_img_applet":"https://piccdn.igetget.com/img/201704/07/201704071134516145213507.png?x-oss-process=image/resize,m_fill,w_420,h_332,limit_0/contrast,-60/watermark,g_sw,x_30,y_20,text_MOS6uuWKoOWFpeWtpuS5oA,color_ffffff,size_28","logo":"https://piccdn.igetget.com/img/201704/07/201704071134516145213507.png","logo_iphonex":"https://piccdn.igetget.com/img/201809/12/201809121628548531903182.jpg","square_img":"https://piccdn.igetget.com/img/201809/12/201809121628575316711191.jpg","outline_img":"https://piccdn.igetget.com/img/201704/07/201704071134556620609982.png","player_img":"https://piccdn.igetget.com/img/201809/12/201809121629011153205633.jpg","share_title":"å¾—åˆ°","share_summary":"å¾—åˆ°","status":1,"order_num":9,"shzf_url":"","shzf_url_qr":"","price_desc":"è®²","article_time":1491047501,"article_title":"","is_subscribe":0,"lecturer_name":"é­å©·li","lecturer_title":"æˆ‘çˆ±å­¦ä¹ æˆ‘çˆ±å­¦ä¹ ","lecturer_name_and_title":"é­å©·liÂ·æˆ‘çˆ±å­¦ä¹ æˆ‘çˆ±å­¦ä¹ ","lecturer_avatar":"https://piccdn.igetget.com/img/201807/11/201807111928181591749798.jpg","is_finished":1,"update_time":1536906634,"share_url":"http://m.dev.igetget.com/share/course/pay/detail/22/2","default_sort_reverse":false,"presale_url":"","without_audio":false,"view_type":1,"h5_url_name":"","package_manager_switch":false,"lecture_avator_special":"","mini_share_img":"","estimated_shelf_time":0,"estimated_down_time":0,"corner_img":"","without_giving":false},{"log_id":"3","log_type":"course","id":95,"id_str":"95","product_id":3,"product_type":22,"has_chapter":0,"name":"è¯¾ç¨‹æµ‹è¯•","intro":"è¯¾ç¨‹æµ‹è¯•å‰¯æ ‡é¢˜","phase_num":0,"learn_user_count":0,"current_article_count":0,"highlight":"è¿™é‡Œæ˜¯è¯¾ç¨‹äº®ç‚¹ï¼Œéœ€è¦é‡æ–°å¡«å†™ï¼Œè€ç‰ˆæœ¬çš„è®¢é˜…å¤§å¸ˆè¯¾æ²¡æœ‰è¿™ä¸ªå­—æ®µï¼Œéœ€è¦è¿è¥åŒå­¦é‡æ–°ç¼–è¾‘ã€‚ã€‚ã€‚ã€‚","price":1990,"index_img":"https://piccdn.igetget.com/img/201809/12/201809121627503794679243.jpg","index_img_applet":"https://piccdn.igetget.com/img/201704/07/201704071136055597408154.png?x-oss-process=image/resize,m_fill,w_420,h_332,limit_0/contrast,-60/watermark,g_sw,x_30,y_20,text_MOS6uuWKoOWFpeWtpuS5oA,color_ffffff,size_28","logo":"https://piccdn.igetget.com/img/201704/07/201704071136055597408154.png","logo_iphonex":"https://piccdn.igetget.com/img/201809/12/201809121627541443592671.jpg","square_img":"https://piccdn.igetget.com/img/201809/12/201809121627568998136358.jpg","outline_img":"https://piccdn.igetget.com/img/201704/07/201704071136107636842972.png","player_img":"https://piccdn.igetget.com/img/201809/12/201809121628002127607060.jpg","share_title":"è¯¾ç¨‹æµ‹è¯•","share_summary":"è¯¾ç¨‹æµ‹è¯•","status":1,"order_num":10,"shzf_url":"","shzf_url_qr":"","price_desc":"è®²","article_time":0,"article_title":"","is_subscribe":0,"lecturer_name":"é­å©·li","lecturer_title":"æˆ‘çˆ±å­¦ä¹ æˆ‘çˆ±å­¦ä¹ ","lecturer_name_and_title":"é­å©·liÂ·æˆ‘çˆ±å­¦ä¹ æˆ‘çˆ±å­¦ä¹ ","lecturer_avatar":"https://piccdn.igetget.com/img/201807/11/201807111928181591749798.jpg","is_finished":1,"update_time":1536906634,"share_url":"http://m.dev.igetget.com/share/course/pay/detail/22/3","default_sort_reverse":false,"presale_url":"","without_audio":false,"view_type":1,"h5_url_name":"","package_manager_switch":false,"lecture_avator_special":"","mini_share_img":"","estimated_shelf_time":0,"estimated_down_time":0,"corner_img":"","without_giving":false},{"log_id":"4","log_type":"course","id":96,"id_str":"96","product_id":4,"product_type":22,"has_chapter":0,"name":"å¾å°å¹³è®²åˆ›ä¸šåŸºæœ¬åŠŸ","intro":"å¾å°å¹³ Â· çœŸæ ¼åŸºé‡‘åˆ›å§‹äºº","phase_num":5,"learn_user_count":18,"current_article_count":5,"highlight":"è¿™é‡Œæ˜¯è¯¾ç¨‹äº®ç‚¹ï¼Œéœ€è¦é‡æ–°å¡«å†™ï¼Œè€ç‰ˆæœ¬çš„è®¢é˜…å¤§å¸ˆè¯¾æ²¡æœ‰è¿™ä¸ªå­—æ®µï¼Œéœ€è¦è¿è¥åŒå­¦é‡æ–°ç¼–è¾‘ã€‚ã€‚ã€‚ã€‚","price":1990,"index_img":"https://piccdn.igetget.com/img/201706/16/201706161510517007026002.jpg","index_img_applet":"https://piccdn.igetget.com/img/201707/21/201707212319439372117625.png?x-oss-process=image/resize,m_fill,w_420,h_332,limit_0/contrast,-60/watermark,g_sw,x_30,y_20,text_MTjkurrliqDlhaXlrabkuaA,color_ffffff,size_28","logo":"https://piccdn.igetget.com/img/201707/21/201707212319439372117625.png","logo_iphonex":"https://piccdn.igetget.com/img/201809/12/201809121628206596546310.jpg","square_img":"https://piccdn.igetget.com/img/201706/16/201706161510434628355432.jpg","outline_img":"https://piccdn.igetget.com/img/201704/18/201704181310343545132965.jpg","player_img":"https://piccdn.igetget.com/img/201708/04/201708042102531097475700.jpg","share_title":"ã€Œå¾—åˆ°ã€ç²¾å“è¯¾ | å¾å°å¹³è®²åˆ›ä¸šåŸºæœ¬åŠŸ","share_summary":"åˆ›ä¸šæŠ•èµ„èƒŒåï¼Œä½ è¯¥çŸ¥é“çš„äººæ€§ã€‚çœŸæ ¼åŸºé‡‘åˆ›å§‹äººå¾å°å¹³ä¸ºä½ æŒ‡ç‚¹è¿·æ´¥ã€‚","status":1,"order_num":11,"shzf_url":"","shzf_url_qr":"","price_desc":"è®²","article_time":1491891453,"article_title":"","is_subscribe":0,"lecturer_name":"é­å©·li","lecturer_title":"æˆ‘çˆ±å­¦ä¹ æˆ‘çˆ±å­¦ä¹ ","lecturer_name_and_title":"é­å©·liÂ·æˆ‘çˆ±å­¦ä¹ æˆ‘çˆ±å­¦ä¹ ","lecturer_avatar":"https://piccdn.igetget.com/img/201807/11/201807111928181591749798.jpg","is_finished":1,"update_time":1547621707,"share_url":"http://m.dev.igetget.com/share/course/pay/detail/22/4","default_sort_reverse":false,"presale_url":"","without_audio":false,"view_type":1,"h5_url_name":"","package_manager_switch":false,"lecture_avator_special":"","mini_share_img":"","estimated_shelf_time":0,"estimated_down_time":0,"corner_img":"","without_giving":false},{"log_id":"5","log_type":"course","id":97,"id_str":"97","product_id":5,"product_type":22,"has_chapter":0,"name":"å¦‚ä½•å¬ä¸€åœºéŸ³ä¹ä¼š","intro":"ä¸¥ä¼¯é’§ Â· èµ„æ·±å¤å…¸éŸ³ä¹çˆ±å¥½è€…","phase_num":9,"learn_user_count":11,"current_article_count":9,"highlight":"è¿™é‡Œæ˜¯è¯¾ç¨‹äº®ç‚¹ï¼Œéœ€è¦é‡æ–°å¡«å†™ï¼Œè€ç‰ˆæœ¬çš„è®¢é˜…å¤§å¸ˆè¯¾æ²¡æœ‰è¿™ä¸ªå­—æ®µï¼Œéœ€è¦è¿è¥åŒå­¦é‡æ–°ç¼–è¾‘ã€‚ã€‚ã€‚ã€‚","price":4800,"index_img":"https://piccdn.igetget.com/img/201706/16/201706161511211208122701.jpg","index_img_applet":"https://piccdn.igetget.com/img/201707/21/201707212319228787266159.jpg?x-oss-process=image/resize,m_fill,w_420,h_332,limit_0/contrast,-60/watermark,g_sw,x_30,y_20,text_MTHkurrliqDlhaXlrabkuaA,color_ffffff,size_28","logo":"https://piccdn.igetget.com/img/201707/21/201707212319228787266159.jpg","logo_iphonex":"","square_img":"https://piccdn.igetget.com/img/201706/16/201706161511149356208744.jpg","outline_img":"https://piccdn.igetget.com/img/201704/28/201704281917164510357615.jpg","player_img":"https://piccdn.igetget.com/img/201708/04/201708042102368221537350.jpg","share_title":"ã€Œå¾—åˆ°ã€ç²¾å“è¯¾ | å¦‚ä½•å¬ä¸€åœºéŸ³ä¹ä¼š","share_summary":"å¦‚ä½•å¬ä¸€åœºéŸ³ä¹ä¼šï¼Ÿä»åŸºç¡€å…¥é—¨åˆ°ç†Ÿç»ƒåæ§½ã€‚","status":1,"order_num":12,"shzf_url":"","shzf_url_qr":"","price_desc":"è®²","article_time":1493030101,"article_title":"","is_subscribe":0,"lecturer_name":"é­å©·li","lecturer_title":"æˆ‘çˆ±å­¦ä¹ æˆ‘çˆ±å­¦ä¹ ","lecturer_name_and_title":"é­å©·liÂ·æˆ‘çˆ±å­¦ä¹ æˆ‘çˆ±å­¦ä¹ ","lecturer_avatar":"https://piccdn.igetget.com/img/201807/11/201807111928181591749798.jpg","is_finished":1,"update_time":1536906634,"share_url":"http://m.dev.igetget.com/share/course/pay/detail/22/5","default_sort_reverse":false,"presale_url":"","without_audio":false,"view_type":1,"h5_url_name":"","package_manager_switch":false,"lecture_avator_special":"","mini_share_img":"","estimated_shelf_time":0,"estimated_down_time":0,"corner_img":"","without_giving":false},{"log_id":"6","log_type":"course","id":98,"id_str":"98","product_id":6,"product_type":22,"has_chapter":0,"name":"æ€æ ·è®©ä½ çš„å£°éŸ³æ›´æœ‰é­…åŠ›","intro":"éƒ‘ä¼Ÿ Â· ç½—èƒ–çš„å£°éŸ³è®­ç»ƒå¸ˆ","phase_num":9,"learn_user_count":328,"current_article_count":9,"highlight":"è¿™é‡Œæ˜¯è¯¾ç¨‹äº®ç‚¹ï¼Œéœ€è¦é‡æ–°å¡«å†™ï¼Œè€ç‰ˆæœ¬çš„è®¢é˜…å¤§å¸ˆè¯¾æ²¡æœ‰è¿™ä¸ªå­—æ®µï¼Œéœ€è¦è¿è¥åŒå­¦é‡æ–°ç¼–è¾‘ã€‚ã€‚ã€‚ã€‚","price":501,"index_img":"https://piccdn.igetget.com/img/201706/29/201706291745209872419724.jpg","index_img_applet":"https://piccdn.igetget.com/img/201707/21/201707212318593154808561.jpg?x-oss-process=image/resize,m_fill,w_420,h_332,limit_0/contrast,-60/watermark,g_sw,x_30,y_20,text_MzI45Lq65Yqg5YWl5a2m5Lmg,color_ffffff,size_28","logo":"https://piccdn.igetget.com/img/201707/21/201707212318593154808561.jpg","logo_iphonex":"https://piccdn.igetget.com/img/201804/09/201804091330459672152650.jpg","square_img":"https://piccdn.igetget.com/img/201706/16/201706161511337497124629.jpg","outline_img":"https://piccdn.igetget.com/img/201707/10/201707101856228390942254.png","player_img":"https://piccdn.igetget.com/img/201708/04/201708042059386980752819.jpg","share_title":"ã€Œå¾—åˆ°ã€ç²¾å“è¯¾ | æ€æ ·è®©ä½ çš„å£°éŸ³æ›´æœ‰é­…åŠ›","share_summary":"ä¸€å°æ—¶é€šå…³çš„å£°éŸ³è®­ç»ƒè¯¾ï¼Œæ‰“ç ´ä½ çš„æ²Ÿé€šå›°å¢ƒï¼Œè®©ä½ åœ¨äº¤é™…ä¸­æ— å¾€ä¸åˆ©ã€‚","status":1,"order_num":13,"shzf_url":"","shzf_url_qr":"","price_desc":"è®²","article_time":1494841836,"article_title":"","is_subscribe":0,"lecturer_name":"é­å©·li","lecturer_title":"æˆ‘çˆ±å­¦ä¹ æˆ‘çˆ±å­¦ä¹ ","lecturer_name_and_title":"é­å©·liÂ·æˆ‘çˆ±å­¦ä¹ æˆ‘çˆ±å­¦ä¹ ","lecturer_avatar":"https://piccdn.igetget.com/img/201807/11/201807111928181591749798.jpg","is_finished":0,"update_time":1542945287,"share_url":"http://m.dev.igetget.com/share/course/pay/detail/22/6","default_sort_reverse":false,"presale_url":"","without_audio":false,"view_type":1,"h5_url_name":"","package_manager_switch":false,"lecture_avator_special":"","mini_share_img":"","estimated_shelf_time":0,"estimated_down_time":0,"corner_img":"","without_giving":false},{"log_id":"7","log_type":"course","id":99,"id_str":"99","product_id":7,"product_type":22,"has_chapter":1,"name":"æœ‰æ•ˆç®¡ç†ä½ çš„å¥åº·","intro":"å¼ å±•æ™– Â· å¾å°å¹³çš„å¥åº·ç®¡ç†æ•™ç»ƒ","phase_num":6,"learn_user_count":99,"current_article_count":6,"highlight":"è¿™é‡Œæ˜¯è¯¾ç¨‹äº®ç‚¹ï¼Œéœ€è¦é‡æ–°å¡«å†™ï¼Œè€ç‰ˆæœ¬çš„è®¢é˜…å¤§å¸ˆè¯¾æ²¡æœ‰è¿™ä¸ªå­—æ®µï¼Œéœ€è¦è¿è¥åŒå­¦é‡æ–°ç¼–è¾‘ã€‚ã€‚ã€‚ã€‚","price":1990,"index_img":"https://piccdn.igetget.com/img/201706/28/201706281832224446704828.jpg","index_img_applet":"https://piccdn.igetget.com/img/201706/28/201706281831588877254596.jpg?x-oss-process=image/resize,m_fill,w_420,h_332,limit_0/contrast,-60/watermark,g_sw,x_30,y_20,text_OTnkurrliqDlhaXlrabkuaA,color_ffffff,size_28","logo":"https://piccdn.igetget.com/img/201706/28/201706281831588877254596.jpg","logo_iphonex":"https://piccdn.igetget.com/img/201804/09/201804091529171607973947.jpg","square_img":"https://piccdn.igetget.com/img/201706/28/201706281832092368408276.jpg","outline_img":"https://piccdn.igetget.com/img/201706/28/201706281833470988738501.jpg","player_img":"https://piccdn.igetget.com/img/201708/04/201708042059233038094717.jpg","share_title":"ã€Œå¾—åˆ°ã€ç²¾å“è¯¾ | æœ‰æ•ˆç®¡ç†ä½ çš„å¥åº·","share_summary":"æœ€ç®€å•çš„å¥åº·ç®¡ç†æ–¹æ¡ˆï¼Œè®©ä½ æ‘†è„±å¥èº«è¯¯åŒºï¼Œè½»æ¾æ”¶è·å¥½çŠ¶æ€ã€‚","status":1,"order_num":14,"shzf_url":"","shzf_url_qr":"","price_desc":"è®²","article_time":1498646895,"article_title":"","is_subscribe":0,"lecturer_name":"é­å©·li","lecturer_title":"æˆ‘çˆ±å­¦ä¹ æˆ‘çˆ±å­¦ä¹ ","lecturer_name_and_title":"é­å©·liÂ·æˆ‘çˆ±å­¦ä¹ æˆ‘çˆ±å­¦ä¹ ","lecturer_avatar":"https://piccdn.igetget.com/img/201807/11/201807111928181591749798.jpg","is_finished":1,"update_time":1536906634,"share_url":"http://m.dev.igetget.com/share/course/pay/detail/22/7","default_sort_reverse":false,"presale_url":"","without_audio":false,"view_type":1,"h5_url_name":"","package_manager_switch":false,"lecture_avator_special":"","mini_share_img":"","estimated_shelf_time":0,"estimated_down_time":0,"corner_img":"","without_giving":false},{"log_id":"8","log_type":"course","id":100,"id_str":"100","product_id":8,"product_type":22,"has_chapter":0,"name":"æ€æ ·æˆä¸ºè§£å†³é—®é¢˜çš„é«˜æ‰‹","intro":"æ›²å‡¯ Â· å’¨è¯¢å¸ˆã€åˆ›ä¸šè€…","phase_num":9,"learn_user_count":11,"current_article_count":9,"highlight":"è¿™é‡Œæ˜¯è¯¾ç¨‹äº®ç‚¹ï¼Œéœ€è¦é‡æ–°å¡«å†™ï¼Œè€ç‰ˆæœ¬çš„è®¢é˜…å¤§å¸ˆè¯¾æ²¡æœ‰è¿™ä¸ªå­—æ®µï¼Œéœ€è¦è¿è¥åŒå­¦é‡æ–°ç¼–è¾‘ã€‚ã€‚ã€‚ã€‚","price":1990,"index_img":"https://piccdn.igetget.com/img/201707/12/201707121651517762062461.jpg","index_img_applet":"https://piccdn.igetget.com/img/201707/12/201707121651260885471581.jpg?x-oss-process=image/resize,m_fill,w_420,h_332,limit_0/contrast,-60/watermark,g_sw,x_30,y_20,text_MTHkurrliqDlhaXlrabkuaA,color_ffffff,size_28","logo":"https://piccdn.igetget.com/img/201707/12/201707121651260885471581.jpg","logo_iphonex":"https://piccdn.igetget.com/img/201804/09/201804091338090900617707.jpg","square_img":"https://piccdn.igetget.com/img/201707/12/201707121638308470514207.jpg","outline_img":"https://piccdn.igetget.com/img/201707/12/201707121636508017793649.jpg","player_img":"https://piccdn.igetget.com/img/201708/04/201708042059122403883655.jpg","share_title":"ã€Œå¾—åˆ°ã€ç²¾å“è¯¾ | æ€æ ·æˆä¸ºè§£å†³é—®é¢˜çš„é«˜æ‰‹","share_summary":"å¤šç§å¤æ‚å±€é¢ï¼Œä¸€ä¸ªæ‹†è§£å¥—è·¯ã€‚ç»™ä½ æ¯”ç»éªŒæœ‰æ•ˆçš„ç§‘å­¦è§£å†³æ–¹æ³•ã€‚","status":1,"order_num":15,"shzf_url":"","shzf_url_qr":"","price_desc":"è®²","article_time":1499849673,"article_title":"","is_subscribe":0,"lecturer_name":"é­å©·li","lecturer_title":"æˆ‘çˆ±å­¦ä¹ æˆ‘çˆ±å­¦ä¹ ","lecturer_name_and_title":"é­å©·liÂ·æˆ‘çˆ±å­¦ä¹ æˆ‘çˆ±å­¦ä¹ ","lecturer_avatar":"https://piccdn.igetget.com/img/201807/11/201807111928181591749798.jpg","is_finished":1,"update_time":1536906634,"share_url":"http://m.dev.igetget.com/share/course/pay/detail/22/8","default_sort_reverse":false,"presale_url":"","without_audio":false,"view_type":1,"h5_url_name":"","package_manager_switch":false,"lecture_avator_special":"","mini_share_img":"","estimated_shelf_time":0,"estimated_down_time":0,"corner_img":"","without_giving":false},{"log_id":"9","log_type":"course","id":101,"id_str":"101","product_id":9,"product_type":22,"has_chapter":0,"name":"å¦‚ä½•å¸¦å¥½90åé˜Ÿä¼","intro":"æ•™ä½ æ‰“é€ é«˜æ•ˆèƒ½å¹´è½»å›¢é˜Ÿ","phase_num":8,"learn_user_count":13,"current_article_count":8,"highlight":"è¿™é‡Œæ˜¯è¯¾ç¨‹äº®ç‚¹ï¼Œéœ€è¦é‡æ–°å¡«å†™ï¼Œè€ç‰ˆæœ¬çš„è®¢é˜…å¤§å¸ˆè¯¾æ²¡æœ‰è¿™ä¸ªå­—æ®µï¼Œéœ€è¦è¿è¥åŒå­¦é‡æ–°ç¼–è¾‘ã€‚ã€‚ã€‚ã€‚","price":1999,"index_img":"https://piccdn.igetget.com/img/201707/20/201707200258207170466857.jpg","index_img_applet":"https://piccdn.igetget.com/img/201707/20/201707200258085046267166.jpg?x-oss-process=image/resize,m_fill,w_420,h_332,limit_0/contrast,-60/watermark,g_sw,x_30,y_20,text_MTPkurrliqDlhaXlrabkuaA,color_ffffff,size_28","logo":"https://piccdn.igetget.com/img/201707/20/201707200258085046267166.jpg","logo_iphonex":"https://piccdn.igetget.com/img/201809/12/201809121537204683468943.jpg","square_img":"https://piccdn.igetget.com/img/201707/20/201707200258164942082885.jpg","outline_img":"https://piccdn.igetget.com/img/201707/19/201707191756023863446273.jpg","player_img":"https://piccdn.igetget.com/img/201708/04/201708042058594778173132.jpg","share_title":"ã€Œå¾—åˆ°ã€ç²¾å“è¯¾ | å¦‚ä½•å¸¦å¥½90åé˜Ÿä¼","share_summary":"æ–°èŒåœºï¼Œæ–°å¥—è·¯ï¼Œæ‰“é€ é«˜æ•ˆèƒ½å¹´è½»å›¢é˜Ÿï¼Œæˆä¸ºå—æ¬¢è¿çš„é¢†å¯¼è€…ã€‚","status":1,"order_num":16,"shzf_url":"","shzf_url_qr":"","price_desc":"è®²","article_time":1500466414,"article_title":"","is_subscribe":0,"lecturer_name":"é­å©·li","lecturer_title":"æˆ‘çˆ±å­¦ä¹ æˆ‘çˆ±å­¦ä¹ ","lecturer_name_and_title":"é­å©·liÂ·æˆ‘çˆ±å­¦ä¹ æˆ‘çˆ±å­¦ä¹ ","lecturer_avatar":"https://piccdn.igetget.com/img/201807/11/201807111928181591749798.jpg","is_finished":1,"update_time":1536906634,"share_url":"http://m.dev.igetget.com/share/course/pay/detail/22/9","default_sort_reverse":false,"presale_url":"","without_audio":false,"view_type":1,"h5_url_name":"","package_manager_switch":false,"lecture_avator_special":"","mini_share_img":"","estimated_shelf_time":0,"estimated_down_time":0,"corner_img":"","without_giving":false},{"log_id":"10","log_type":"course","id":102,"id_str":"102","product_id":10,"product_type":22,"has_chapter":0,"name":"æœ€åä¸€æ‰“æœ€åä¸€æ‰“æœ€åä¸€æ‰“æœ€åä¸€æ‰“æœ€å","intro":"å‰¯æ ‡é¢˜æœ€åæ‰“æœ€åä¸€æ‰“æœ€åä¸€æ‰“æœ€åä¸€æ‰“æœ€åä¸€æ‰“æœ€åä¸€æ‰“","phase_num":8,"learn_user_count":1253,"current_article_count":8,"highlight":"è¿™é‡Œæ˜¯è¯¾ç¨‹äº®ç‚¹ï¼Œéœ€è¦é‡æ–°å¡«å†™ï¼Œè€ç‰ˆæœ¬çš„è®¢é˜…å¤§å¸ˆè¯¾æ²¡æœ‰è¿™ä¸ªå­—æ®µï¼Œéœ€è¦è¿è¥åŒå­¦é‡æ–°ç¼–è¾‘ã€‚ã€‚ã€‚ã€‚","price":1990,"index_img":"https://piccdn.igetget.com/img/201805/17/201805171904586207028712.jpg","index_img_applet":"https://piccdn.igetget.com/img/201704/12/201704121540309037744937.png?x-oss-process=image/resize,m_fill,w_420,h_332,limit_0/contrast,-60/watermark,g_sw,x_30,y_20,text_MTI1M-S6uuWKoOWFpeWtpuS5oA,color_ffffff,size_28","logo":"https://piccdn.igetget.com/img/201704/12/201704121540309037744937.png","logo_iphonex":"https://piccdn.igetget.com/img/201805/17/201805171904475590726011.jpg","square_img":"https://piccdn.igetget.com/img/201805/17/201805171904544470316050.jpg","outline_img":"https://piccdn.igetget.com/img/201704/12/201704121540339528295913.png","player_img":"https://piccdn.igetget.com/img/201805/17/201805171905042718795831.jpg","share_title":"åˆ†äº«æ ‡é¢˜  æœ€åä¸€æ‰“   æœ€æ‰“åä¸€æ‰“   æœ€åä¸€æ‰“    &","share_summary":"å‚æ•°å€¼è¾“å…¥ä¸ºç‰¹æ®Šå«ä¹‰çš„å€¼:\r\nÂ Â ã€<ã€>ã€&\r\n\r\næ•´å‹å 2ä¸ªå­—èŠ‚å–å€¼èŒƒå›´æ˜¯ -32768 ~32767, é•¿æ•´å‹å 4ä¸ªå­—èŠ‚å–å€¼èŒƒå›´æ˜¯ -2147483648 ~ 2147483647\r\n\r\nè€ƒè™‘è¾“å…¥å€¼çš„å„ç§äº¤äº’æ“ä½œæ–¹å¼:è¾“å…¥ä¸€ä¸ªã€å¤šä¸ªã€å¿«ã€æ…¢ã€é¢‘ç‡ã€å…ˆã€åç­‰å› ç´ \r\n\r\n   æ•´å‹   å   2_   ä¸ªå­—èŠ‚å–å€¼èŒƒå›´æ˜¯ -32768 ~32767, é•¿æ•´å‹å 4ä¸ªå­—èŠ‚å–å€¼èŒƒå›´æ˜¯ -2147483648 ~ 2147483647\r\n\r\nåˆ†è¾¨ç‡:2560x1440ã€1920x1080ã€1280x720ã€1334x750(iphone6)ã€1136x640 (iphone5)ã€960x640(iphone4s)\r\n\r\næµè§ˆå™¨:ã€pcæµè§ˆå™¨ã€‘:IE8ã€9ã€10ã€11ã€firefoxã€chromeã€æœç‹—ã€360å®‰å…¨ã€360æé€Ÿ ã€QQ\r\nã€appå…¼å®¹ã€‘:iosã€androidæœºå‹\r\n\r\n\r\nè¾“å…¥è„šæœ¬è¯­è¨€:\r\n<input>chenglijuan</input> <button>clij</button> \r\n\r\nè¾“å…¥sqlè¯­å¥: \r\nselect * from user limit1 order","status":1,"order_num":18,"shzf_url":"","shzf_url_qr":"","price_desc":"è®²","article_time":1501064284,"article_title":"","is_subscribe":0,"lecturer_name":"é­å©·li","lecturer_title":"æˆ‘çˆ±å­¦ä¹ æˆ‘çˆ±å­¦ä¹ ","lecturer_name_and_title":"é­å©·liÂ·æˆ‘çˆ±å­¦ä¹ æˆ‘çˆ±å­¦ä¹ ","lecturer_avatar":"https://piccdn.igetget.com/img/201807/11/201807111928181591749798.jpg","is_finished":1,"update_time":1536906634,"share_url":"http://m.dev.igetget.com/share/course/pay/detail/22/10","default_sort_reverse":false,"presale_url":"","without_audio":false,"view_type":1,"h5_url_name":"","package_manager_switch":false,"lecture_avator_special":"","mini_share_img":"","estimated_shelf_time":0,"estimated_down_time":0,"corner_img":"","without_giving":false},{"log_id":"11","log_type":"course","id":103,"id_str":"103","product_id":11,"product_type":22,"has_chapter":0,"name":"äº’è”ç½‘æ–‡æ˜æ€æ ·æ”¹å˜åŸå¸‚","intro":"å‘¨æ¦• Â· æ¸…åå¤§å­¦å»ºç­‘å­¦é™¢","phase_num":11,"learn_user_count":13,"current_article_count":11,"highlight":"è¿™é‡Œæ˜¯è¯¾ç¨‹äº®ç‚¹ï¼Œéœ€è¦é‡æ–°å¡«å†™ï¼Œè€ç‰ˆæœ¬çš„è®¢é˜…å¤§å¸ˆè¯¾æ²¡æœ‰è¿™ä¸ªå­—æ®µï¼Œéœ€è¦è¿è¥åŒå­¦é‡æ–°ç¼–è¾‘ã€‚ã€‚ã€‚ã€‚","price":1,"index_img":"https://piccdn.igetget.com/img/201708/14/201708141132166029934182.jpg","index_img_applet":"https://piccdn.igetget.com/img/201708/13/201708132021254954428405.jpg?x-oss-process=image/resize,m_fill,w_420,h_332,limit_0/contrast,-60/watermark,g_sw,x_30,y_20,text_MTPkurrliqDlhaXlrabkuaA,color_ffffff,size_28","logo":"https://piccdn.igetget.com/img/201708/13/201708132021254954428405.jpg","logo_iphonex":"https://piccdn.igetget.com/img/201804/09/201804091337242679732339.jpg","square_img":"https://piccdn.igetget.com/img/201708/13/201708132021295913402741.jpg","outline_img":"https://piccdn.igetget.com/img/201708/13/201708132021446243962745.jpg","player_img":"https://piccdn.igetget.com/img/201708/17/201708171113334263239004.jpg","share_title":"ã€Œå¾—åˆ°ã€ç²¾å“è¯¾ | äº’è”ç½‘æ–‡æ˜æ€æ ·æ”¹å˜åŸå¸‚","share_summary":"10å¹´åï¼Œä½ å±…ä½çš„åŸå¸‚ä»€ä¹ˆæ ·ï¼ŸæŠŠæ¡æ—¶ä»£æœºé‡ï¼Œè¯·æ”¶ä¸‹è¿™ä»½æœªæ¥åŸå¸‚æŒ‡å—ã€‚","status":1,"order_num":19,"shzf_url":"","shzf_url_qr":"","price_desc":"è®²","article_time":1502627153,"article_title":"","is_subscribe":0,"lecturer_name":"é­å©·li","lecturer_title":"æˆ‘çˆ±å­¦ä¹ æˆ‘çˆ±å­¦ä¹ ","lecturer_name_and_title":"é­å©·liÂ·æˆ‘çˆ±å­¦ä¹ æˆ‘çˆ±å­¦ä¹ ","lecturer_avatar":"https://piccdn.igetget.com/img/201807/11/201807111928181591749798.jpg","is_finished":1,"update_time":1548322333,"share_url":"http://m.dev.igetget.com/share/course/pay/detail/22/11","default_sort_reverse":false,"presale_url":"","without_audio":false,"view_type":1,"h5_url_name":"","package_manager_switch":false,"lecture_avator_special":"","mini_share_img":"","estimated_shelf_time":0,"estimated_down_time":0,"corner_img":"","without_giving":false},{"log_id":"12","log_type":"course","id":104,"id_str":"104","product_id":12,"product_type":22,"has_chapter":0,"name":"æœ‰æ•ˆæ‰“é€ ä½ çš„ä¸ªäººå“ç‰Œ","intro":"å¼ äº® Â· äº’è”ç½‘è¿è¥ä¸“å®¶","phase_num":6,"learn_user_count":9,"current_article_count":6,"highlight":"è¿™é‡Œæ˜¯è¯¾ç¨‹äº®ç‚¹ï¼Œéœ€è¦é‡æ–°å¡«å†™ï¼Œè€ç‰ˆæœ¬çš„è®¢é˜…å¤§å¸ˆè¯¾æ²¡æœ‰è¿™ä¸ªå­—æ®µï¼Œéœ€è¦è¿è¥åŒå­¦é‡æ–°ç¼–è¾‘ã€‚ã€‚ã€‚ã€‚","price":1990,"index_img":"https://piccdn.igetget.com/img/201708/23/201708231754570166512563.jpg","index_img_applet":"https://piccdn.igetget.com/img/201708/23/201708231626161937689803.jpg?x-oss-process=image/resize,m_fill,w_420,h_332,limit_0/contrast,-60/watermark,g_sw,x_30,y_20,text_OeS6uuWKoOWFpeWtpuS5oA,color_ffffff,size_28","logo":"https://piccdn.igetget.com/img/201708/23/201708231626161937689803.jpg","logo_iphonex":"https://piccdn.igetget.com/img/201804/09/201804091337066682454065.jpg","square_img":"https://piccdn.igetget.com/img/201708/23/201708231626209976643628.jpg","outline_img":"https://piccdn.igetget.com/img/201709/04/201709041702330124361895.jpg","player_img":"https://piccdn.igetget.com/img/201708/23/201708231629137979699822.jpg","share_title":"ã€Œå¾—åˆ°ã€ç²¾å“è¯¾ | æœ‰æ•ˆæ‰“é€ ä½ çš„ä¸ªäººå“ç‰Œ","share_summary":"å¦‚ä½•ç”¨å¥½èµ„æºï¼Œè·å–ä¸»åŠ¨æƒï¼Ÿ5å¤§è¿è¥æ€ç»´è®©ä½ æå‡å½±å“åŠ›ã€‚","status":1,"order_num":20,"shzf_url":"","shzf_url_qr":"","price_desc":"è®²","article_time":1503477177,"article_title":"","is_subscribe":0,"lecturer_name":"é­å©·li","lecturer_title":"æˆ‘çˆ±å­¦ä¹ æˆ‘çˆ±å­¦ä¹ ","lecturer_name_and_title":"é­å©·liÂ·æˆ‘çˆ±å­¦ä¹ æˆ‘çˆ±å­¦ä¹ ","lecturer_avatar":"https://piccdn.igetget.com/img/201807/11/201807111928181591749798.jpg","is_finished":1,"update_time":1536906634,"share_url":"http://m.dev.igetget.com/share/course/pay/detail/22/12","default_sort_reverse":false,"presale_url":"","without_audio":false,"view_type":1,"h5_url_name":"","package_manager_switch":false,"lecture_avator_special":"","mini_share_img":"","estimated_shelf_time":0,"estimated_down_time":0,"corner_img":"","without_giving":false},{"log_id":"13","log_type":"course","id":105,"id_str":"105","product_id":13,"product_type":22,"has_chapter":0,"name":"å…­ç¥ç£Šç£Šè¯»å”è¯—ï¼ˆä¸Šç¯‡ï¼‰","intro":"å…­ç¥ç£Šç£Š Â· ä½œå®¶","phase_num":11,"learn_user_count":4,"current_article_count":11,"highlight":"è¿™é‡Œæ˜¯è¯¾ç¨‹äº®ç‚¹ï¼Œéœ€è¦é‡æ–°å¡«å†™ï¼Œè€ç‰ˆæœ¬çš„è®¢é˜…å¤§å¸ˆè¯¾æ²¡æœ‰è¿™ä¸ªå­—æ®µï¼Œéœ€è¦è¿è¥åŒå­¦é‡æ–°ç¼–è¾‘ã€‚ã€‚ã€‚ã€‚","price":999,"index_img":"https://piccdn.igetget.com/img/201709/13/201709131714160498505918.jpg","index_img_applet":"https://piccdn.igetget.com/img/201709/13/201709131714037297934264.jpg?x-oss-process=image/resize,m_fill,w_420,h_332,limit_0/contrast,-60/watermark,g_sw,x_30,y_20,text_NOS6uuWKoOWFpeWtpuS5oA,color_ffffff,size_28","logo":"https://piccdn.igetget.com/img/201709/13/201709131714037297934264.jpg","logo_iphonex":"","square_img":"https://piccdn.igetget.com/img/201709/13/201709131714076317565369.jpg","outline_img":"https://piccdn.igetget.com/img/201709/13/201709132027069008408836.png","player_img":"https://piccdn.igetget.com/img/201709/14/201709141813275177304239.jpg","share_title":"ã€Œå¾—åˆ°ã€ç²¾å“è¯¾ | å…­ç¥ç£Šç£Šè¯»å”è¯—","share_summary":"ä¸ºä½ è§£è¯´ä¸€é¦–é¦–ç»å…¸è¯—æ­ŒèƒŒåçš„åˆ€å…‰å‰‘å½±ã€çˆ±æ¨æƒ…ä»‡ã€‚","status":1,"order_num":21,"shzf_url":"","shzf_url_qr":"","price_desc":"è®²","article_time":1505295043,"article_title":"","is_subscribe":0,"lecturer_name":"é­å©·li","lecturer_title":"æˆ‘çˆ±å­¦ä¹ æˆ‘çˆ±å­¦ä¹ ","lecturer_name_and_title":"é­å©·liÂ·æˆ‘çˆ±å­¦ä¹ æˆ‘çˆ±å­¦ä¹ ","lecturer_avatar":"https://piccdn.igetget.com/img/201807/11/201807111928181591749798.jpg","is_finished":1,"update_time":1536906634,"share_url":"http://m.dev.igetget.com/share/course/pay/detail/22/13","default_sort_reverse":false,"presale_url":"","without_audio":false,"view_type":1,"h5_url_name":"","package_manager_switch":false,"lecture_avator_special":"","mini_share_img":"","estimated_shelf_time":0,"estimated_down_time":0,"corner_img":"","without_giving":false}]}}
,}4:type,4:http,5:error,0:~6:marked,5:false!7:version,13:1:0#2:18#1:2#]11:client_conn,204:15:ssl_established,5:false!10:clientcert,0:~13:timestamp_end,0:~7:address,60:7:address,27:15:192.168.128.181,5:63009#]8:use_ipv6,5:false!}15:timestamp_start,17:1558440320.990638^19:timestamp_ssl_setup,0:~}2:id,36:cf61328f-7881-4ee4-82d2-215dba2a08da,11:intercepted,5:false!7:request,2042:9:is_replay,5:false!4:port,2:80#12:stickycookie,5:false!13:timestamp_end,17:1558440325.327075^4:path,27:/bauhinia/h5/college/course,15:timestamp_start,17:1558440325.318821^7:headers,1117:29:9:X-App-Key,13:android-6.2.0,]19:5:X-Uid,8:85003403,]14:7:X-Thumb,1:l,]15:4:X-Dt,5:phone,]13:4:X-Ov,3:6.0,]15:5:X-Net,4:WIFI,]17:4:X-Os,7:ANDROID,]26:3:X-D,16:ae244834553d4eda,]28:4:X-Dv,17:Samsung Galaxy S6,]13:3:X-T,4:json,]13:6:X-Chil,1:0,]10:3:X-V,1:2,]15:4:X-Av,5:6.2.0,]14:5:X-Scr,3:2.0,]12:5:X-Adv,1:1,]45:6:X-Seid,32:218ef9e66ce3e0025bfad70cd02dd2ed,]14:8:X-Hitdot,0:,]63:11:G-Auth-Sign,44:ZWI2ZGRlNzM2NGY5Yzg3ZTBjYmI0M2Q2YzA0NWEzZGU=,]52:12:G-Auth-Nonce,32:0f3bc9057d7b1fb856cc9e71546332a7,]26:9:G-Auth-Ts,10:1558440325,]44:12:G-Auth-Appid,24:5a27d122ee4638163f594393,]312:12:G-Auth-Token,291:eyJhbGciOiJIUzUxMiIsInR5cCI6IkpXVCJ9.eyJhdWQiOiJsdW9qaWxhYi5jb20iLCJleHAiOjE1NTkwNDI3OTksImlhdCI6MTU1ODQzNzk5OSwiaXNzIjoiRWFzZUdhdGV3YXkgSldUQXV0aCBQbHVnaW4iLCJuYmYiOjE1NTg0Mzc5OTksInN1YiI6Ijg1MDAzNDAzIn0.5J13wFzrBZv434Oi7yos7349FnruBeGZ0LNw4VmjORaaWUiFX3Q2yVNrSKqf27JfNQRsAT3NYL2gouO0Xju66Q,]53:12:Content-Type,33:application/x-www-form-urlencoded,]24:14:Content-Length,3:576,]33:4:Host,22:entree.dev.igetget.com,]28:10:Connection,10:Keep-Alive,]26:15:Accept-Encoding,4:gzip,]31:10:User-Agent,13:okhttp/3.11.0,]]7:content,576:count=20&check_buy=false&h=%7B%22u%22%3A%2285003403%22%2C%22thumb%22%3A%22l%22%2C%22dt%22%3A%22phone%22%2C%22ov%22%3A%226.0%22%2C%22net%22%3A%22WIFI%22%2C%22os%22%3A%22ANDROID%22%2C%22d%22%3A%22ae244834553d4eda%22%2C%22dv%22%3A%22Samsung%20Galaxy%20S6%22%2C%22t%22%3A%22json%22%2C%22chil%22%3A%220%22%2C%22v%22%3A%222%22%2C%22av%22%3A%226.2.0%22%2C%22scr%22%3A%222.0%22%2C%22adv%22%3A%221%22%2C%22X-Dv%22%3A%22Samsung%20Galaxy%20S6%22%2C%22ts%22%3A%221558440325%22%2C%22s%22%3A%229628def9c754fceb%22%2C%22seid%22%3A%22218ef9e66ce3e0025bfad70cd02dd2ed%22%7D&page=0&college_id=0,6:method,4:POST,4:host,22:entree.dev.igetget.com,17:first_line_format,8:relative,12:http_version,8:HTTP/1.1,6:scheme,4:http,10:stickyauth,5:false!}11:server_conn,417:15:ssl_established,5:false!14:source_address,60:7:address,27:15:192.168.128.181,5:63010#]8:use_ipv6,5:false!}13:timestamp_end,0:~7:address,64:7:address,31:22:entree.dev.igetget.com,2:80#]8:use_ipv6,5:false!}4:cert,0:~3:sni,0:~15:timestamp_start,17:1558440321.045617^19:timestamp_ssl_setup,0:~10:ip_address,54:7:address,21:12:39.107.208.4,2:80#]8:use_ipv6,5:false!}3:via,0:~19:timestamp_tcp_setup,17:1558440321.059817^}}3679:8:response,835:6:reason,2:OK,13:timestamp_end,17:1558440327.221481^12:http_version,8:HTTP/1.1,11:status_code,3:200#15:timestamp_start,17:1558440327.202039^7:headers,297:40:4:Date,29:Tue, 21 May 2019 12:05:27 GMT,]51:12:Content-Type,31:application/json; charset=utf-8,]24:14:Content-Length,3:368,]28:10:Connection,10:keep-alive,]35:27:Access-Control-Allow-Origin,1:*,]27:16:Content-Encoding,4:gzip,]31:12:G-Powered-By,11:EaseGateway,]29:11:G-Timestamp,10:1558440327,]]7:content,368:‹      ÿ\¿Ô0‡{cZ¼‰íØg$ÄK\2¶/k”?&™İVÛÒrÔHpQğ>œĞ¾rrÒU¿ßçñaxÈ@ 3 ĞÚ(Å+Y3 @ub9‚·dó= `Ğ_R¤.Çú¸9ÄÒ8GŠã w7_ÿº=ß~8ú™µdi?/¹¡Ã¥¥üPÅE­Œj„Á¯=£´®Ö³›bz0~{ÿçûï»»/ÏŸo S‡èò¶ë`ëM
€U.¯¦±„y÷öj¹ÚO ìˆ–åN>ŠÙ…Ê4~ï¨ôlìÛ.ÚùÙ+]]_o¥k|C‹àßßcßş7¥èœŠØjnìËØ·¥äÂğº”ü¾’\h]‹fËk)Mİ(S¼L-0¯i²ëşİ,…uc¾İHs!4*‰Ú<å9ûäƒõFª!PoQë{ğt:=ù  ÿÿ:úÿè  ,}4:type,4:http,5:error,0:~6:marked,5:false!7:version,13:1:0#2:18#1:2#]11:client_conn,204:15:ssl_established,5:false!10:clientcert,0:~13:timestamp_end,0:~7:address,60:7:address,27:15:192.168.128.181,5:63008#]8:use_ipv6,5:false!}15:timestamp_start,17:1558440320.990038^19:timestamp_ssl_setup,0:~}2:id,36:f89ad222-dd54-4ddf-a5e8-a422b4fc4d12,11:intercepted,5:false!7:request,2014:9:is_replay,5:false!4:port,2:80#12:stickycookie,5:false!13:timestamp_end,17:1558440327.176604^4:path,31:/odob/v2/activity/banner/detail,15:timestamp_start,17:1558440327.150273^7:headers,1117:29:9:X-App-Key,13:android-6.2.0,]19:5:X-Uid,8:85003403,]14:7:X-Thumb,1:l,]15:4:X-Dt,5:phone,]13:4:X-Ov,3:6.0,]15:5:X-Net,4:WIFI,]17:4:X-Os,7:ANDROID,]26:3:X-D,16:ae244834553d4eda,]28:4:X-Dv,17:Samsung Galaxy S6,]13:3:X-T,4:json,]13:6:X-Chil,1:0,]10:3:X-V,1:2,]15:4:X-Av,5:6.2.0,]14:5:X-Scr,3:2.0,]12:5:X-Adv,1:1,]45:6:X-Seid,32:218ef9e66ce3e0025bfad70cd02dd2ed,]14:8:X-Hitdot,0:,]63:11:G-Auth-Sign,44:MjJjZjhkNjljYTQyYTU5OTA4NjQ4NGMwODQ3ZTE3NWE=,]52:12:G-Auth-Nonce,32:7a102df82b1875159e9eed0f5ba8598a,]26:9:G-Auth-Ts,10:1558440327,]44:12:G-Auth-Appid,24:5a27d122ee4638163f594393,]312:12:G-Auth-Token,291:eyJhbGciOiJIUzUxMiIsInR5cCI6IkpXVCJ9.eyJhdWQiOiJsdW9qaWxhYi5jb20iLCJleHAiOjE1NTkwNDI3OTksImlhdCI6MTU1ODQzNzk5OSwiaXNzIjoiRWFzZUdhdGV3YXkgSldUQXV0aCBQbHVnaW4iLCJuYmYiOjE1NTg0Mzc5OTksInN1YiI6Ijg1MDAzNDAzIn0.5J13wFzrBZv434Oi7yos7349FnruBeGZ0LNw4VmjORaaWUiFX3Q2yVNrSKqf27JfNQRsAT3NYL2gouO0Xju66Q,]53:12:Content-Type,33:application/x-www-form-urlencoded,]24:14:Content-Length,3:544,]33:4:Host,22:entree.dev.igetget.com,]28:10:Connection,10:Keep-Alive,]26:15:Accept-Encoding,4:gzip,]31:10:User-Agent,13:okhttp/3.11.0,]]7:content,544:alias=mi-vip&h=%7B%22u%22%3A%2285003403%22%2C%22thumb%22%3A%22l%22%2C%22dt%22%3A%22phone%22%2C%22ov%22%3A%226.0%22%2C%22net%22%3A%22WIFI%22%2C%22os%22%3A%22ANDROID%22%2C%22d%22%3A%22ae244834553d4eda%22%2C%22dv%22%3A%22Samsung%20Galaxy%20S6%22%2C%22t%22%3A%22json%22%2C%22chil%22%3A%220%22%2C%22v%22%3A%222%22%2C%22av%22%3A%226.2.0%22%2C%22scr%22%3A%222.0%22%2C%22adv%22%3A%221%22%2C%22X-Dv%22%3A%22Samsung%20Galaxy%20S6%22%2C%22ts%22%3A%221558440327%22%2C%22s%22%3A%229628def9c754fceb%22%2C%22seid%22%3A%22218ef9e66ce3e0025bfad70cd02dd2ed%22%7D,6:method,4:POST,4:host,22:entree.dev.igetget.com,17:first_line_format,8:relative,12:http_version,8:HTTP/1.1,6:scheme,4:http,10:stickyauth,5:false!}11:server_conn,417:15:ssl_established,5:false!14:source_address,60:7:address,27:15:192.168.128.181,5:63011#]8:use_ipv6,5:false!}13:timestamp_end,0:~7:address,64:7:address,31:22:entree.dev.igetget.com,2:80#]8:use_ipv6,5:false!}4:cert,0:~3:sni,0:~15:timestamp_start,17:1558440321.054038^19:timestamp_ssl_setup,0:~10:ip_address,54:7:address,21:12:39.107.208.4,2:80#]8:use_ipv6,5:false!}3:via,0:~19:timestamp_tcp_setup,17:1558440321.064838^}}5974:8:response,3152:6:reason,2:OK,13:timestamp_end,15:1558440327.2382^12:http_version,8:HTTP/1.1,11:status_code,3:200#15:timestamp_start,17:1558440327.230987^7:headers,273:40:4:Date,29:Tue, 21 May 2019 12:05:27 GMT,]51:12:Content-Type,31:application/json; charset=utf-8,]31:17:Transfer-Encoding,7:chunked,]28:10:Connection,10:keep-alive,]35:27:Access-Control-Allow-Origin,1:*,]31:12:G-Powered-By,11:EaseGateway,]29:11:G-Timestamp,10:1558440327,]]7:content,2710:{"h":{"c":0,"e":"","s":1558440327,"t":31},"c":{"avatar":"https://piccdn.luojilab.com/iget/avatar/default.png","nick_name":"æ¸¸å®¢1973009","card_id":0,"card_type":0,"desc":"","is_vip":false,"begin_time":0,"end_time":0,"format_begin_time":"1970-01-01 08:00:00","format_end_time":"1970-01-01 08:00:00","is_expired":false,"rest_of_day":0,"prompt_given_count":0,"prompt_given_day":0,"prompt_given_hour":0,"borrowed_count":0,"listened_count":0,"year_vip_history_id":0,"year_vip_history_id_in_all":0,"can_given_count":0,"price_desc":"å¾—åˆ°è´","coin_name":"","card_list":[{"id":1,"name":"æ¯å¤©å¬æœ¬ä¹¦VIPå¹´åº¦ä¼šå‘˜","card_type":53,"price":"0.01","original_price":"0.00","is_sold":1,"device":"","is_gave":0,"is_repeat":1,"flag":"","sponsor":"","created_at":"2017-08-21T22:04:52+08:00","updated_at":"2019-01-28T18:21:28+08:00","image":"http://piccdn.igetget.com/img/201708/30/201708301556184995264997.png","share_image":"http://piccdn.igetget.com/img/201708/30/201708301556240920252730.png","share_summary":"æ¯å¤©åŠå°æ—¶ï¼Œææ‡‚ä¸€æœ¬ä¹¦ã€‚","share_title":"æ¯å¤©å¬æœ¬ä¹¦VIPå¹´åº¦ä¼šå‘˜"},{"id":2,"name":"æ¯å¤©å¬æœ¬ä¹¦VIPæœˆåº¦ä¼šå‘˜","card_type":55,"price":"0.01","original_price":"0.00","is_sold":1,"device":"","is_gave":0,"is_repeat":1,"flag":"","sponsor":"","created_at":"2017-08-21T22:08:46+08:00","updated_at":"2019-03-22T17:01:26+08:00","image":"http://piccdn.igetget.com/img/201708/30/201708301603211529616551.png","share_image":"http://piccdn.igetget.com/img/201708/22/201708221355118667822312.jpg","share_summary":"æ¯å¤©åŠå°æ—¶ï¼Œææ‡‚ä¸€æœ¬ä¹¦ã€‚","share_title":"æ¯å¤©å¬æœ¬ä¹¦VIPæœˆåº¦ä¼šå‘˜"},{"id":5,"name":"æ¯å¤©å¬æœ¬ä¹¦7å¤©ä½“éªŒå¡","card_type":56,"price":"0.06","original_price":"0.00","is_sold":1,"device":"","is_gave":0,"is_repeat":0,"flag":"","sponsor":"","created_at":"2017-08-21T22:19:52+08:00","updated_at":"2019-01-23T16:39:31+08:00","image":"http://piccdn.igetget.com/img/201708/30/201708301603526288778018.png","share_image":"http://piccdn.igetget.com/img/201708/22/201708221355552643922200.jpg","share_summary":"æ¯å¤©åŠå°æ—¶ï¼Œææ‡‚ä¸€æœ¬ä¹¦ã€‚","share_title":"æ¯å¤©å¬æœ¬ä¹¦7å¤©ä½“éªŒå¡"},{"id":11,"name":"æ¯å¤©å¬æœ¬ä¹¦è¿ç»­åŒ…æœˆä¼šå‘˜","card_type":54,"price":"0.01","original_price":"45.00","is_sold":1,"device":"android","is_gave":0,"is_repeat":1,"flag":"android","sponsor":"æ— ","created_at":"2019-03-22T12:04:25+08:00","updated_at":"2019-04-03T18:34:27+08:00","image":"http://piccdn.igetget.com/img/201903/22/201903221159464157766579.jpg","share_image":"http://piccdn.igetget.com/img/201903/22/201903221202036871031109.jpg","share_summary":"æ¯å¤©åŠå°æ—¶ï¼Œææ‡‚ä¸€æœ¬ä¹¦ã€‚","share_title":"æ¯å¤©å¬æœ¬ä¹¦è¿ç»­åŒ…æœˆä¼šå‘˜"}],"is_old_year_card":false}},}4:type,4:http,5:error,0:~6:marked,5:false!7:version,13:1:0#2:18#1:2#]11:client_conn,204:15:ssl_established,5:false!10:clientcert,0:~13:timestamp_end,0:~7:address,60:7:address,27:15:192.168.128.181,5:63009#]8:use_ipv6,5:false!}15:timestamp_start,17:1558440320.990638^19:timestamp_ssl_setup,0:~}2:id,36:a0cfd21e-ae94-45e7-adc0-6004a2a6761d,11:intercepted,5:false!7:request,1991:9:is_replay,5:false!4:port,2:80#12:stickycookie,5:false!13:timestamp_end,17:1558440327.150324^4:path,21:/odob/v2/vipuser/info,15:timestamp_start,17:1558440327.140343^7:headers,1117:29:9:X-App-Key,13:android-6.2.0,]19:5:X-Uid,8:85003403,]14:7:X-Thumb,1:l,]15:4:X-Dt,5:phone,]13:4:X-Ov,3:6.0,]15:5:X-Net,4:WIFI,]17:4:X-Os,7:ANDROID,]26:3:X-D,16:ae244834553d4eda,]28:4:X-Dv,17:Samsung Galaxy S6,]13:3:X-T,4:json,]13:6:X-Chil,1:0,]10:3:X-V,1:2,]15:4:X-Av,5:6.2.0,]14:5:X-Scr,3:2.0,]12:5:X-Adv,1:1,]45:6:X-Seid,32:218ef9e66ce3e0025bfad70cd02dd2ed,]14:8:X-Hitdot,0:,]63:11:G-Auth-Sign,44:YTg3N2Y2N2E2ODI4N2EyMzEyNTc5ODllZjI3Yjk5NDA=,]52:12:G-Auth-Nonce,32:a2d4fbece93867547291d990c0031655,]26:9:G-Auth-Ts,10:1558440327,]44:12:G-Auth-Appid,24:5a27d122ee4638163f594393,]312:12:G-Auth-Token,291:eyJhbGciOiJIUzUxMiIsInR5cCI6IkpXVCJ9.eyJhdWQiOiJsdW9qaWxhYi5jb20iLCJleHAiOjE1NTkwNDI3OTksImlhdCI6MTU1ODQzNzk5OSwiaXNzIjoiRWFzZUdhdGV3YXkgSldUQXV0aCBQbHVnaW4iLCJuYmYiOjE1NTg0Mzc5OTksInN1YiI6Ijg1MDAzNDAzIn0.5J13wFzrBZv434Oi7yos7349FnruBeGZ0LNw4VmjORaaWUiFX3Q2yVNrSKqf27JfNQRsAT3NYL2gouO0Xju66Q,]53:12:Content-Type,33:application/x-www-form-urlencoded,]24:14:Content-Length,3:531,]33:4:Host,22:entree.dev.igetget.com,]28:10:Connection,10:Keep-Alive,]26:15:Accept-Encoding,4:gzip,]31:10:User-Agent,13:okhttp/3.11.0,]]7:content,531:h=%7B%22u%22%3A%2285003403%22%2C%22thumb%22%3A%22l%22%2C%22dt%22%3A%22phone%22%2C%22ov%22%3A%226.0%22%2C%22net%22%3A%22WIFI%22%2C%22os%22%3A%22ANDROID%22%2C%22d%22%3A%22ae244834553d4eda%22%2C%22dv%22%3A%22Samsung%20Galaxy%20S6%22%2C%22t%22%3A%22json%22%2C%22chil%22%3A%220%22%2C%22v%22%3A%222%22%2C%22av%22%3A%226.2.0%22%2C%22scr%22%3A%222.0%22%2C%22adv%22%3A%221%22%2C%22X-Dv%22%3A%22Samsung%20Galaxy%20S6%22%2C%22ts%22%3A%221558440327%22%2C%22s%22%3A%229628def9c754fceb%22%2C%22seid%22%3A%22218ef9e66ce3e0025bfad70cd02dd2ed%22%7D,6:method,4:POST,4:host,22:entree.dev.igetget.com,17:first_line_format,8:relative,12:http_version,8:HTTP/1.1,6:scheme,4:http,10:stickyauth,5:false!}11:server_conn,417:15:ssl_established,5:false!14:source_address,60:7:address,27:15:192.168.128.181,5:63010#]8:use_ipv6,5:false!}13:timestamp_end,0:~7:address,64:7:address,31:22:entree.dev.igetget.com,2:80#]8:use_ipv6,5:false!}4:cert,0:~3:sni,0:~15:timestamp_start,17:1558440321.045617^19:timestamp_ssl_setup,0:~10:ip_address,54:7:address,21:12:39.107.208.4,2:80#]8:use_ipv6,5:false!}3:via,0:~19:timestamp_tcp_setup,17:1558440321.059817^}}7684:8:response,5088:6:reason,2:OK,13:timestamp_end,17:1558440327.384303^12:http_version,8:HTTP/1.1,11:status_code,3:200#15:timestamp_start,17:1558440327.372377^7:headers,273:40:4:Date,29:Tue, 21 May 2019 12:05:27 GMT,]51:12:Content-Type,31:application/json; charset=utf-8,]31:17:Transfer-Encoding,7:chunked,]28:10:Connection,10:keep-alive,]35:27:Access-Control-Allow-Origin,1:*,]31:12:G-Powered-By,11:EaseGateway,]29:11:G-Timestamp,10:1558440327,]]7:content,4644:{"h":{"c":0,"e":"","s":1558440327,"t":173},"c":{"is_vip":false,"is_expired":false,"adv_words":"åƒæœ¬å¥½ä¹¦éšä½ å¬ï¼Œ 0.1å…ƒè¯•ç”¨ä¸ƒå¤©","adv_price":"0.1","id":3799,"audio_id":"iNQ0CoeMrAXacoiLx2oK","title":"ã€Šç”Ÿæ´»çš„ç»æµè§£é‡Šã€‹| éº»è¾£å§è§£è¯»","icon":"https://piccdn.igetget.com/img/201804/19/201804191238182537085785.jpg","duration":1642,"audio_price":"4.99","audio_icon":"https://piccdn.igetget.com/img/201804/19/201804191238182537085785.jpg","audio_icon_new":"https://piccdn.igetget.com/img/201804/19/201804191238182537085785.jpg","audio_banner":"","audio_summary":"æŠ•ç¥¨è™½ç„¶èŠ±è´¹çš„æ—¶é—´å¹¶ä¸”å¾—ä¸åˆ°å›æŠ¥ï¼Œä½†å…¶å®æ˜¯ä¸ºäº†ç»´æŒæŠ•ç¥¨è€…çš„ä¸ªäººå½¢è±¡ã€‚","audio_title":"ã€Šç”Ÿæ´»çš„ç»æµè§£é‡Šã€‹| éº»è¾£å§è§£è¯»","short_title":"","audio_brife":"æœ‰å¥æµè¡Œè¯­å«â€œç”Ÿæ´»æ— å¤„ä¸ç»æµâ€ï¼Œé‚£ä¹ˆï¼Œå¯¹äºç”Ÿæ´»ä¸­å¤§å¤§å°å°çš„é—®é¢˜â€”â€”å¤§åˆ°å¤©ä¸‹å…´äº¡ã€ç¤¾ä¼šæ²»ä¹±ï¼Œå°åˆ°ä¸ªäººçš„æ—¥å¸¸è¡Œä¸ºå†³ç­–ï¼ŒçœŸçš„éƒ½èƒ½ä»ç»æµå­¦çš„è§†è§’å»è¿›è¡Œåˆ†æã€è§£é‡Šã€è¯„åˆ¤å—ï¼Ÿå…¶å®ï¼Œç»æµå­¦ä¸ä»…æ˜¯ä¸€é—¨å­¦ç§‘ï¼Œæ›´æ˜¯ä¸€ç§åˆ†æå·¥å…·å’Œæ€ç»´æ–¹å¼ã€‚æ›´å…·ä½“åœ°è¯´ï¼Œç»æµå­¦å°±æ˜¯äººç±»åœ¨é¢å¯¹å¤šç§å¯èƒ½æ€§çš„æ—¶å€™ï¼Œå»è¿›è¡Œæ¯”è¾ƒå’Œé€‰æ‹©çš„ä¸€ç§æ€ç»´å·¥å…·ã€‚\r\n\r\næœ¬æœŸéŸ³é¢‘è®²çš„å°±æ˜¯ç»æµå­¦å®¶å¦‚ä½•å°†â€œç»æµå­¦æ€ç»´â€ä½œä¸ºä¸€æŠŠæ”¾å¤§é•œï¼Œå»ç»†è‡´å…¥å¾®åœ°è€ƒå¯Ÿäººä»¬åœ¨ç”Ÿæ´»ä¸­çš„å„ç§é€‰æ‹©çš„è¿‡ç¨‹ã€‚ä½œè€…æä¾›äº†ä¸€ä¸ªå…¨æ–°çš„ç»æµå­¦è§†è§’ï¼Œè®©æˆ‘ä»¬æ„è¯†åˆ°ï¼Œåœ¨çœ‹ä¼¼çº·ç¹å¤æ‚çš„ç¤¾ä¼šç°è±¡èƒŒåï¼Œå§‹ç»ˆè´¯ç©¿ç€ä¸€æ¡çœ‹ä¸è§çš„ç»æµé€»è¾‘ã€‚\r\n\r\næœ¬ä¹¦ä½œè€…æ˜¯å°æ¹¾å¤§å­¦ç»æµç³»æ•™æˆç†Šç§‰å…ƒã€‚ä»–æ“…é•¿å†™ç»æµå­¦æ•£æ–‡ï¼Œä½œå“æ›¾å¤šæ¬¡è·å¾—å°æ¹¾åœ°åŒºå‡ºç‰ˆç•Œæœ€é‡è¦çš„å¥–é¡¹â€œé‡‘é¼å¥–â€ï¼Œä»–ç”šè‡³æœ‰ä¸¤ç¯‡æ–‡ç« è¢«é€‰å…¥äº†å°æ¹¾åœ°åŒºé«˜ä¸­è¯­æ–‡è¯¾æœ¬ï¼Œæ•£æ–‡åŠŸåŠ›ä¹‹æ·±ï¼Œå¯è§ä¸€æ–‘ã€‚\r\n\r\næœ¬æœŸéŸ³é¢‘å°†ä¸ºä½ è¯¦ç»†è®²è¿°ï¼š\r\n1.ä¸ºä»€ä¹ˆè¯´ç°ä»£äººæ›´éœ€è¦ç»æµå­¦è¿™ä¸ªæ€ç»´å·¥å…·ï¼Ÿ\r\n2.ä»¥ç»æµåŠ¨æœºæ¥å¼•å¯¼äººä»¬çš„è¡Œä¸ºï¼Œå’Œç”¨é“å¾·åŠ›é‡æ¥è§„èŒƒäººä»¬çš„è¡Œä¸ºï¼Œä¸¤ç§æ–¹æ³•ç›¸æ¯”å“ªç§æ›´å¥½ï¼Œå®ƒä»¬ä¹‹é—´å¯ä»¥ç›¸äº’æ›¿ä»£å—ï¼Ÿ\r\n3.å¦‚ä½•ä»ç»æµå­¦çš„è§’åº¦ï¼Œæ¥ç†è§£ç°ä»£æ°‘ä¸»åˆ¶åº¦çš„è¿ä½œæœºåˆ¶ä¸å®è·µéš¾é¢˜ï¼Ÿ\r\n\r\næ¨èé˜…è¯»ï¼š\r\nä¹¦åï¼šã€Šç”Ÿæ´»çš„ç»æµè§£é‡Šã€‹\r\nä½œè€…ï¼šç†Šç§‰å…ƒ\r\nå‡ºç‰ˆç¤¾ï¼šä¸œæ–¹å‡ºç‰ˆç¤¾\r\n","source":"","storytell_info":{"id":25,"name":"å¾æƒŸæ°","avatar":"https://piccdn.igetget.com/img/201708/21/201708211806094203803416.jpg","intro":"æ¯•ä¸šäºä¸­å›½ä¼ åª’å¤§å­¦æ’­éŸ³ä¸»æŒè‰ºæœ¯ä¸“ä¸šï¼Œåäºä¼¦æ•¦å¤§å­¦Goldsmiths Collegeè·ç”µè§†æ–°é—»ç¡•å£«å­¦ä½ã€‚ç°ä»»èŒäºä¸Šæµ·å¹¿æ’­ç”µè§†å°æ–°é—»ç»¼åˆé¢‘é“ï¼Œæ‹…ä»»ã€Šæ–°é—»æŠ¥é“ã€‹ä¸»æ’­ã€‚â€œå¾—åˆ°â€Appä¸“æ ã€Šå¼ æ½‡é›¨Â·å•†ä¸šç»å…¸æ¡ˆä¾‹è¯¾ã€‹éŸ³é¢‘è½¬è¿°å¸ˆã€‚"},"month":201804,"month_id":20,"status":3,"publish_time":1524412800,"is_vip_gived":false,"audio_detail":{"alias_id":"iNQ0CoeMrAXacoiLx2oK","extrainfo":"","class_id":0,"title":"ã€Šç”Ÿæ´»çš„ç»æµè§£é‡Šã€‹| éº»è¾£å§è§£è¯»","share_title":"ã€Šç”Ÿæ´»çš„ç»æµè§£é‡Šã€‹| éº»è¾£å§è§£è¯»","mp3_play_url":"http://igetoss.cdn.igetget.com/aac/201804/19/201804191222015879658198_drm.m4a","duration":1642,"schedule":3799,"topic_id":3799,"summary":"","price":0,"icon":"https://piccdn.igetget.com/img/201804/19/201804191238182537085785.jpg","size":10153823,"etag":"13222756904504342268","token":"eyJ0ayI6IkdqcHJJbTBUVWR4c1BOZlo5K0NHMFh6eklkSzAvcWhwZmlybGNHbnVKdGNibmV4M2Z6cUhpcUg0T3c3RFc3bG1xenVuTG1CSXdQYVQwSndmMWV0ZnJaUGordGVxYVBCYTg1dExzVktMZXp3WHo0ZmRuekFZVlQzcW9tT0s0cFBVS1VqSG94RUNNL25xVUpXc05YSDJ2akZlTG1BUDRlSCtpQjFRT0cwMUZtUT0iLCJ2IjoxfQ==","share_summary":"ç‰¹åˆ«ä¼šå†™æ•£æ–‡çš„ç»æµå­¦å®¶ç†Šç§‰å…ƒï¼Œæ­å¼€éšè—åœ¨å¤æ‚ç¤¾ä¼šç°è±¡èƒŒåçš„ç»æµé€»è¾‘ã€‚","collection":0,"count":4,"bored_count":0,"audio_type":13,"drm_version":1,"source_id":3799,"source_type":13,"source_icon":"https://piccdn.igetget.com/img/201804/19/201804191238182537085785.jpg","source_name":"æ¯å¤©å¬æœ¬ä¹¦","listen_progress":0,"listen_finished":false,"dd_article_id":"1641526408503099393","audio_list_icon":"https://piccdn.igetget.com/img/201804/19/201804191238182537085785.jpg","class_course_id":"0","class_article_id":"0","log_id":"iNQ0CoeMrAXacoiLx2oK","log_type":"audio","log_interface":"","trackinfo":"","used_drm":0},"class":13,"log_id":3799,"log_type":"topic","log_interface":"","slogan":"ç‰¹åˆ«ä¼šå†™æ•£æ–‡çš„ç»æµå­¦å®¶ç†Šç§‰å…ƒï¼Œæ­å¼€éšè—åœ¨å¤æ‚ç¤¾ä¼šç°è±¡èƒŒåçš„ç»æµé€»è¾‘ã€‚","is_buy":false,"is_borrowed":false,"in_bookrack":false,"progress":0,"recommend_title":"","is_collected":false,"collection_count":4,"share_title":"åˆ†äº«æ ‡é¢˜","share_summary":"åˆ†äº«æ‘˜è¦","topic_summary":null}},}4:type,4:http,5:error,0:~6:marked,5:false!7:version,13:1:0#2:18#1:2#]11:client_conn,204:15:ssl_established,5:false!10:clientcert,0:~13:timestamp_end,0:~7:address,60:7:address,27:15:192.168.128.181,5:63012#]8:use_ipv6,5:false!}15:timestamp_start,17:1558440321.086178^19:timestamp_ssl_setup,0:~}2:id,36:216e5e58-546f-4366-b10b-04bd37741763,11:intercepted,5:false!7:request,1766:9:is_replay,5:false!4:port,2:80#12:stickycookie,5:false!13:timestamp_end,17:1558440327.177881^4:path,20:/odob/v2/choices/now,15:timestamp_start,17:1558440327.151308^7:headers,1115:29:9:X-App-Key,13:android-6.2.0,]19:5:X-Uid,8:85003403,]14:7:X-Thumb,1:l,]15:4:X-Dt,5:phone,]13:4:X-Ov,3:6.0,]15:5:X-Net,4:WIFI,]17:4:X-Os,7:ANDROID,]26:3:X-D,16:ae244834553d4eda,]28:4:X-Dv,17:Samsung Galaxy S6,]13:3:X-T,4:json,]13:6:X-Chil,1:0,]10:3:X-V,1:2,]15:4:X-Av,5:6.2.0,]14:5:X-Scr,3:2.0,]12:5:X-Adv,1:1,]45:6:X-Seid,32:218ef9e66ce3e0025bfad70cd02dd2ed,]14:8:X-Hitdot,0:,]63:11:G-Auth-Sign,44:YTg4MDYxY2Q5YWJmZjg3OWQ4MTliMzVmNjI0Nzk1YmY=,]52:12:G-Auth-Nonce,32:22a6c8d5eaeabf1b3e566e886f98baed,]26:9:G-Auth-Ts,10:1558440327,]44:12:G-Auth-Appid,24:5a27d122ee4638163f594393,]312:12:G-Auth-Token,291:eyJhbGciOiJIUzUxMiIsInR5cCI6IkpXVCJ9.eyJhdWQiOiJsdW9qaWxhYi5jb20iLCJleHAiOjE1NTkwNDI3OTksImlhdCI6MTU1ODQzNzk5OSwiaXNzIjoiRWFzZUdhdGV3YXkgSldUQXV0aCBQbHVnaW4iLCJuYmYiOjE1NTg0Mzc5OTksInN1YiI6Ijg1MDAzNDAzIn0.5J13wFzrBZv434Oi7yos7349FnruBeGZ0LNw4VmjORaaWUiFX3Q2yVNrSKqf27JfNQRsAT3NYL2gouO0Xju66Q,]51:12:Content-Type,31:application/json; charset=UTF-8,]24:14:Content-Length,3:309,]33:4:Host,22:entree.dev.igetget.com,]28:10:Connection,10:Keep-Alive,]26:15:Accept-Encoding,4:gzip,]31:10:User-Agent,13:okhttp/3.11.0,]]7:content,309:{"h":{"u":"85003403","thumb":"l","dt":"phone","ov":"6.0","net":"WIFI","os":"ANDROID","d":"ae244834553d4eda","dv":"Samsung Galaxy S6","t":"json","chil":"0","v":"2","av":"6.2.0","scr":"2.0","adv":"1","X-Dv":"Samsung Galaxy S6","ts":"1558440327","s":"9628def9c754fceb","seid":"218ef9e66ce3e0025bfad70cd02dd2ed"}},6:method,4:POST,4:host,22:entree.dev.igetget.com,17:first_line_format,8:relative,12:http_version,8:HTTP/1.1,6:scheme,4:http,10:stickyauth,5:false!}11:server_conn,416:15:ssl_established,5:false!14:source_address,60:7:address,27:15:192.168.128.181,5:63013#]8:use_ipv6,5:false!}13:timestamp_end,0:~7:address,64:7:address,31:22:entree.dev.igetget.com,2:80#]8:use_ipv6,5:false!}4:cert,0:~3:sni,0:~15:timestamp_start,16:1558440321.15496^19:timestamp_ssl_setup,0:~10:ip_address,54:7:address,21:12:39.107.208.4,2:80#]8:use_ipv6,5:false!}3:via,0:~19:timestamp_tcp_setup,17:1558440321.182673^}}5447:8:response,2617:6:reason,2:OK,13:timestamp_end,17:1558440327.393047^12:http_version,8:HTTP/1.1,11:status_code,3:200#15:timestamp_start,17:1558440327.389079^7:headers,273:40:4:Date,29:Tue, 21 May 2019 12:05:27 GMT,]51:12:Content-Type,31:application/json; charset=utf-8,]31:17:Transfer-Encoding,7:chunked,]28:10:Connection,10:keep-alive,]35:27:Access-Control-Allow-Origin,1:*,]31:12:G-Powered-By,11:EaseGateway,]29:11:G-Timestamp,10:1558440327,]]7:content,2173:{"h":{"c":0,"e":"","s":1558440327,"t":38},"c":{"list":[{"theme_id":256,"image":"http://piccdn.igetget.com/img/201804/26/201804261046436737889253.jpg","books_image":[""],"square_img":"http://piccdn.igetget.com/img/201804/26/201804261047521955699146.jpg","title":"æ–°ä¹¦å•çš„æµ‹è¯•","intro":"è¿™é‡Œæ˜¯ä¹¦å•çš„ä»‹ç»ï¼Œè¿™é‡Œæ˜¯ä¹¦å•çš„ä»‹ç»ï¼Œè¿™é‡Œæ˜¯ä¹¦å•çš„ä»‹ç»ã€‚","uv":440,"detail_count":3,"publish_time":"2019-04-24 11:11:11","log_id":256,"log_type":"theme_book","home_info":"","type":2,"article_id":"1637145833918955520","foreword":"è¿™æ˜¯å¼•è¨€äº†ï¼Œè¿™æ˜¯å¼•è¨€äº†ï¼Œè¿™æ˜¯å¼•è¨€äº†ï¼Œè¿™æ˜¯å¼•è¨€äº†ï¼Œè¿™æ˜¯å¼•è¨€äº†ï¼Œè¿™æ˜¯å¼•è¨€äº†ï¼Œè¿™æ˜¯å¼•è¨€äº†ï¼Œè¿™æ˜¯å¼•è¨€äº†ï¼Œè¿™æ˜¯å¼•è¨€äº†ï¼Œè¿™æ˜¯å¼•è¨€äº†ï¼Œ","article_token":"","author_nickname":"è¿™æ˜¯ä½œè€…å","author_avatar":"img/201804/26/201804261046249024007794.jpg","author_intro":"è¿™æ˜¯ä½œè€…ç®€ä»‹"},{"theme_id":278,"image":"http://piccdn.igetget.com/img/201904/24/201904241056132595653067.jpg","books_image":[""],"square_img":"http://piccdn.igetget.com/img/201904/24/201904241056236427775024.jpg","title":"æ·»åŠ ä¸€ä¸ªå›¾æ–‡ä¹¦å•","intro":"æ·»åŠ ä¸€ä¸ªå›¾æ–‡ä¹¦å•","uv":115,"detail_count":0,"publish_time":"2019-04-24 11:00:14","log_id":278,"log_type":"theme_book","home_info":"","type":2,"article_id":"1670822586587545600","foreword":"æ·»åŠ ä¸€ä¸ªå›¾æ–‡ä¹¦å•","article_token":"","author_nickname":"æ·»åŠ ä¸€ä¸ªå›¾æ–‡ä¹¦å•","author_avatar":"img/201904/24/201904241056039220867925.jpg","author_intro":"å›¾æ–‡"},{"theme_id":262,"image":"http://piccdn.igetget.com/img/201811/23/201811231440439788392623.jpg","books_image":[""],"square_img":"http://piccdn.igetget.com/img/201811/23/201811231441027462683990.jpg","title":"é­å©·æ–°å¢ä¹¦å•","intro":"é­å©·æ–°å¢ä¹¦å•é­å©·æ–°å¢ä¹¦å•é­å©·æ–°å¢ä¹¦å•","uv":1244,"detail_count":1,"publish_time":"2019-04-23 17:16:19","log_id":262,"log_type":"theme_book","home_info":"","type":2,"article_id":"1656735602810290176","foreword":"é­å©·æ–°å¢ä¹¦å•é­å©·æ–°å¢ä¹¦å•","article_token":"","author_nickname":"é­å©·æ–°å¢ä¹¦å•é­å©·æ–°å¢ä¹¦å•","author_avatar":"img/201811/23/201811231440379913859970.jpg","author_intro":"é­å©·æ–°å¢ä¹¦å•"}]}},}4:type,4:http,5:error,0:~6:marked,5:false!7:version,13:1:0#2:18#1:2#]11:client_conn,204:15:ssl_established,5:false!10:clientcert,0:~13:timestamp_end,0:~7:address,60:7:address,27:15:192.168.128.181,5:63009#]8:use_ipv6,5:false!}15:timestamp_start,17:1558440320.990638^19:timestamp_ssl_setup,0:~}2:id,36:37a8f59f-e94e-4348-ba75-c300a64d7f6f,11:intercepted,5:false!7:request,1999:9:is_replay,5:false!4:port,2:80#12:stickycookie,5:false!13:timestamp_end,17:1558440327.285348^4:path,29:/odob/v2/choicethemebook/list,15:timestamp_start,17:1558440327.260765^7:headers,1117:29:9:X-App-Key,13:android-6.2.0,]19:5:X-Uid,8:85003403,]14:7:X-Thumb,1:l,]15:4:X-Dt,5:phone,]13:4:X-Ov,3:6.0,]15:5:X-Net,4:WIFI,]17:4:X-Os,7:ANDROID,]26:3:X-D,16:ae244834553d4eda,]28:4:X-Dv,17:Samsung Galaxy S6,]13:3:X-T,4:json,]13:6:X-Chil,1:0,]10:3:X-V,1:2,]15:4:X-Av,5:6.2.0,]14:5:X-Scr,3:2.0,]12:5:X-Adv,1:1,]45:6:X-Seid,32:218ef9e66ce3e0025bfad70cd02dd2ed,]14:8:X-Hitdot,0:,]63:11:G-Auth-Sign,44:MDNjNDM1YWNmNmMyYTNlMGI4NzViNzU4NGJlNTY5Zjc=,]52:12:G-Auth-Nonce,32:e047c1fa8b15b92db635aa750738eeeb,]26:9:G-Auth-Ts,10:1558440327,]44:12:G-Auth-Appid,24:5a27d122ee4638163f594393,]312:12:G-Auth-Token,291:eyJhbGciOiJIUzUxMiIsInR5cCI6IkpXVCJ9.eyJhdWQiOiJsdW9qaWxhYi5jb20iLCJleHAiOjE1NTkwNDI3OTksImlhdCI6MTU1ODQzNzk5OSwiaXNzIjoiRWFzZUdhdGV3YXkgSldUQXV0aCBQbHVnaW4iLCJuYmYiOjE1NTg0Mzc5OTksInN1YiI6Ijg1MDAzNDAzIn0.5J13wFzrBZv434Oi7yos7349FnruBeGZ0LNw4VmjORaaWUiFX3Q2yVNrSKqf27JfNQRsAT3NYL2gouO0Xju66Q,]53:12:Content-Type,33:application/x-www-form-urlencoded,]24:14:Content-Length,3:531,]33:4:Host,22:entree.dev.igetget.com,]28:10:Connection,10:Keep-Alive,]26:15:Accept-Encoding,4:gzip,]31:10:User-Agent,13:okhttp/3.11.0,]]7:content,531:h=%7B%22u%22%3A%2285003403%22%2C%22thumb%22%3A%22l%22%2C%22dt%22%3A%22phone%22%2C%22ov%22%3A%226.0%22%2C%22net%22%3A%22WIFI%22%2C%22os%22%3A%22ANDROID%22%2C%22d%22%3A%22ae244834553d4eda%22%2C%22dv%22%3A%22Samsung%20Galaxy%20S6%22%2C%22t%22%3A%22json%22%2C%22chil%22%3A%220%22%2C%22v%22%3A%222%22%2C%22av%22%3A%226.2.0%22%2C%22scr%22%3A%222.0%22%2C%22adv%22%3A%221%22%2C%22X-Dv%22%3A%22Samsung%20Galaxy%20S6%22%2C%22ts%22%3A%221558440327%22%2C%22s%22%3A%229628def9c754fceb%22%2C%22seid%22%3A%22218ef9e66ce3e0025bfad70cd02dd2ed%22%7D,6:method,4:POST,4:host,22:entree.dev.igetget.com,17:first_line_format,8:relative,12:http_version,8:HTTP/1.1,6:scheme,4:http,10:stickyauth,5:false!}11:server_conn,417:15:ssl_established,5:false!14:source_address,60:7:address,27:15:192.168.128.181,5:63010#]8:use_ipv6,5:false!}13:timestamp_end,0:~7:address,64:7:address,31:22:entree.dev.igetget.com,2:80#]8:use_ipv6,5:false!}4:cert,0:~3:sni,0:~15:timestamp_start,17:1558440321.045617^19:timestamp_ssl_setup,0:~10:ip_address,54:7:address,21:12:39.107.208.4,2:80#]8:use_ipv6,5:false!}3:via,0:~19:timestamp_tcp_setup,17:1558440321.059817^}}1890:8:response,520:6:reason,12:Not Modified,13:timestamp_end,17:1558440327.405153^12:http_version,8:HTTP/1.1,11:status_code,3:304#15:timestamp_start,17:1558440327.393946^7:headers,341:40:4:Date,29:Tue, 21 May 2019 12:05:27 GMT,]30:12:Content-Type,10:image/jpeg,]28:10:Connection,10:keep-alive,]50:13:Last-Modified,29:Fri, 20 Jul 2018 07:57:19 GMT,]45:4:ETag,34:"84C6EB9BAC44D830C6E5C39083EAA0AE",]34:13:Cache-Control,13:max-age=86400,]16:3:Age,7:2260491,]66:5:X-Via,54:1.1 PShbzjkwt2nt26:2 (Cdn Cache Server V2.0)[24 304 0],]]7:content,0:,}4:type,4:http,5:error,0:~6:marked,5:false!7:version,13:1:0#2:18#1:2#]11:client_conn,204:15:ssl_established,5:false!10:clientcert,0:~13:timestamp_end,0:~7:address,60:7:address,27:15:192.168.128.181,5:63020#]8:use_ipv6,5:false!}15:timestamp_start,17:1558440327.324766^19:timestamp_ssl_setup,0:~}2:id,36:9f517884-8ffe-4d0c-bad3-4736dc7055f9,11:intercepted,5:false!7:request,546:9:is_replay,5:false!4:port,2:80#12:stickycookie,5:false!13:timestamp_end,17:1558440327.337243^4:path,43:/img/201807/20/201807201557196072287948.jpg,15:timestamp_start,17:1558440327.335739^7:headers,189:29:4:Host,18:piccdn.igetget.com,]28:10:Connection,10:Keep-Alive,]26:15:Accept-Encoding,4:gzip,]31:10:User-Agent,13:okhttp/3.11.0,]55:13:If-None-Match,34:"84C6EB9BAC44D830C6E5C39083EAA0AE",]]7:content,0:,6:method,3:GET,4:host,18:piccdn.igetget.com,17:first_line_format,8:relative,12:http_version,8:HTTP/1.1,6:scheme,4:http,10:stickyauth,5:false!}11:server_conn,412:15:ssl_established,5:false!14:source_address,60:7:address,27:15:192.168.128.181,5:63021#]8:use_ipv6,5:false!}13:timestamp_end,0:~7:address,60:7:address,27:18:piccdn.igetget.com,2:80#]8:use_ipv6,5:false!}4:cert,0:~3:sni,0:~15:timestamp_start,17:1558440327.346904^19:timestamp_ssl_setup,0:~10:ip_address,53:7:address,20:11:60.8.151.55,2:80#]8:use_ipv6,5:false!}3:via,0:~19:timestamp_tcp_setup,17:1558440327.357899^}}3040:8:response,809:6:reason,2:OK,13:timestamp_end,17:1558440327.544378^12:http_version,8:HTTP/1.1,11:status_code,3:200#15:timestamp_start,17:1558440327.540292^7:headers,258:40:4:Date,29:Tue, 21 May 2019 12:05:27 GMT,]51:12:Content-Type,31:application/json; charset=utf-8,]24:14:Content-Length,3:381,]28:10:Connection,10:keep-alive,]27:16:Content-Encoding,4:gzip,]31:12:G-Powered-By,11:EaseGateway,]29:11:G-Timestamp,10:1558440327,]]7:content,381:‹      ÿ´’Okâ@Æïû)ä=ìeGœ“˜}Aö¼÷½-KÈ&ƒÜ$$£‹¤ŠB¥¥<I¯Z
-¤ —~ãŸoQ¢1+Ô<Î;Ïûç÷ğDPŒÀ¤  ©ª®(´Ì+$ Sb’j"°šA \i86 W4œPş`WpÍé˜õ »uæÓ^òxÑ0¥ã¹›>Fé›JÖL'Él´¸¾[]İÎ
œ2=™N–ãşâò|õ2L@@¶}ÈÓ--cû`œĞëŞÿÍGèÛãÛ6šAœš¦ïc©äÙŞß’eJQó‚ö×lı´«\ùšªr `Â”ÂÎæ&NÙ÷"U‹Œÿb*ªråÕ‘R ĞômS
ûTCZAªgÒ˜dæ¨¹9«îıòây9î'£}s*ï­É…9ñÇøüx|u‹ÏNŒ¯åøIg8ŸõöÁõ™Ø	?^>\;-øŸC±ÏÇ_^  ÿÿÒ¼‚z  ,}4:type,4:http,5:error,0:~6:marked,5:false!7:version,13:1:0#2:18#1:2#]11:client_conn,204:15:ssl_established,5:false!10:clientcert,0:~13:timestamp_end,0:~7:address,60:7:address,27:15:192.168.128.181,5:63009#]8:use_ipv6,5:false!}15:timestamp_start,17:1558440320.990638^19:timestamp_ssl_setup,0:~}2:id,36:76eb4c30-2139-40cd-b3c3-5ade7cfc7d3d,11:intercepted,5:false!7:request,1401:9:is_replay,5:false!4:port,2:80#12:stickycookie,5:false!13:timestamp_end,17:1558440327.454334^4:path,50:/label/navigation/index?nav_type=1&navigation_id=0,15:timestamp_start,17:1558440327.437095^7:headers,1032:29:9:X-App-Key,13:android-6.2.0,]19:5:X-Uid,8:85003403,]14:7:X-Thumb,1:l,]15:4:X-Dt,5:phone,]13:4:X-Ov,3:6.0,]15:5:X-Net,4:WIFI,]17:4:X-Os,7:ANDROID,]26:3:X-D,16:ae244834553d4eda,]28:4:X-Dv,17:Samsung Galaxy S6,]13:3:X-T,4:json,]13:6:X-Chil,1:0,]10:3:X-V,1:2,]15:4:X-Av,5:6.2.0,]14:5:X-Scr,3:2.0,]12:5:X-Adv,1:1,]45:6:X-Seid,32:218ef9e66ce3e0025bfad70cd02dd2ed,]14:8:X-Hitdot,0:,]63:11:G-Auth-Sign,44:YmViMGYyM2FiZmI1ZmJkMDhmMDAzMzNkMDUxY2Y1MmI=,]52:12:G-Auth-Nonce,32:31ad8424d613fbff18e5c8442fa98cf3,]26:9:G-Auth-Ts,10:1558440327,]44:12:G-Auth-Appid,24:5a27d122ee4638163f594393,]312:12:G-Auth-Token,291:eyJhbGciOiJIUzUxMiIsInR5cCI6IkpXVCJ9.eyJhdWQiOiJsdW9qaWxhYi5jb20iLCJleHAiOjE1NTkwNDI3OTksImlhdCI6MTU1ODQzNzk5OSwiaXNzIjoiRWFzZUdhdGV3YXkgSldUQXV0aCBQbHVnaW4iLCJuYmYiOjE1NTg0Mzc5OTksInN1YiI6Ijg1MDAzNDAzIn0.5J13wFzrBZv434Oi7yos7349FnruBeGZ0LNw4VmjORaaWUiFX3Q2yVNrSKqf27JfNQRsAT3NYL2gouO0Xju66Q,]33:4:Host,22:entree.dev.igetget.com,]28:10:Connection,10:Keep-Alive,]26:15:Accept-Encoding,4:gzip,]31:10:User-Agent,13:okhttp/3.11.0,]]7:content,0:,6:method,3:GET,4:host,22:entree.dev.igetget.com,17:first_line_format,8:relative,12:http_version,8:HTTP/1.1,6:scheme,4:http,10:stickyauth,5:false!}11:server_conn,417:15:ssl_established,5:false!14:source_address,60:7:address,27:15:192.168.128.181,5:63010#]8:use_ipv6,5:false!}13:timestamp_end,0:~7:address,64:7:address,31:22:entree.dev.igetget.com,2:80#]8:use_ipv6,5:false!}4:cert,0:~3:sni,0:~15:timestamp_start,17:1558440321.045617^19:timestamp_ssl_setup,0:~10:ip_address,54:7:address,21:12:39.107.208.4,2:80#]8:use_ipv6,5:false!}3:via,0:~19:timestamp_tcp_setup,17:1558440321.059817^}}12313:8:response,9704:6:reason,2:OK,13:timestamp_end,17:1558440327.549739^12:http_version,8:HTTP/1.1,11:status_code,3:200#15:timestamp_start,16:1558440327.53343^7:headers,273:40:4:Date,29:Tue, 21 May 2019 12:05:27 GMT,]51:12:Content-Type,31:application/json; charset=utf-8,]31:17:Transfer-Encoding,7:chunked,]28:10:Connection,10:keep-alive,]35:27:Access-Control-Allow-Origin,1:*,]31:12:G-Powered-By,11:EaseGateway,]29:11:G-Timestamp,10:1558440327,]]7:content,9261:{"h":{"c":0,"e":"","s":1558440327,"t":183},"c":{"list":[{"id":3812,"audio_id":"L7IkrvSoIOc2PpkvVRQJ","title":"ã€Šä¼¦æ•¦ä¼ ã€‹| å°ç™½å·¥ä½œå®¤è§£è¯»","icon":"https://piccdn.igetget.com/img/201804/25/201804251602254896966179.jpg","duration":1676,"audio_price":"5.01","audio_icon":"https://piccdn.igetget.com/img/201804/25/201804251602254896966179.jpg","audio_icon_new":"https://piccdn.igetget.com/img/201804/25/201804251602254896966179.jpg","audio_banner":"","audio_summary":"åŸå¸‚å¦‚äººä½“ï¼Œæœ‰è¡€è‚‰ï¼Œæœ‰ä¸ªæ€§ï¼Œæœ‰è‡ªå·±çš„ç”Ÿå‘½åŠ›å’Œæˆé•¿æ³•åˆ™ã€‚","audio_title":"ã€Šä¼¦æ•¦ä¼ ã€‹| å°ç™½å·¥ä½œå®¤è§£è¯»","short_title":"","audio_brife":"","source":"","storytell_info":{"id":25,"name":"å¾æƒŸæ°","avatar":"https://piccdn.igetget.com/img/201708/21/201708211806094203803416.jpg","intro":"æ¯•ä¸šäºä¸­å›½ä¼ åª’å¤§å­¦æ’­éŸ³ä¸»æŒè‰ºæœ¯ä¸“ä¸šï¼Œåäºä¼¦æ•¦å¤§å­¦Goldsmiths Collegeè·ç”µè§†æ–°é—»ç¡•å£«å­¦ä½ã€‚ç°ä»»èŒäºä¸Šæµ·å¹¿æ’­ç”µè§†å°æ–°é—»ç»¼åˆé¢‘é“ï¼Œæ‹…ä»»ã€Šæ–°é—»æŠ¥é“ã€‹ä¸»æ’­ã€‚â€œå¾—åˆ°â€Appä¸“æ ã€Šå¼ æ½‡é›¨Â·å•†ä¸šç»å…¸æ¡ˆä¾‹è¯¾ã€‹éŸ³é¢‘è½¬è¿°å¸ˆã€‚"},"status":1,"publish_time":1533225600,"is_vip_gived":false,"is_vip":false,"audio_detail":{"alias_id":"L7IkrvSoIOc2PpkvVRQJ","extrainfo":"","class_id":0,"title":"ã€Šä¼¦æ•¦ä¼ ã€‹| å°ç™½å·¥ä½œå®¤è§£è¯»","share_title":"ã€Šä¼¦æ•¦ä¼ ã€‹| å°ç™½å·¥ä½œå®¤è§£è¯»","mp3_play_url":"http://igetoss.cdn.igetget.com/aac/201804/25/201804251516013847758952_drm.m4a","duration":1676,"schedule":3812,"topic_id":3812,"summary":"","price":0,"icon":"https://piccdn.igetget.com/img/201804/25/201804251602254896966179.jpg","size":10369584,"etag":"14468091673742149541","token":"eyJ0ayI6ImlBRWJjdk1HN3YrM3Fsb2RnallYWjdORm5LMlVNTmUyNm0vMWcwZk55Sk9wNHVxYThJTDE1MFppSmtMcVlaeno3S2wwMWZQYjNGMDdHRUwzU0xoN3FIK1BVY0xWWGZidTRRWVJ5b3dBVmxQSTFSSlEyUHBJSmdTczdEd0pCazBiWk85N0s5QkplMk51UVVZT2VybGd5YWN2SFp2enJqRTMvaVdQSENid0hjbz0iLCJ2IjoxfQ==","share_summary":"â€œå¦‚æœä½ åŒå€¦äº†ä¼¦æ•¦ï¼Œä½ å°±åŒå€¦äº†äººç”Ÿã€‚â€","collection":0,"count":6,"bored_count":0,"audio_type":13,"drm_version":1,"source_id":3812,"source_type":13,"source_icon":"https://piccdn.igetget.com/img/201804/25/201804251602254896966179.jpg","source_name":"æ¯å¤©å¬æœ¬ä¹¦","listen_progress":0,"listen_finished":false,"dd_article_id":"1641526416019292161","audio_list_icon":"https://piccdn.igetget.com/img/201804/25/201804251602254896966179.jpg","class_course_id":"0","class_article_id":"0","log_id":"L7IkrvSoIOc2PpkvVRQJ","log_type":"audio","log_interface":"","trackinfo":"","used_drm":0},"class":13,"log_id":3812,"log_type":"topic","log_interface":"","slogan":"â€œå¦‚æœä½ åŒå€¦äº†ä¼¦æ•¦ï¼Œä½ å°±åŒå€¦äº†äººç”Ÿã€‚â€","is_buy":false,"is_borrowed":false,"in_bookrack":false,"progress":0,"recommend_title":"","is_collected":false,"collection_count":6,"share_title":"","share_summary":"","topic_summary":null,"timestamp":0},{"id":3819,"audio_id":"edThFAJ7eJXcllDspkld","title":"1","icon":"https://piccdn.igetget.com/img/201811/02/201811021728412791786781.jpg","duration":0,"audio_price":"11.00","audio_icon":"https://piccdn.igetget.com/img/201811/02/201811021728412791786781.jpg","audio_icon_new":"https://piccdn.igetget.com/img/201811/02/201811021728412791786781.jpg","audio_banner":"","audio_summary":"111111","audio_title":"1","short_title":"2","audio_brife":"4444","source":"","storytell_info":{"id":5,"name":"å­™æ½‡","avatar":"https://piccdn.igetget.com/img/201705/23/201705231308044698725611.jpg","intro":"æ¯•ä¸šäºä¸­å›½ä¼ åª’å¤§å­¦æ’­éŸ³ä¸ä¸»æŒè‰ºæœ¯å­¦é™¢ï¼Œæ’­éŸ³ä¸»æŒè‰ºæœ¯ä¸“ä¸šï¼Œç°å°±èŒäºåŒ—äº¬äººæ°‘å¹¿æ’­ç”µå°ï¼Œäº¤é€šå¹¿æ’­ã€Šè­¦æ³•æ—¶ç©ºã€‹èŠ‚ç›®æ ç›®ä¸»æŒäººï¼Œå¾—åˆ°ä¸“æ ã€Šæç¿”å•†ä¸šå†…å‚ã€‹éŸ³é¢‘è½¬è¿°å¸ˆã€‚"},"status":1,"publish_time":1542643200,"is_vip_gived":false,"is_vip":false,"audio_detail":{"alias_id":"edThFAJ7eJXcllDspkld","extrainfo":"","class_id":0,"title":"å´”å­æ ¼ - å¯å¿µä¸å¯è¯´","share_title":"11","mp3_play_url":"http://igetoss.cdn.igetget.com/aac/201811/01/201811011210221352531375_drm.m4a","duration":283,"schedule":3819,"topic_id":3819,"summary":"","price":0,"icon":"https://piccdn.igetget.com/img/201811/02/201811021728412791786781.jpg","size":1747164,"etag":"16226983917483131665","token":"eyJ0ayI6Imt1RTVDRFB5SE5GMjE3aHlpb0xFSmErZTZzdW56M1JBZFZsL2c3alAxaUhBOFVoY1g2aHd1RjR1ZTFvclIzRmNtakdSdjVjeVltSlFIUG1DNlVwSlRtaWJrREpidFo5VVRUWTBTMjc5a2Y1SUFyL21neUNkWW10M3ROSWt2cERNZ2JnN0NxVm1oamxwa3pwRTB2ZCtaOEtYSnRheEdpNXJoYWlOZGRvdzZ2dz0iLCJ2IjoxfQ==","share_summary":"22","collection":0,"count":0,"bored_count":0,"audio_type":13,"drm_version":1,"source_id":3819,"source_type":13,"source_icon":"https://piccdn.igetget.com/img/201811/02/201811021728412791786781.jpg","source_name":"æ¯å¤©å¬æœ¬ä¹¦","listen_progress":0,"listen_finished":false,"dd_article_id":"1654143914317185024","audio_list_icon":"https://piccdn.igetget.com/img/201811/02/201811021728412791786781.jpg","class_course_id":"0","class_article_id":"0","log_id":"edThFAJ7eJXcllDspkld","log_type":"audio","log_interface":"","trackinfo":"","used_drm":0},"class":13,"log_id":3819,"log_type":"topic","log_interface":"","slogan":"555","is_buy":false,"is_borrowed":false,"in_bookrack":false,"progress":0,"recommend_title":"3","is_collected":false,"collection_count":0,"share_title":"2222","share_summary":"3333","topic_summary":null,"timestamp":0},{"id":3514,"audio_id":"ACW7JIrTpXdHdNN7yCYJ","title":"ã€Šé†’æ¥çš„å¥³æ€§ã€‹| é­æ£®åšè§£è¯»","icon":"https://piccdn.igetget.com/img/201801/23/201801231843233755943133.jpg","duration":1655,"audio_price":"4.99","audio_icon":"https://piccdn.igetget.com/img/201801/23/201801231843233755943133.jpg","audio_icon_new":"https://piccdn.igetget.com/img/201801/23/201801231843233755943133.jpg","audio_banner":"","audio_summary":"å¥³æ€§ç‹¬ç«‹çš„å…³é”®ï¼Œä¸€æ˜¯ç»æµçš„ç‹¬ç«‹ï¼ŒäºŒæ˜¯ä¸¤æ€§çš„äº’ç›¸ç†è§£ä¸æ”¯æŒã€‚","audio_title":"ã€Šé†’æ¥çš„å¥³æ€§ã€‹| é­æ£®åšè§£è¯»","short_title":"","audio_brife":"ã€Šé†’æ¥çš„å¥³æ€§ã€‹ä¸€ä¹¦åˆ›ä½œäºä¸Šä¸–çºª70å¹´ä»£ï¼Œæ˜¯ä¸€éƒ¨å½“æ—¶ç¾å›½å¥³æ€§çš„ç”Ÿæ´»å²ï¼Œä¹Ÿæ˜¯ä½œè€…ç›ä¸½è²Â·å¼—ä¼¦å¥‡è‡ªå·±çš„æ•…äº‹ã€‚æœ¬ä¹¦å‡ºç‰ˆåå¼•èµ·äº†å·¨å¤§çš„è½°åŠ¨ï¼Œè¢«è®¤ä¸ºæ˜¯å°è¯´ç‰ˆçš„ã€Šç¬¬äºŒæ€§ã€‹ï¼Œé—´æ¥æ¨åŠ¨äº†å…¨ä¸–ç•Œç¬¬äºŒæ¬¡å¥³æƒè¿åŠ¨çš„å‘å±•ã€‚\r\n\r\næœ¬æœŸéŸ³é¢‘è®²è¿°äº†ä¹¦ä¸­å¥³ä¸»äººå…¬ç±³æ‹‰çš„ç»å†ï¼Œé€šè¿‡ç±³æ‹‰åŠå…¶ä»–å¥³æ€§çš„çœŸå®å¤„å¢ƒï¼Œå¼•å‘æˆ‘ä»¬å¯¹å¥³æ€§ç‹¬ç«‹è¿™ä¸€è¯é¢˜çš„æ·±å…¥æ€è€ƒã€‚çœŸæ­£çš„å¥³æ€§ç‹¬ç«‹æ—¢ä¸æ˜¯æ”¾å¼ƒå©šå§»ï¼Œä¹Ÿä¸æ˜¯è·Ÿç”·æ€§æ­»ç£•åˆ°åº•ã€‚å¥³æ€§ç‹¬ç«‹çš„å…³é”®ç‚¹ï¼Œä¸€æ˜¯ç»æµçš„ç‹¬ç«‹è‡ªä¸»ï¼ŒäºŒæ˜¯ä¸¤æ€§ä¹‹é—´çš„äº’ç›¸ç†è§£ã€‚\r\n\r\nä½ å°†å¬åˆ°: \r\n1.è¿™éƒ¨ç°è±¡çº§çš„ç•…é”€å°è¯´è®²è¿°äº†ä¸€ä¸ªæ€æ ·çš„æ•…äº‹ï¼Ÿ\r\n2.ä¸ºä»€ä¹ˆæ•…äº‹ä¸­çš„å¥³æ€§ä¹ŸåæŠ—äº†ï¼Œå´éƒ½ä¸€è´¥æ¶‚åœ°ï¼Ÿ\r\n3.ä¸ºä»€ä¹ˆè¯´è§‰é†’åªæ˜¯å¼€å§‹ï¼Ÿè§‰é†’çš„å¥³æ€§é¢ä¸´çš„æ˜¯æ€æ ·çš„ä¸–ç•Œï¼Ÿ\r\n4.ç”·æƒç¤¾ä¼šå……æ»¡ç€å¯¹å¥³æ€§çš„æ­§è§†ä¸å‹è¿«ï¼Œç„¶è€Œç”·æ€§è‡ªèº«åˆæœ‰ç€æ€æ ·çš„æ‚²å‰§ï¼Ÿ\r\n\r\næ¨èé˜…è¯» \r\nä¹¦åï¼šã€Šé†’æ¥çš„å¥³æ€§ï¼šä¸€éƒ¨å¥³æ€§çš„å¿ƒçµå²ã€‹\r\nä½œè€…: [ç¾]ç›ä¸½è²Â·å¼—ä¼¦å¥‡ \r\nå‡ºç‰ˆç¤¾: åŒ—äº¬è”åˆå‡ºç‰ˆå…¬å¸/æœªè¯»\r\nè¯‘è€…: ä½™è‰","source":"","storytell_info":{"id":4,"name":"æ°å…‹ç³–","avatar":"https://piccdn.igetget.com/img/201609/21/201609211901523698336465.jpg","intro":"ä¼ åª’å¤§å­¦æ’­éŸ³ä¸»æŒè‰ºæœ¯ä¸“ä¸šåŒå­¦ä½æ¯•ä¸šåè¿›å…¥åŒ—äº¬äººæ°‘å¹¿æ’­ç”µå°ã€‚æ›¾ä¸»æŒã€Šæ¼”è‰ºç¾¤è‹±ä¼šã€‹ã€ã€Šå¹¿æ’­å‰§åœºã€‹ç­‰èŠ‚ç›®ã€‚cctv9å¼•è¿›çºªå½•ç‰‡é…éŸ³è§£è¯´ï¼Œå¾—åˆ°Appæ¯æ—¥çŸ¥è¯†æ–°é—»ä¸»æ’­ã€‚"},"month":201801,"month_id":17,"status":1,"publish_time":1516982400,"is_vip_gived":false,"is_vip":false,"audio_detail":{"alias_id":"ACW7JIrTpXdHdNN7yCYJ","extrainfo":"","class_id":0,"title":"ã€Šé†’æ¥çš„å¥³æ€§ã€‹| é­æ£®åšè§£è¯»","share_title":"ã€Šé†’æ¥çš„å¥³æ€§ã€‹| é­æ£®åšè§£è¯»","mp3_play_url":"http://igetoss.cdn.igetget.com/aac/201801/23/201801231719019020888174_drm.m4a","duration":1655,"schedule":3514,"topic_id":3514,"summary":"","price":0,"icon":"https://piccdn.igetget.com/img/201801/23/201801231843233755943133.jpg","size":10227331,"etag":"17241432882117966422","token":"eyJ0ayI6ImlpNzE0RjdqbEVIa3FGVXZKVlppM2plYnJFclRzcTR0eHFxdDgxT2dSVWR3L3hDNFFFNnVTQmlQdEp5N3lkNzM4YXZ6cFVub3JHZFczUExqSlFieXhnbzNJaUoyNW9BenVVN3dHaEpGbXRRMGFmS3NaMTM4NjF2R0I3cnJmYTlPa2hncktCNHBGalE2bDlnQVYyQis5d1hJTk1zR3ZacDdmaUdJQTBtejNpND0iLCJ2IjoxfQ==","share_summary":"ç¾å›½å½“ä»£ç°è±¡çº§ç•…é”€å°è¯´ï¼Œé—´æ¥æ¨åŠ¨ç¬¬äºŒæ¬¡å¥³æƒè¿åŠ¨å‘å±•ã€‚","collection":0,"count":0,"bored_count":0,"audio_type":13,"drm_version":1,"source_id":3514,"source_type":13,"source_icon":"https://piccdn.igetget.com/img/201801/23/201801231843233755943133.jpg","source_name":"æ¯å¤©å¬æœ¬ä¹¦","listen_progress":0,"listen_finished":false,"dd_article_id":"1641526262474211358","audio_list_icon":"https://piccdn.igetget.com/img/201801/23/201801231843233755943133.jpg","class_course_id":"0","class_article_id":"0","log_id":"ACW7JIrTpXdHdNN7yCYJ","log_type":"audio","log_interface":"","trackinfo":"","used_drm":0},"class":13,"log_id":3514,"log_type":"topic","log_interface":"","slogan":"ç¾å›½å½“ä»£ç°è±¡çº§ç•…é”€å°è¯´ï¼Œé—´æ¥æ¨åŠ¨ç¬¬äºŒæ¬¡å¥³æƒè¿åŠ¨å‘å±•ã€‚","is_buy":false,"is_borrowed":false,"in_bookrack":false,"progress":0,"recommend_title":"","is_collected":false,"collection_count":0,"share_title":"","share_summary":"","topic_summary":null,"timestamp":0}],"subtotal":241,"total":241}},}4:type,4:http,5:error,0:~6:marked,5:false!7:version,13:1:0#2:18#1:2#]11:client_conn,204:15:ssl_established,5:false!10:clientcert,0:~13:timestamp_end,0:~7:address,60:7:address,27:15:192.168.128.181,5:63008#]8:use_ipv6,5:false!}15:timestamp_start,17:1558440320.990038^19:timestamp_ssl_setup,0:~}2:id,36:f57d66b4-126c-4624-95e2-8a3f2cc2adf0,11:intercepted,5:false!7:request,1778:9:is_replay,5:false!4:port,2:80#12:stickycookie,5:false!13:timestamp_end,16:1558440327.29151^4:path,23:/odob/v2/labelbook/home,15:timestamp_start,17:1558440327.266617^7:headers,1115:29:9:X-App-Key,13:android-6.2.0,]19:5:X-Uid,8:85003403,]14:7:X-Thumb,1:l,]15:4:X-Dt,5:phone,]13:4:X-Ov,3:6.0,]15:5:X-Net,4:WIFI,]17:4:X-Os,7:ANDROID,]26:3:X-D,16:ae244834553d4eda,]28:4:X-Dv,17:Samsung Galaxy S6,]13:3:X-T,4:json,]13:6:X-Chil,1:0,]10:3:X-V,1:2,]15:4:X-Av,5:6.2.0,]14:5:X-Scr,3:2.0,]12:5:X-Adv,1:1,]45:6:X-Seid,32:218ef9e66ce3e0025bfad70cd02dd2ed,]14:8:X-Hitdot,0:,]63:11:G-Auth-Sign,44:YjkzY2Y3ZWM0ZmRmNTc0ZmUzZjQ1YWQ4YTRlY2JkZTc=,]52:12:G-Auth-Nonce,32:4834375baa4983af85ee27d385500260,]26:9:G-Auth-Ts,10:1558440327,]44:12:G-Auth-Appid,24:5a27d122ee4638163f594393,]312:12:G-Auth-Token,291:eyJhbGciOiJIUzUxMiIsInR5cCI6IkpXVCJ9.eyJhdWQiOiJsdW9qaWxhYi5jb20iLCJleHAiOjE1NTkwNDI3OTksImlhdCI6MTU1ODQzNzk5OSwiaXNzIjoiRWFzZUdhdGV3YXkgSldUQXV0aCBQbHVnaW4iLCJuYmYiOjE1NTg0Mzc5OTksInN1YiI6Ijg1MDAzNDAzIn0.5J13wFzrBZv434Oi7yos7349FnruBeGZ0LNw4VmjORaaWUiFX3Q2yVNrSKqf27JfNQRsAT3NYL2gouO0Xju66Q,]51:12:Content-Type,31:application/json; charset=UTF-8,]24:14:Content-Length,3:319,]33:4:Host,22:entree.dev.igetget.com,]28:10:Connection,10:Keep-Alive,]26:15:Accept-Encoding,4:gzip,]31:10:User-Agent,13:okhttp/3.11.0,]]7:content,319:{"count":3,"h":{"u":"85003403","thumb":"l","dt":"phone","ov":"6.0","net":"WIFI","os":"ANDROID","d":"ae244834553d4eda","dv":"Samsung Galaxy S6","t":"json","chil":"0","v":"2","av":"6.2.0","scr":"2.0","adv":"1","X-Dv":"Samsung Galaxy S6","ts":"1558440327","s":"9628def9c754fceb","seid":"218ef9e66ce3e0025bfad70cd02dd2ed"}},6:method,4:POST,4:host,22:entree.dev.igetget.com,17:first_line_format,8:relative,12:http_version,8:HTTP/1.1,6:scheme,4:http,10:stickyauth,5:false!}11:server_conn,417:15:ssl_established,5:false!14:source_address,60:7:address,27:15:192.168.128.181,5:63011#]8:use_ipv6,5:false!}13:timestamp_end,0:~7:address,64:7:address,31:22:entree.dev.igetget.com,2:80#]8:use_ipv6,5:false!}4:cert,0:~3:sni,0:~15:timestamp_start,17:1558440321.054038^19:timestamp_ssl_setup,0:~10:ip_address,54:7:address,21:12:39.107.208.4,2:80#]8:use_ipv6,5:false!}3:via,0:~19:timestamp_tcp_setup,17:1558440321.064838^}}8977:8:response,6128:6:reason,2:OK,13:timestamp_end,17:1558440327.716629^12:http_version,8:HTTP/1.1,11:status_code,3:200#15:timestamp_start,17:1558440327.703408^7:headers,273:40:4:Date,29:Tue, 21 May 2019 12:05:27 GMT,]51:12:Content-Type,31:application/json; charset=utf-8,]31:17:Transfer-Encoding,7:chunked,]28:10:Connection,10:keep-alive,]35:27:Access-Control-Allow-Origin,1:*,]31:12:G-Powered-By,11:EaseGateway,]29:11:G-Timestamp,10:1558440327,]]7:content,5684:{"h":{"c":0,"e":"","s":1558440327,"t":41},"c":{"list":[{"id":16,"name":"éŸ©ç„±","intro":"éŸ©ç„±ï¼Œèµ„æ·±å‡ºç‰ˆäººï¼Œè‘—åå›¾ä¹¦å‡ºç‰ˆå“ç‰Œâ€œæ¹›åºæ–‡åŒ–â€åˆ›å§‹äººã€è‘£äº‹é•¿ï¼Œåœ¨å¾—åˆ°Appâ€œæ¯å¤©å¬æœ¬ä¹¦â€æ ç›®è§£è¯»äº†ä¼—å¤šæ¹›åºæ–‡åŒ–å‡ºç‰ˆçš„ä¼˜è´¨å›¾ä¹¦ã€‚\r\n\r\næ¹›åºæ–‡åŒ–è‡ª2005å¹´åˆ›åŠè‡³ä»Šï¼Œå‡ºç‰ˆå›¾ä¹¦ä¸Šåƒç§ï¼Œæ¶µç›–ç§‘æŠ€è¶‹åŠ¿ã€é‡‘èæŠ•èµ„ã€ç»æµç®¡ç†ã€å¿ƒç†å­¦ç­‰ä¼—å¤šé¢†åŸŸï¼Œå¦‚ã€Šå½±å“åŠ›ã€‹ã€Šç‰›å¥¶å¯ä¹ç»æµå­¦ã€‹ã€Šå¤§æ•°æ®æ—¶ä»£ã€‹ã€Šåƒé¢è‹±é›„ã€‹ç­‰ã€‚\r\n\r\n2017å¹´ï¼Œæ¹›åºæ–‡åŒ–åŸºäºä¸Šåƒç§å›¾ä¹¦å’Œ2000ä¸‡è¯»è€…çš„ç§¯ç´¯ï¼Œåˆ›åŠäº†è‡ªæœ‰çŸ¥è¯†æœåŠ¡å¹³å°â€œæ¹›åºé˜…è¯»â€ã€‚\r\n\r\nâ€œè®©æˆ‘ä»¬ä¸æœ€èªæ˜çš„äººå…±åŒè¿›åŒ–ã€‚â€","qcg_id":243,"qcg_member_name":"éŸ©ç„±","qcg_member_avatar":"http://piccdn.igetget.com/img/201804/17/201804171909028650884783.jpg","book_count":26,"uv":0,"status":1,"share_title":"å¬ä¹¦è§£è¯»äºº:éŸ©ç„±","share_summary":"éŸ©ç„±ï¼Œèµ„æ·±å‡ºç‰ˆäººï¼Œè‘—åå›¾ä¹¦å‡ºç‰ˆå“ç‰Œâ€œæ¹›åºæ–‡åŒ–â€åˆ›å§‹äººã€è‘£äº‹é•¿ï¼Œåœ¨å¾—åˆ°Appâ€œæ¯å¤©å¬æœ¬ä¹¦â€æ ç›®è§£è¯»äº†ä¼—å¤šæ¹›åºæ–‡åŒ–å‡ºç‰ˆçš„ä¼˜è´¨å›¾ä¹¦ã€‚\r\n\r\næ¹›åºæ–‡åŒ–è‡ª2005å¹´åˆ›åŠè‡³ä»Šï¼Œå‡ºç‰ˆå›¾ä¹¦ä¸Šåƒç§ï¼Œæ¶µç›–ç§‘æŠ€è¶‹åŠ¿ã€é‡‘èæŠ•èµ„ã€ç»æµç®¡ç†ã€å¿ƒç†å­¦ç­‰ä¼—å¤šé¢†åŸŸï¼Œå¦‚ã€Šå½±å“åŠ›ã€‹ã€Šç‰›å¥¶å¯ä¹ç»æµå­¦ã€‹ã€Šå¤§æ•°æ®æ—¶ä»£ã€‹ã€Šåƒé¢è‹±é›„ã€‹ç­‰ã€‚\r\n\r\n2017å¹´ï¼Œæ¹›åºæ–‡åŒ–åŸºäºä¸Šåƒç§å›¾ä¹¦å’Œ2000ä¸‡è¯»è€…çš„ç§¯ç´¯ï¼Œåˆ›åŠäº†è‡ªæœ‰çŸ¥è¯†æœåŠ¡å¹³å°â€œæ¹›åºé˜…è¯»â€ã€‚\r\n\r\nâ€œè®©æˆ‘ä»¬ä¸æœ€èªæ˜çš„äººå…±åŒè¿›åŒ–ã€‚â€","share_img":"http://piccdn.igetget.com/img/201804/17/201804171909028650884783.jpg","share_url":"http://m.dev.igetget.com/share/agency/id/16","created_at":1521719737,"updated_at":1556264585,"rank_pos":1,"log_id":"16","log_type":"agency"},{"id":15,"name":"å¼ å‡¯","intro":"å¼ å‡¯ï¼Œè‡ªç”±æ’°ç¨¿äººï¼Œå¾—åˆ°Appç²¾å“è¯¾ã€Šæ€æ ·æˆä¸ºå¿«é€Ÿé˜…è¯»çš„é«˜æ‰‹ã€‹ä¸»è®²äººï¼Œå°‘å¹´å¾—åˆ°Appã€Šåå€é€Ÿé˜…è¯»æ³•ã€‹ä¸»è®²äººï¼Œå¾—åˆ°Appâ€œæ¯å¤©å¬æœ¬ä¹¦â€æ ç›®èµ„æ·±æ’°ç¨¿äººã€‚\r\n\r\nè§£è¯»ä»£è¡¨ä½œæœ‰ã€Šå…‰è£ä¸æ¢¦æƒ³ã€‹ã€Šä¼¯ç½—å¥”å°¼æ’’æˆ˜äº‰ã€‹ã€Šé­”é¬¼ç»æµå­¦ã€‹ã€Šæ–‡æ˜ä¹‹å…‰ã€‹ã€Šè¶…é¢„æµ‹ã€‹ç­‰ï¼Œæ¶‰åŠç®¡ç†å­¦ã€å¿ƒç†å­¦ã€ç»æµå­¦ã€ç¤¾ä¼šå­¦ç­‰å¤šä¸ªé¢†åŸŸã€‚\r\n\r\næ“…é•¿ç”¨ç®€æ´çš„è¯­è¨€ï¼Œè®²è¿°é™Œç”Ÿé¢†åŸŸçš„æ–°çŸ¥è¯†ã€‚","qcg_id":142,"qcg_member_name":"å¼ å‡¯","qcg_member_avatar":"http://piccdn.igetget.com/img/201803/22/201803221923519969331605.jpg","book_count":61,"uv":0,"status":1,"share_title":"å¬ä¹¦è§£è¯»äºº:å¼ å‡¯","share_summary":"å¼ å‡¯ï¼Œè‡ªç”±æ’°ç¨¿äººï¼Œå¾—åˆ°Appç²¾å“è¯¾ã€Šæ€æ ·æˆä¸ºå¿«é€Ÿé˜…è¯»çš„é«˜æ‰‹ã€‹ä¸»è®²äººï¼Œå°‘å¹´å¾—åˆ°Appã€Šåå€é€Ÿé˜…è¯»æ³•ã€‹ä¸»è®²äººï¼Œå¾—åˆ°Appâ€œæ¯å¤©å¬æœ¬ä¹¦â€æ ç›®èµ„æ·±æ’°ç¨¿äººã€‚\r\n\r\nè§£è¯»ä»£è¡¨ä½œæœ‰ã€Šå…‰è£ä¸æ¢¦æƒ³ã€‹ã€Šä¼¯ç½—å¥”å°¼æ’’æˆ˜äº‰ã€‹ã€Šé­”é¬¼ç»æµå­¦ã€‹ã€Šæ–‡æ˜ä¹‹å…‰ã€‹ã€Šè¶…é¢„æµ‹ã€‹ç­‰ï¼Œæ¶‰åŠç®¡ç†å­¦ã€å¿ƒç†å­¦ã€ç»æµå­¦ã€ç¤¾ä¼šå­¦ç­‰å¤šä¸ªé¢†åŸŸã€‚\r\n\r\næ“…é•¿ç”¨ç®€æ´çš„è¯­è¨€ï¼Œè®²è¿°é™Œç”Ÿé¢†åŸŸçš„æ–°çŸ¥è¯†ã€‚","share_img":"http://piccdn.igetget.com/img/201803/22/201803221923519969331605.jpg","share_url":"http://m.dev.igetget.com/share/agency/id/15","created_at":1521718025,"updated_at":1548301144,"rank_pos":2,"log_id":"15","log_type":"agency"},{"id":7,"name":"åˆ˜ç®","intro":"åˆ˜ç®ï¼Œä¸­å›½äººæ°‘å¤§å­¦å“²å­¦é™¢å‰¯æ•™æˆã€‚ä»–æ˜¯åŒ—äº¬å¤§å­¦å“²å­¦å­¦å£«ï¼Œæ¸…åå¤§å­¦å“²å­¦ç¡•å£«ï¼Œé¦™æ¸¯ä¸­æ–‡å¤§å­¦å“²å­¦åšå£«ï¼Œç¾å›½åŠ å·å¤§å­¦ä¼¯å…‹åˆ©åˆ†æ ¡ã€å¾·å›½æ…•å°¼é»‘å¤§å­¦è®¿é—®å­¦è€…ã€‚\r\n\r\nä¸»è¦ç ”ç©¶å¤å¸Œè…Šå“²å­¦ã€è¥¿æ–¹å“²å­¦å²ã€‚\r\n\r\nä»–æ˜¯å¾—åˆ°Appâ€œæ¯å¤©å¬æœ¬ä¹¦â€æ ç›®è¥¿æ–¹å“²å­¦ç»å…¸ç³»åˆ—è§£è¯»äººã€‚è¿™ä¸ªç³»åˆ—å¸Œæœ›å¸¦ä½ é¢†ç•¥å“²å­¦å®¶æ¢ç´¢äººç±»çŸ¥è¯†è¾¹ç•Œçš„ä¸€æ¬¡æ¬¡ä¼Ÿå¤§åŠªåŠ›ï¼Œç”¨å¹³å®çš„è¯­è¨€å±•ç¤ºä¼Ÿå¤§å“²å­¦è‘—ä½œçš„æ·±åˆ»ä¸é­…åŠ›ã€‚","qcg_id":77,"qcg_member_name":"åˆ˜ç®","qcg_member_avatar":"http://piccdn.igetget.com/img/201708/25/201708251126368588659193.jpg","book_count":13,"uv":0,"status":1,"share_title":"å¬ä¹¦è§£è¯»äºº:åˆ˜ç®","share_summary":"åˆ˜ç®ï¼Œä¸­å›½äººæ°‘å¤§å­¦å“²å­¦é™¢å‰¯æ•™æˆã€‚ä»–æ˜¯åŒ—äº¬å¤§å­¦å“²å­¦å­¦å£«ï¼Œæ¸…åå¤§å­¦å“²å­¦ç¡•å£«ï¼Œé¦™æ¸¯ä¸­æ–‡å¤§å­¦å“²å­¦åšå£«ï¼Œç¾å›½åŠ å·å¤§å­¦ä¼¯å…‹åˆ©åˆ†æ ¡ã€å¾·å›½æ…•å°¼é»‘å¤§å­¦è®¿é—®å­¦è€…ã€‚\r\n\r\nä¸»è¦ç ”ç©¶å¤å¸Œè…Šå“²å­¦ã€è¥¿æ–¹å“²å­¦å²ã€‚\r\n\r\nä»–æ˜¯å¾—åˆ°Appâ€œæ¯å¤©å¬æœ¬ä¹¦â€æ ç›®è¥¿æ–¹å“²å­¦ç»å…¸ç³»åˆ—è§£è¯»äººã€‚è¿™ä¸ªç³»åˆ—å¸Œæœ›å¸¦ä½ é¢†ç•¥å“²å­¦å®¶æ¢ç´¢äººç±»çŸ¥è¯†è¾¹ç•Œçš„ä¸€æ¬¡æ¬¡ä¼Ÿå¤§åŠªåŠ›ï¼Œç”¨å¹³å®çš„è¯­è¨€å±•ç¤ºä¼Ÿå¤§å“²å­¦è‘—ä½œçš„æ·±åˆ»ä¸é­…åŠ›ã€‚","share_img":"http://piccdn.igetget.com/img/201708/25/201708251126368588659193.jpg","share_url":"http://m.dev.igetget.com/share/agency/id/7","created_at":1521524985,"updated_at":1548301243,"rank_pos":3,"log_id":"7","log_type":"agency"},{"id":12,"name":"æŸ´çŸ¥é“","intro":"ä¸“æ³¨äºçŸ¥è¯†ä¼ æ’­çš„è‡ªåª’ä½“å›¢é˜Ÿã€‚2016å¹´å¼€å§‹åˆ¶ä½œçŸ¥è¯†çŸ­è§†é¢‘å’Œè¯»ä¹¦èŠ‚ç›®ï¼Œç›®å‰å…¨ç½‘è§†é¢‘æ’­æ”¾é‡è¶…è¿‡5äº¿æ¬¡ï¼Œå…¨å¹³å°ç²‰ä¸æ•°è¶…è¿‡1000ä¸‡ã€‚\r\n\r\næ“…é•¿è§£è¯»ç§‘æ™®ç»å…¸è‘—ä½œã€çŸ¥è¯†å‹ä¹¦ç±ã€‚","qcg_id":296,"qcg_member_name":"æŸ´çŸ¥é“","qcg_member_avatar":"http://piccdn.igetget.com/img/201803/20/201803201106400361846914.jpg","book_count":17,"uv":0,"status":1,"share_title":"å¬ä¹¦è§£è¯»äºº:æŸ´çŸ¥é“","share_summary":"ä¸“æ³¨äºçŸ¥è¯†ä¼ æ’­çš„è‡ªåª’ä½“å›¢é˜Ÿã€‚2016å¹´å¼€å§‹åˆ¶ä½œçŸ¥è¯†çŸ­è§†é¢‘å’Œè¯»ä¹¦èŠ‚ç›®ï¼Œç›®å‰å…¨ç½‘è§†é¢‘æ’­æ”¾é‡è¶…è¿‡5äº¿æ¬¡ï¼Œå…¨å¹³å°ç²‰ä¸æ•°è¶…è¿‡1000ä¸‡ã€‚\r\n\r\næ“…é•¿è§£è¯»ç§‘æ™®ç»å…¸è‘—ä½œã€çŸ¥è¯†å‹ä¹¦ç±ã€‚","share_img":"http://piccdn.igetget.com/img/201803/20/201803201106400361846914.jpg","share_url":"http://m.dev.igetget.com/share/agency/id/12","created_at":1521529920,"updated_at":1550746618,"rank_pos":4,"log_id":"12","log_type":"agency"}]}},}4:type,4:http,5:error,0:~6:marked,5:false!7:version,13:1:0#2:18#1:2#]11:client_conn,204:15:ssl_established,5:false!10:clientcert,0:~13:timestamp_end,0:~7:address,60:7:address,27:15:192.168.128.181,5:63008#]8:use_ipv6,5:false!}15:timestamp_start,17:1558440320.990038^19:timestamp_ssl_setup,0:~}2:id,36:94ea255c-bbbc-422e-808c-422987111be6,11:intercepted,5:false!7:request,2018:9:is_replay,5:false!4:port,2:80#12:stickycookie,5:false!13:timestamp_end,17:1558440327.642328^4:path,20:/odob/v2/agency/list,15:timestamp_start,17:1558440327.625596^7:headers,1117:29:9:X-App-Key,13:android-6.2.0,]19:5:X-Uid,8:85003403,]14:7:X-Thumb,1:l,]15:4:X-Dt,5:phone,]13:4:X-Ov,3:6.0,]15:5:X-Net,4:WIFI,]17:4:X-Os,7:ANDROID,]26:3:X-D,16:ae244834553d4eda,]28:4:X-Dv,17:Samsung Galaxy S6,]13:3:X-T,4:json,]13:6:X-Chil,1:0,]10:3:X-V,1:2,]15:4:X-Av,5:6.2.0,]14:5:X-Scr,3:2.0,]12:5:X-Adv,1:1,]45:6:X-Seid,32:218ef9e66ce3e0025bfad70cd02dd2ed,]14:8:X-Hitdot,0:,]63:11:G-Auth-Sign,44:ZThmODI3ZGVjYTM3Yzg0YWFlNDM0OTAwZWNkZmUyYTY=,]52:12:G-Auth-Nonce,32:6a962169e30b7c716c0b6d91578e7b62,]26:9:G-Auth-Ts,10:1558440327,]44:12:G-Auth-Appid,24:5a27d122ee4638163f594393,]312:12:G-Auth-Token,291:eyJhbGciOiJIUzUxMiIsInR5cCI6IkpXVCJ9.eyJhdWQiOiJsdW9qaWxhYi5jb20iLCJleHAiOjE1NTkwNDI3OTksImlhdCI6MTU1ODQzNzk5OSwiaXNzIjoiRWFzZUdhdGV3YXkgSldUQXV0aCBQbHVnaW4iLCJuYmYiOjE1NTg0Mzc5OTksInN1YiI6Ijg1MDAzNDAzIn0.5J13wFzrBZv434Oi7yos7349FnruBeGZ0LNw4VmjORaaWUiFX3Q2yVNrSKqf27JfNQRsAT3NYL2gouO0Xju66Q,]53:12:Content-Type,33:application/x-www-form-urlencoded,]24:14:Content-Length,3:559,]33:4:Host,22:entree.dev.igetget.com,]28:10:Connection,10:Keep-Alive,]26:15:Accept-Encoding,4:gzip,]31:10:User-Agent,13:okhttp/3.11.0,]]7:content,559:since_id=0&h=%7B%22u%22%3A%2285003403%22%2C%22thumb%22%3A%22l%22%2C%22dt%22%3A%22phone%22%2C%22ov%22%3A%226.0%22%2C%22net%22%3A%22WIFI%22%2C%22os%22%3A%22ANDROID%22%2C%22d%22%3A%22ae244834553d4eda%22%2C%22dv%22%3A%22Samsung%20Galaxy%20S6%22%2C%22t%22%3A%22json%22%2C%22chil%22%3A%220%22%2C%22v%22%3A%222%22%2C%22av%22%3A%226.2.0%22%2C%22scr%22%3A%222.0%22%2C%22adv%22%3A%221%22%2C%22X-Dv%22%3A%22Samsung%20Galaxy%20S6%22%2C%22ts%22%3A%221558440327%22%2C%22s%22%3A%229628def9c754fceb%22%2C%22seid%22%3A%22218ef9e66ce3e0025bfad70cd02dd2ed%22%7D&count=4&max_id=0,6:method,4:POST,4:host,22:entree.dev.igetget.com,17:first_line_format,8:relative,12:http_version,8:HTTP/1.1,6:scheme,4:http,10:stickyauth,5:false!}11:server_conn,417:15:ssl_established,5:false!14:source_address,60:7:address,27:15:192.168.128.181,5:63011#]8:use_ipv6,5:false!}13:timestamp_end,0:~7:address,64:7:address,31:22:entree.dev.igetget.com,2:80#]8:use_ipv6,5:false!}4:cert,0:~3:sni,0:~15:timestamp_start,17:1558440321.054038^19:timestamp_ssl_setup,0:~10:ip_address,54:7:address,21:12:39.107.208.4,2:80#]8:use_ipv6,5:false!}3:via,0:~19:timestamp_tcp_setup,17:1558440321.064838^}}3763:8:response,519:6:reason,12:Not Modified,13:timestamp_end,17:1558440327.733949^12:http_version,8:HTTP/1.1,11:status_code,3:304#15:timestamp_start,16:1558440327.72407^7:headers,341:40:4:Date,29:Tue, 21 May 2019 12:05:27 GMT,]30:12:Content-Type,10:image/jpeg,]28:10:Connection,10:keep-alive,]50:13:Last-Modified,29:Thu, 19 Apr 2018 04:38:18 GMT,]45:4:ETag,34:"B1552949F5A0CE72950C94DF79437B17",]34:13:Cache-Control,13:max-age=86400,]16:3:Age,7:2265456,]66:5:X-Via,54:1.1 PShbzjkwt2ij22:6 (Cdn Cache Server V2.0)[43 304 0],]]7:content,0:,}4:type,4:http,5:error,0:~6:marked,5:false!7:version,13:1:0#2:18#1:2#]11:client_conn,221:15:ssl_established,4:true!10:clientcert,0:~13:timestamp_end,0:~7:address,60:7:address,27:15:192.168.128.181,5:63022#]8:use_ipv6,5:false!}15:timestamp_start,17:1558440327.461608^19:timestamp_ssl_setup,17:1558440327.650201^}2:id,36:a565afaa-2609-4b12-943c-9c1ef3c60afc,11:intercepted,5:false!7:request,547:9:is_replay,5:false!4:port,3:443#12:stickycookie,5:false!13:timestamp_end,17:1558440327.664653^4:path,43:/img/201804/19/201804191238182537085785.jpg,15:timestamp_start,16:1558440327.65943^7:headers,189:29:4:Host,18:piccdn.igetget.com,]28:10:Connection,10:Keep-Alive,]26:15:Accept-Encoding,4:gzip,]31:10:User-Agent,13:okhttp/3.11.0,]55:13:If-None-Match,34:"B1552949F5A0CE72950C94DF79437B17",]]7:content,0:,6:method,3:GET,4:host,18:piccdn.igetget.com,17:first_line_format,8:relative,12:http_version,8:HTTP/1.1,6:scheme,5:https,10:stickyauth,5:false!}11:server_conn,2267:15:ssl_established,4:true!14:source_address,60:7:address,27:15:192.168.128.181,5:63023#]8:use_ipv6,5:false!}13:timestamp_end,0:~7:address,61:7:address,28:18:piccdn.igetget.com,3:443#]8:use_ipv6,5:false!}4:cert,1814:-----BEGIN CERTIFICATE-----
MIIFDzCCA/egAwIBAgIQDfteDYoyXl2oILQNb85IWDANBgkqhkiG9w0BAQsFADBe
MQswCQYDVQQGEwJVUzEVMBMGA1UEChMMRGlnaUNlcnQgSW5jMRkwFwYDVQQLExB3
d3cuZGlnaWNlcnQuY29tMR0wGwYDVQQDExRHZW9UcnVzdCBSU0EgQ0EgMjAxODAe
Fw0xODAxMjUwMDAwMDBaFw0yMTAzMjUxMjAwMDBaMHsxCzAJBgNVBAYTAkNOMRIw
EAYDVQQHDAnljJfkuqzluIIxMzAxBgNVBAoMKuWMl+S6rOaAnee7tOmAoOeJqeS/
oeaBr+enkeaKgOaciemZkOWFrOWPuDELMAkGA1UECxMCSVQxFjAUBgNVBAMMDSou
aWdldGdldC5jb20wggEiMA0GCSqGSIb3DQEBAQUAA4IBDwAwggEKAoIBAQCDeup7
TWHniKDl0tBS8w2uLWkANl8KgLx6bRE0JCliaS47ZSnXqtzsGu5/UnDovz4ooioe
dFGco9UAGujFlYyAUte4zbuGa5jIppxnQbRPUOx50hJ1uLLNebwtpEB24NiYJeIK
qIj1804Fmjq9NzD9cp4lnSzuo+CgfPuQ41XBE6MEF2qXEAEG/5uBnYGHGL3bSPsy
zb41xEJqsqnRz2T4/+ID7oMp5VwHpzSH8mdHTJlCPD6ExS+7RcSt4LXEopeYzaey
nn6rLv6vQnQRXmNGm5FelzQo1eusXf4knPien+hFGaJmUJqKVuwPMX7im0KcROtH
oRB++MYyJ0lFc5cNAgMBAAGjggGqMIIBpjAfBgNVHSMEGDAWgBSQWP+wnHWoUVR3
se3yo0MWOJ5sxTAdBgNVHQ4EFgQU2Pv2YtnF9QQTSO9HqrhuZFeTj3wwJQYDVR0R
BB4wHIINKi5pZ2V0Z2V0LmNvbYILaWdldGdldC5jb20wDgYDVR0PAQH/BAQDAgWg
MB0GA1UdJQQWMBQGCCsGAQUFBwMBBggrBgEFBQcDAjA+BgNVHR8ENzA1MDOgMaAv
hi1odHRwOi8vY2RwLmdlb3RydXN0LmNvbS9HZW9UcnVzdFJTQUNBMjAxOC5jcmww
TAYDVR0gBEUwQzA3BglghkgBhv1sAQEwKjAoBggrBgEFBQcCARYcaHR0cHM6Ly93
d3cuZGlnaWNlcnQuY29tL0NQUzAIBgZngQwBAgIwdQYIKwYBBQUHAQEEaTBnMCYG
CCsGAQUFBzABhhpodHRwOi8vc3RhdHVzLmdlb3RydXN0LmNvbTA9BggrBgEFBQcw
AoYxaHR0cDovL2NhY2VydHMuZ2VvdHJ1c3QuY29tL0dlb1RydXN0UlNBQ0EyMDE4
LmNydDAJBgNVHRMEAjAAMA0GCSqGSIb3DQEBCwUAA4IBAQBfmfk31PVyRu6AExvj
Q47CtWkJL/zG1jJPk2JQgWI8GAHKnLcY/7Rg+GHsleVuDLvYIWFBHf+lDRDJLkOp
c0l059maiSJNC7B4QRZx8yYtUDVACfqJPXrO0VeJBIN/NiqyBgT65ZbyreuWSfDa
XS+3EKYld4twwIcaVZweU/GzfZ/pD+2M2QhIFcgrVpMhkZQvDVjCe4BMRHkHTFY0
SzB4gdhtXaG3ZkYvbCMF5Q05LWKqT5ev+LqMpnDl6ihBGJ/BTAGkXaPBGuL3Lvx4
KM+Y5O3cRDSI7QbS6+y7PKABrsWEziOls7wmDMzHa4tUZHK3Qs+FmjuATwcr+mko
2Mfb
-----END CERTIFICATE-----
,3:sni,18:piccdn.igetget.com;15:timestamp_start,17:1558440327.534702^19:timestamp_ssl_setup,17:1558440327.604113^10:ip_address,54:7:address,21:11:60.8.151.55,3:443#]8:use_ipv6,5:false!}3:via,0:~19:timestamp_tcp_setup,17:1558440327.546119^}}59306:8:response,56119:6:reason,2:OK,13:timestamp_end,17:1558440327.812844^12:http_version,8:HTTP/1.1,11:status_code,3:200#15:timestamp_start,17:1558440327.794627^7:headers,731:40:4:Date,29:Tue, 21 May 2019 12:05:27 GMT,]30:12:Content-Type,10:image/jpeg,]26:14:Content-Length,5:55216,]28:10:Connection,10:keep-alive,]21:6:Server,9:AliyunOSS,]48:16:x-oss-request-id,24:5C8A37CEB897A643E6656881,]25:13:Accept-Ranges,5:bytes,]45:4:ETag,34:"2B9C4D13D081080A540296EB25E6D368",]50:13:Last-Modified,29:Tue, 23 Jan 2018 10:43:23 GMT,]30:17:x-oss-object-type,6:Normal,]47:20:x-oss-hash-crc64ecma,19:5459718020684267080,]34:19:x-oss-storage-class,8:Standard,]34:13:Cache-Control,13:max-age=86400,]43:11:Content-MD5,24:K5xNE9CBCApUApbrJebTaA==,]25:17:x-oss-server-time,1:6,]16:3:Age,7:2319477,]120:5:X-Via,107:1.1 PSsdzbwt4id73:4 (Cdn Cache Server V2.0)[0 200 0], 1.1 PShbzjkwt2gp25:8 (Cdn Cache Server V2.0)[1 200 0],]]7:content,55216:ÿØÿá Exif  II*            ÿì Ducky       ÿáhttp://ns.adobe.com/xap/1.0/ <?xpacket begin="ï»¿" id="W5M0MpCehiHzreSzNTczkc9d"?> <x:xmpmeta xmlns:x="adobe:ns:meta/" x:xmptk="Adobe XMP Core 5.6-c138 79.159824, 2016/09/14-01:09:01        "> <rdf:RDF xmlns:rdf="http://www.w3.org/1999/02/22-rdf-syntax-ns#"> <rdf:Description rdf:about="" xmlns:xmpMM="http://ns.adobe.com/xap/1.0/mm/" xmlns:stRef="http://ns.adobe.com/xap/1.0/sType/ResourceRef#" xmlns:xmp="http://ns.adobe.com/xap/1.0/" xmpMM:OriginalDocumentID="xmp.did:84209faa-91c2-49af-ae09-009252cd2e03" xmpMM:DocumentID="xmp.did:7DCCE591F84E11E78E98DA2471C2977B" xmpMM:InstanceID="xmp.iid:7DCCE590F84E11E78E98DA2471C2977B" xmp:CreatorTool="Adobe Photoshop CC 2017 (Macintosh)"> <xmpMM:DerivedFrom stRef:instanceID="xmp.iid:9dfb747e-57ae-42e1-8a34-3750140c1b54" stRef:documentID="adobe:docid:photoshop:889fc03c-40b7-117b-b269-bc02895c7d2a"/> </rdf:Description> </rdf:RDF> </x:xmpmeta> <?xpacket end="r"?>ÿî Adobe dÀ   ÿÛ „ """"&!  !&&-/2/-&<<AA<<AAAAAAAAAAAAAAA  0  #  0=,&&&&,=6:222:6AA==AAAAAAAAAAAAAAAAAÿÀ X" ÿÄ ¸                         	 !1AQ"ğaq‘2BR¡±Ábr#&‚’3TFÑ¢²ÒCS“$áÂcsƒñ45£â³D%Ótã”6 	     !1AQaq‘ğb¡±ÁÑá"2BrñR’‚²3ÂÒ#CsÿÚ   ? ĞÄöüßL³+b{~o¦Yœİ™ë$5’,ŠD…""" """ """ """ """ """ """ """ """ """ """ """ """ """ """ """ """ ""ÌOoÍôË2¶'·æúe™Yg¬‘dk$Y ˆ
DDD@DDD@DDD@DDD@DDD@DDD@DDD@DDD@DDD@DDD@DDD@DDD@DDD@DDD@DDD@DDD@DDD@DD˜ß›é–elOoÍôË2²ÏY"ÈÖH²*A'I,ERë¨æât‘/K={œÜN’#¤ëÜæât‘'^ç7¤ˆé:÷9¸$GI×¹ÍÄé":N½În'IÒuîsq:H“¯s›‰ÒDt{œÜN’#¤ëÜæât‘'^ç7¤ˆé:÷9¸$GI×¹ÍÄé":N½În'IÒuîsq:H“¯s›‰ÒDt{œÜN’#¤ëÜæât‘'^ç7¤ˆé:÷9¸$GI×¹ÍÄé":N½În'IÒuîsq:H“¯s›‰ÒDt{œÜN’#¤ëÜæât‘'^ç7¤ˆé:÷9¸$GI×¹ÍÄé":N½În'IÒuîsq:H“¯s›ˆ‰—B" ""ÌOoÍôË2¶'·æúe™Yg¬‘dk$Y $æÄé&­bı4æœóøå¼»—[î÷uğÕşP±»V/L~yğøXşyğıÖvµuÑl[m³[bq‡ùçÃácóÏ‡ÂÎÂ"›åŸSÃg'ùçÃácóÏ‡ÂÎÂ"›äõ<6rqÿ |>?<ø|,ì")¾OSÃg'ùçÃácóÏ‡ÂÎÂ"›äõ<6rqÿ |>?<ø|,ì")¾OSÃg'ùçÃácóÏ‡ÂÎÂ"›äõ<6rqÿ |>?<ø|,ì")¾OSÃg'ùçÃácóÏ‡ÂÎÂ"›äõ<6rqÿ |>?<ø|,ì")¾OSÃg'ùçÃácóÏ‡ÂÎÂ"›äõ<6rqÿ |>?<ø|,ì")¾OSÃg'ùçÃácóÏ‡ÂÎÂ"›äõ<6rqÿ |>?<ø|,ì")¾OSÃg'ùçÃácóÏ‡ÂÎÂ"›äõ<6rqÿ |>?<ø|,ì")¾OSÃg'ùçÃácóÏ‡ÂÎÂ"›äõ<6rqÿ |>?<ø|,ì")¾OSÃg'ùçÃácóÏ‡ÂÎÂ"›äõ<6rqÿ |>?<ø|,ì")¾OSÃg'ùçÃácóÏ‡ÂÎÂ"›äõ<6rqÿ |>?<ø|,ì")¾OSÃg'ùçÃácóÏ‡ÂÎÂ"›äõ<6rqÿ |>?<ø|,ì")¾OSÃg'ùçÃácóÏ‡ÂÎÂ"›äõ<6rqÿ |>?<ø|,ì")¾OSÃg'ùçÃácóÏ‡ÂÎÂ"›äõ<6rqÿ |>?<ø|,ì")¾OSÃg'ùçÃácóÏ‡ÂÎÂ"›äõ<6rqÿ |>?<ø|,ì")¾OSÃg'ùçÃácóÏ‡ÂÎÂ"›äõ<6rqü¯šsÏã•rîco½ŞWÃWùFÅíV<3°œóÏ‡î³°ˆ<ÊVÙˆˆ­±89¸ˆ˜t""" |ÄöüßL³+b{~o¦Y•–zÉF²E‘R	ÒNlN’jÖ/ÑÇÿ <ø~ë;	Çÿ <ø~ë;	c^'™úÿ DD¬,‹êÆ¥ï¹¸k¬câñ>ULù¸¬@ŒÜE‡^á+ş*ÇÏºÊê0*Se«¹‹êƒ·nºìÿ Òe>^F>Yvrl1f‚»
+¨Ù¯h·GL“.¶ÙnÙî£ø÷'ıî¿L±‹Ìp³—åµ”jÁzåVÌÖÆl´äØŠ]¬QK ª5>«ôN‡‘Š-À«11©Ç²ğxÅ(hº*—[îÎó9×,Á»¸Ê»»³@Ü<İ“ãU2¿ÿ gä½øíşä÷‘Ì9¹—&ÊÔ%C0*t#hèœ÷?ÉåÙ„p$-„İİ¨WÖĞDÉm‘4‰‹›ßıŸ‘şõÿ ã·û“R›ê¾•È©¸ªuãVĞTí×lÉøïÃö7ê/÷eúr121°Ù^•£ƒbáÌF‘tqGük”şùWë‰ï'šrüV‘•±‚“·„î:N#à±úÏÆ÷câ{ŞóS¯šuMbØ+ø‡ó†øeââ®º6›¼qVı;k®¾Æ­ß‹9=gDw¸ë§aüü3tF£tÂ§šşÇıƒÓY)YSé.äÔœÛ |.KT–Ëuzë¢ŸÑ†f#.¶6ËBgr¾h¼Ç¿Ò³_qa¬êx¸´éÜ'9Íù]ü³¾ş'}–»ª­Xcúg¢bòä¼å­äÛ‹]¶ŞÔ'N÷ëhGLU¸òâm™«ôè˜Xœƒ#&»Û˜İh¬êkmx[Ä{f\æœ¯øŠÖ;û(îÉ:ÖtââÓ¢W*EsÃm2y¯ÃóLn]İq|J–ïx´áÓ‹ÙáÛêõÉ¹–iÀÄ|¡S_Á¦¨]$€'#—É{u‰…ñV·|¤÷¤öÓN-Ş‰?9ä­Ëp[)3o±ƒ*…fÙÚ>#%eÓ¢ÚÛ~×QËù–'1§¾Æ}G´‡c¡êa-Ì~QÉpğû¬Ê”‹”VöuáM§Y›¹İJá‘„D@DDD@DDD@DDD@DDD@ãÿ |?u„ãÿ |?u„‘¯üÏ×ø‡7„D@DD˜ß›é–elOoÍôË2²ÏY ‘¬‘dT‚t“›¤šµ‹ôqÿ Ï>ºÎÂqÿ Ï>ºÎÂX×‰æ~¿Ä+D@DDD@DDD@DDD@DDD@åÿ ×˜ö\¹<8oÀ‡A©mu×_4«•‡ø‡—ÖkÈ7ĞU©JÕ¸+áémÒt¼Ï–ÑÌñÆ=ìèƒëY ’Ğn¹’ÿ „ğ•–ü¦ ¼M¤t~ÎJ:Û|R"i„ìdW‰š¼—##=Nm©kîË4eİæêšÿ †ñ9xø÷>Pl6BS‡ÕâñÎvÎ]sÖkÆÀÏ[q´ıŞıºé~yÖò>Jœ¶¡aw7ÙZ‹Q˜2+o!trCWÏÛ8Æ3²ìå®Çk,Å©Éfb£RÇi&qœŞŠ3³l«“ã «¶k^± r7îßÔ:öÍœãÏù®U¸5WğxˆÅl·SÛ_µ³]G@ó™µË9f7,Çî1Æ¤í²Ãë;u™sf'£šÎÌäôòNg†·.%=ê€.Nª¿ô‰°¸Øø¸ÖWZÔš1áQ Ôó˜r¬|“Ìy#÷WM”nW×iá×g˜ìš|«'77	›:‡·RšmZpÛa›±Æ&±²trÿ Õ¾½^ÿ ¾âîµíğñoÒjÛFoâj©¹•¦2—Fİ¯	#ûB]§ğÏ.ÅÄaer†e:šÙú—ÖÒ|ü=’,¿šg)LŒ“Âµ‘¡JÔîĞù˜IGIº)3·Ú¡W,À?Š.Ä4)ÇZC
ôì†Ñ6ü³¤²Ü.U‡ÄÚSVÅQãÛ¢‰™V.@üSvQ­…HQn‚Ú&Í|Òÿ 2å8œÌT2AÒ¦â'MAŞ§Äebé¬ÛYšR*ÀÁ¹9·3ş)Ì,JqèÙ‰C²©?[B~^¿$­Ëñğs°ù5÷WS5åèwe0×FôN‹'ğ÷*Ê°Ym;UB(VdP«¸ ³“~Æ¿â~?Äà´­<\uë_‹v²5[IšÌR‹¼‹q‘ËyƒË¯²–j
Ú:;[µùåaÈïÍÊl„Ï·Xİ¦¼#A§¼$×~åw.:½[1´	·iA·ºÄÔ—‹tV¶á\Ü._'º®u‰†smw¹IxÓÖØ;^)§gá;.^y•Ö.ş†¾BòÇ0ÇÈÄœ¾ô©Ú”BÀ¤¢ŞöÜ'¼Ş[Î®É²Ì^`i¥´à¯MxvmÛåŠ7×?oİö©~ï—˜s
^÷¾¼r*VrHØÌ5N¬êf_%äã•U`k×^Á­³M7k éë3R!Îù‰ºfˆ•’" """ """ """ """ qÿ Ï>ºÎÂqÿ Ï>ºÎÂH×‹~gëüC›ˆ‰‡B" ""ÌOoÍôË2¶'·æúe™Yg¬‘dk$Y $æÄé&­bıóÏ‡î³°œóÏ‡î³°–5âyŸ¯ñDJÁ*?3å¨ì—Jº’Mˆ#a>å¾Ñşªz\ˆ0Ù*Åy_ï´ªŸŞâ¼¯÷Ú?ÕOïK‘†Éæ§üW•şûGú©ıèş+Êÿ }£ıTşô¹a²y©ÿ å¾Ñşªz?Šò¿ßhÿ U?½.DljÅy_ï´ªŸŞâ¼¯÷Ú?ÕOïK‘'šŸñ^Wûíê§÷£ø¯+ıöõSûÒäA†Éæ§üW•şûGú©ıèş+Êÿ }£ıTşô¹a²y©ÿ å¾Ñşªz?Šò¿ßhÿ U?½.DljÅy_ï´ªŸŞâ¼¯÷Ú?ÕOïK‘'š¢s>Zî¨™t³±TX„’v  2ÜD!şyğıÖvşyğıÖvF¼[ó?_âÜDL:>b{~o¦Y•±=¿7Ó,ÊË=d‹#Y"È©é'6'I5kèãÿ |?u„ãÿ |?u„±¯Ìıˆ""Vˆ€ˆˆˆ€ˆˆˆ€ˆˆˆ€ˆˆˆ€ˆˆˆ€ˆˆˆ€ˆˆˆ€ˆˆˆ€ˆˆˆ€ˆˆˆ€ˆˆˆ€ˆˆˆ€ˆˆˆ€ˆˆˆÇÿ <ø~ë;	Çÿ <ø~ë;	#^-ùŸ¯ñn"&ˆ€ˆˆ1=¿7Ó,ÊØß›é–ee²E‘¬‘dT‚t“›¤šµ‹ôqÿ Ï>ºÎÂqÿ Ï>ºÎÂX×‰æ~¿Ä+D@DDD@DDDøA €t'qêö'+•ø«
«¯³¹4Uş ´Â]ué™OÏ¿ŒDÌø…ZÍ@¯^%Gz¹*éTÎSk¿‰Ê`Qø§!(Î\Êš·ÅV8”ô0Zæ?4æ|Ãœå{Ş½ÔTÜ=“°ú"¤yušDÃô9ä:±eV—c v‚F»g7Üş2}ı5øôOî4æ,ÎæXÒëMüYJúZëµ,áÙ»A¨óEK|ªÖ—GsôØa¾M˜Õ¾]b«ÈûÄSÄes[‡i§&ñ]€ÂCn=;®tšÒ1à½!ÊÊ£†ÈÈn
“N&Ğ¶œD(Ø5;ÌÏoÄœ‘F§(y•ÏÌ³/ş å9œ·#‹KØáx¨%Y[{Õ%Z‹.™ŠÄÑÑãeâå§yjÚ½%NºyGD~YÊrÓ˜S“aaZ6¯Ã¼®›º'\ß9nšo'ÆÎb%»¼©‰ÃK•qª§ÅDöœ°âQ×Ã¦ßLéê¶»«[j`õ¸¬7e«ÖİnqG¹_+;#eZ*-®„é¬±9/ÆÖ^%],Îßª}1+e½WD:ºì®ÔTáÑ·2Ê|âzœoàì+…˜îR¢®­tïâÅz@İåòNÁİQØèª	câd‚ûzf‘5C^v·¾:\†êÎ^º0>C,OÉ­¶Ìœ·¹u6]aeÖâvÔi¤ıïá®“Í/f}B»¶¯£>åë<1Õş_M)5™Ñ«Ív%¨¶VÁÑ†ªÊuxŒõ+™<ÙbU[Ya
ˆ3ÁTjLõ2?äŒnO½h/éïş®°±˜­:o§"±m¶VÛ™Où$“ó.Fùÿ Ä*«Ã[Øtn”áIeéĞOÓd‰«^e3JÔˆ‰X%|¬ìL>•h¨XxP¶ºk¿D±9oÆ¿ûLoû‡û1-Yº#k§GK:0e;™N ùÄõ9ÁZüA×g{ ¢%®{Ï­å9"T¶¥ŠÌà’­°€4?ğ’¸T›'ªmŒZÙ™Ø¸5­™Vwhì1"	è×ªIMôd'yE‹jiaòNCŸóJy§#®úU“‡%UÕ†æîÜì#a•ÿ †ş%qö{ƒ¯—4Šâß§öMÓ„Ã»ˆ‰\ˆˆ€ˆˆˆ€ˆˆˆ€ˆˆóÏ‡î³°œóÏ‡î³°’5âß™úÿ æâ"aĞˆˆˆóÛó}2Ì­‰íù¾™fVYë$YÉŠN’sbt“V±~?ùçÃ÷YØN?ùçÃ÷YØKñ<Ï×ø‚"%`ˆˆˆ€ˆˆˆ€ˆˆG9ç9Ï“Êx;êİ¸j
>ñtÑ¶pïİ1û_•ÕŒ)ní/fíágeÚkÓ¾k—ş/{ä±ÛÑY2¸¨¯!ÂÙ¶üÂëæßÑ2õE"#“Ş½Éùîm\Â®_}Gº
˜ıÈºÚ±ÃÇô·ü&7;<|ç/£[JêwlÙ5p¿ÿ ³oû·ûo)fS‰w>ÊL»ûŠ»æÕÂ—ö› ŠEÕ§é\/Ê9Ñg8âØF×çœÖ]tÕ“mxïŞR¬Eoï(ÜfîCò._Ì¬Å¿½©8JÚ¶¹nPÚğ–á;üSJÂX™œ³i\[t²šp°Fí ÌÚÅ»§¦êLa_£«”óy^0(réšıC«)ı’%É›>å8Ö=Wä²³£/’™fh­~Ú÷8ûl¯”gÙ‹›ƒNEjÚ©áác[T©İ»¯Ó5rÏ#ËäyY8V–"¯àU¶²Xxl•¿çò~eEvã_Å•QĞŠ¶Ş5efÿ L¨r¹F7#¿Æ·3#€Ùg*Váô¯–eè¤Ì[4º.¬UOğıig8ÆK::« {-ĞgAø£6Œ$¯	R«É;Vª¥n:Ï†ÙÌò¼ÑËó«Ë+Äj¢õ³VÊ¿)’Ó‘vCesCuö;q5u…Uo+ñë§ˆ&]mn¬å–÷Qøsœ?0''5ˆ5ø…AÀ~ßQùçJ @4pœŠ~/ÁÆ¨U‡‚Urq-cä7ùG6£šã›j&‚ÚÒ¤ı¢j/¶séé…Å¼C”‡CÂRÔmFÃÒ6zg%E|×Z´‡ïÛv&½,v™×~-ÿ áŸí§Ï1?ïò?íÎ²NmÙ4òæu‰gsWæ¸™•.U‚»©­{çDTMN€p6-çYÖ~²Ü®;ÏqK®Çqş!e7>º_Œ?ùaÿ i>vã`sgËëZkÓl`[u¶3*ºoÙ ­á6Û3H97"æ9Š3qh·İØúêYzW@wIùÿ /æ˜¸ÕYŸ˜rUŸ@š±
Ú®Ù³É¿`Z•âZƒ”@?b|@ôyı3ÇãR>t›uô)ŠEê»Ôˆ˜¢àë3›"Ê’Áğˆ8¬­¶ímÜG®u<Ç™QËj[²Ú¶<<Hpvóšü§1º ¬zxÿ ¢uöU]ÈkµÄoYSåXÉÏÌ§\Ö?ıÃ”õ[úƒûÓüEÏjæ½ÍxêéUZ³q€	s³ÙfÜ'pØ¸õµ†Š«DRÌB(ÑTkÕ?;®›y×6+Rğwî[`ĞWXòu,“Vü¾šÍÑ;ecólNTöİm-mÎ¡] TŞÛúöM¦ümF½œG#Æà}uQV5)E+Ã]`*NCñ—0e\¾³¨O¼·íŠ=|ñ”6ßwãíH?Øä%X:¹Ü;ÂÚù…r\_ÅÍ’«•„ÉÛ‘\ºøübQü‚lÊ³9‡fÀ‡ë¾ÿ Büó¸–*—ô[4‹}¨2òSÜ—õjBş]Áçœ'3Ï¿7’a=çÁmªÎwùlş3¿%1i¡Œ{[,ëeÚ©ôù§;”†¾E€Oø¶Şê<C>‰%|«b‘;nKÉ¹ŞO(M;¡f-®I×cP¡¸[Ä4Ÿg&vuVVAJh¬4aÇ­›|Ì&ÇáşY‹Ìy=k’	Z²YÀ:*öOˆÌş]ˆ9Ï?ºöPqjrì4ì”S¥içÓÑ¬7[z¦êcnh3s° ÅåøìZô°[odÄUø¶¢ÚO‡y¦7+É¶ì€ì¯_
„ xé"m~/ÆÅÇÂÇS]DÙì*¦À§İ¯àµVÉÉâ»¼kíF©XŸ.f“Ilòÿ Å89ÙC#Ò_elúhÍîì×C7§U`êA 	îiç™"„DBşyğıÖvşyğıÖvF¼[ó?_âÜDL:>b{~o¦Y•±=¿7Ó,ÊË=d‹#Y"È©é'6'I5kèãÿ |?u„ãÿ |?u„±¯Ìıˆ""Vˆ€ˆˆˆ€ˆˆˆùÇ5g^“İúîíZùmNù§KÍy!nIF-.¨øz?ì† =½“¬åùÊ‡ç÷£× OP:m›·~ä•ÔöYšîê¬T5µètífv½7ef4ÃeX<—3ºæé™ÅŠ­¶;1Ô±9ùgÌ]Ìù•¯—P³†Î'g!P¹<Zm#Y&À^cÌ*Åw(©b»ôQ©Ë:£ø—\^^”œZöTÚ*²ïë’ºêN­5ÊO›ÃÌ.9Ú|Nª,áÓ‡b7x§KÊÿ ÙE$g­u„SZ‚À Ğ0'1Í>+ãîøÂ'P,+§º©ÓWÊÿ Y]V.z*€¬Š×fƒ@B×¡–ì­ÆØãğuTwÂ”&à;e5á-Ö5•òyW/Ë´]“¶Xê“ã÷ıÂ|O} ï85àâñjñ™›ƒCdd¸D_K¥&iæŠ×bO.ä88ï‘~5IZm$¨$ø†³óüü¤ËÊ{«¥(¬ì®ªÕP*Úğ©ëšyy<Ëñ&g=g¹CØ¯ØAï;n×ÿ A/sÃøü¯’[k÷(”ÏeAa±Ó38½}´êšİv›·çæ&(:5‹gÛZÙ—å_“säÁo„æ4†­³„wµ‘³Fé zD©øcÿ œÅÿ Éÿ í<×üUÉ‰¹*êşáGıOéôõÉUn˜›ºnÊc.«ñ2+[ñŠ:ÎšIçåyùx6w˜¶šÛ¤U¾Ò†w‡ùÎ_4FïñøıÂì­›İĞôølš‰r¿Ê›q­açñoÿ ÿ m>yË~åtóL›i¹Ş´Dâû²;@Óh3©ü[ÿ Ã?ÛOsŸ…sqp²î³*ÁR5| v!Õ$æİ•ôæ™Õ[ñ\»5qiwzÖµ*l!ˆâ-°hÉ×şÿ áiûOı³9?Ä¹¸ÙÜÄ]Šıåbµ^-íÚúÀN£ğİ«Gáô¹Á*†Æ!AfĞ9ÜFg™_NÚçXsû•ÙÎš°É<tª|íQäo’h~&ªÜ^YËq.~òÅÆÇnÕÓââÒtØÙü§:Ô¶›k²äS^ÍªM@VĞôNWñ@|úh^æ½[ÄÖŞ€"u-ºfëbcñ]üºU˜úojÆ¿d7ôÎ¶s?‚êeå÷Zw=º"¨ş™ÓK9yŸœ³9î&ng/||"¡œ0Ç‡‰Ş|fqÜ·>ÿ ÃÙ6.N6X n"QÂtíOÑ&O<Ëå4c”æ*·5®öõzWË­—aÓN¨™©Åü±±ÀnUÕiaë7PeÔN%O0Ì'm™¸t³ákl‹ø1ê$»î¥ÕÏ“Ç=WfVG£"³¦î]GH35z-²-¯Nsµúg+ÀN]…^*í*5±½çoXøtK³‰Áüeš&}BÕÿ 2¾Ëù×qù']‡™¹ÍÇ[tî à‰¨—šûn‰­Úê÷‘NU-FB©ÆŒ¦qÿ ‹ñêÅÇå¸ô+©mU×iĞw{çk8ÏÆÿ µÃû/ó¬NKå~q¿†ªºÏÃ÷WQ	e`­àJ…g8s¿cÕƒ…ñ‚ÁÅmÈ›¼éâ
Î¯é–?	ğÉößç›Ñ¡uÔºè¥b¹8ÄüÏ.ŠFnÅEbT.Ói»µ+r+yµV\y]B×*šèxF»7‘7¿ğ¸£¤ØÇĞ²¿à€{ÌÆè±é/ıjë•i¼£#ñ	¸§3Æû§;-µ5ø¸CjGË7b&yšÍiÀˆˆB" """ """ qÿ Ï>ºÎÂqÿ Ï>ºÎÂH×‹~gëüC›ˆ‰‡B" ""ÌOoÍôË2¶'·æúe™Yg¬‘dk$Y $æÄé&­bıóÏ‡î³°œóÏ‡î³°–5âyŸ¯ñDJÁ?>ÌÀ¿˜~!½+©ì«¿Ö ğª‚jİ¡³ğŸ)ZÜ¥nÎğ3ëi²t%'Ì»
aGÉ¹6ÁsÌMj,­×Ç´ä4ìîšÆ?²ê¼«Cõ¸¾m“¥ˆ¢O™Y¬ÄKóÌÎMÏsrìÉ|2¯kj@eá–›c#ñ‚Ôµ¦*5Ğ:nÒuYó&i[mÁ™Ê-æï[§5¤WbRÅd!ÁèÑ	ÓIQÿ ¾vOÄólƒxR{º+Öº•~óz%£=SY˜Â»ÑF5bª+Zë•F‚c~,$rk4étÓ7d9ØùU÷Y‹PÜ-´j!-š];_Ÿş­Ûcº©*œ|lÅÖ·S?F ¡İ<UMT ®”ZĞnTG OrDQ«ïêšÒk+ğ†%Ù‹uNi¡¶ÒöF¿'Dè©¦ª*ZiP• ÑTn{‰hÌİ3H™­‹‹	áQ©kPh<æd~äoe¶[Ì1~à¦•÷£M[Q´·tí¢JbÔy“ôÇ7Îÿ äYÌU9n/R4ZÃjuÔ™Ôrl9w/¯Öë©b¾®¬uĞk4"(—_3£œüCÈp®Æ¿:±ÜßR®Å³„kÚg®s§’æs{êR…Ø÷·kw²½f~muİ[Uj‡­ÁVS¸ƒU]5­U(JĞhª£@Q«|Ù‹i®ˆ°±)ÁÅ¯‘Ø¬h	ŞNòO”Èóù–6©¸;5š÷uÖ¥Ù¸wé¦Î™r%s®5œ\ÍüÃñc—á¶%gü[tWÓôôÓĞe\Á÷Üı÷2Ê,Íµ‚jî|®ÿ ĞgaQ¿Rcb-SÁå˜<½xqjO¬ş³·•Ùç˜rœdœ95êÃbÚ»,_!—¢Vk5­q~wÍfàq[PøŒq·GiGÖ_¤N£ğF¾M[ë»ü¼?òÍÉñUQB 
£pA%»Ì›­¤ó}œWãb~'tp7ö§k!³ëVëjK,A¢3 Å|šÄ³eİ7U‹øirWä¸³š»ÀxİšèAĞÏ—øÀ¸8àu“ÿ ù§GC¯šDÖuqÜË—~%æİÚäÓJ-d•à`kO¬İSç.äÿ ‰9ox1{•ï¸xËŞ¦ºt}iÙDQ¯RiJ[Mrº­ËcİC¢µ°ò„ÖtCR#CÒ7Ï±+5Ò#„D@DDD@DDD@ãÿ |?u„ãÿ |?u„‘¯üÏ×ø‡7„D@DD˜ß›é–elOoÍôË2²ÏY"ÈÖH²*A:IÍ‰ÒMZÅú8ÿ çŸİga8ÿ çŸİga,kÄó?_âˆ•‚" """ """ """ "%Îoƒ…h§!ØZT0EG~ËÕTˆ"&r^‰?bØÌ˜øù7²hWQ<:î×R4š)•Q­Ò)gPÆ»W]z…›f3„ñ2ğy²e_—Äõ¦=6wt¶º3•²u;µİ4RÚì×»u}7ğtôBLLf÷ÃİUdPÁˆ<ññXßç'ë/ôÀš&Zóe<İ°KWÜ
;ÑoŞ> ¼:ë¦é{â±¿ÎOÖ_é…˜˜MÂ[Uš÷n¯¦şÍ=Â=sì<å¹w
÷kßqíââã§“lhDDO6X•VÖXÁQfc¸´™“Ëyî.N9»*ú(fvîë6*¸¬Œ3l0±1XlD©‘Ì±qêK™•Ûê5Jmõ5•ñ-mB›X©Ñ´ªÃ¡ê=˜:ft–´JX\Ó9ì¯·ZVVB8·zÀF1«—šZônê×àk‡©V»‹y`¤Ö”Åv'–²´Cc°TK’éåÀıæ¯õúa)+12yW9§/¬Œ«©ª÷âã@Á4ávQ±˜ÂhÕ‘q"›RÂ»ø6ˆY‰ŒôK„D@DDD@DDD@DDD@DD?ùçÃ÷YØN?ùçÃ÷YØIñoÌıˆsq0èDDD@ù‰íù¾™fVÄöüßL³+,õ’,d‹"¤¤œØ$Õ¬_£şyğıÖvşyğıÖvÆ¼O3õş ˆ‰X""" """ """ ""gåäs:¬nã§¡F½ãÛİÚG	İ4&71ÇÉ½î|ëE\ªÆj¯^;Â#Æz¼]0¶ç‹+“óa‘—‘‹[›+YÁ§
8{;uß=ŞØMÎ‹s´®½q—°ÇñÇgDµO%¯-ïËÛ@¸×n•öl¤
ôõviä››9ª÷ìq•;ÊêgBÂÃ¦Àİ$u¬LÍ6iš®?ÿ [ş)—Şw?Ã_q®¼<Zvôš‡¾âù—Ápü?}ß«§İç”ñy‡,×:ö©,*ZÀ¥›j©âì…ìËü’ÌÎeuHR›³_šö#q º´ŸËñŒÚ9xdY—JYÀ4şÈ˜YÈKœ~]‚™Ù^ícîÓÆön^æX|ªì®.e™Â¥A\G¸U^Íœ\:ƒ·I3À£˜äb×~=X5¢xZ´Bäv»]&¶´Ãªi¦PÃ#ø³P&õ£â;¸'ˆ/u¿]4;æ®8äàÇæ+ƒ“îZ>í¼ifâ&€<½y‹s§ºj¾N$àã,õø´×N‰Tó<¾c•‹™~=˜*ˆjãjø‘ÚÑOÍMÓ;p0kâ``âjø•%}à”ö€İ>æàãçT)È¢°qÂÅo_,Ïå¸|®œ¢ü·0º<X©p¶¡¯µÃ©2ÆW'ÅË¹¯±íÚjÆEØ4Ü!Ï\ç¨?ú×*÷lÿ VÏïLµä¸ñá•~äb÷€q¿xÖ×Yg–òìœ¼¬E9*Ø…1¹´nğ³Ñ-õ®]ÇŞq]Ç¦œ]ëqiÕ¬7ÕJÖë²}ÿ ë\«İ³ı[?½/á`ãàÔiÇ#1sÄÅÏ oo$Ç¿•òú31pËdËï8X\Ú/r¼G_,ĞÅäø¸—-õ½¥—]ØÎ»F›Œ33†7L²yÿ 1d×ËY-¼câ–³g©7oéğÖ§1ÌÁÉ	…‹ƒe rcrÓõş×\ÖçÖYVG.²ªÍÎ·’µ‚±à;52¥|Ã˜qu£—9°ĞŠiïUPÍ£k»l7nQ1EsÕ¡O8å´rÏˆ­Zª)&”¥‡…ĞzŠº¾UÀÍÅäøÚóK;Œ¬×|—Nm;Ã»US»IKÊ©å\ÂÚ@Ë«"áÄµvÚT :‡æ’äóîÎ xu±>$÷làáí :u=9ÄDçr÷#ŠËæ<Áîr,­jfx–”áÔåš÷ÑVE/EÊ»)ê•0ù¶6e½ÍIj¶…µzÙAã2:å”|6^p²Õ¹QœpØÁ(ÙÙÎwcöåDÉ]<«—Œ\÷lºK¬šW½U€â×M%_Šü7ûˆÿ ıCÿ ôåÚrëÇä¸—d8ZšƒØ€»/c¶tÔùä8ÌkîÛôæxNÀq³¾µ'ya±´éé…ÛZç¶Œ®Qo'§—SVvJñwŒØÆÆÚìGk€ë³IµËrùCä=4Šn)Æê)î	E:{«®Ó<à½Ï9¢³±JÆ8D$•^:õ:Ò^_‡}y9y¹zwùÂN¡(OP¦¦&µ®Üö´¢"W2" """ """ """ ""üóáû¬ì'üóáû¬ì$x·æ~¿Ä9¸ˆ˜t""" |ÄöüßL³+b{~o¦Y•–zÉF²A"¤¤œØ$Õ¬_£şyğıÖvşyğıÖvÆ¼O3õş ˆ‰X""" """ """ ""sˆ°1ÙëÈ4XE–/ÅŞ…ß‚” z´Û×¤é&fU¼ŞëÛ¥Ç¨h2Òx×îëNÈ–¬™‰«/“_]8ü¤qädÖÛ\UZÛ°/³A³C:,¼ª9n]aìT (ö˜îU33[ğõTV×âİrç'7£;Xíá(t]VÉ÷/;!3ù°áíÆÄèCïÙĞ[ÃÅ#S14Æ±scâçerôæ#)Âdd
ìEm†ì­wı‘´õi796~+ñrô¹,l~©Õ¸ÉÃ¯ŞuÖyÉÅÎ£™Û›^]w¢+#8­‘ëÔj7ö¬|ü®c•“‹^%x¡ôáqk¹u*ª£@50³11¦UÏ^<Ğrºil¼új° áRè®íÒx„å°±ò~S·/¢çáK[ª
ßo`®´Óÿ YÔ7*K¹ÍÊ°Ş+Óá©oÙÕ°jtÎ²Zìˆ3¬(B5Ur	 tKn¤Lg‚7Ëäƒ–‹†-f¶r+Ä5*»dz¼!4õº5œıYs<‹íÅªîåÛğÅjTWnÒµ4âO—oŸ¬£•V™›‘cd^Iî‹éÃR±QGOWÅ®Áøƒ:Â„#UPW ğ’A…‹¢+LpÕk—/,²¡•Ëê©Á¡jÑQ¾Ëp’3y}™v+¦]ØÁFœ50U;w’4åÓ3qlj’r(];«voÓ ë>dãs«.s™]PwBÇş-Æµ‰æÆåü²Û9§2¨gd!¨Õ­ŠÀ=œJŞ¾Î‰ºprFãU›bØ­Är-–·²uÙ(Uø)-¶öæv‹r
›š´Z¸¸7n×IdásLj’¬¡nÒÖ>ak\“¦JôCWMg£MY˜Áy¯-­ùƒ½–wıİ¦´®ÁmOé¹…‡™c6Fke)dTĞë¿³3nåüşì¬|§¿¼ÅãîôWáûÕámeÜdç¢ô9Vã5>Ø­\>štkÓXŒmÉ[üCeòÚñx> Úï_y¯a6ñpíé•+ÿ ìÆ.áø?‰î^÷ºîø›M:uÖh­äsÓ“jÇÃ«‚‚}»-õ™|ƒde&f.{çãÑñBÚÒéX#/fâ<[4‚'Œ?&!eª·È¦üë6û^¬ZûÚÍ©Ã¡mH {>y?4æıõØğYu÷Y
úYW	}ì§kkx¦¿#ÆÉÇÅ³âSº²ë¬»»Ô7°ì‰ç›Õm—òãZ3Šò•œ¨-Âº­¦áÕYmzÆçzSğ9•qìï-§‚µÙ¯i¸¤œëÿ ‰Ìÿ ´ÿ 4¿)óZnÈåÙc€ÖÚ…1á­‡o’W8˜ê1PÆÊÌ«—Ñ‰UV»ãVÜ/gvİ”]ÃC¬‰(æd¶e|¾Š¬*E…o(Œ7êÊ‡_óFä‰SŒ{yu‹À,AØ­k Ôú«æÛ%l.mÍ;<Å×úØ´+u=ŸÑ#¦©:íîRå\Îûs9†65V›6¶ğéİ/Ó³»lÚÆ¿›=Ê¹8µ×I×‰ÖŞ66lá2¹("Ül…-”ú§O}74“în·ü6}(ê+—QÑN†C´K¦&³ïÍ§¹‘8ÿ çŸİga8ÿ çŸİga$kÅ¿3õş!ÍÄDÃ¡æ'·æúe™[Ûó}2Ì¬³ÖH$k$Y $æÄé&­bıóÏ‡î³°œóÏ‡î³°–5âyŸ¯ñDJÁ8ÿ çŸİga8ÿ çŸİga$kÅ¿3õş!ÍÄDÃ¡æ'·æúe™[Ûó}2Ì¬³ÖH²5’,ŠN’sbt“V±~?ùçÃ÷YØN?ùçÃ÷YØKñ<Ï×ø‚"%`ˆˆˆ€ˆˆˆ€ˆˆˆ€ˆˆˆ€ˆˆˆ€ˆˆˆ€ˆˆˆ€ˆˆˆ€ˆˆˆ€ˆˆˆ€ˆˆˆ€ˆˆˆ€ˆˆˆ€ˆˆˆ€ˆˆóÏ‡î³°œóÏ‡î³°’5âß™úÿ æâ"aĞˆˆˆóÛó}2Ì­‰íù¾™fVYë$YÉEH'I9±:I«X¿GÍ9_<ş9o1åÕ{½İœU”+nÍ‡ËÑ|>v-Ri6Û4Šc?óÏ‡ÂÇçŸ…„E7Éêxläãÿ <ø|,~yğøYØDS|§†ÎN?óÏ‡ÂÇçŸ…„E7Éêxläãÿ <ø|,~yğøYØDS|§†ÎN?óÏ‡ÂÇçŸ…„E7Éêxläãÿ <ø|,~yğøYØDS|§†ÎN?óÏ‡ÂÇçŸ…„E7Éêxläãÿ <ø|,~yğøYØDS|§†ÎN?óÏ‡ÂÇçŸ…„E7Éêxläãÿ <ø|,~yğøYØDS|§†ÎN?óÏ‡ÂÇçŸ…„E7Éêxläãÿ <ø|,~yğøYØDS|§†ÎN?óÏ‡ÂÇçŸ…„E7Éêxläãÿ <ø|,~yğøYØDS|§†ÎN?óÏ‡ÂÇçŸ…„E7Éêxläãÿ <ø|,~yğøYØDS|§†ÎN?óÏ‡ÂÇçŸ…„E7Éêxläãÿ <ø|,~yğøYØDS|§†ÎN?óÏ‡ÂÇçŸ…„E7Éêxläãÿ <ø|,~yğøYØDS|§†ÎN?óÏ‡ÂÇçŸ…„E7Éêxläãÿ <ø|,~yğøYØDS|§†ÎN?óÏ‡ÂÇçŸ…„E7Éêxläãÿ <ø|,~yğøYØDS|§†ÎN?óÏ‡ÂÇçŸ…„E7Éêxläãÿ <ø|,~yğøYØDS|§†ÎN?óÏ‡ÂÇçŸ…„E7Éêxläãÿ <ø|,~yğøYØDS|§†ÎN?óÏ‡ÂÇçŸ…„E7Éêxläãÿ <ø|,~yğøYØDS|§†ÎN?•ò¾yür®cÌj÷»Ë8ªÿ (Ö½šÏ“¢vÄ%×MÓY¤R)ƒ›ˆ‰ÍÔˆˆˆóÛó}2Ì­‰íù¾™fVYë$YÉEH"B‘ †”‚§h#h0æ'·æúe™[Ûó}2Ì¬³ÖH²5’	 ˆ
DDD@DDD@DDD@DDD@DDD@DDD@DDD@DD èu•(øÖÛUJ]	7
G¯ÀŞ³Õ®ı¬¾B7Ë’;©ïBèÆ»k<TÚ¾µoôƒ¸‘Êåâ9
· cì1à}zŠ¶†O¦’ÈÆ·Jy­5¥‡`±Ô5©aõ|‡M'Ëh	ßÑ©Â×ïjÔ¸©Oø•½‘í/VÑÕ¶^„èï—M¼.ªàøƒoôÈ+æT8fzî¨)ÑË¡*‡ë×O<¹#±lW8ãıÅc@7wµôÔŞ^£@C ÊC+UÔÖò®¬Î£ÖB´5Ï!K)ï+³f6^¼#M;¼•ÚÈÃÙ,:=á³|ŠÛW™!sÃ^E\.Çr½MÙfê­ ]‰ñøÕXªñ8„'‡‹Å©i¹/RÕëª’®±ëa½Yz {ˆˆ‰^ìƒ^V=>Åš÷Ğvkv,DDD@DDD@DDD@DDD@DDD@DDD@DD˜ß›é–elOoÍôË2²ÏY"ÈÖH²*A"ˆˆˆ€ˆˆˆ€ˆˆˆ€ˆˆˆ€ˆˆˆ€ˆˆˆ€‰åİ+^;*c¸jtÖí†" "|wJ“Ö ö˜ğ–eßÏğ«ÔR­y#°–ÛòA3“V'<9æ~KğcWUgMIbƒÊä	>™Ï¡ÉæJšî¯¶ßÔ–„Å3–Ù]T†©ŞvO—YŸoğÜrJäVé¾ªAŞ®Òz´”nÂ©Zµµn°ÜÅVì«;ºõ‹j®¦[Y
r*-îSPvôğÅª7÷&ÃæøUQÜİnÚ‰ZÙU´j½›Æ›´2Òó~Xûà} ËôH?Ú¿î[N“Ø/®ù\°’3]¦òHm?¯-7Q?­Ë×§,ÊVµ®U§•ØˆÜ]zy5•r2±h8–®JåŠ-*áÈg8ö¯+{ÀJ/ŸÉH*07ìÔ§Ò%7Ê¨±@,lr4ZıSĞu]úIŞÜDÎ—GXÜ¶êŸ\,³U;Ö‹¾¨}’OºU¯2î³¨U²ôû»ëfe”î(ÃFSÃ½OP‘r>bVŠñ²õZËÄÈqÂÃş'q‰±“ßÔk×»±Hz¬é®ÕÚ­ı>)šÄÒU¬ÆÍ¯µp¸•6ù­M>Q"ÆËïİè¶¶ÇÉ«kÒûO¼§¤K˜ÙK“Ä„wy5ì¿úÈŞ!Ò§x#¢EÌñú;Êşï/WÆ³sj6”Û¼7T%v½HMuÛ”Ô\5¯&’«Ğxê~>Éè G’UÆæô_R»×b±´BéÆ7€WS'6bf/wbÈTğÛ]‹¹‚¶‡ÍÓIH­m6.>IâfÙMãbİ§C{¯âéŞ$²®M¹­e98İñá%/¡‚ıâv•øB¤©e½hí±™U˜nÚÃSìJùyEgº­áâízª¼A8é é–4#a:‘°Úøà""" """ """ """ """ ""ÌOoÍôË2¶'·æúe™Yg¬‘dk$Y ˆ
DDD@DDD@DDD@DDD@DDD@DDD@"‘‘müE+çèùdw0Æ¬ŞOœ+qİªöJYîº›vòŞàIØÒNÀd§8Æ£:ÃO˜–ÿ î™F¨¶nï¯Qëuï{+;¾;œ}DRßÈ&gÇólÖ)‡H¡:lmê:Ë6Áèš—ò]˜¢ú€­˜j™ñéê™C*®éÍ\ÊÁV"/5R
×~›S¿‹_gÏ®›eŠÃ¬öÑIq“"íŸ™dkÚ°’¸µŸo>m%Ä§®*Ôß U¢£Õ·²<ú´úö]z(a®äšøG¼Fœ~m¬™2­U t
v‹†ˆ<UV4óhjstë2†Ğ·µĞ"!Z-JıÛGkÈl›¼¢ÁGğîfªO#n¨û|ˆ= nÙ’VÏ»V|5â}ı:øOb•û[|Rƒ3Ùwz–½™‰Ú¨Ñ«¥m¯KŸ__fI[k–‹6R¶æÓƒœ
_olÄ–NÚîÄ']G]ZO.b—Æ¶ÁM•ê§ªË>ƒÚ
¼+ÂzÉ2\¾h—R(æ4¶.~>–Ñ`]S¼]£fğ§x›S‡Í±ª½×^5]‹±ë'xÄzÉ*ÜÆşXM…U®ÃeÌ:ÔÔ©\ü²,Œë=õJ«À;Tì$¨ŞÀZÄ“æš<ÂƒÄöY—ˆ7×G6(ñÖæ”ZÎ[]µdãĞÖÖY’ĞÇÖĞkêë¨áëÓM%Á"nkÃ%’×ÕŒ™‹1j¹V ,@½‚7oÒTÈÈ¹)°¥••áØÛÚê
º|³Gğş@e`jPx£le^‚4ĞÊœğ[‚5l~%uJµı“)J<]BJ¬[÷R"yÆ/ D²±j÷HµÖÃP×X5Òu™ô_ÌphDJÚw5SÔ¬6Êí“›hÆd
qÔºR‡Z”gñg›	±‹0%¸¸UFÒ}a¯¦s™ØôYåE'ª1ª|œ†Ìá9v×­{ğØ è,;tÒ@õc1á=Œ6q3±mwì:ô£¯tòZ´VÜµ²éª&ŒAßçÛ¬½C RŠ­aâ-·ÙQ ’³µÖ-¶0ˆ‡º[áÇv)¦ÊìcÃeÕ›,WÓÕ…wïâ|=VWfOß!â®ŞùZĞ¤ö”¯+3lñÏM‚–Ö»5,8¸xBq zÇÉ++#„ÚÊ7v¶¨a°q7Âj'{3dc†{Ûj;°31-níj¦³¿Æt÷„­º¸Æÿ j^ÅÌÇÌBô6¤zèÛ>Ğúg3nv¶Uµk%]AÔ©Aô¼M®P¸ÜÃ±^ç#Û‚ÊtGE°ñ®k¿aÙÑ5Xy®¶mÍnª†]œÊ†:kİT­îö8Áım²J-kkÖÁÃj—'»júŞãÄd5®Nm¹E_ôU{ë°õìW±6ğê7‘²Mo
ç«)dSÄt:†î˜q§‰´†^Ù‚)r5áéÖzA‚öÙ‰[Üuµ¸¸ü¡Øiæİ=e7JÇÕï*ä6,úãå[ŒÛÖk±ÏAâÛe~U;|†±>b{~o¦Y•±=¿7Ó,ÊË=d‹#Y"È©@ˆR" """ """ """ """ """ 'ÆeEgv
Š5f;€·Î{7%¹@Å Ÿ…­€b¾µÖu/ÑúÆ|ÈÉ¿›YİÕÅ^¶€^æêòüŠ6™z¥L-1ñëå‘û0~î¥=.Ç£¯¥¼B|¬c‹‡Â,AÃuãmxëş]}môí>/W[N&ªâ-¡#µm–·F½.zO²<z	¸Š9İwVËæ¬æÎX@Ä¼œ«[WÇE†'Ùôiÿ ®’Î^FUÔ¦>n½Ú¥©pÌ¶¨×‹»n¹º$hF°Ï¸niCÑÙÔéò±‘ÿ ¬\fÒÖÙn^F•nŞ¨;ºáÔd¤,MÚGVùí’vÉ%xòS†ÔÚq›±M=OktëìútÊöİa°3³O«ìİÂ}Á´R§¯m†Y§–d\«uY4Ô’œ¯aÿ ‰Ó‰üm» OµòLÊµ9«Ş>û½lÔï!µ:×¾*E±F¿up'Ú8•–Íw}§$ø¤„İ‹zÓb²Ñ‘«"ã+×N%- f;<Òv¯šbVqëzAí¾>¶Y§½İ¹Ÿ.³3"ú³˜S‡]öf)—3hêSg£äŠÆ„DÌãøöÅ{âèPkÄÁ¶òÛõ¬èuß©mZ9QÏåæÊò1m\%ƒÄi'§A©áëôÉğùú·û~g®>JvYØñŸtü’ŞW6ÃÄ£â‹q×J’¶ÎşmÃ¬É3V¢)…3ï]H*ÃU`uu‚&/0Æ¯›`ó
ÀSm¡.Óq~†óƒ¶gbßÌqKX/ZûÂÖr¼u‚Ú±ìôy§Œîc›–•³…j¨qh5!UÕzx˜í™¬:úWÂç4å¶rû‡3å½YÖÊÀÙ^»ÈáéIsÍ¯£¼¨V1C; xƒ»hšîHe° 2X5Óxeq»Ğg#MÑ•›]'Š¤~íÄ5:y¢éÂWÉû®ˆœá]Ç}¢ÃêÕ¿B6q'F…~ó)*Aan&ºÔ· òôÊù*K«!:b¥¸Gúût“1¯åÈ×^©ê<Ó4z+8ñO’”Ù}kb]jÎİ (Ğ |ZÊÍ“EœlúJQàÓßĞu€OyÉ®E{u¦Ğ5#§‡V<jë}qÜéb:[Mã¤iÓ$eY&µ¤Q"0”íªŠÉÙÁ¼2¶Õa>İbÙw|šªº‡m›x†ÍÇ¬FJ=uÛeê*ÄG	=~¬*äÛiÃÑÂ¼(ÈŞ³³½1±qíK[eW(V*
ºn;vîŸ!°³#Õ»‘µXxÇWÍ<ä–4Œu¶œm®ğ5ì¨ñ™[CZ6©Ğk òËY»¶•‰í-je-ıíÅZ‚Ú5H•MtìÙÖ<{æ¸Õ`e&B1r@¤oà¥Üñ¯RYòÎ%+ğ½åºŠĞzï¡é= #k­œFÖsiàe,]xGhl;Š‘²j%Æï+*aƒ®¾•¾›(}‹b•'«¨ùŒ§F}wá¼Ğ÷hGÛƒºú–£t7È|òí,n¦»@×¼Em|¢|¶šn^«[t8+‰[9/] ª<6êFªëâa·äå«·9*â/Ô²Ô[k§îØô¯gÄt— """ """ """ """ ""ÌOoÍôË2¶'·æúe™Yg¬‘dk$Y ˆ
DDD@DDD@DDD@DDD@DDDømâ:ëÔ4–¶µ<:ñ6îí7É<—½‡b ½FÆÓú«Äd (
:†Éñİ+F²Ã¢ ,ÇÄ6ÀÆçY¹Ô1uAeÃ·İñq
÷iÚ÷¤Ø·ĞF5päX8on÷[J#{Úzİ[·È1òr¬æ®X÷E¶­|#mâ­}- ›8ÕZKÍe‡DCëöª‡Æ}f?Ñ5—İH§j¢`ü¿SM£EşÌq vqzÛYÁÖ|BWÅ¯,Û^AÛ{!VÜAj¯¦Ó§YéŞİÍÌ×İZ½k8¬ÛÙFUì›Xû)Ğ½H	ŞÒÍr¸ë­Ã®NIì>Siê'»X&ÉXÊ1×9yø—Z¬uR¸Á´ÉÊWËÛqk¦ÍvlÜ6,¨ù”À5´ƒÁZ(V»¸QzXôŸ6Á¬õ‘–3/ãöh§U§Mu´ã£`İî»å¬J¬(÷i¦‡-†¬Ã¥hSÑõø_Æ+1IU³‡…µ%˜™$pÕMlŒH«´¶½;¼S_›×‘ÃNZ|.SB¸+]4-»Èdj˜x
[Õr5gnİÏã×Ì&vFcs*Úºë­1Ğää0©ãòk$ÁWL?Ú]I»Èçœ¾›±lÍQİäã>õ{%”t6Ÿ!™µ/5DZ¹^MÙiøxhe¬•9¢ó¤Uş"ÎÕ“Ø:†¬·Wgf³.–Æ1IùòAU"Ğ.½š×pX.§Õ]…ÏDŒ¢ä«ÄC¢ÔøµÛ=p¢Ô)×¶áiP:½¯”˜f6q‹j5m¤Ø6)[ç9™{bØŠa’‡µ/	j«–Ú¨¤‘´ûCyñ	?Ã5š‹YC‚¸I*£ª…–¢—³nİºqnQ¬Â_F¾®œu“Ò7ê#MgèèyMÍfbá¿pÓµİ·ìì õnò‰›vòÛS½¢ş#U„hëhÚÊÚo×¢PÆ»1´²†äĞNƒB­£ovzŒ“˜s|¬¼jVÚ¶G-ÊN…—Q¦YÅ'7¶l¿ªßÆQd«èuÕ€ÚèX³µ`ôË¶W· ãW"½6ÚT‘ª®Î†è2àËÇµGxİĞo]XêñuH+AbYP:Ö®V¶r“ÄŸtôƒ31¹Úè‰Ë Gnç‡RkÙÄMï/Q“ÖÜuâÜ6up²ôëÑ¸H6RÅÂ—¤ìmh}VHjG{ ZÍ›u5@"k6qŒ&7,×[‚M,[ŒÃ‹QÒ]¾}Ş9%¢ÚuÛ®œ;Í›woİ=w–•`ÕÙ÷Š­®º{'„lQÕ>VÂÊÇzİÚ8Õh«^6RtLu:œZˆ‡Üw[r,`{%‚¡v^í½^q=\‹m¯xªMÿ xÇ‡qôÅA>%d(! â+ÁİH oÇ"|Vqt~èi½Fó¼ou›jômfD§UWS úÍYŞÚú«ò™`Õ‡{¶®êã´¨<:ø×M†TÊMö"ÖÈ®‡L†ŞášíÆ¿²PqÕÖÔ=1L+q¤ãôlò^_EôŞl6Kxiu±ÓPk@§M†_¶«0İŞµØj@±mí[P'ÖWö€éoT‡³¯Åb÷0usê£8í¡>md`äó<‹²±û‹±«næºo×ÕÛ©xúçHy.¯UÑ:KDªñŞÊSâmóì‹Ät5ªÊÖ¯fÁãn=2Xdˆˆˆ€ˆˆˆ€ˆˆˆ€ˆˆˆ€ˆˆ1=¿7Ó,ÊØß›é–ee²A#Y"È©@ˆR" """ """ """ """ "GeõTË[6¶?©R‚ö7‘WlùßZ‡$ã7°%™\òãÜ×†§„Şx¬ovªö“áÕ4+È¦Ë; Ü6ÿ ”àÖş†Ó_4ÄïW+?#,¯4•®´ÿ 1Òªÿ I¶Ÿ–±Ø¹ƒˆ£…xx@
Î§Ù_ZªÛo‚y³!2¬jµ* nóMéƒ[,¤Ùê®Ël…k\rÿ yn­}½!wÛf¿ ÿ „ÉÌZí¦¬Ë÷·?«wcákóºÍ9Û÷Mg¹çnæ7ØäwTZAáåW±Wì¯WIòK|ÖñM)ƒIîûÅí·ùtşvù|òÎÒ_6ô¯P²¼¬®ÎÔj4ôI_`ÚÅï²ë]½gg7nY*İ#ª³•¹C3–`‹À¾ÔÓuŸmTúÏÖ5Û§Iñ/ß–uÑÚf<!ÀR7ŠÁØtécÙ_Ù\§+€\›-­F‡ÆáãQì‹O™ŸNSR
rÁ{Qì±õàe>¡]G 
|±Í³3YÇwùL>¹ñWoÔëpÔ{çÛ>6Ğu	BŞaİóÈªŠÁM–R YÆºíâ pñy7Muå|Ã"³^MÕâRwÓŒ£VLvI¨äxØãî/¾¶éep¿'“-[HÆqŸcJ««È©/¥¸êqª7Ñå2·4T~[”,¨¬·é.Õ#Ï3›rÖ|_hÈ­ûVÒTO½À6ã]²Oâ<›ñìÇ4Vâ”ví¡ß ;¤j-¬áŠ¾.õƒëm}:vl'è]€Æ]tĞ)Q®…œAèğI…¥E,qÂRÖ >ºè|²’+ïqÜi£wµµë)òÎz½Ÿ¨Æ;ÚçEk¬t"¹Ó_Dúl45B•÷i.«w	Ù¯ĞgĞµQoü\„úkıÛ.À¹™hHQŞ¸Àmíåİ/¸÷½ñ"d¥ê{9(u~ª5S#¤…`: Õñ”ê|<ÓÕµ7Ã¾•Š"ÌÜvÂVÃ¡l+ŞmV:wz•×Æâ|RaNÚ,Ö´¦uö­.;Q¬Ôñ(,4íGVæòo1‚cØÂÃ¥V 	ŞªŞÉ×İn¾ÆXÁ¯˜ÙU†ºNM¹­@`,B½\[Äö5±Kh²¶mA¥Ğö‰ßÀGÍ¸Å'ºYê·m.„öQb¶¨Ü-¸®ï(ßç•~!øÍLâæ×j¢±ù´î7*ç€–ªœèÓ÷ÕVztòtKWòN\-ÄÁ¤°ñY{ë÷Æ”]ç jÛ¶Kífï:Ü)ŞÉ´Øã»±»ºÆ¯²,oª8v/IM}à:hØ<Ú«å–³¹E¼¿Ìœ\†zëĞµ. öIÓ]ztêåüâúQ»Ú-PC x‚°ñé(GfsV.3[s61}¸‹è­Ó¦½DÉ+î‰8îx}/¸£¨ õ¡Ì¹u|¶¼;iÚŠ¬‹NÎ"ÛC6ºy&yÃ¶÷7h6ÔC¼¨Ø õk,òŠÙ=QXŠÍ}ˆêĞd¡ì¸AcÅ_½§O|²–@K÷m,wöıbÙO—IaN* 	}Š§opn§Ùİ²M‰nM¿€WeŠGZÑO´ÇæúÚÉ\ViYœ—¹nu*a[:dõ^,-‹c¾Õ[i£}­‡tÒ´w×‘tø´zm hR8ë:uŞIóÜ|Š›•ŞŠ—R½ÍØÀìeQ§g§¯¬_!ÿ ‡ÅÉvïq®*ö)àwF­»«èâÓCãmãÎf«Ùxv^Vür+Ë¨hF¨éÓ]š{?4¦™¬møwÇqxõ•-­|®Ï>Ùëàj;-¶û—İ²Ö+èIÑ¤	Z„Aì¨ĞAízˆˆˆ€ˆˆˆ€ˆˆˆ€ˆˆˆ€ˆˆ1=¿7Ó,ÊØß›é–ee²E‘¬H©@ˆR" """ """ """ """
¶â4>xœ|rÌÆ¥,Ş³iÚ>}ğêGûgìğm%«>Fõ—å)â‹ˆã\~ı ÿ ›_E‹ÿ 7Q“ÀòrpòÇÂå¨®Ãşúå­÷*e5äÿ ÂÊ2ÓYkW ‡ô»Q+ó£ß0µÑO÷·†´úÈ{ŠÊÓMU÷ª8İÈâQ¦Ş&×ØOë°ĞlÖX„šDSn…÷Ù}ƒgÊp-j,[¸qÓo áÓN³®ù? ÊæÄè>B =Saö|ßD‡
º±¾+˜ªT¥+'ÖvYº¶Ÿ$ŸœL
İ‡FI.w·µâQ´©¦.¤~?Ï|çìCÍ\cd%øŒÕç¹\[`ã^’z%Äç7RÆ®aŒC!U{¨ûÄãP
õøµ™˜Ç!²ÅÙuZã³Şi­·°êA»ôTK}âÑ ]–Ö"Ù·¸¾Ûºí}ş-ÒR­enth¯9åm¿ !é¬‡Ñ¤§™ÍyG{^E‹’‚ÜuÚÃİ~=‡–xLJø[#/°¯µì·Ak+zƒúŞMÒ£æZ‰ÃËªBØªÑPGfÿ ¤º’ÚuÉB&&p÷áÍ-‰2SQ•ŞÓW@k}»¸†ÕÛ-ÄÜ¿MMvƒîè¿>³7sÙÂ‹”<gR¯ÅïjÌ8Éëß5qac×ñd7@qÁ_êò:ON¹îy«_–xy~ØÃÛvÑÆJÿ L‡3“ó`İöCcUoUju?iÀÛ7À
¡Q¹Th£Ì'İ„ôç C5¤áƒîíÃ¸âæ „qµ,«pp|]>/Ÿ,¨OâàsC·¼»èšÙâ¾qzáá²–ÆÖËrö•¯]‚´ÓÖÔù¦eÜ£šãÃÀQİTaÂÎ[³ª¶İffİE¾lR"ìÔø­ª´VÒ½tĞğºéª¶„tIÒõ
©©¶=ÚwŒ[¡AÛ'ÈÅÎÄÉ\gJò¬ÈèµkÄ:£`Ù<6&xbaÙK.¯eŒB× ÚxÙ%'cq}º\†Îæò©_ŒN¬ïÄ@£M›şi`=tÜµÖ~Nº-)µ€ßÂOOGL¹‡Ë3òiK¬¹1’ÑÄSŠŞ¸íØ5ß-aba`dåŞX¨•5Îu%Üw–1ñíg’:v³w^œg‚×(Å·	RÕáºÇkGAs±}7˜sšÓ˜Ö)C0ÕÙBÇ~ÃBÇN„_–X'™ó…áÆ—¶Ã{şÚåú£«ÃY÷'–ÑExü£$¾U¿â6=^·xÛf›¦ŞjÅqÆeG7æŸzÖL@Hâ©@²ÃÒ¶¾™`ãÓ‡ÌğÚ¤ ^¶ÕeŒK»¾Ô³6ÒvM5UUZëP¨ * Ü ÜÅÎkòòRüsş×úÓˆ‹}¸4÷FÈ+YØÛ!XqªCƒ»„¿$Áä<Ò–Akp²1™·=zìMOHèš–“kácŸ¹SÃ™zîTé¥¥Ûq÷DŸ™Qˆp6c£§uQVœ.ìB´lÖ±–Òêkº·¦ô[†Ã1*å†¼ï‚º÷ør…ñÊ€ÅSÚ­Ÿ ¨êè›Ÿ‰ÙÆ¸fĞ»©¼ğ^£©-ÜJRæYq×-–üQŞ—6*ÙØuaÔÀïˆ¢ÛtÇã4®Å+¹5tæSEW=X¹E‚Ê\£ˆ.­ïÓc	;ºu%È6XÇW}7j|]Sé¹ø ƒŞQf…XV^£ì²™A³ù¦+ä© fU‡Â_#QUœ¼JÌ½>P ™ºb•ËkÅ|§:¯Œ°ºd^ïh¹j‚ä(ÓvÀ%G«™|mx×Ü¯“÷˜¶¸Ğ_PŞ…‡Ó»lŠßáÆ˜øŒå‘Üw¯J±âdtk¸Óo2‘ŸŒ·á2½Ô7{Œêx‡Ş„ıa³l,Ö'°u ‘ÂNõ×]<ZÄñMÉ‘Rİ^ÀÛ
ŸYzÈŞ1=Âæ'·æúe™[Ûó}2Ì¬³ÖH²5’,ŠD…""" """ """ """ "'Çe­x¬`‹ï1
=&›iK”+ê
$u<.ï+txk"7]@×%M•ù.¤»+¼£g’|øÚßf5o’İh8kóØú/£YC˜üuÜ8¦ÅF´ªšªõWp²ÆÚvN›48ZmS\—æ9W- ½”39ì&5[‡œïëİ4oAJ|&>­}Äsë»¶Å×NíÔ|sÕUc
M¦•tbµ áO'Ö>-²­X˜è¯œéÅH„«ß„lkhØw(Ù³N¹·9˜™ÙM6ËÏ7jè§–¡áBA°ŸqNóå:˜É´86Zİ×~¼(¤èjÃ—í[¦ß–SÅ®¬¼‡ÊÈª
qËö¹:%k©×AÓ&ËªŠõPªöÚÜ#©Š]µè@İ•ñ)ë‘ªDRÜkñ—Œl”J¸í®°º…Ûª±è!uÙï7Ù—êÆ»×½t"vÙß[¬ã;Üû%õİ¿N»dØØé‰Wy%†›HÕ¸ÁÙ÷åvİd71u{Ùi ‘_ìÓ§¬G¼ã¤û>ªö·VfêÌÄe¬¡lq“‘µ–ÙK›^wY’FÅñVºxäë¨ÅpÇÄ^ËÛÉ` à_plXëØ¿j@Ì-£JÏÂòÅ:Ù}ƒï2¬.öònë•íµn¬"Ø¸xd†Ñõ²ëˆÜÎ]|›„-+ŸnÛfŠØ÷ù›lTo£‹nŞè;8º g¼'æŒñrŒUõ­µ¾í}:íñ	ôÙƒEºUffKË_°ÿ mvúdùâ”<ÀüFQı†lª¿œ;4ñ|²7Yˆˆ§?„ NiÎì±*ª÷vµ¸jÑW··Mš®é¬¼‹™eºiœMzèk¬—Ô|‹óÊü›ò2ş>óÆ);r›å_ÿ DßËÈølg°+à¦±µ¬µ†Š |¾I®Ê"ŒÃ¢ª¨Î³P•% q1Ø¨ ïifÎaSŞ½Ê¶Më¯ÂâWµ‹0ĞÛiÜ›7t©é™ø_‡2JÌ´"“ÅÜ.¶vúØj_LÒÇÁ[­øz,tÂ éÕ‘R]où**°{gSÕ"]JÌÖªø×sv¶Ûùm×eÚ~òä+ÁÂ=TM5ÑD‹&îe›•Ëòqş ñºÕUg‰¸@Ù:uEP@U`@˜TäÓn^G7¹ÅxÚ|66÷D=¶UŞK¨Hœğj3¢†±ÈDPYBªïôL~_nw0¹rëá¢›>-©omïQÜ«ª£]&­8öe2Û’†¬e!«ÇÚZÃj½Ã á<íÕ/ğ¨g³Nİšq°ŞÜ#Aè„ê¥`:hYÈUQ«1ØWy>!2qØ^÷s'ì% -»<µú¬uİÆ{^‰c+79…né†-^í·é´qîP¿WÓ=U‹c‹2‹å2íU´ıĞÿ Äº/¦TŠBüÌ°XÕŠOÙÄi¨éLpwŸ­¸K¯Ê±^ŠqeÄ ‚”!áÃÚv£×Ñ¶_ê` O•—ŠêJÑj©"ìDQ¢ ˜Ù—|Uôd+µÅÊ©)Óu¶ñğYgz«ç2÷7¾Ê9}†“¥×¢£Ô×}ÊvP­‘ƒË(Ù],·ÙõhÆØšøİámÛ-³°™Gšàün+*ñ	¡¥ÏhR}Ò¼víˆf&˜¨f`°µó9~‹{VRvU“âaì¿Szd±éÍÈËuÔÓ}4«UxŒ¬:×tÖ•0°—²Xi®Míqr©õWÃ®¸L8lj»»ìÄuUñ×f½%[aôk49>-ŠmbõŞ¶2w•9CÙÓª}æµ.?âvh¹l×«¼/ôÉyEÊ-ÈÄ «6 = ì”k:×Û+cKÿ xÚ<KÛÓŞìíòï–¢$B" """ """ """ """ |ÄöüßL³+b{~o¦Y•–zÉd‹"¤!Hˆ€ˆˆˆ€ˆˆˆ€ˆˆˆğñôpøµÖx+yÿ SÈœ_Ú2H¡›×¾ß"Xş¨Ÿ[ˆT¥½çûÃı}dÒo*ıÅ*,È#^êV§Û°ôóÑÕ×2pÕXã¾Í•VwlŞÍÔ£şf(K,vã-XâNûÚpÇK­{V7İ ÷Aù…Ãä9|¼¿Ú[¦–w{‰QÑÔ‚AŠŒúñºÓU{ÀÀph4îê'¤ŒİBï2Â]„-p6e…à¡;6; à©×=]‘Ó*e[üJÎê²W–İÛ¬èJÇO‹«Ö1n]9zaã0¯Ga[X²z©ÖNÿ ™21iÒºî¥Z±ÂmÔwT¯JÔ»İºÏIŞz&˜ˆ˜Æ˜é7½ÛUIYKB§vøv®&?ºŸ]ú÷“·t§…HWæYA±êÔ6=Hte]{;õÔçŸ+*ş“Æ”…/nMŞı™båæWZ2/âÒŸ²ï}Ù;ßf÷ÓwWD.1…zk›È«"íû.,®x+ÚVaû Úm}=fö|A‡S¦>5+Ñ¡/]ztq6Îÿ ÔÏ9"´QfMŒQWD¥A­Ju%~¹ïfĞÙåX'']2.Û`ÿ -w­CÄ½>9&h±–í‘‚
ù^K¿}™­wGjëX÷S¼Ø<ÂEË1•’ë¬»'!ûÔj¨¿DvToc.fs\lRjO÷=¡İã±·(˜“c±mØ¶ñ¨oRŞÚÛÌ˜ÊÆÜêàÃâ§†Ü³²ìÂ5®¢}š÷ê~S>®"Ö¥œ±ãn,ßuÎÃ]ûOVá½‰õe¡V%=öIî©AÙ¤¼GN“Ô¿¤Lñ†öÛ’ÙØ×-\<4%u3¬ïEM8ºOVºo—$‰™­;çk[—¥‚‘ogNzTè¡:[V÷´vé·¦}¯š=Í}¯{5èŞæ¿udj}£Óä’¯2Ä'B-CĞ›æS,båÑ”_áø™+</aR‰Æ=‘Å¼õõHMcDC—½ƒL¬—µzk¬zÏ‰¸;DyåÔ­+E®µˆ4TQ¢¨ñ	ëIö™QÏÂÈÍNár~†–„]m°{¼Dèõ‡Ê°°ŠµH^Õ+u§¼±GRë±|Â]Ÿ@'pÖ³J>O³ï	ê÷O¢ò#CÕ>ğ·Qô@ùAâ7áÀ†ÓMôØ+_YômúLŸã#5„>MÄ>Eƒq`4¿UÁéé–4OÔygØZáB" $è6˜B%qËñØÖl7X¾µt)´©úÄvG¦g7âmWŠŒmN‹Ş:¡oéE³:+ş+¬-ø9'b*]º†ºüÌfb9^hŸ»kÀ
çü;×`âñq¾&“sŞe—ˆ•ßˆ´"Ù¨pÅˆm4*e,äïŒÀUÄF¿âW¢?¤m‡[b‘mwÃ¥¦ái5²÷y	ûJO¬¾5÷”ôîÇZ«km<¨Õ˜øo™œ¿*i@«%CdÒ6ÎWßV,¸˜XÈëg	w]ªlf³„õ€Ä‰	Šf	dVaÂHÔ©Ş5è3ìD!æ'·æúe™[Ûó}2Ì¬³ÖH²5’,ŠD…""" """ """ ""|vJĞÙcEŞÌtSÌæUã“Uc¾¼oPtD×ßo m˜¶¦nmÚf1-ìP ³õj]ŞVÒ«y|õI5a¼‡ØYU2²‚÷T­¤Ó÷L}¦m®ÇÊeünRÈ6…¤ü_{aó.Š=&GÌ±BµTTïe­«ØÌÀ
©_lé Qå•kå”{Ä·½ÉPÏÔìÓÄ[Ya3èØ§1è
•7£±"Z°ºÙaªñ×[\kĞ:Û {#iÛ-%œ”°néŞÂ4ZjVá_«® ±ë2­ÓÛtğJ—=\;O“£ÿ ,‘n¿Wã¸îÆ®Æ¼tUò¶šH]’íƒm(Ôotu»9ù •«¬d²šjJh]Ô=–0rzH]~M%b‘:|~-
ò²î«¼ãZ);šËR’||5®ºH'
“Æù-kÿ ÑR[ÍuÚ‘æ-Ç®‚;Î³Ù®ªÂ»}–¸±ù%š(¦-¹3iÂWñ‚IíX|JˆO¶1Ód#¤fÚk¾ª“0è,ëo°z¤ëÚr7ËÓ%È×…ªü¶{lÔš«"ºBìÅ}•ö›ÌºïŸ,Ê¶İ^½Íª÷@âÓxÙ±T{@~“tL¼Œ¾0q©}VÂ;ûÛ²n#wÙ­zœÉ‚ÛLáHN dºòî^¿í“m¶É¸ïaßÃÔ>™®ÕcáÒ3‡aÂ†¾Í­õjQê3/&ÚqqëJr3-<I¯@P7ìÜ6Êùw±Rx˜½ƒ„³şÚÅúÚz«Ô£Ï¬lÍİ9Dsò–®fØ7ñ¯&ÂIf·ï:•méÓ§A§TßÂæ<Ç:‘}X £¡ûõQªïØÃYÈZ‹Cwn5ux:›İótøç{Ê±/-Æ¥½`›íYÛúdnúDF¯«™vÌ‹5ôÕAn6MiÓOÑyv´JÑk­BVƒEE((è‡—©ö|ì"1æ•`¬#deX5§½®ÃŞm7/€™oÏ¹€/–ëJ¶¼4zÕGGb­vı¢gA]UÖïb(Zu²À;oÑ´ı§¢UT³ª£Vf:*ÒI…‰¦Påÿ úÖZÚ®‹g}å»zøY·kåÙ+·$æôÚÍMwp«Z^¼+¯G`vtlòÎøqÅ‹vJtZ¡j¥¾ËÜW_4óüC+]?‡Ùş¶>¾8oªíİìEåŸˆİÁW²”Ôj–åq:F©Ú–ó6¼Ëá=¾½Èù¦Êæè¼Y8÷båìëW¬´² 0 ©‚ “|îaWÏ°{xùK–ª;XîX÷NóÕó¯‹”™UwŠ­[©á¶—YUƒz°ùºÄEÜ¨Éø…Øì¼ıu]¨OzúÌÍsKÈ'A¼Îo?+7›^p¹n­B„ğwŠ§F{,öS]ŠÖĞ©¥Ï2ß–ØÕkß\E¿İ›<ÚÌÜ«0r‹fe§–)B3ñ{]ü4Ò-uÑ}9N QNg1®µCõÓXë˜–>=e¯ş·Ê˜ÜIÚ¶‹‹k¦âšNmù†UY	FN.>1CáQ¸Q½­,·¦kdœşI¦@JÎ;â»¨ëşmğíè+Ãå†¦.ÃÙÜÿ –Z•
òlº›Éİ»YY4:L‡ı×)ÈÇlÆ=ícÄFÑóÏ¿‰3êÎÎCáñë©Edu¿i¼ı&M±û«µªáÕ®Ãèˆjbz"¿–qÜó†,Z%O­øRõßSŸeş«z:é12—% %ÉûZÇF»™~©ÿ ™8¸\ÆÜ7q8
¶Ô© z÷Iò±.ÃuÉÃ;öPô¾¶ëVèê;:¡'®ÜZñ#Ç¾¼šRúıWõa½OŒI$B" """ """ """ ""ÌOoÍôË2¶'·æúe™Yg¬‘dk$Y ˆ
DDD@DDD@DDDû¿`€]‚cfs6¾Ã‡€ÚtYxÕÙ¨§Ëóo²ò/Ï¹°0f»2r=‘õu?’]ÃÁÇÂNW´}{O®ßĞ<P¹+bòÎdÔ£ÙR;Óöœz¿£·­¥úªª”à¥kÒoòçÏ=Èî¸R ğ—±ÏU/­cõx€é=ç/.œ:M×nÜˆ=gn¡9c~VsØm°UU­Åsˆ‹ÖÁFåï1¬ßËcw¶Ô8[„è¦ÖÛİ èDÎò|²Æ62× Ñ^Á«ß³NòV>ûlè–!kÆÙEG*­Oì¸ìsÅX¸Í}è›µê'Å5+ÄªµâbNƒBÚ÷H<ŠºVL«--_.Nøë÷¹–ì¬¿_Öú$˜œZU}í}î8İıT¦ t%P{Ç²£®iÊfë§îš{ÑäßEÙº(ï’“½¡ì÷‹·²½¤ø¤‹~c ¨‡¨ª‚5ò3¯z —ñp©Æ¤/ ×{–íiâÔô	ìäÔº¥ ÚWzT
ı¦ØƒÓIº2ˆ­5•*pïS÷5­$ïs±½lÜv|Ò;Æ&7¹¾"áë©<4¡ÿ ªF¬ŞBI=Sæn}‰Qw:!<!);	êkú|aG‹†]…ù(¬q­L4ª…ßÆëı•Şw´54­ÓN«ç=l´•ãá
¤f×UªeÚ=ÕºŒZ+˜ïfÚqAá-ÓÚúzºe<¼¦ËÉâ¯PŠ~ë‹YwñçÑ.Ğ­£ggZÇP	sëğT.¾Óû# vDšºLL[^šéğ}Èaİ|VQ¡àÇ¡jw•Qâé>ºJˆÆ„øët9kğ¨}ƒiKìøöôIœ‹4ÎÍM*ÓL<1³‰IêMwìe,³"ÇºÓ®î"6 7*¨èñ•¶4Ó_”|Z<Ÿee×[ ºóîÖ§P¾W3¹N§¦s¿†VŒ—f­˜ôèÉ¨¢YïšËÔú O¢}ŸgÉöæË+¦¦ºæÔƒWvØ N+šş!|·ÓpÒ‡ZÑÀ#Q¹İNÆn­v/Œí6o%ÂÏbÙ-sdO}•;'%Ìy6G+±ŸA“‹³[¬œ[»Åö|»Œ:ùqmqÌÂå|Û1´»=`è×ÚÅ€=@o2Î?%§SË³Âä¦Md‚¼HPí*z³0ÅÍ[Çw«]ü,Wû3¡ü1‰“—›üK »¥
V»–/a w…ëub&kH¦×«/—1»“^Åw¶ÍÅ]ƒ©Ù>Éq®!ËåÈtÃ™Ë›²ÉgO >£ÿ UüF]ËËÅÂ¯¼Ëµi^€Ş±û+¼Î~ÌÌŒìúó¹5ÂïS"ÛT&=Õ{=æİºzt‡¬üİ*:º‡Cª°Ôj>pwOSÍfÆ@nP–{J­Æºø›A=C$DB9ÏÅ–â]ËŞ°	Ceªhï 
­§Õ×YÍàßŸ‰3±ûVöèü\~±:ôÎ»œaQ•›ËFJñĞïe,*xxê<bW³ğ¾*ëİ'x:»×¥¼ÇGXv¶ëbØ‰ŒÜ¦nng0¿½Ése§°  êUQ?A½RUbdiÁ^7œ^®¢¾éLZ9.ã |^%•íWt¯"°zÕ•X|’÷wEä2Yw3¹Nµ­Ú¦5oÑc¯.Ï9ê_14¦Pà*4a¡Áß5òkã¦åØZòNñ yÁ¹®as/‡?xï@âsş%ö©öîÔíÀÖ¬WÖ²†¤ŸD°Õ×W¦{mø=c2ääÖ–íLšJ9·pÃÆ5›3:¶6Vj,=ÖvËÓÔÓ›Ä·»¿—u6…'­]Ÿ#N¢ê‹éÀx-¬“S†ê?Tô‰%&)ƒ;¶c²Ş"ïRtfı$Ğùf¤ÃÆ´äs²xJ65ˆvğB5êÔMÉb„D@DDD@DDD@DDD@DD˜ß›é–elOoÍôË2²ÏY"ÈÖH²*A"ˆˆˆ€ˆˆˆ€ˆˆ	O)í¹Î3p9 äÜ?Á­ºÖnûZ¥QP}‡†•;¸·–oª£iôtÏ´R´Wİ©,I-e‡Ö²Æõ¼¿$URÓBğV»‡I=dô™$O.éZñXÁ ±Ó_'\[7“ I=Q[Åx÷sKÒ‡¸SìÓ¯a|®{GÍùp­î«~ µ‡ğ„×FíıRŸ8ø
1,(µ±%– O
R4§şˆX…
™)Ñ‰¶ÑŞÚçxoFíã-âÑo3Ô¶©‚§hö]Ãì¯Éö‰3/…ÊÈÒÆb›Ïâ±ú•GYôóv¾Zëu¶U£ÿ n-%U>»ÿ FÉ¨O2b5û–.ÌÃÃB¤öjwUxG@êÊ4ÙsŞY¶qw¶Tä7…k¯¡ EñïŠ¿…«›uc×ÿ ·¤í{M®»Nßg_,š‹³ZŸöø¥ZÂÖ[mÿ uR³u.ı Ù+•)‡}Ø$î2n ²ÓÚ½»æóW_
<†ûñ)­™™³;×P´Vz´]y6™æÔ™·¾^İıİÎåÔzÇÉ<Ràé™ÌBQ‹WşÓÏ¼Ú#®#_d{£T”Qn_V@
àj¶0Òº+BÒ‡f½lÛŒÌşcÌÁğØ£ıªY§½y‰ßçß¾K‘1rŠ½Ö"í`ÇN-:\õGgd2»ªVƒ`pêOµçù$™t²ÜkvšlyÇ²šØºë«(öôÜšôwÍKÅÙı·ºcÊ©m¼VõıİåUU†¼Dƒ‘¦¥ÎêÇÕê>?[İ|…Í¹:WP!_R5ØÖi½›]Ê!©šÍcÚŠë,Ì¼€ÜZí{fÅöº«Ğ'“X¹ê¢ƒ¯pªôö¶q·Œõt	9wd.Ÿ_ílïÜt|:¤åtÙcß»>%¬ ØU›…—õu‘ªá†Ë‹ªå•WYÉDpµcÍİ€>i¤³?fNP×aZ›ÑÄ³@Dæói!ìOByÔ±>O°„¯‘‡FAà¥ª4KğØ ôk¹‡‰µ)b!\õ¿†)6wµ0WUà
 ¶­ø“Ñ ñI[›²wv_é¸%OŒ4ûK¯È&äBõN¸²0ù:So}mU+t–-—{}«-ìÑY®I;:áĞ"!&jDD!(s„c€× ÖÌGL”ÓÜ¶­ı]eàÊà:QÀe?U†£äŸtS¨aÄ§cÒÂ%YÅ]/‚çWÂ~èíRİº[õh]8/FÑ²	'y'Ëãiãt6ş“	^¾Ç/¬o8ÙX>]¿D¹øÁuËÃ#y­€ı}“:–?x'×jïÓÆå«iaßôµLÖİíô×ëSÊ…gRùÈ˜C7Mx”S½­nÏëNs)Xe§u±îàaö»,%îlïYT¬ã(÷Ãş•–ñhu×Äu‘©Æ›Òr”¶—7ã9š°úi£/i‘Èaè›RœöMCCRƒO‰©í'Í&G[l_UÀaúCYœq}ˆˆB" """ """ """ |ÄöüßL³+b{~o¦Y•–zÉF²A"¤!Hˆ€ˆˆˆ€ˆˆ$©Øó;Øèµ©Ñînñî|Ë<ugvÊ}î8j_r~v;OšYß#¶ê(Ğ[bT:0Aâß3ò3ª¹ÅA-³Ml(Œ;æè¯VáÑzO^è»û2	z
ÁÑ²˜q&£¢¥öü¾¯–I^=U·Û-é¶ÃÇg§£Í¤¦y›èxºi°¶¤ &yş%›ÑWúÀüÒÒNøæ¿‘HÈ¢ÊéŞ)º›zŸ1œÖ}÷çd­F²¹
«K!:hêKXŞB~IªÜÏ-NÜzHëşÔÃ´Û›‘vI=ßGh7pñ¤5nÜäQËé+…_ÄX{/’uïî×ÒÃÉç–VœÌÊÁÍW`t?ºQWé1ÕšeÑñ˜Úš®Tm4ÃÄÁz”tIõíæ–kşåÙ@Õ›R€’Z³6c„Çõ9´Şªª°P{Œj”r
ÖšıÚ—}§ˆôu	¼Ç¶Æl‡×e—q¯Õ­tâù&ZÕSèùWw–8 Üv/VÍºËµQmu3SC@[½}*]jKqh~HªM±ÌÏ³ÚñnVNE‹M(Êö.†×Ój;Âªèµ¯“o|jñ±øxÛ½°lW~ßNê×ú?Z{® r®»F¸»¨T{(l#@|@—èÁ­A¶å ›_[N’ìvç×£féIº#éµA/—’œ•z•["Ñê†ÓÙ£wÏ2ØÖw„“cuøŒÒæÙM‘Á )B(B8I}„tu	WûK™‘4×…Ş°ñkê™—K0·ªuÑ.>3Xßy÷Œ½¢„ıİcŞµ¼	’ØÖ|zDÓ\›Û³ÅÃĞ}Ô_wÓ·dûU†ôá@10jÚÌ:ü§k1ëôO)WÄ¨ª…jp‹lé·!ÇBƒ¿OÕ]í+38ã§±¬¶®‰ªâQ³ˆì.İ:Ï@èg[É9wqÈì1Ç¡Y¬z6ùç:ø‰“ŸO-*Eì;/jºíq°ÒuĞÒwtMîqôa ¾¿‡ÌÆu)QÛUã€ÔZ¦]àqk¡Ú½2Mb"5Å?)%ÍÊ +)i¤%.N«ü6«Tëß?²aSôBËºÄ¹nH'©3Ö°Q<ë>ëìû>D#ìD@DDD@Dø¬¬5Ru£fÉö”²ÃeSº¶Ó(õ#Ÿºsö\è|M.ÏU]Õ=6*­R:Õ††{#C¡Ş"Qå·ØõÙ‹uÊÂnæãï¯øvşšü²ğìÇş,°72Å¨zÉX'ÊîH™,Æ¼Îëzú õ«ğz	’süŸ‰æù.§³[
ÿ Ú:údy‹Ş­Yö~ïP@]ºkÑDE"ØcÚ¸j?Æ°‡G-ú©©ù§®a¢2‡ÕE 2oR1'_×tíól&¾6Ÿø÷ËVc‹òrkâàn¬­ÆŞád;:AÓh‰Í˜œ#‚U#Ê‘%ÇJN¼]ÓÒ¨=(şÏQñOX£†·¤6:/Ù×‰~F™‰OqT•‚…ãÇgV×[o“g’[ÇÌ±³- ÕaµQ¸ø²‚½ufø¢hÓ‰â««·ˆ.¡éb0át?Xx=Èæ'·æúe™[Ûó}2Ì¬³ÖH²5’,ŠD…""" """gİ—“‘iÆåÀ?k”Ş¥`û£¤Àµ~U8ûêúkÀ4×N¶'`óù”[ãrÜXŠÊ¡J©â4VoíŞ>¾ ²Ş68À¶Û®­u›X·XêùürÎığ3«åJ6Ùiï¨«úíÄçÓ%ş®¯Q°õØîÿ 9—"_áœ»÷jıú`òÜş!qÿ 4µVv¨·'å­µê:§¶ıS9¼L\¬Çjñµƒ«HDÎ¯6Şçû}ÚÛO+óÎwÙ‘BâÖÆŒ*ô:^ë[ µ˜ô/VÓ,54Ÿ|è‘00Ñû•¶ÌÜšèì ûNuÒz·–àãÛZåXÜñµJK…­}}ff;î™8³‚†ÇÃO‡¥GÖƒ«…óìÛ€_L½ƒ…^%aŠı‡¶7¬5Û¦§pTr›æ1™ŸÑò1¢áaŒt?âZ8è¢êçÎDŠş,«»{ç»Ù†”C¦œ+ëŞ>‰-—Wj÷—ÙÜaÄÈñM­ä”hÌÊµì\,qŞØv»è+¦¤ÙZpÚ¾SºˆœgfßŒË@Œ|5Şú¹Ø®Àq}š‘v"ùÌƒ!ÔY’;¤ÚÕcºßuı|=»]‘i«|VKœŒ“°X}bŞå@ú¾_<Âæ¯{²k®¤wŒ=SÃê¢ıEùOhôDÊÙoTáÏä­•Ä\Öm¹ŞuøúO}ïK(±)ÑRl-å?úÉpñm°»5Òıƒˆqu"ûMâk– •5«zÌú‹¢±â¯‘wºûmÃb¥8Wä2­È Õ1F¢šGA¹—§êúÇ§I¡{&\\Zäº•.òª6*…ÛMñ”¸•Ô¨?áÖ„ÖXîŞÙÖLÅ»Å·_¹x˜·	±Î½ÛxWÙıc.N1÷Íf½<|œòÌŒ<ŒKk¶ÌËßCU{,tS„ìP[‹§lÑÆå6GñjXe×`±¯J@Ú’ÒÃQ8Úí¶—[jv®Å:«©!ò‰ÑòïÅ–¡ó%ïSüô X>Òìò—[ìº+6ãïtücÒ ®š—@ªˆ»gzFã´ÏóÄ˜—aÙƒÆípàweà‡ÖÓ]äî›XÖÕ~-7Pu©‘Bk¼pŒi]3YÕ0iì4‡lô!>ÈÁÁ„zŸggØ¢|Ÿ`}‰ò}„$lëR¥mÀ÷ºR®7§xv°ñ€9<‡&ˆ¡«İ¾¡ê°màµ6;wø¡a""V‹]c…Uêz”×6ÅÑ2±n®îéÔ±ëG^ƒãĞ™+%·µt¢-´ÃÕ!·Çèvõãª&FO(ª»qîåµw+j—µXğ÷;ìï8‰â×Òeì¬Œ…³¹Ã£¾´K¹îè©Nî6ŞOÕ]°Sb®J÷<ç!)_äéuEï¿DÉùhÀÀ»+^Ú‡]¯±§Í<ãàÈøÜË~'0¨ÀpUJëR}'læ¿ç÷¹K‚‡îñ†¶xîqÿ (úa»cªèl;i)Mv­abÇÉ¤Ÿò´‘¦­Cw¨§Ú¬ì±|<rŞe:ãØ mMHó<ªÈıÍ'¯U\Gìr~I]z¢ëqÚĞåà¯5­	â­ho‡z–í' <Ó\3˜ôä°Ìn^ÿ í+º°;Ügìk³N-œõ-İ¯³g‰¦Õ6ÕyÔuVM6ìe!¶«°d–gè’Å.¼ è)©Ô‰âÌjmvkkW¡N£n ë®£n²X‘ÛnR÷¤¿t5KO¯n)õ‘úÙ7ƒâñÍ”tV2ä¢‚x,¬ñUfšğ·ŒtƒÒ$—YB\Ôî™;5X5j=¬nÛ)M‹Ñ DDD@DDD@DDD@ù‰íù¾™fVÄöüßL³+,õ’,d‚EH"B‘–u¬Y0ë½ÛX}Mt
~ÑßõAëñì|Çîi<4>çöWô›fšÜ®´©utŞI;É=$õÏ•T´Ö+S¯K7K±ŞÇÃ`Ù=ÀDDD@DO»àdóëŠâ&:m|‡ (ŞUã¤†œb¥p«ı²©ïXv–°}eò{İ.{>¨2Œµ~añt¦ºÏÃ<=æ3¯šU—}BªÏt/m{µÔÙhëm=•º>S514¦[÷´ß/
›E­«x…iÚko÷İ·h¿?ˆHnÌÉÍNè(®§;ñ3íİÅÒ:øAp9P#‰oMPéî/µög¨¥u•áğÕH×&í‰¨.Út»é·AÕÒeÅÊzbitïQL+²2MY¥Jd(Ûa'Ô­¬:ŸƒpšV[V*¥5¦®ß²Ç¨v›Ç§@ë&T³!qUh­¸‰,N–åØí½»±±Xıc³ªS»!Q9îÕıtâã²ßûÖ­öWEŒŠMÔÙ¤™ËÀÑìj¥zBûÇäòÙø˜í•y'	+kÃ§½cu|¦}T|°Á])¥wµ¬SÑ°|€½E¿	OsV`+©fî)ã$øì³„I›¯ãŒûllÕŒµikö Ó¼ "V¾ík¹åë2¾O2ª¤Ö­ªÃê~ˆŞçÉ³¬Ì»²,e[
½•›|Ìz‘tCIññ4c•“¡²±·ˆ—ª‘×k{mÔ‹ÿ 	k±Ë¢#¦»•Šİ}ÈÖùhqé}¤ëºËz é»Oÿ œÉ«¦¤Å­¸À%™úlnÓå;ˆKöÜ˜•Ùu…»Ë5©ûİ»ÓQí·´FÄ]m™)lœv»ö—{lTF#@û?&’K¥˜ÌN‘’œ¾0Öş\2©{A+k½\y·Ï\ç(Ïpƒ…-Àbñl`<ò\LÕÃÈ®ÆSr¸i°i¸ù¾i&é›bëxı©¤Z­QeGÔÙ†ŠÄW£^vxÄÖü=Ì&Krü®Åw7g‹gwwô6ïA2±—ıUxñÜEÖ«ÖdSï'¬)fz‹mŒ²ë^¥è=ÏuÇJ~¯T´c®.Âr»ŞíŠmÒ8t™‡ù°Ï£áïo÷t¤ï¶±³Ê:}3gI¦&&’ÊÏ@ôôğ' aâyÔ³ìù±#ºü|u‘jR­±MŒ_&°©"yk*DïÄZô×Œ²…ÓË®“Å8ù*ÏjÜªxX¡×…ºŒ™y)‡‹vSú´©m:ÛÙs?4b÷µÖØxœƒcŸ¬Í·çâìï
œU:ß‰‡ZUÿ ê3šåh¶_b6ĞÕ0ùD;yxY7/fX3X6ñıu­ÿ ¦V±\5tïRyí#ûÓíú¿+†ÿ ÄÍIù–ìP9Ö"ô2Ñ§è¬©G¯b,*.Ç9VP{ÄÇ°×eDq“^„á;i±—¤xô2J2©ÆËïñ›‹ğ¿›_áÉnÜgzë¸ºlm²ï+^-°Œö1?Z»xGÈe~a„Ø÷®f
ö­,—P )b‘Äİ“¿P6¯£lV¹¶Éòeàf"-u“®5Ÿ°°{³şSÑÔOÍMÛ$dŸA#qŸ"" """ """ """ |ÄöüßL³+b{~o¦Y•–zÉF²E‘R¤D@DD©U||Ç# •ªT]5r>inC¼+`®Wìë 4A!T³ª»K S!½£Z°w[fª§Æ«ë@ŸC l¬u<<|mîÖıMgŞá[öÌn=M±5ñ"ìùäªGRè ïï'îñ\»*ù	&}×4îZWí3·ö@“D€Éö±öUÎÒ®bäZS_Â·Ù/w¾³k¯µ¸KwŞ˜õñ¸,NÄEõ´×Aô2²ldÂ&÷	~Ş^ÃouŒ»•|ÛY&†«2\ä¹<…1Ô«*ökP¾®áäŞdèÕ‡¶´µï,n4¢èì7=6V7}o$„¥¹¶XXõ+[Mv§¯^Ÿè‹²‚œRl:B§cCĞ§Ë¤ÒÍgñ™Œ;ºî~ğé÷jPè?ñƒÊdn·ÔNWt,íX5NzµC»ÅÅ]ˆ µ©Ä'yı®KŸ²5ßæz(ÀØ¥½ûõµüÕÂùÉ†pŒ£”U•dXM•¿Ì;´ò =câ™~DÎ…®°§©ªëfŸX¢ëÕ¾iwüº¢îBãÕ{5/ú;6y„ùg1­Ghî»ûÖV®ŸÖ#SæÒŸ2ùübÈ#ÆnñÉĞŠµúNÓ<…[šy~8ËÉÓòºşÓ6ÏDûmÆà>#¼Z§Nè?Š´Ô±ûG_$±IÊîÅx˜©‰HÓF¸ö¼¼´ùášİ¬×¾q\Y¼Êş7#F#bî.›|Ë<‹­Ë Ó_m­OaOñ,;‡ˆ£Ë¶{ºŒJnæ¶Mßá£tªêYé©ÈÌ*2W¹£}x`ío­q]ÃÅ	]gĞ ¬‹Û58XãëHáï¸}ZÑ}•'pŞw³3*Û Úÿ ¶cÆã©˜êyÕ¾åÉn
û8tìÄiŞ2or=ÕÜ^‚fãÔù9Ôö û€íù¤—k0¬Î¿øƒ…­¬“£„:ø‰'Ñ(3¡I ªğ¿¼uàq.e×1Í»&šÍ˜ÈİÑuŠ…ô36ÀÔ»Vˆmé¦¡‡TK^\}±Æ1mĞâw=á4,¦ÖõñÛ^Ë´×²ŞïNÃ>c}ÒÙ_tZ²I¿¤õÚ®¦Mû7®„mG5-L¤-vjir8•,İeL:Tô•ĞïíÅ±®[«ÖºõUa¯cX6¦§ÚOtûIÙè•Ê˜ÌmxËªÜkjæ8vqxªÈ_iºœ{İ~÷—YÖò®iO4ÇïSD¹4ÕîŸy~©ÿ „ç¬ìÔùt×ÇfÌü0v+îDo×Èf{XØU›ƒiÔëÀúvlO¬:ú|ã|“tSXÂ'á/Ğ'’%.UÍ±ù¥Z§İä ÖÚ	Ú>²õ¯ÍÓ/ÈÄÄÄÒQéz"y„zØ‘‰ì@õ>Ï“ã
x@-§d 'Æ`zlzêCe®µÖ»İÈUs)–ç/±kÆ§ÆZË›Ñ¢	‰v5¹÷—ÉÎº½ÕH+)¦ñÂú‘èóÉ3F­²ºÂş_?¥TŒBıæĞV¡öèÏò	‰ñœµ¬kmo‹¹½{¯ÑÙQâNŒ
‰¨ï_ß´÷¯éKmedhµ€:´LÌÕÚ-‹r÷<2ùj¸4QY°ÈUãm~ªí–Õ¹²_VV=I]¬Â ¶0V¸6ä±wiÕ©Ô¥ªWÚTJÉö´T>’%ÿ u“J)Öœ{FMÃöu%=®Ûµo’#<éÂjÇüU‘eÙ´ÕbŠŞª°x¸l³¶ËÅÓ¤†©Í€i^E ¦Ÿ^½´²^GÆfÙ›`Õ.»R¹®Áú²àNæúìn#Zu­Óõ^n˜¥±‡œĞkL…ÿ Ãß'Œ[¦¾†Ò[Ìa^w.Ê¯qyOïOÂq­
;Xä-zğÿ e”ù¢ÕòÌ'Õ&²|ªÊ>ULaKg|Û=ğ·ËXŒ|"}·Èåo¢_ÈWj‰¯ö•‘ej³¯Í²fòÃ®/oúÖHy¯»lÃS›#.ªë¹m¨µÎÚ›í8†Ï¬>]eÜ‹ÔkmKUÃÂNó[Æ¾1¡a"Ê¨÷7blñU•ıãWæ;Gˆø¥^Sp|Ë‘5à\¼‹\käÔÁ£f"!ˆ€ˆˆˆ€ˆˆˆ€ˆˆˆóÛó}2Ì­‰íù¾™fVYë$YÉEH"B‘;mJ:EÚö9öTuÏlÊªYÈUPY˜î
6“ ÇV±ş2ĞC¸ÒŠÏøTŸùŸ{z ‡våèî©HÛU_Şo¬|ÒÎºí3ä@DDë…\*ÙkşÊ¥õŸNzt™æëŠ2ÕR‹2jˆv*¯M–….á<3QS_‘ag}i»[¡zRƒ¦|²˜Ô÷¹vkeäWe‹¹*õ™*Z:Î»f™Y9Ùeu—µôT£ˆV«êè¾/øÍ,šîÏµ0kPZœJöä2ŸiÉØ€õ·šJÍ‰‰WÌ´TÀ¨_í¿®ÿ "ËuÄaÕ2¡_+,ÇâlkmZªˆr§ş¥­Ø_Z\,JØèi¹­gÄ÷ØF¾EOI~fR…Á¡i¤z¶]Â û5Ÿ!–kå®·"Ş; ÛaD}–³^0Tbëçöº›£è†œ‹Og—â¯wïTš/ú–pƒè“ÎpFFZã©Ş¨À¾^Ê4‡#+•U¨¶ÇÉaìñ5º|¡euºìÅaËq”İŞ°üÄ%&q¥7İX²î]€Ã»şS{Lİë6İ<ƒlúrèY—’ï Ì¿`hU~VñÏ`dP¢«2ÓzRÆñ–nÑ“W‡‚½µ©òŸß³WÛúzÄûvÌï«Í\Ã˜œ,{r,>µ€hJÇÔÉ¸y… µ¶&ciöìÓÆíÙ÷$h¡)@7Ùa¢Ê¬øìú ù÷dhjSòV¿,¬ğÑïªP–ÃN&>¾]š¶¾Fm­æÑgÃk\M8d·í25Úß`ÿ Í¸{;gË)¾å6s–œußEg³úvşA´‘¯Áà]ÏbÛGP×ÕSãí¨7çíÿ *ORe1Å¡‚aQ£eäŠÜÂx—£Ç´Ê	×óğãº[t¢ºênÆÏÏ-óªÆ2ÓZw8ú}ÅÏú–…êk²…\Wå–¡%î*öö—AòÌËµ¹c­b>©ùU—ÙA±ê¹”=!Ğèºƒ¨õOÊÜØ†»[&Rv/êYÒ–¯”o–˜7}‘uM£cp0ùoÑç2>}Âöcä Ğ[V¿.À|šÆ…³ÿ Éµ,¹8Ÿñ®=ÛH²:î±<b_µQ—Û¥Ç9	¦Õmº	Øw©bU[½¨Šxˆác°£¨š˜ùÙÍfu=åCöµ/ÖQÒ<Q×™n54øÃÖ-örÛÂÚÁéq§x»Uë]Ço´Gnš©ë˜à®8kkàÜAu]½ÓŸVÄñéÕ<äòãm=÷.³â(¡^¿x‡Å×ä;g®OÌŸ“§	Õkâİ·}m¯É˜ñÛŒÇå€×âŞ×ugUt>‚Q­å_‰©ÈO0Ò‹Å»uVy}Óòy&71å¦°°Jíørwé¼ÒŞ1½zöó']kT¢I'¬¸}2NŸo™~Gü'Í'!Êó9-ÇG äâ³ğ}¼k»µQÛÖ›µ:NŸ;9ã?_ÚV{6Öz7šn¶czÆ"!—©öxÖz©øØÙ?ûŠRÓ¸‹ÌÛä³ì¼W]u³âÙ}l£QR‘r±êoôÊ	Í¬Añ9Q;Ò…~wÚštSçR65İµƒÿ ×pØkb—n–wvoSç"QË¾pY›ûM”¦ı„8ÏLêöN-œÃäÔ­û+_’”âÓÎejÉ¬ıÓ„b§›]uÑUu@¯ŒõôùŒÓeEËFUòMmöo¡TÌÜ¡ŞUI÷×E"ãOíKÜßZñİÆÂ2‡è D«8ôÆŞ¨æš ;ÔªÓûU8ÖkÓe_r¨TÊ¸úOmm¿ğO™—_¦O˜ëÇñµlZò—Í÷v|„òÁ·œ Ø¬«jşâ•ˆÿ Û<§ê“—+ª¡şe‹æàb&¼ÂÀ}3š‘{é©„İ˜tµ°p7X êÃs™\š¢­}¬6…Juë*8›èšYŠ(²İ5*4EégmŠ£ÊgœZ>*'W[tØ}c	¢hˆ€ˆˆˆ€ˆˆˆ€ˆˆˆ€ˆˆ1=¿7Ó,ÊØß›é–ee²E‘¬‘dT‚ D)…ï^¼cµï.uÖv)ñ3|ÒÁ:L…¹71Ş«Zƒâ:±ùd°#¾îåUã±ÏUûî~¼©$Ì¿5jÉfAŞäiÅ§pE´µÏ@'ú£ªìé‚›uÈÌÈ:è6=Î?³Zú ñÌóy7YÙ$¨:W7dúú Ï"¦¶âW\œ‹Gißee}â½e}­çfÃvRâÇÇsfIı¾IŞ§İN­:ú7&©Dü¦õe¹ocaâ,m¶ÛÃõ­µö±ñTVœ«“’ÿ ”ÛÕGx õwùL¥M7=½sN+tµÇÄ¾×”ìš¸¼µUx¬SEGr{û>Ûo õ º–Å+ÿ {ŞNNK”ÆÆJ:¸E¶¯ŒîÏ>[ËÕ¾eäj}VnõÜõ%k¢Ë¶d×MÔtWÑ^Š<áì‚~¯J•{ƒÅcÖIá¨Šñé×¥ï³^&ôø¥f&tûcÛÍ÷“×ÃÇT¶Õ¤¶ß+‘ ×ÅÑ,X1«·Î±wTx8z€Uİ>%"ÓÄu´òÁ+şµß@“ŠusN9;Ë7Ÿ,37LÎ33¹]Æ‡	ú™±øGú…”ÉÚŞfTEtõØÖô)áùL¯o5ÀPxò-´ÿ Ó üÒ›ól6#ºÃ1:¹¸¿¦+½bË§õçÚNF'ÆÌË=ÅÒÕD¯³óÉ›5Ò½{†Æ¥Gí/*>Íi¾PÉÌæ5ã¦8(º©@áÜ)Ú=zä°k¥è9*rò[µÛ:¥IÑÄÍØ_‘RmŠVvÑ2å­¿{Så:íø‹´ªŠüc]ƒçñÌûîÉfkrÜMª7­`î`‡`'Ù×´wìæF]¶°D éÚÔĞ/Mjİ^ûìgci“u¬ú¨­İWiíØRx¶’Xï2KvÆs1óCuEñ†Y,^Çe<GSÂ¡v“ÒI3Sš‘U˜ê?ş•b?ò ú$ß8Øàlu xÚÃ¯È“ï3´½öX„õÕOùtíä$CU­Ñ»©÷—êùÙ]Rô¶±öÂñü†Fäe&-nº/úº¸ùu–9me#·­cİk}äJ|´›r©QêÔËc#pıhMfÖ#ãµ+»lS©ê>Ğ8›¶W^n5f½x€ï1]iÂ¾µ\]k»Ñ1²&¶Ãp¦ªÆ_˜Ç/ÏøRj³SCÄ¯­[Ö'Œt‘u³tV3¶ZB”¬¥ÆÓŒÖºÍ§ex­¬ú­òOy¸6ärjoFV7¬z»Êÿ (“­¨¼lÜ/hâ½GiÎı¸ŞĞöZDé—ËXsßa6êœêk'pWê=¹DÍpœtíÚpóVíy~ynå³RšnÚt!‡Aúe.eËÚ§6ïé°ât¸êox~Øvj¥¼¿š¯¨kúß³rŸş‰õ–Êk5d–ÈÅ®Ó[ªÓßxğóˆ¡tİ„tí·äõÊ,K­¬¦œ `“‹o‘ßä—³0éËÊ¬®´d*›.®Í¡}U_­×Ğ&>©Êó{§Ád®•ä&†µf ëä:mÆÉ¹P#/)H¤/W;=3-ÎØØ¬ÜÓ/–Øµs4øŠXj™”„l=å~y«“—W}‹bİ_IS»íâU¤†ËÈ³¥BRÕÓ¼aéi¼§íïñ™°²z.£²ÚMÆšpjÏºÌâY¸/7«Ã?jŸù¢jUmWÖ.¡ÖÚçCÄ?á	D£ŠxˆG®)óYò zS«Ög„İç?Ë³¡Û|óšs¬~\ŒªÂÌÍÉP>£iëYÕ§VùÏrÍk¥r\ê[â]›¤ğÖ£çˆÍ¸‰‹nñE!]AºŞ_Jí-Â™‡ôK\îÀØ•Ÿóo±üÃd«ÉÑÛ6»œì©À:‚”Éyã ¸•„.GÛ2é-ÿ ö[1÷¥CŞòì=vcŸ#)ÓæÛ·Ï#ÚÇ¡<ìÏ8`Æ×£ ·˜k>áp½Oiõm½u×¦¬UãošV']Óÿ ª¨°ØÄ¦àÖ/ê®“¢$ I  5$ì “9S«çÓ’Şµ¶Xêqt–U]£†ÑÆáõ	ñ™†îÒ6EÔ~*ÅÈ#LzÎ¸àì66îø¯wõ¥˜ˆB" """ """ """ ""ÌOoÍôË2¶'·æúe™Yg¬‘dk$Y ˆ
DDD@ò5ïi°€xºñ¤õ>7Rğ±Üz¼p ÉÈîªµÔğŠ”—³t*–×Ñ1è¦Æ`‚µø‹‡	_dÚCü+½ıæìî\Ï±‹ª.³§¶}MGN›[Æd#ßÇW¥8Cfİ®Ú©SO^›[Ç¾XÚ“\ ËÎøja{\6e··oRu‘×¹fv>0N.Nöût4c¼\[ÏPéŞ{2^4Ê»¿à‹N©‰Aı‰Ú,Ş%§ëØ:dÃ2¬0×1/™vÖc§hİ\M¼ô.ÅèÒ^+N˜é¶+3šòT˜šßEùdju %cÊv(ª&}ÜÆËujÇ~AĞØÀ­ Ê‰½—õgÊ¨·3[ó‰Luí­Z•âúîÇh=çrË|×ev\„°íphú6û}€|}õ2±„N?töÁçûÇ{—¥îƒ¼ı…#§@4ù6¹#fcc¡Î¹v ×ä päyO?(¶‹–ü^î'†¥üÇüÒµÌáhM k`¬pV­ú[Ï%Z‹fcªì#”/¾}¬Á.µã±q0öiâ{vü’J¹e¶Ö*b©ÿ ¡Ş\u÷¬}vËxØØØ#¹ÇR÷0íiûFñ±Ü«á¶}.Öê[´õ’³ÁJı»Nÿ 4´Úç7®·è„cr¼mt¨Zê÷8¼Ÿdiã™Lã/$f3.=”@WZPvŸ…zz6ï&I—}ßìñ™^@±h^f'b;ZIm-@´1
-m@áoøtñúÍÃë?HnØ˜Æg½Ê™-ÈJ®ãR;v£‚Iÿ .µDêMGL½bs·@¡@âfŠ+¯ß(½”uí2Í¼ºƒPeø;Ì«ÛjÕÅÒÇyú«½ŒÈ·*üç8¸Ú­LK9cÛ³Mö\Ş/@‘cîÊ""İgŞöü9VŒ,-{G}sz÷7¼Ç¨{#wL›Su¨;6¶©ãª“ÂŸ­a_A’Sqé:]’
«‘£
Ïí.aÑ¨Ø£«Æe§E¦ºé§ì×P< øÆÖ>9h“vŒ½ôÕP—q c§lz-°p+²ªÍ(%oŸ•MJ¼;p¡;ÅIëmò|².òÜ«ˆÔ„f,Ã©Nƒoè%ÌPÙpCÂµÒQîTc«¶½m®y3t¤Û:Ó’ëäÒ,K‡e7Ø ô-Œ)_‘d\¯ãØ¬uu=ç	öS½PŸ&ÙBÔ³-›"µÿ kIª5Ü»†Ïórç™]¦ê¨­|œVƒ+ØE#XÇåíbæ+XÕÔ›KYpÿ $õ‡ËS/"Ê•™B¯İ¦ÇvMèƒ¤ ¢âÙµ±Ü®Ä~‘&lrŠ¹¾Ğ?øö.ÑÄmU– í†íÓ.µ›b›™ æò«Ew£­d–M@«‰7*î;ŒÖÆÉAX Æp~ì.íp´¯ZzËÑ¨šÙ|›—åÖQª?±mc…”ù7ÉßFg'È5\8«} ‚BZs#t2úD±,LEÿ ×½g˜òà ËÇn$:`uÙöº|GÌvËù<Êš–Òv1‹k?z o×§QÔdXù¥ <\ii ’½—ëV=®²»zHa='+üG/íUfÛ1qã¥ÆÆşĞê•™­:n¤Ó*§UÅÍWLº¾Û±,ì£¾èßYdXY¯Ërä~á´=Ûíº¾¦¨w:¡æ–Ô`s5ïëbï#±}gÆFÙæÚrV¾îåÃt6‹’Cí|ñ0Ì]JÄò–-‰cŞõ0²¶eduÚdÑ.)œÆ-wc3ßÉîïŸ¿Ã»cê:õÓo†Ù·ƒÌhÌnèNJúøÖlqö}á2ÔÓO«N²=¡ªŸXÅzAŸ›×•}9/n%††fb8 RtêŸ£¨ì·Ù?4ü¼n†ü¨ü›´ş)æuè-Ş¼¼,|é¤´?Xş	N›ôvş‰…_7¶šè‡äá2ljÂe1ØY+ĞıWn/ù!©‹1ÃXmšÿ eäÚ´cbT¶¹Ñxİ˜kòBçs,¼j²oÉ5Òö-vÑB÷'€¿jûå||eDå7(Ñ¸Ï¼ÕÇÍ'N]½WXú£Ib®˜ıb˜ÓÛ0ÊËÄæ=yÅeNFö)aí	“–j¹Z*ÓÒGIl‹Kê¬’î×7Êä-Î¿nÅ |­"É^º˜ıÍ
l·Mš”Tª>Ñ_–­zb¥SHUÉu íZÇ¥¶ôÊœğ†É-Ğ¤V¿¢¡ö¦¯-¬×‰‰^Àn-iÓõ´ù¦'2smˆFÖ±¬qúVp/È±9%˜ù“=İ¹-³.?*ÄV=¦h|{$ïP§q‰ĞU_¬=--¼ú8SÏ"µU¹Š«mÇåÕ®«®ÂÕìÓôŸdõ˜^Ê† o½µMù6ë^¼@´Çû2¦ÍóÕ=ï\¶³ŞòıF„×}çôÏù¦äÎÄM9…«¦ÌZ* }£Úi£39µŸ¿$DH>b{~o¦Y•±=¿7Ó,ÊË=d‹#Y"È©@ˆR" """ 'Ğ5 uÏ“êúÃË˜ÉÈ{/°V ½Ù-Â½-İèˆ<šËœÅ~UC}åä½öu¨Úî|¤z­Ë+ãçL®4îZÖkS·å‹rUŸ#˜¼Gƒòëì®Vßä2µ8eÚtWÊu¦¡_í ‡P<Avogm§Ñ'å¼¼ê2r5©¦·Ú»Û¬ú îÑàa÷¤[p-Ç«=fMxvxİ»#ôŒµ”x;ªÏjæ÷{Ü/g°=ÅõS¯i—zLş–ëùKîFM®åêUVuï¬Ó…­İŞíè¨èe\Ô+.¥^Ã­„Ÿ¾³í·G“£ÄeË@ÅNúàÚÔ¬hËŒ»—ÄÖ7G@Úz%^_‚2Ù³³;8Ë© Œ~ßttõ™Y·¦•œ£ÚÌ®›²-EEÕî:'@:oó	¿SÕ‹´a·`$7ºÍÄPÑñú¢PgVgË -l;¼z}ZÅKşatëyßã—œœ»šĞŒ‚8\ ö¡Õ¥Õ$-óÕá¸Î:'zûÛ¶ì­•´~¨d³d¯tl-JzÇ\_äãV=vúÇäP+z—
a@
xmËa¿µĞóŸ ê“($)C}k£¾œ8ø•uôzÍÓ+•iÛ·m¨k©p€Ğ*d,‹ëW‰Væ±Ï´Ç¯Ú=•Ù"Çd	ñ¥T¦«M¶&^/YÕO¯kúyºÜuÚÔ?x´Úä0İvAª{«Õ-ÕCŒŞ÷9–Æ®ñ@UF¦ˆ7l|.•Y¹Âë»¬eF­­<tãkÚ
wÛ{ìŞ=Â\ÄÇ§€@ïöˆtÛÄuİRoñúÇ OÃ¾6ç^	¶œ#ÖpgBùw·‹g\Ÿ!,¾áˆXw–(|ËÕª€{5!è×åßÖgœ¢3EË‘¯¶îg”Ú©'ÈĞp'H
%~cÂƒc/ÍÚµûUâ¦Ñ¯ôôK9ÙjÕŠpÕ_;æ?±Ñ«VÏ[Ç¤ÊSnK]—’Å¬}N›KXBö@ê]vI;¶+=S„l÷$Ëª¼LZêÓïïE{•‹éæJTP÷Øµ. 9Åì‚wè’óƒ‘™ešp¨<¾ê'd	Z¬eâÙşãåû.Y#WJÍ¶Wö»â±v‰‚ÁŠõc <|ZmÀc§B×¥)ä¯R~ië%ø9wŒ%`yV÷ş‰W‚Üš)Ç@•»2âwi¡Ú|ËòÄ¹Ûø©îŸ‚Z¹u§—1«6\ŸzlöWNĞ÷wuz€’áf%Td¦¤U“X²¶>ÎM:2ş·Ï:¬P©‹µ¯­iÂ½Z¨3™ÊÃ\~r˜*?Ûe°*¾åw#gTEÕ™¯W®½­ÚíÓË¶G~=9U5,©·©è=jzˆ/4§²¼Ô«–ø{´úú‚Œ|cI »?£Cõ²*Óä»fåsù.W+-} äá_ŞP7qé¸†’½ï
‰ĞÜ jºîWê’½Ú¢v\\Õ‡f¬jO×±íùTL|ŸÃ™kåcÛ—:ÑUl•[Ö¬˜môC}Uü§FEVSrµ¿tíûºIîß]Ûöí<Ã"£İæ×ÅÕ}]>2Ÿİ•0ù ÄÊ¬¥-¹	·wY]wt¯]lw¥5§Kñ[hBº¾hx×F9®İ²èá+Q•¥ •µ}[ë<¯—úUÈb€/3¬]R‘Á›P*èzÚ¾m’†ªÛ°ïlL“µŒ½Viî1ßäŞ=Ùb¬¬ÚØS—P±ÈÓ±¢»=—ó|PÍ)”ÖšNñy†N*«\N~/M>!Wë²ÁıiÅ\]`­¸«Ü»U×aÛ:Zë»]ÊØ6İ„uM¿T6Ôo’y¿šVn«î¯´áevÕú~y&²ø¶qÊuÙÆ¸l>P;ø4¤—«à{ÕĞ}Ñ3¸,Ã½ê½4mÓ û¬:Ä¿ˆxñëMuâ¨¯«¿ºñ—íf%¥Š8ñyoO§È®'Š·½Ë#Ìm'şYã—ØW/Z»G¡‘ˆùŒal¯³¿½¹Èû*HşÔ®3ÎéùÊ=GÇó=.ˆ<İ¿ù%Y›Ø­¶-#ôFİ|7™fç
üÅº{ÍPQQ#²vµŠî:Ëki'Í¤ÆğöCMÜS–l\lWm:läY‰_ÇcñÆ5Hö~‚÷§úÆheÙ÷¼ÎÏv•¬y{*~yˆ–¶»6gzt[äX•òíÂxDsÿ -:
šÍ×ëÁÿ ºÈ×{(%h«ô¦[ÀBkmÌcu½C×‹SºQ²·¼U…_g¼t{úõ³³U¡X×Ó42É²îŸ[1†=«¿Y¥fíŸí>ÎŞäÜ¤3c¾SëÅ•c[·İ×…eùñ+E­6" ª<J4Ÿf""" """ """ """ ""ÌOoÍôË2¶'·æúe™Yg¬‘dk$Y ˆ
DDD@DDD@Åæ5¾¶çÔ5«£0ß]–¨Q¯‹g¦e÷m“‘Fg…EcÑ¨»üógŸ¿¯¿bÿ T2¹r¸§"åĞÛf˜õkïİµÏ™AÖXk+z»¡u¬MTvYÁM
º(>DÛúG¤ÏXxê\sIÒ¼ÂŞÈvê×ĞšA]C#!p*$Õëe[Óg‡‡Ó§ÉÕ.çd2R^‘÷–‡ÃUñö]ÇöGŠiÊÖ?owob›¢çåµmgû<]_&ıÂË=¦óé¢õ,óÌòŞ9+%xqc
Ç«Çõ›¡}‘ã2İt-×ŒŒÖ¯aÚœKë^ıj»«Ómè•1k[ò&¥Ñ­b´qª v›ŞÓi=Nò!bbµÒÜŸjÃ²ûu°ŠÊÛÙãV=”èâñõøõ2ê(ÉT¢„áÂ]µÔuö‡ö–á5ó±ù#98ô qWR5ì‹Ù=klê©zNï$×Ü•¢ i¸ıİ[¬ÊmÜO§«Xè^(ffgàûnETTlï8+nËd ;Ëx}Švƒ¯Õ^LÉµ²³-J1°×WD$èBúÖØİ:uƒl»^ÅX¹D^Ìt­Gf·#ÙAÑRôŸk£fú™·œË+XÕ¬³ÕµJOFä]4QÕ‘Ã8Æfr„<¿„İ–Coi½fÔo3O>Æ!èBŞ”R¤4VÇ&gà¨Ç\îü„Òãkv¨9é¿Üä_vX´ª ¬%W#„k¦ıIòè$Ñ«¢·WHú-¶jÒàbÔ×Šşãé÷maı¥lNï'–x\AÀÍk|Eö·ŞXí¦-míŸ´+è×`ŒR–qg^¥(¸Ä¥hÈ6p ~Ññ™>]Íˆ«m€Û@LjWµ^2}Ué#¯¤î•Œ¦‘ŸnÒÖšTá +BË¹ÏŞ2±ÕjÙã=ô”ª[k]Š­uµöi³€Ù¨N¬Úù„±z5Uwİ¶ÕÜ7kB6ÛuñöW¨ë¤‡4œl
±X“~Iä¿OaL[³>©ÿ 2Î¥[†¼Hñ7Dè.¬×Zê1TùxËL\_ÙÜ¾ú…ó’ ùæï1r¤ìØr)Qÿ ‰xš!¯2gª#¶Œ¾ahëX>¶„ùZßLÙåø-ÊÛA\À%:R»
(ò³/¬c®AâÅÆĞ²¨âkúµ*ìÍòk:5[y†C¤ÑŠİšQ‰f¹—h±×gaN„.âtÖBf‘ß+e#F|E‰Ù×^+ÓgŞYÿ *êŞIØö¿â
8ì6¸e.Úp®”§xá²º°zvÍÛ,§ƒcè”Ô=UG‰T“)rzm´ÙÌrŞd‡»W?¤~@!ˆšV[
'©ğO°Á<Ùh¥Ò5à…Ù½•S²x¾ú±Ğ=­ '…'v;•mc>V¶¹Ş¼m®uàúÎFÂşM‹Ñ×²rÌwÁ«5ö@Y˜úËc±vàa´hN‚eÙÉ¹†9mŸAÚØ¶¯åVÜO ùgGµ5qù‹™ÅK“‡—®¦«ÇúÚé¯‰†ÙÆ=ãs6S $7jÄèâÛ^¢;S°¿)82jK“ 8§ï&ÿ Âü¶Â-n;.Õán5_"¿ôËR:ršÓİŞ¢õ†E·n]j–©ÿ sPú6¸^·–Déq—g³EÈ@;Ò£Ø¹‚ÁäÑÄ¹_áììAcaf«³íîîM›¯PN†C+ç”¹ÈÇJ^İ~ó¹b¢Ñõª}>1¶Z”Ç	‰â¯Ç…ÍÓáíŞJjWMºi¼¡é^°vÌÇ£3øJÆÅ+·U#„•ë}]3I.eÁ2°9Š„öˆu§ŸoZªÃs6b“_hì÷ƒ¢ÚAëŒÖ.éÂ˜klü5dÔ+´VÜKÅÄ½iã_í0—q¿÷4)ÿ şµkıG•Ë¨Ôw§¸r~ï1ˆÌ}›—Ùo¬6U­ÉÁÊÇ\Äá5öM£jY_ôj|Ğ¸]nsT®VÜõéïG ñ	§ çc…6ÿ øëJÄÎæõŠs25Ú-í>Œ³C—·f9ÿ ûí	#5»ğ‰mŸr,´æ›şµŸş™‹W	dêë«yÜµÚZNö)ó±˜(¬Ú…ÚB’~È˜—O/+»hÜÁVµkñ²^Ë	êâû¡§š8Ê/Ì·$~Ç|6?V£öôJØi©±­•bÖ”ÿ ŞÊs§ôÍœzŠñ×h¬hO[ocç199ë3İ	""eHˆ€ˆˆˆ€ˆˆˆ€ˆˆˆ€ˆˆˆóÛó}2Ì­‰íù¾™fVYë$YÉEH"B‘2?(£A¯mÎDßæ™xˆïEK^Â®Ü»Û;
|ƒ§Ï5?#65;ûŞ×]%$C‹KcK¿ı[@­è«|²ÃS?lmªş*PÍAÛ{w?¼ªO‡í&ôJ–Ü·sdRq°”V¼;ıŞúÎ{#Ó-Û`ÂÇ7âĞ©Xë¿#`ù2¾=´¢ S7
ØvévŸ}o’ xGÖÔÍ9F³·íÁë#VÆÈwÓ†‘­Äz–åz«Xú”ëäÖAPXÇ¥K!Ò¶Ùk5í
Tõ¹í9è]:¥¾iZWƒN(±ÕPu{LÇÏ´È{ÈµÖ¤¹ûºëöô}¼>'³Ösì¦‹OÛÆpKmÕãUÂÚì5ĞvRÓ_OŠš÷í<‹—¸Ù•–Ú—Y6Í+ÓQPêÔmo«¢ôÈ²ë(ËOí22#°
Ô@àQĞœz§BÍQBë^ÛZöóïvâfÛä“4·ú×t)ó<§«²
ß”8QúñÇG”ôÿ ÂW®š°(ïö„ÓŞ·»=Ÿÿ  Ú:ee[Ì.?p­İÕã®¡Çcz¥§›­_Åfm!{Å¯M8;Ö/©úÄ/ÍFÓÿ /‘EKğ9\ÊÕûq
µÛÀ„Ùãè”kÇ»+%ñĞê»Ëœ@¢ÇÓ5rÏÂò¼jYuvdÕwêÃïXyÎÉ66:USUa´=æm‡u—zÅ>ÊtøöuÅ¾‘3¶i!éM8õ|e€•P…ÓF#r…^z@í²•"ŞøåÚCg\	¡w­éCr“å‹ï·3$ÈÕ¢“¾×óuuh:dî*Æ©É$k¶ëk’½õ\ìÃ1‡½ÛRº‘¸mbÊß{’í´÷ŸWôßgšg[m¹YG*Õ×½c ;€MÙÍÙOj¿GzAp=ÔØ‰äY+€0hÔğ°gÔùA‘Ş-˜Æsœ^¼v"ô=Õ/ËÅôM>eµ®5·ËoÓÅ¹DËåÚ÷Õ…Úİâè?E„Ş8Õ_Íª6ÿ í¹}"Û|g_»]:ÉÓdhÅÿ ù"»&SrÎ^ø+€?‰æjP£³ë7èƒ·¬è½sRË19n kº¢± -µİ·Ÿ´Ìv™¹xfşa•¶¼e>­k¸3{(¾Ñémdtò²÷¾fã+$zˆûz|H½>y™®h©®şné“”†œ:ÓŞµ6òô­‹³RwTH×Ru2`!™—Ù^ËÜ¹§E·.Çf:SWÛ#yú£o’z$ÜJÖÅjF±}f#z¡èñ·˜uÉU"(T_UFÀ!SŠµ¿}c²HĞŞû_vµ|CÎL""!ˆ€ˆˆó0ñsªîrë'²NÇO¶ñ9Ì¬¡“—æ9(Oÿ Ëó†Æ?Ã~¦,êä˜•fãY‹w©`Øİ(ãÕqã!b\Æ>eªï…ÌÔqÉ´şÎÅmƒÄz÷t³íõ®%fœ…7rÖ:ugÆ=wğü¢}E³*·¢ı˜a[«tv‡J8ßéŒl€‹İØ è«ö›Ïòl'za¼Æhœò¦Ø|2¹-ôV‡¿ÄĞ
mØJ…b>I7*´6N;k´½‹§ÊÔüë-Ø-b½ç,¸ğº×rÍÿ )ğÛ¾†F7ğÌš²j<x¬éenºh}R~ÉÙ×#¤OU½;bzgoÕvĞ;—^ ‡ÒÊåu÷—2ªºÏ‘÷Ÿ@›e§#h*ê³ ™œ¥»¶68Ñ+®Ö×¯³§ÓœÏÙrÇ(?—Yö1êVaÿ Q­}ë:™Éhãqpk ~.–WÕ” šs-NxDDD@DDD@DDD@DDD@DD˜ß›é–elOoÍôË2²ÏY"ÈÖH²*A"ˆˆˆ€ˆˆˆG™2ŠÑXvT÷¬Ãz*lâùfb·„ŒÃmöGÚ½6z½oG4zhJˆ;¸?koÉ óÌìğwÕŠN‚«ûÄõqè+5=õMuÆüãZ×=ºª8~î²|J´»€‰ÂÙ‡²Œ¼ñ{É·ˆøÜöŒÉÁ¡íÔ‚Tç3'’„<V·ŸÕôÍNcb…L5++lÒ„ØÅÄvKX¾1‹cµÙWw¹ä¾Š¸“ut¨%6t–õè™?,nöËù‹Å–…;H$q3¬zOY”ù€k+âÅİ×>àîÄ_)ßäÓªiP“WÅ¹Àgı6âù„šµvGŠz{‘`×ŞóFfÚ¸µ…V>şâYŒ›+!«À²ÔÔ]šü5Ø]?D|²<
ÜaXÛ­Ëpƒ^¶õÏÊdy7wœÒº¨^%ÃºÙ7·euñùeÑšVïçáõJø¨Öcòå?uŒ ^ç±ûdzS<å•ÌSz¥Ë[§ùU >ƒ-á"£»Ä‰Ùö.v3~Š|²†¢ª²y›v‰=Ö8;Éßóı0‘\wE#ú¹fòù\ÑV½øÃE;ÂÜÛYÿ @[A+æŞÖŸ„ÄN,|rªçyq=”úÇ]¾3´ìjë¶ŠS“®v`,ÎÃ¨YÏ†ÿ $ššª¥Gs²ª8’–=/ş5ç¬û+b)¯N_7ši¬0ã×&íıµŞ|a::ßÉ19†`½ûº¶R› ß®›¶ôı$“-sL¢4Á£]F†í6!º¿ÑéúÚÈ±èM.Å~é£Ğ#g£Y'c¥‘O¾ìûbÎ
Y‚ì@ôÍ¡Ø%}@luı*)”¨ ]YmÁóß,Ğz¸–º‰'ROÕ@]‡ë$:_8ÃÏ-4·2ú”Ò­fŞªÒt.Â¥¸§FUêRNÆ³‡î•¹U}¦=g®rhÁ.e×…©aúšêŞ'wCWPºá¥ö¨Ô–‡´éo’ó"“]ÔK(Ìİíöo¸‘¸Ğ£Ù_¦MIO¶«ºp#pqlw°Nİâßº{„ UPªªFàá>Ï‘¬±>k>Â9_ÄE¹3Çæ5Vô)rûİŞÃçáÓÑ>dµAW˜ ï1ì@™Işe¹ˆ÷Í/Äxé~ç¨™ô…·T'æ˜œ©Ú«/å9CRœ\#­O®<ãh–šM±:ÛŸò·S…aƒ{wÔÜºâÚv‹ª÷ûËòÊü	ˆ[ qà]³SşcÙaÔ	ô6Ş™œ¸×?-½‰ 6µ7Mm½-O¤tzfµvÌg[6N>«uæ)tñ:î=zi*M´ßÚ%Që¶ªíÂ°ëu`÷mşeGGSéM–gUoäu_#f±­¯¨PV âÙÓ~9Ü=cÔ‚Àõ×ê–â¨tmÒK¥˜Ä×lLº¬>àõWEEDyŸÉ‰\>é¬„>½ir‡Côy¦„É9‘>b{~o¦Y•±=¿7Ó,ÊË=d‹#Y"È©@ˆR" """ 'Ğ5 uÏ“è:z¶ú erÆfç_Ã¹Ê†òŸèXç˜Év}ºÚHà>ğs§§t÷É“‡æé{˜Ÿ@ş˜çİÕ¡Ñ­´øÆ£åÒ\9}H¼wn®µTéÓ¶Æı'×Ñ3l½¬ïrˆÕ­=„ú¾­k§WôÍbF>b! ÚECn‘µÏŸéaâ÷ùHNÊ±tvSÓcz‹ô™¹s³İ·İ	³±W’İN÷ =­ÒÖ–FCÌ‹µ¸uİŠ£N¾ z6™w›Ÿÿ –äkÒzXJÔó6Ü’	\e	Z›\pªş¯Ï$5v“²³Ş–ëS
’ËµqPUH>İöşnŸ<Éå¸¿"û	Ö”$ëşkê Ë7’Ô®¼u‹
¦›¬eıµÇÎxWÅ=bØ«…“‘ìß~Š~ªm_š]R0¶c[°Ygòì›wjSÆwIóJµ-aÒ‹û^[_ç¡®}¤z{1ÌªÇÅÇBˆ/}vêË U#ÆÆ{Ä ª×iÔ/û¼³ï1ı’0¶»f{vÚ›[ÕIİŸœT1ÿ "¶Ø£ôGË·¢EŸ‘ğôU^0í`”&óÜ×ê>³mòÏW\Ûí´éÜ «²6iú5<³-î~îŞcfË.ÖœE×ÔP4fe{#ÆbKm­'µt…ŒV«"œ¦!«ï£aÚZÒ§µäâØ'ÆQVOy»Š¦ùL´¡G,½+:*Ö™4ıRGkO#©”y³è@C©£Âš57]ìRÃB÷¯N›vî' MJƒ=Ù(ìÔ‹J‚åÁ˜ÊXuKÜF¤ìUècĞ<ºîš«Râã*1Ñ¶ØíĞÜ‡‹Îx¢ó'gÍS”â&W9
GUsƒÃ¡ĞùZv„êu;Ìç?
!eÌÉ;İ•>w3£‘›çlÀŸFùò}ÂA>ë#â„zÖ5IĞ3Ğö }ˆˆB" """ fsğO'ÈÓa²§ëIÏæ‡¶º¹­+Ã“ŒtÈ¯ì'öLŞüDüšó¿V­tëíƒ§É0±]qrU•¸°sÀî‹mîìÓNí¿³ä–Œ«²g¿l$æôåU^R€Ïu[öv~ƒl>"z¦e97agWmà¡Ózû:)Ğéäßò†lP«k`X5¢Ş&Æâ÷O¯Iòtx¤7âQée6YRGµu‘×ş¢nñî;å”¶è¶q·á/Y5X/Ä=ş9÷©^¿ :ÌÛV¶Ë§+³°rïiéheî_›]«J³ÿ ÷lNÎò–ØkÔtÔJWĞiÊ¿—•ŞE¸Çİ¸m_NÕôDµmbf'8glVyY°dZ¨²¤VOí(,Oˆ®»=m]]C¡âS¸ù7ƒã˜+x¯+˜¥wl´ú½›×İ‰³uV#›ñÆ¶‹Vº-À|Î:Nã3-fš'š­®êÅµQºöFõaĞGLõ DDD@DDD@DDD@DDD@DD˜ß›é–elOoÍôË2²ÏY"ÈÖH²*A"ˆˆˆ€ˆˆ	ñıFû'æŸgĞ8	éÙéO—iğƒN–m|»%|Ï¼æøUï«XGoôIyAc†x·‹l‚x[ßkz´P øµÚeŒÒì"x+f:İÌ‚1ÒªGÔj4¼·äĞM^…qUØh÷“s®óÕeĞLLprKv»yv-gÄ¶öÃúª¢tÇMvlÅR‘M˜39ã‘€F­eˆ¡zôÛ¤©`5y]m÷®ÚäX7÷ë0Ø%œë—â–Â~ï=G!ÆÁú#åĞH0±í«)Şÿ Ú‘MÎ¾àw#‡Ñ¾X'/çß(»µşŞ…©×´qmó¸Ñ?şW‡7İczC:‹-©	Úö;X:Å\L?°%Ìzø—”õ ïÈLaÆ¼¢~*ù]ÖO8µ-:SW®G¹Rê~Y{•¤Xë£ŞNM«ÔƒEª¿&ï–cc†ÊÊuòíà×qàââ’iåäFFJî=š|ƒZªÿ ™½ÆÔº?wDví£5³±Áâk_s{ŞÊåúeëéKéÍ j¸u­4é´SÇc)ù'Î[XÃÂ9L;\&ıºŠ†¾6Û.aP*Ä¾¶ŞAï<oİêß)ˆ.º“‡ë8|UpT7+,wœ{«ó+–úfVm½ïrŞÓVı©¥NµršNºkNC€L¼~ÕóêSC~¯ª=2NÙ×o–%®«tû öê;ÃêƒäßæŸy­ú©ª­ÍÙ^®ê½íçé’a„×¹ûëÉ
N³zÍæL§hÓÌ²6ä°¦±Rv™¼äFŒÆ7×dÓ½»øXiË¬=w|Ê³rb~ÿ ã_şóefÜ‰å$DC$ôó>ˆŒ3ä#ØÄğ³Øö"!ˆ€ˆˆˆ…ø˜Yn>6>&ÒI:ë­KÄ4òë9şUen–em®şÒ”³ÅåŞ<sOñfCU—İ¶PkG”°û3-é«ãÒ”åèi³ü«[jş«ì–b>ÊN±Xã>É©ğr[Lªtzî8€ıËó4ùEöå)æ„†C°?C²ÿ !ĞÏ¡®Ê«ˆc†Ú2u·Jı›Ë<d•t¯šcê4z Õ‚šéÒPì=biËwjü¥W:ªÕfÖ„Ó’xlU[]ëí(÷Ş:O–xæ6›i¬ÚÀŞj²v.U<A—İmüKĞeŒÖâ¡ò*Ğvª³&¾¢p__Xa³ÇÓ´K™x‹`v­•ÚxíÇ×„9?âV}›>Fé‘¸º3:1ÊÒÚÇøÕü]
=ÿ ñ•}Ğ&Ï-Ê9pXAº¡˜ntaª?œ|³Öl:ñí¤›‹I¢İ8Hµéµ}–Ó©ÒX[«ÃÊLªÉøgPTuãXÇUòÔòK~éÉ­wûkRşÉôJ=pñ¯µÖ6ôK[§ÎËv:0ò«+˜‰6¨­ÇSAáí&²5¬Ÿ6Ï4Èš" """ """ """ """ |ÄöüßL³+b{~o¦Y•–zÉd‹"¤!Hˆ€ˆˆˆ€ŸFÃ¬ù!Æ¬V–V€ZäxÃ-~Y—spmpõÖ…ó¦mó¸5‰m@éñìºøI–œ|Ö9eZå!ĞiM&Ã§¿yá_B(š¹®=^Ã^ìjŞmÊ¾s)òÅRÙw(ØÖ÷kö)^+óì‡T£½KÚÜzÊXÄæ±ŒÃÇ-¨å\^ÎÕ8íÄÌw]’İ¢|€íıY6IcšN:®½LØ§Ò%üLeÄÆ¯}Ú=n}c2³‰9YÊ5¸FB=úÇÍ¬Fi:öÕ,Qf{šñˆ:ûÎºkòËî³Œíúªóï'@ró\n%+IH1\ZÇJã^¿ªÌ²Æ¥ÑZvÑã–Àö®Îæ®íUÙ¦¾a¶XË«¾|lØ0;´nÅkú£_<ùÊé×¤ò,,u÷WîÁşÔ³ˆÂË²s·)-İƒ»‚¡ÀŸ.²ÆLİ4ºf4Ë‹ŞB­Ö:z™ª w
q‡ü$—YÁËò/‚ÇjÃÂ$OªäªøØÄù-Èn	>J8ø›Õ˜5Ÿö¨|­¤®{9öîfóSğø•ãt­I^¿[^&şÌ£E`£4ï2;é¼(Ü¾™.}ŸÌ¢kÄç©@ÔúIğxÙ.ÍnËİ­Tb±ë·˜l™ÕÚ>Û#lãß/y?îòƒ¥²CÕR~ÒÍ<{§ÌŞŒúñiÙN"…`=”[£EòÉ±5¢Ÿˆ­8²rşï¯úI¸íÜ=£>¨£—ã=¥»ÀŠËüœ‘´*ıE;eb´œ4Â8ÎrÒü<¥pmpé‘`áêÓM“Zdş,Ü¬;mfºÂOŒé5¦K³’"!ŸgÈug™ô@‘LH„G¨Ÿ"ö" """}]5îéò@å¹Ş'Æg•Ã¯ÀŠk¬õğ÷ëÌw¬ß†§h%ëW±Ô}¡£yçWÈôËÀ¾Û6ŒÌ‹Ë‚¯Øù§3Ë•Âåá9ûÌvãSÓ÷vày¢k„ø&‘ìºªù…¬š—†ä;úÆİ<ºmSæ’c[_Äèñcæ)º®®ñ{6¦Ÿ)”ğnZG«YĞ°÷Q›@ñ¾Ï²Ò|Ê[úó+ìÒ¶‡ÉM=Bİ†±| ö¦œæ1˜Û—ÉO%S¾À¼}Ë#>ºèS‹i¬Ÿtšuùe¼L‡ÇÇ£¿RèéàÔo^µë]ë¼j²Öu	‘ŠãQ¨Rõ¾ñ»_AÓ)à^>Œ|­,¦åÒ›ìñô¿SƒÓ­knZãó…¼ŒQakk
Ï`ÚØıÖBt#q÷[£É1Ù~
)'Œš™ız->½6õqÇa3U¹gRø^=¯~”ù¤¹8ÂàY8{Â¼=­µÚ›øN£½w‰hÍ·SáC•e«4’^¥ÄØRNÖQÓÀ}eó‰§ÄUl¤¾¦†ĞİÙ¤y˜ÌÂnş®%6¨×¢İæ«4Ş®76ãéšëİ¥Ø·T@Ä½™ªS³»¶ä=•ú­ÕĞ|³ï„â¿!æ'·æúe™[Ûó}2Ì¬³ÖH²5’,ŠD…""" """ }Äæõ×.„è\›íoÑ ÿ Ë:A¼N_]3²Gù+”ß¬ôË’Úå*G.¤öqX|®ÆS­~/ŸÙaÛ^ uq/dX“4°Guƒ®ä©Iı^#)ò4'Ì–õ²lgó§Ï¬‹¶Zs<ÿ ¼É¬lk1ÑĞøë$|«¬Ø™Ò®,´#P_øH÷©nóæ–'#:üSÿ Öæ@ffY5ÑhÓm/u'ÉcñM>Kû‚:ob<„&5V\¬Š½›š»WôôSòˆ]y.q1jÃã ¾+m?I’ÕH§¼r=v®“ãö˜üò¾Qï8k~'3…×êcöf€Õ¯ÇSõìo™µ6ã9G|òW¬÷œÂó¿[”ã×¯öšy¿!Pdå°·«ì×¶Â>Ó%|Š&v`ÚÊì•yì}GËÃ*sMcî±Pmá›]ë1&JàÔ[[©Â±ÕÚ«­ÿ æ!v'ş¨ùf–WwM5c tr*
³(ÚÜ?lì1è(Øô«WXµ€Ù÷ùD*zIf@Kğx†¦œUÕ©6Y`ûGg¦M™ê»ÛŞú±Õ¯Èm^ÁÀB¬«³¸§İ­w3t‚beåÛ—`{4
£†º×bV½J$vXö¿NÁâ n t<I2ëg—ã8Ëµü5ÿ Ä/ıÛ?åšóğ»kÊÜ{·7Ê«6¡ÂïÊx‘á†_IuXÏ¶Àš{Q#S<eå×‡A¹ÁbHJ«µ¶·ª‚™ôO*(iŞiÛáõxºtñOPºÏ¢y„Q>O°„D@JœÊï‡åÙW¡J›‡í0á)–æw9Ñ±*¤íïòh¯N¾ßşÌ,gÃoªµ~¹í7Êg)šéƒø–ã¦‹k©ñ¹GÊgjÇV'¬Î'ñMdó„áße+éCè†ìÆf'X”w¨ÅÊ¶¶IY6ğ{ÔX8n_Õ ù¥Ûœšl<oB…-şegC[ş’üºÊ¹V‹1‡¯YúğlqçRÓÍ¼i€H=º	Ã¸Ÿn’Á«o4ÒR½5Ûí‡ÜŒ–Á\ZÚ•u?ıKnÎäÛ4/ÆT¨_y_
®Eæ*8×ë¯G^î©Oñ¡ZwwŒÅØõ¾y/,Ì~ÎIûåÓgù¨6iå]#Z$ÇÙGı_4Õ^qøë;Ü{4ø|³Òä·ÇÔzzg²>£ı¯Hÿ  ‘õ?³äŸ+©v(lL£Âê}Zío™_äo,¤2íåwü.W˜»é»MYìÑºôİ+1Ë–ß«C#½ûÊø{à¼#‹mvÖv÷vu©è=Ä§CRª˜·ğŒÌ•‡õ©´´X|Zê,\dÔ{ÌÛÙíw?YzÓ¬o_$ù™¶ÖÖª÷ĞQv÷Õ ¯×]ê|ÒLT¶êNåºYôj­<VÔtf;İOªş~Ÿ²I“‹šBkqÙŠ {øØv¥¿ t>zf¹Ù0ìùæ'·æúe™[Ûó}2Ì¬³ÖH²5’,ŠD…""" """ '9ræ<ÌıÍŒ¿¦Îaó$)Ì]º21lQåTaôK“Á¥sùk2úÂ€xÙI‰IÇÅ¦‚4jĞ+­½¾Yò°.Ä¤U’²|€)ú%ƒ·lƒä¥ÌF‡şŠî
ÿ báÀeÙe?‰u#Öd<m{Kòˆ¹áÆ¹:Râ¤y¢xçTıîF›‚·òq_¦zäv)€Ğ5ŠúxİvÉyÓÀ,z-¬1•uQC®^"ï5ÓmÇíZ\¢j)+}‡üšU|û[è™XÄëùxÕ¯§ƒúf¯Â™Ö{ Ô¯ş3Pã~q½òÈ¥û¾]Œ§{»ä?„ğ§Ë<5,ôâPGŞçİŞ¾¿å©à@}&,^ğãc€uZk@G]ƒˆKKWº/7fîğ1ÉiSgÊÂGOİwÉ_'( ·!Odd°VÅT/áıiRœ;oQeº÷|:W·h“Ìvé×¡;¶Ï¥™MNœZ]téâv'«nÙ§ê˜¬+Ô®Sg­Çíx¸€ó/ö¡¯Æ–Æs®íøXÂÇµ\vwM¼qÖ8$9ˆ‰•bÖ¼)®ª£ 0§Ë6Ş¥ÄøjNÃ],\ıcÅÅò™”¬üŒtîÁà>?TE¶é™›´£wğšÑ•Wºèÿ ¬ú'E9OÂO¦FM~õjÃô[ş3«‘ÏÌü¤Ÿû>aĞã°Ê<ºç·ŠêY©´üU>Q¤ºÓ:Ÿºæ™4“ÙÉEÈAõ×îŞŒšˆfMÖ|_âllm~ï¤Ôáâ?DÓ•©{".öc¢)3/øoÄ|Ã#X=+VX[c>¤uĞë¡ĞùGDL¾_Ìp*ÂÅ¦ì”KÚ¥vW:Öv‰$ìÚLÔê#h;AA(bb³èŸ'Ñõ>Ï‚}„""gó3•ÖzrÍ?íTOÓ4&nGo`'ETßiı-+±ğ–”ã0~zŠìéø»,ó²SÕÖg÷æ¹™Kµ÷Uy,aRTÙ¬ìzLƒİÑR3
ş…ˆ8¾yñªïàƒr…D}ªÖÇú“ç2uÚámö%a+_–M‰£sm5ÔÖ¶°\dlùfÖ¼g‘”Ÿjéşuªÿ Ş³‰ÿ äÒWÈ¬_Z•nÑn©ıÖ#nî°=).b²«øz3TŸÕo¦Cbğcİğ×ÙCŸúnÜHß¢OÊa"i1)Nõ¬<¥Í®ÌLµú—×ï®î%ğß¶{*|{T[‘‹´İ}-ıåØ~°+,YSWÌ(<6'
¿Ú]k:ş®†j¥¾Š¹·F¢äû³ûDózÂm¥&2ŸeÛïñ©—+	Í˜hÊ­´/eº^ÇÉ®µïicİ”ol}OíkÓÖ¯_XW~É-Bµºì7Ññïí# ­›YG‹]¢f¬å™E3c¼­××Aê—_îa¹†øÉp»	ü¿îšncIÇµo¤¯ÄPoSÆ>ò¯²ëÚ=f—,·¾åô9:¼ıƒÃóJµğº6¤-Viİ:zµ»v«jş£o^£ª‰ã“ZÕ]‘Ëí.‡¼Uè×séò%«g
kæÄDL©>b{~o¦Y•±=¿7Ó,ÊË=d‚F²E‘R¤D@DDD@DDÏæµıİ9_»¿lÿ Ò·°ÓB|eGV­Ç8*Ã­NÃ¿.mp1üIÃú„¯Ñ,Ê|º›1©|WÛÜØxŞ­ûJeÈ'2}C¬ù29]c˜çãTÊ<ZìşÔŸ!~YvÉVôøÏ¨¼<êÓïã©ô7Ñ&æ#^_’?é˜]bx1p	9×ZÕjÄÔÉìóüfïì1ùSñ=šôÖGêšÏÑ6ïâæß4Üdçæatw(`¨·=4;+¬3v"Lûí-ñÖ¯­‘h¥>Ïcı‘4¹QE¹mĞ)=}ÚñŸË¿Ê¤°—½Ç¼}o I±¨ÂnŸôˆù¬ãRµÛjÆ)QAyÿ 0¶çƒÓ'zûÜŒZ›´Æ±Øne§k7‘Ÿ`ñ(‘a‹/{ş5Ìl]Gø—1J¶ø»O.R‹üRÅOS„©GQm¦VnœgtOÉGZW(‘¼Rÿ ÈÒµHS’İoµuÊƒÆ£x’ó4kù ¬n=ÚÕâÈàåxî{ûÂ<Z“&²Üae‘¶b~/_‡ÑÎ^–#ˆWb¶›µ]Ñ:ùÅò·	ÌğòµĞßs‡ÛÑnÁóÎÒDó3®â|3ìøa„M3³¾îìL¯òíîŸşŞ@àù“I¥,úMøwÔ¬Èx~Úö—åÔ=ä«½B‘2’Æ	uDğıÙ;XxÄÁÄ ók“aqN."27P¡Ô‰èQòÜZ/±Úª2U–£pµ66…_‹ q(ñ×Ë¹¥­z2rşd·,8J¶æ>buñ©ÖŒ+µK ü	{9ZçWÙl–âì×¼.Î­}§åà·/98¤Ó‹©6Tíªcºúà1Ü½3ü$äu9³3¾Wqq‘Äî¥¶tÑAóÊ´v«ã’ÅÇ»n+>¿
nìOhá¤,Ä]0îÑÕÑl_UÀeÔi°íô$T%ÕÒ‰‘or¼·@¼mäQ/b}ŸûDDÍ«ï^Fß‡Å®¿ÒµøÏÉ4§!›škËæV÷­UowvxX)~åxxBÑô…:ÃVÆk¿ˆ¹ÒQSòüVâÉ°pÜÊuîï]G´~A2¹ucmƒö*rmY‡	åÓVó‰Gí½\Ö@×±HØ\ô.¿+…ò‰{# ›êÂÆÒ×-Ş½ƒÕ¶şƒöæKÌE:#ÏJWÀçh5â†úå»ëÏë<Ò^Ršç¾AÛŞÖÎ>ÏyÀ¾²¿2@ö&$š°ĞµÏ¼›y>2ÇO<ÑÃB™yJÌzª iï"ñ7Ë.©3öO‹æg-°üYbjécy{Â¿LÓ.ngŒv`|í^¿8™Uìº¡ªÛ:Õ»ÃóMŒ_şO=ÇªMZÑÖ ó3™İî˜gQÃe¶{Äf#ëUÂÖ|«òÈ°­<·™6;Ÿ¸´…:îámµ¿Ë.ÕX\•Q¸±Sú\T7ËÂeNuO¹@oASŸ²;?LoX˜™éœ¯÷­å+b…]tøgÛÿ ğöÎ¿öìy%ÜŠş+2®–¼­Hö†ÆO#VRk~3”­ç´õ©KGXõ[_‘¤ü¶öeî˜êB«ÖIÕŠéÓsJëlâ£@ÓLM®4fÄèf¬ö‚zúW©„ñ™Õß‹ÌñÙ_bÖâ(«éõúA–òqø­²•<.»…Xôù”²/®¬8VŞ0äl]¦®<çhûDI.–Î1=±t¡•”:U€e>&Ú"gr[˜]Ñ×\v5íßÀ{K4fVHˆ€ˆˆˆ€ˆˆˆ€ˆˆˆóÛó}2Ì­‰íù¾™fVYë$YÉEH"B‘ª/2ºÏòé®¿;³?ÍÍ¸y~AëM?Y€––=.x‰óh˜J¼ËCEUÖÜ¾Âjíò,ö01~ç™>8=mEò• MçÛ“¯´…ÿ ^ f^F1üÌ.–­†ë é®×â¦iQg{a>İ<CÈ§Ñ7ùšOtñWåıH[M	K[ç§.¬ÓËr¯ÓFîN‡şæº|ÒànA¯ı='IæÔî¹>Buä^’W?˜Ÿ°Â=U^1ãÑ{šı <òãÇ‘›w¿nƒÈ„-ã ­tÀT?ø”	O”‚)ûu­v{%bµ‹§„*ZÀó‹ü¾;Iû4lŸ2Ûƒ—[?¢¸u'œf·@¦ßOuÅu¯	:±şp‹&×\+dxcİ*Ykf/ÃlÑ©ÑµË)¦w¡ÖÀ¶)ÕlÁñ0Ös\Û,z‰†&¶AÙôM>C‘ñ¦‚N­Nµ0û¯Èd˜Jõ[Û”DHÊ6‡Y;H^¸Š¹\¾Å”ØÀ!ÜÔ_ÛYœ«0/qU£'÷[Û…“ìY¡Ğƒé{¾ç™cß¹2TãØuö×·Yú&•gFôCS:¹Œœwåã¸Ï¯ãyh<	zh/Ç'o
¿Aéì‰îš¬©ÿ ƒ½ŸÌk/…aÜ¶{·ú¤0Ñ„f?6ÄÂËÀ³[ŠîÖ|V„è®áµ×vºõíN][3ò*ÖSvAúµqlşÌ5¥{quH
¢)ÚUUIë* „ù>Ã‹ØŸg‘=@DD#èĞNá´ùàiªìœ›s(Çï;Û–ëOj¼DöAö¼}¼-À¬şê–ıQ¬ãq²–Ò÷Ø´£†eÛ¾Î6'²e~Ya¨™ˆšg3÷S¿¿aeÖ³§¶w„ëVyrwì;Îe–4©tıš6Àx|}Í=Wİ¢?2Ê]+M•TOwè­·yúa×q'™äròI¡·&£m§Ä‹·É+YD×¿|ìù½`cp7uiâ=é»)÷ñ.?³¯H6ú²×(â|{2~M®ûz·	Q¼±Í`‡Éáª }ng_š“ãi~ºÎ.-T ÕÕEh?ê6ı|‡SÅÓXŸÓ“–q72 Yµx ÿ ¦,ÛÁR«y>±¹—gU@"ü‚dòŠø9­Û‰q•ÇÕS¦³O—–ZĞ¶ì¾;‡Ûâ$:hbósñ“„w®tİmºŸÑKGÊ²<ºÅ¼™´öW¼_ÑsôK5hl°Ç'‡Ò¡Ló†…¹zÖûOˆuò²ÊÅiIÙ0Êä©{±Ô¹x€ñıS%Âc >¼XÎô¸È×‰~N)‘ƒqÇË¦İÜ,}“Ùi¹xî¹–J¨¶µ¼xŞ³£iú<S0íæE.ŸW–úÕv=Ë¿‰©-âaÄ¿(™vâŸ‹èÅkÉ.Ê½õ§]<óS?o/â^×tÈÚôıÛğÊÈ?qUµ½¥ûÍz‡ÛıYe/Nû~O\Šß÷‡^+jíĞô?³7§9ŠÁ9İV&Êò‡ûË´yšts“¤í‚"!ˆ€ˆˆˆ€ˆˆˆ€ˆˆ1=¿7Ó,ÄJË=d‹"¤
DDD@DDD@DDD@DDÉç<fÌt=šYlaÚP8Îƒn¡5ôÄA´mWBãÈ' WÃ°ìñL¾OÅğ`«Áhõ5ßä×X‰«sfÿ ÆxƒCÈj±4N3õ;İ¦O—ÿ ÅÙÅ³okıh‰~Lëş«ñw7ëñİ¨ñêt•ùvÕ~ìšùxÚ"V4»ŠÇÆæmíif¾NàHó÷áÿ ı¸şÕq:Gåo÷4sw§_ÓË*ş7” k¨!öl´ti¿jÄIqåÿ ãçK#ËHZ"ÜÔ)Âm¼6CGàÚ ]Òú–:,@,½G¤lˆ†§%Ä&ÑÊ,®ªY;Ãî¦¿Ó¤ùË?Å×„öµÃúõ{oâÛ®ı±~¼ÛÑoBzˆ€ˆˆD9|_	‘ÃëwViú†~sŒ¡²i\§(š.ŒÁ‰àÓ³Ã§ÉŞ^Wv–®`ªÌŠ,÷8
t¡Gi]TmcÁ®œ_6ùrŞÕÄäv”»ÂbÖÃP8uØtâÓÕH‰§9ÊŞÚ7íCÚæ¸£'DÆOÙ“´YfÍtÛ¦ù¢š›ÃZ4nĞ©º=fêÔüŞx‰cVnümş{}X¦ßÿ ™•~À‚=Ä,{Æó©¸Â¾â‘YØ;¿‡;v°ŸHÿ ŒD×™ŸmŒiİ¾±ÉÕèrûG˜Iñtá:z½ãéöxŒD®s”ñq–éŞY¦î&ÓÓ:’Ç3—›†–ì§	â;<ñ0õyŸ¯½Ëq
»‹xM‡¬èº|³ÃhxÅÀ-f‹8ÉÛ£mÓäÖ"iÂ>2ÊÃâï¹i>¸ru×Å°úx§U9»]ó÷‘DDD@DDD@DDD@ÿÙ,}4:type,4:http,5:error,0:~6:marked,5:false!7:version,13:1:0#2:18#1:2#]11:client_conn,221:15:ssl_established,4:true!10:clientcert,0:~13:timestamp_end,0:~7:address,60:7:address,27:15:192.168.128.181,5:63025#]8:use_ipv6,5:false!}15:timestamp_start,17:1558440327.625204^19:timestamp_ssl_setup,17:1558440327.748072^}2:id,36:24b56aa0-9241-49d8-a9cb-cd2e71563e12,11:intercepted,5:false!7:request,489:9:is_replay,5:false!4:port,3:443#12:stickycookie,5:false!13:timestamp_end,17:1558440327.763662^4:path,43:/img/201801/23/201801231843233755943133.jpg,15:timestamp_start,17:1558440327.761731^7:headers,130:29:4:Host,18:piccdn.igetget.com,]28:10:Connection,10:Keep-Alive,]26:15:Accept-Encoding,4:gzip,]31:10:User-Agent,13:okhttp/3.11.0,]]7:content,0:,6:method,3:GET,4:host,18:piccdn.igetget.com,17:first_line_format,8:relative,12:http_version,8:HTTP/1.1,6:scheme,5:https,10:stickyauth,5:false!}11:server_conn,2266:15:ssl_established,4:true!14:source_address,60:7:address,27:15:192.168.128.181,5:63027#]8:use_ipv6,5:false!}13:timestamp_end,0:~7:address,61:7:address,28:18:piccdn.igetget.com,3:443#]8:use_ipv6,5:false!}4:cert,1814:-----BEGIN CERTIFICATE-----
MIIFDzCCA/egAwIBAgIQDfteDYoyXl2oILQNb85IWDANBgkqhkiG9w0BAQsFADBe
MQswCQYDVQQGEwJVUzEVMBMGA1UEChMMRGlnaUNlcnQgSW5jMRkwFwYDVQQLExB3
d3cuZGlnaWNlcnQuY29tMR0wGwYDVQQDExRHZW9UcnVzdCBSU0EgQ0EgMjAxODAe
Fw0xODAxMjUwMDAwMDBaFw0yMTAzMjUxMjAwMDBaMHsxCzAJBgNVBAYTAkNOMRIw
EAYDVQQHDAnljJfkuqzluIIxMzAxBgNVBAoMKuWMl+S6rOaAnee7tOmAoOeJqeS/
oeaBr+enkeaKgOaciemZkOWFrOWPuDELMAkGA1UECxMCSVQxFjAUBgNVBAMMDSou
aWdldGdldC5jb20wggEiMA0GCSqGSIb3DQEBAQUAA4IBDwAwggEKAoIBAQCDeup7
TWHniKDl0tBS8w2uLWkANl8KgLx6bRE0JCliaS47ZSnXqtzsGu5/UnDovz4ooioe
dFGco9UAGujFlYyAUte4zbuGa5jIppxnQbRPUOx50hJ1uLLNebwtpEB24NiYJeIK
qIj1804Fmjq9NzD9cp4lnSzuo+CgfPuQ41XBE6MEF2qXEAEG/5uBnYGHGL3bSPsy
zb41xEJqsqnRz2T4/+ID7oMp5VwHpzSH8mdHTJlCPD6ExS+7RcSt4LXEopeYzaey
nn6rLv6vQnQRXmNGm5FelzQo1eusXf4knPien+hFGaJmUJqKVuwPMX7im0KcROtH
oRB++MYyJ0lFc5cNAgMBAAGjggGqMIIBpjAfBgNVHSMEGDAWgBSQWP+wnHWoUVR3
se3yo0MWOJ5sxTAdBgNVHQ4EFgQU2Pv2YtnF9QQTSO9HqrhuZFeTj3wwJQYDVR0R
BB4wHIINKi5pZ2V0Z2V0LmNvbYILaWdldGdldC5jb20wDgYDVR0PAQH/BAQDAgWg
MB0GA1UdJQQWMBQGCCsGAQUFBwMBBggrBgEFBQcDAjA+BgNVHR8ENzA1MDOgMaAv
hi1odHRwOi8vY2RwLmdlb3RydXN0LmNvbS9HZW9UcnVzdFJTQUNBMjAxOC5jcmww
TAYDVR0gBEUwQzA3BglghkgBhv1sAQEwKjAoBggrBgEFBQcCARYcaHR0cHM6Ly93
d3cuZGlnaWNlcnQuY29tL0NQUzAIBgZngQwBAgIwdQYIKwYBBQUHAQEEaTBnMCYG
CCsGAQUFBzABhhpodHRwOi8vc3RhdHVzLmdlb3RydXN0LmNvbTA9BggrBgEFBQcw
AoYxaHR0cDovL2NhY2VydHMuZ2VvdHJ1c3QuY29tL0dlb1RydXN0UlNBQ0EyMDE4
LmNydDAJBgNVHRMEAjAAMA0GCSqGSIb3DQEBCwUAA4IBAQBfmfk31PVyRu6AExvj
Q47CtWkJL/zG1jJPk2JQgWI8GAHKnLcY/7Rg+GHsleVuDLvYIWFBHf+lDRDJLkOp
c0l059maiSJNC7B4QRZx8yYtUDVACfqJPXrO0VeJBIN/NiqyBgT65ZbyreuWSfDa
XS+3EKYld4twwIcaVZweU/GzfZ/pD+2M2QhIFcgrVpMhkZQvDVjCe4BMRHkHTFY0
SzB4gdhtXaG3ZkYvbCMF5Q05LWKqT5ev+LqMpnDl6ihBGJ/BTAGkXaPBGuL3Lvx4
KM+Y5O3cRDSI7QbS6+y7PKABrsWEziOls7wmDMzHa4tUZHK3Qs+FmjuATwcr+mko
2Mfb
-----END CERTIFICATE-----
,3:sni,18:piccdn.igetget.com;15:timestamp_start,17:1558440327.665206^19:timestamp_ssl_setup,17:1558440327.723369^10:ip_address,54:7:address,21:11:60.8.151.55,3:443#]8:use_ipv6,5:false!}3:via,0:~19:timestamp_tcp_setup,16:1558440327.67645^}}3411:8:response,589:6:reason,2:OK,13:timestamp_end,17:1558440327.817879^12:http_version,8:HTTP/1.1,11:status_code,3:200#15:timestamp_start,17:1558440327.797101^7:headers,297:40:4:Date,29:Tue, 21 May 2019 12:05:27 GMT,]51:12:Content-Type,31:application/json; charset=utf-8,]24:14:Content-Length,3:122,]28:10:Connection,10:keep-alive,]35:27:Access-Control-Allow-Origin,1:*,]27:16:Content-Encoding,4:gzip,]31:12:G-Powered-By,11:EaseGateway,]29:11:G-Timestamp,10:1558440327,]]7:content,122:‹      ÿËAÂ Fá»üëYTÛF3—!S;	R"ÃŠpw#Ë—¼¯ãwğB0@¨àÛ¾?·mYï‚×Aÿ¥ãĞ¬õ”èÂÕ²Mô’·fgú‘™Z]¹J+àÃ§*„à¿ÑE1¯	œ[Jcü  ÿÿx:Xu   ,}4:type,4:http,5:error,0:~6:marked,5:false!7:version,13:1:0#2:18#1:2#]11:client_conn,204:15:ssl_established,5:false!10:clientcert,0:~13:timestamp_end,0:~7:address,60:7:address,27:15:192.168.128.181,5:63008#]8:use_ipv6,5:false!}15:timestamp_start,17:1558440320.990038^19:timestamp_ssl_setup,0:~}2:id,36:ee246e16-f112-4393-80dc-4f91ec70cfe4,11:intercepted,5:false!7:request,1992:9:is_replay,5:false!4:port,2:80#12:stickycookie,5:false!13:timestamp_end,17:1558440327.765573^4:path,22:/odob/v2/vipuser/popup,15:timestamp_start,17:1558440327.749553^7:headers,1117:29:9:X-App-Key,13:android-6.2.0,]19:5:X-Uid,8:85003403,]14:7:X-Thumb,1:l,]15:4:X-Dt,5:phone,]13:4:X-Ov,3:6.0,]15:5:X-Net,4:WIFI,]17:4:X-Os,7:ANDROID,]26:3:X-D,16:ae244834553d4eda,]28:4:X-Dv,17:Samsung Galaxy S6,]13:3:X-T,4:json,]13:6:X-Chil,1:0,]10:3:X-V,1:2,]15:4:X-Av,5:6.2.0,]14:5:X-Scr,3:2.0,]12:5:X-Adv,1:1,]45:6:X-Seid,32:218ef9e66ce3e0025bfad70cd02dd2ed,]14:8:X-Hitdot,0:,]63:11:G-Auth-Sign,44:ODRkMDJjY2RkNmU3MjBkZjYyOTM3Njc3YzMwNjgzZTA=,]52:12:G-Auth-Nonce,32:a87df501a71139669773a0bbdf5522a4,]26:9:G-Auth-Ts,10:1558440327,]44:12:G-Auth-Appid,24:5a27d122ee4638163f594393,]312:12:G-Auth-Token,291:eyJhbGciOiJIUzUxMiIsInR5cCI6IkpXVCJ9.eyJhdWQiOiJsdW9qaWxhYi5jb20iLCJleHAiOjE1NTkwNDI3OTksImlhdCI6MTU1ODQzNzk5OSwiaXNzIjoiRWFzZUdhdGV3YXkgSldUQXV0aCBQbHVnaW4iLCJuYmYiOjE1NTg0Mzc5OTksInN1YiI6Ijg1MDAzNDAzIn0.5J13wFzrBZv434Oi7yos7349FnruBeGZ0LNw4VmjORaaWUiFX3Q2yVNrSKqf27JfNQRsAT3NYL2gouO0Xju66Q,]53:12:Content-Type,33:application/x-www-form-urlencoded,]24:14:Content-Length,3:531,]33:4:Host,22:entree.dev.igetget.com,]28:10:Connection,10:Keep-Alive,]26:15:Accept-Encoding,4:gzip,]31:10:User-Agent,13:okhttp/3.11.0,]]7:content,531:h=%7B%22u%22%3A%2285003403%22%2C%22thumb%22%3A%22l%22%2C%22dt%22%3A%22phone%22%2C%22ov%22%3A%226.0%22%2C%22net%22%3A%22WIFI%22%2C%22os%22%3A%22ANDROID%22%2C%22d%22%3A%22ae244834553d4eda%22%2C%22dv%22%3A%22Samsung%20Galaxy%20S6%22%2C%22t%22%3A%22json%22%2C%22chil%22%3A%220%22%2C%22v%22%3A%222%22%2C%22av%22%3A%226.2.0%22%2C%22scr%22%3A%222.0%22%2C%22adv%22%3A%221%22%2C%22X-Dv%22%3A%22Samsung%20Galaxy%20S6%22%2C%22ts%22%3A%221558440327%22%2C%22s%22%3A%229628def9c754fceb%22%2C%22seid%22%3A%22218ef9e66ce3e0025bfad70cd02dd2ed%22%7D,6:method,4:POST,4:host,22:entree.dev.igetget.com,17:first_line_format,8:relative,12:http_version,8:HTTP/1.1,6:scheme,4:http,10:stickyauth,5:false!}11:server_conn,417:15:ssl_established,5:false!14:source_address,60:7:address,27:15:192.168.128.181,5:63011#]8:use_ipv6,5:false!}13:timestamp_end,0:~7:address,64:7:address,31:22:entree.dev.igetget.com,2:80#]8:use_ipv6,5:false!}4:cert,0:~3:sni,0:~15:timestamp_start,17:1558440321.054038^19:timestamp_ssl_setup,0:~10:ip_address,54:7:address,21:12:39.107.208.4,2:80#]8:use_ipv6,5:false!}3:via,0:~19:timestamp_tcp_setup,17:1558440321.064838^}}1888:8:response,519:6:reason,12:Not Modified,13:timestamp_end,17:1558440327.839032^12:http_version,8:HTTP/1.1,11:status_code,3:304#15:timestamp_start,17:1558440327.828586^7:headers,340:40:4:Date,29:Tue, 21 May 2019 12:05:27 GMT,]30:12:Content-Type,10:image/jpeg,]28:10:Connection,10:keep-alive,]50:13:Last-Modified,29:Tue, 17 Apr 2018 11:09:02 GMT,]45:4:ETag,34:"9549A1C616C70BD0991F7D724BF82755",]34:13:Cache-Control,13:max-age=86400,]16:3:Age,7:2336247,]65:5:X-Via,53:1.1 PShbzjkwt2ij22:0 (Cdn Cache Server V2.0)[0 304 0],]]7:content,0:,}4:type,4:http,5:error,0:~6:marked,5:false!7:version,13:1:0#2:18#1:2#]11:client_conn,204:15:ssl_established,5:false!10:clientcert,0:~13:timestamp_end,0:~7:address,60:7:address,27:15:192.168.128.181,5:63020#]8:use_ipv6,5:false!}15:timestamp_start,17:1558440327.324766^19:timestamp_ssl_setup,0:~}2:id,36:e9a09fcd-0bd1-4019-a3fa-f1580831402a,11:intercepted,5:false!7:request,545:9:is_replay,5:false!4:port,2:80#12:stickycookie,5:false!13:timestamp_end,16:1558440327.81102^4:path,43:/img/201804/17/201804171909028650884783.jpg,15:timestamp_start,17:1558440327.806855^7:headers,189:29:4:Host,18:piccdn.igetget.com,]28:10:Connection,10:Keep-Alive,]26:15:Accept-Encoding,4:gzip,]31:10:User-Agent,13:okhttp/3.11.0,]55:13:If-None-Match,34:"9549A1C616C70BD0991F7D724BF82755",]]7:content,0:,6:method,3:GET,4:host,18:piccdn.igetget.com,17:first_line_format,8:relative,12:http_version,8:HTTP/1.1,6:scheme,4:http,10:stickyauth,5:false!}11:server_conn,412:15:ssl_established,5:false!14:source_address,60:7:address,27:15:192.168.128.181,5:63021#]8:use_ipv6,5:false!}13:timestamp_end,0:~7:address,60:7:address,27:18:piccdn.igetget.com,2:80#]8:use_ipv6,5:false!}4:cert,0:~3:sni,0:~15:timestamp_start,17:1558440327.346904^19:timestamp_ssl_setup,0:~10:ip_address,53:7:address,20:11:60.8.151.55,2:80#]8:use_ipv6,5:false!}3:via,0:~19:timestamp_tcp_setup,17:1558440327.357899^}}14995:8:response,12372:6:reason,2:OK,13:timestamp_end,17:1558440327.841007^12:http_version,8:HTTP/1.1,11:status_code,3:200#15:timestamp_start,17:1558440327.826163^7:headers,273:40:4:Date,29:Tue, 21 May 2019 12:05:27 GMT,]51:12:Content-Type,31:application/json; charset=utf-8,]31:17:Transfer-Encoding,7:chunked,]28:10:Connection,10:keep-alive,]35:27:Access-Control-Allow-Origin,1:*,]31:12:G-Powered-By,11:EaseGateway,]29:11:G-Timestamp,10:1558440327,]]7:content,11927:{"h":{"c":0,"e":"","s":1558440327,"t":169},"c":{"list":[{"id":3828,"audio_id":"B58x6m4C3tWNzaz9L06f","title":"è¯´ä¹¦æ ‡é¢˜","icon":"https://piccdn.igetget.com/img/201902/22/201902221141539175764066.jpg","duration":135,"audio_price":"4.66","audio_icon":"https://piccdn.igetget.com/img/201902/22/201902221141539175764066.jpg","audio_icon_new":"https://piccdn.igetget.com/img/201902/22/201902221141539175764066.jpg","audio_banner":"","audio_summary":"è¯´ä¹¦æ‘˜è¦","audio_title":"è¯´ä¹¦æ ‡é¢˜","short_title":"çŸ­æ ‡é¢˜","audio_brife":"","source":"","storytell_info":{"id":0,"name":"","avatar":"","intro":""},"status":1,"publish_time":1550851200,"is_vip_gived":false,"is_vip":false,"audio_detail":{"alias_id":"B58x6m4C3tWNzaz9L06f","extrainfo":"","class_id":0,"title":"è¯´ä¹¦éŸ³é¢‘20190222","share_title":"è¯´ä¹¦éŸ³é¢‘çš„åˆ†äº«æ ‡é¢˜","mp3_play_url":"http://igetoss.cdn.igetget.com/aac/201902/22/201902221142020668547228_drm.m4a","duration":135,"schedule":3828,"topic_id":3828,"summary":"","price":0,"icon":"https://piccdn.igetget.com/img/201902/22/201902221141539175764066.jpg","size":833029,"etag":"6638218721167539928","token":"eyJ0ayI6IkNTQ2t2R3RjbnE2UkhjbkJpUjhudTBSMC8rSUFVZERBY1ZIZG8rTzJPWEhYQjlnWDhVMEp2L0dFNzAwMXdKUFFlQmltM1Erd3dneWdPalZQQXB1RlFPLzVMZGd0R2NBcFI4WUN5UWJQNVZHNmhKMDJaQ3E0RjNrZVZieGR0RFJVbUZxUEZmUmpmUitJeHFPQ1NHNktnVmJYL1BIUUJCcU1hSUQxUGNDM2JnUT0iLCJ2IjoxfQ==","share_summary":"è¯´ä¹¦éŸ³é¢‘çš„åˆ†äº«æ‘˜è¦","collection":0,"count":1,"bored_count":0,"audio_type":13,"drm_version":1,"source_id":3828,"source_type":13,"source_icon":"https://piccdn.igetget.com/img/201902/22/201902221141539175764066.jpg","source_name":"æ¯å¤©å¬æœ¬ä¹¦","listen_progress":0,"listen_finished":false,"dd_article_id":"1665166174788255744","audio_list_icon":"https://piccdn.igetget.com/img/201902/22/201902221141539175764066.jpg","class_course_id":"0","class_article_id":"0","log_id":"B58x6m4C3tWNzaz9L06f","log_type":"audio","log_interface":"","trackinfo":"","used_drm":0},"class":13,"log_id":3828,"log_type":"topic","log_interface":"","slogan":"é¦–é¡µæ¨èè¯­ æˆäº†å¿…å¡«å•Š","is_buy":false,"is_borrowed":false,"in_bookrack":false,"progress":0,"recommend_title":"æ¨èæ ‡é¢˜","is_collected":false,"collection_count":1,"share_title":"åˆ†äº«æ ‡é¢˜2222","share_summary":"åˆ†äº«æ‘˜è¦2222","topic_summary":null,"audio_id_int":20499,"audio_id_list":[20499],"audio_list":{"20499":{"id":20499,"alias_id":"B58x6m4C3tWNzaz9L06f","title":"è¯´ä¹¦éŸ³é¢‘20190222","icon":"https://piccdn.igetget.com/img/201902/22/201902221141539175764066.jpg","share_title":"è¯´ä¹¦éŸ³é¢‘çš„åˆ†äº«æ ‡é¢˜","mp3_url":"http://igetoss.cdn.igetget.com/mp3/201902/22/201902221140061315232033.mp3","ios_url":"http://igetoss.cdn.igetget.com/mp3/201902/22/128000_201902221140061315232033.mp3","amr_url":"http://igetoss.cdn.igetget.com/mp3/201902/22/64000_201902221140061315232033.mp3","low_url":"http://igetoss.cdn.igetget.com/aac/201902/22/48000_201902221140061315232033.m4a","duration":135,"operator_id":815,"operator_name":"gehongna","ctime":"2019-02-22 11:40:50","utime":"2019-04-24 12:16:10","schedule":3828,"original_size":5430839,"thumb_size":1078817,"ios_size":2157570,"size":833029,"audio_type":13,"date":"0000-00-00","points":"0","narrator":2,"mp3_etag":"11793602706675478251","ios_etag":"13350151531080786447","amr_etag":"12192363059767808342","low_etag":"12970035950101383447","share_summary":"è¯´ä¹¦éŸ³é¢‘çš„åˆ†äº«æ‘˜è¦","audio_list_icon":"https://piccdn.igetget.com/img/201902/22/201902221141539175764066.jpg","source_id":3828,"source_type":13,"source_icon":"https://piccdn.igetget.com/img/201902/22/201902221141539175764066.jpg","source_buy_image":"https://piccdn.igetget.com/img/201902/22/201902221141539175764066.jpg","source_name":"è¯´ä¹¦æ ‡é¢˜","dd_article_id":1665166174788255744,"view_type":0,"privacy_status":0,"used_drm":1}},"t_datetime":1550851200},{"id":3827,"audio_id":"wf3D9ZqC351dDv77podD","title":"è¯´ä¹¦æ ‡é¢˜","icon":"https://piccdn.igetget.com/img/201902/21/201902211853499775922782.jpg","duration":185,"audio_price":"4.98","audio_icon":"https://piccdn.igetget.com/img/201902/21/201902211853499775922782.jpg","audio_icon_new":"https://piccdn.igetget.com/img/201902/21/201902211853499775922782.jpg","audio_banner":"","audio_summary":"è¯´ä¹¦æ‘˜è¦","audio_title":"è¯´ä¹¦æ ‡é¢˜","short_title":"çŸ­æ ‡é¢˜","audio_brife":"","source":"","storytell_info":{"id":9,"name":"æ€€æ²™","avatar":"https://piccdn.igetget.com/img/201610/14/201610141758088956852647.jpg","intro":"çºªå½•ç‰‡å¯¼æ¼”ï¼Œå¤šå¹´ä»äº‹ç§‘æ™®å·¥ä½œï¼Œã€Šä¸‡ç»´é’¢Â·ç²¾è‹±æ—¥è¯¾ã€‹éŸ³é¢‘è½¬è¿°å¸ˆï¼Œå¾—åˆ°çˆ†æ¬¾éŸ³é¢‘ã€Šæ€€æ²™è¯´ä¸‰ä½“ã€‹ä¸»è®²äººã€‚"},"status":1,"publish_time":1550764800,"is_vip_gived":false,"is_vip":false,"audio_detail":{"alias_id":"wf3D9ZqC351dDv77podD","extrainfo":"","class_id":0,"title":"è¯´ä¹¦20190221","share_title":"åˆ†äº«æ ‡é¢˜è¯´ä¹¦éŸ³é¢‘","mp3_play_url":"http://igetoss.cdn.igetget.com/aac/201902/21/201902211853023064333358_drm.m4a","duration":185,"schedule":3827,"topic_id":3827,"summary":"","price":0,"icon":"https://piccdn.igetget.com/img/201902/21/201902211853499775922782.jpg","size":1139606,"etag":"7043752917438309733","token":"eyJ0ayI6InJWcXg3TVNrSVdhU1F4a01IalJaOVpqNnBHRUl5eGNtOGJsdUVER2pLaUVJSTJ1YWNoOXE2S0lUdnJDQ1Q3RFh1TUFzSy9zNStQa3BxS3FGdkVqUUgvMWM3bWhaTXdQWlZiVndnakY0SkM0b3RuU1F0RzQrRVYrVWNxeXp5UGYvTE5sZXljcVROS2tla3FBN2FkV0xucUNaRWt4Y0JXT0hpNzdSd0RTWFVROD0iLCJ2IjoxfQ==","share_summary":"åˆ†äº«æ‘˜è¦è¯´ä¹¦éŸ³é¢‘","collection":0,"count":2,"bored_count":0,"audio_type":13,"drm_version":1,"source_id":3827,"source_type":13,"source_icon":"https://piccdn.igetget.com/img/201902/21/201902211853499775922782.jpg","source_name":"æ¯å¤©å¬æœ¬ä¹¦","listen_progress":0,"listen_finished":false,"dd_article_id":"1665101287496089600","audio_list_icon":"https://piccdn.igetget.com/img/201902/21/201902211853499775922782.jpg","class_course_id":"0","class_article_id":"0","log_id":"wf3D9ZqC351dDv77podD","log_type":"audio","log_interface":"","trackinfo":"","used_drm":0},"class":13,"log_id":3827,"log_type":"topic","log_interface":"","slogan":"å‘ç”Ÿçš„ä¸ªäºº","is_buy":false,"is_borrowed":false,"in_bookrack":false,"progress":0,"recommend_title":"æ¨èæ ‡é¢˜","is_collected":false,"collection_count":2,"share_title":"åˆ†äº«æ ‡é¢˜0221","share_summary":"åˆ†äº«æ‘˜è¦0221","topic_summary":null,"audio_id_int":20498,"audio_id_list":[20498],"audio_list":{"20498":{"id":20498,"alias_id":"wf3D9ZqC351dDv77podD","title":"è¯´ä¹¦20190221","icon":"https://piccdn.igetget.com/img/201902/21/201902211853499775922782.jpg","share_title":"åˆ†äº«æ ‡é¢˜è¯´ä¹¦éŸ³é¢‘","mp3_url":"http://igetoss.cdn.igetget.com/mp3/201902/21/201902211851533327955261.mp3","ios_url":"http://igetoss.cdn.igetget.com/mp3/201902/21/128000_201902211851533327955261.mp3","amr_url":"http://igetoss.cdn.igetget.com/mp3/201902/21/64000_201902211851533327955261.mp3","low_url":"http://igetoss.cdn.igetget.com/aac/201902/21/48000_201902211851533327955261.m4a","duration":185,"operator_id":815,"operator_name":"gehongna","ctime":"2019-02-21 18:53:39","utime":"2019-02-21 18:56:57","schedule":3827,"original_size":7475005,"thumb_size":1476087,"ios_size":2952110,"size":1139606,"audio_type":13,"date":"0000-00-00","points":"0","narrator":3,"mp3_etag":"14682645495768268104","ios_etag":"8220905375771336931","amr_etag":"2931429895920597407","low_etag":"4256541921169565030","share_summary":"åˆ†äº«æ‘˜è¦è¯´ä¹¦éŸ³é¢‘","audio_list_icon":"https://piccdn.igetget.com/img/201902/21/201902211853499775922782.jpg","source_id":3827,"source_type":13,"source_icon":"https://piccdn.igetget.com/img/201902/21/201902211853499775922782.jpg","source_buy_image":"https://piccdn.igetget.com/img/201902/21/201902211853499775922782.jpg","source_name":"è¯´ä¹¦æ ‡é¢˜","dd_article_id":1665101287496089600,"view_type":0,"privacy_status":0,"used_drm":1}},"t_datetime":1550764800},{"id":3826,"audio_id":"3T0RIYeuNSa93UCfJwPG","title":"æ€ä¹ˆåœ¨æ–°æ¶ˆè´¹ä¸­å å¾—å…ˆæœº","icon":"https://piccdn.igetget.com/img/201901/11/201901111707452405926566.png","duration":280,"audio_price":"4.99","audio_icon":"https://piccdn.igetget.com/img/201901/11/201901111707452405926566.png","audio_icon_new":"https://piccdn.igetget.com/img/201901/11/201901111707452405926566.png","audio_banner":"","audio_summary":"æ€ä¹ˆåœ¨æ–°æ¶ˆè´¹ä¸­å å¾—å…ˆæœº","audio_title":"æ€ä¹ˆåœ¨æ–°æ¶ˆè´¹ä¸­å å¾—å…ˆæœº","short_title":"","audio_brife":"æ€ä¹ˆåœ¨æ–°æ¶ˆè´¹ä¸­å å¾—å…ˆæœºbrife","source":"","storytell_info":{"id":4,"name":"æ°å…‹ç³–","avatar":"https://piccdn.igetget.com/img/201609/21/201609211901523698336465.jpg","intro":"ä¼ åª’å¤§å­¦æ’­éŸ³ä¸»æŒè‰ºæœ¯ä¸“ä¸šåŒå­¦ä½æ¯•ä¸šåè¿›å…¥åŒ—äº¬äººæ°‘å¹¿æ’­ç”µå°ã€‚æ›¾ä¸»æŒã€Šæ¼”è‰ºç¾¤è‹±ä¼šã€‹ã€ã€Šå¹¿æ’­å‰§åœºã€‹ç­‰èŠ‚ç›®ã€‚cctv9å¼•è¿›çºªå½•ç‰‡é…éŸ³è§£è¯´ï¼Œå¾—åˆ°Appæ¯æ—¥çŸ¥è¯†æ–°é—»ä¸»æ’­ã€‚"},"status":1,"publish_time":1547136000,"is_vip_gived":false,"is_vip":false,"audio_detail":{"alias_id":"3T0RIYeuNSa93UCfJwPG","extrainfo":"","class_id":0,"title":"4 æ€ä¹ˆåœ¨æ–°æ¶ˆè´¹ä¸­å å¾—å…ˆæœº","share_title":"test","mp3_play_url":"http://igetoss.cdn.igetget.com/aac/201901/11/201901111708021470503400_drm.m4a","duration":280,"schedule":3826,"topic_id":3826,"summary":"","price":0,"icon":"https://piccdn.igetget.com/img/201901/11/201901111707452405926566.png","size":1729502,"etag":"3480617714249202278","token":"eyJ0ayI6IlZJSmFoQkJsbmRZTC8vdUs5Z0d3RS9sMUYySzNlU2NyOUwrQWVNYkZhbGN5cWZDMjJ4eVc2bVU1dU1Rb240WDgwNkVtUTh4SzVlclA0OFo3c0UyVkYrUUY3RU9WdDRnZjJPTm5QeEhsZmRmbE9oMHhrTzdhRGYrSVpJVUhBK0tROG9saFh4TmcyOGUwa2toQ1RyZkh4d2d1d1FOS3dDMURWMUhmZ1VOOWZiOD0iLCJ2IjoxfQ==","share_summary":"test","collection":0,"count":0,"bored_count":0,"audio_type":13,"drm_version":1,"source_id":3826,"source_type":13,"source_icon":"https://piccdn.igetget.com/img/201901/11/201901111707452405926566.png","source_name":"æ¯å¤©å¬æœ¬ä¹¦","listen_progress":0,"listen_finished":false,"dd_article_id":"1661290778552434688","audio_list_icon":"https://piccdn.igetget.com/img/201901/11/201901111707452405926566.png","class_course_id":"0","class_article_id":"0","log_id":"3T0RIYeuNSa93UCfJwPG","log_type":"audio","log_interface":"","trackinfo":"","used_drm":0},"class":13,"log_id":3826,"log_type":"topic","log_interface":"","slogan":"6666","is_buy":false,"is_borrowed":false,"in_bookrack":false,"progress":0,"recommend_title":"","is_collected":false,"collection_count":0,"share_title":"æ€ä¹ˆåœ¨æ–°æ¶ˆè´¹ä¸­å å¾—å…ˆæœº","share_summary":"æ€ä¹ˆåœ¨æ–°æ¶ˆè´¹ä¸­å å¾—å…ˆæœº","topic_summary":null,"audio_id_int":20497,"audio_id_list":[20497],"audio_list":{"20497":{"id":20497,"alias_id":"3T0RIYeuNSa93UCfJwPG","title":"4 æ€ä¹ˆåœ¨æ–°æ¶ˆè´¹ä¸­å å¾—å…ˆæœº","icon":"https://piccdn.igetget.com/img/201901/11/201901111707452405926566.png","share_title":"test","mp3_url":"http://igetoss.cdn.igetget.com/mp3/201901/11/201901111706060081863230.mp3","ios_url":"http://igetoss.cdn.igetget.com/mp3/201901/11/128000_201901111706060081863230.mp3","amr_url":"http://igetoss.cdn.igetget.com/mp3/201901/11/64000_201901111706060081863230.mp3","low_url":"http://igetoss.cdn.igetget.com/aac/201901/11/48000_201901111706060081863230.m4a","duration":280,"operator_id":708,"operator_name":"æè´","ctime":"2019-01-11 17:06:45","utime":"2019-01-24 11:40:17","schedule":3826,"original_size":4477007,"thumb_size":2240744,"ios_size":4481423,"size":1729502,"audio_type":13,"date":"0000-00-00","points":"0","narrator":3,"mp3_etag":"8714944322601316151","ios_etag":"12940931727387912492","amr_etag":"10443295545550435378","low_etag":"6691219232669385673","share_summary":"test","audio_list_icon":"https://piccdn.igetget.com/img/201901/11/201901111707452405926566.png","source_id":3826,"source_type":13,"source_icon":"https://piccdn.igetget.com/img/201901/11/201901111707452405926566.png","source_buy_image":"https://piccdn.igetget.com/img/201901/11/201901111707452405926566.png","source_name":"æ€ä¹ˆåœ¨æ–°æ¶ˆè´¹ä¸­å å¾—å…ˆæœº","dd_article_id":1661290778552434688,"view_type":0,"privacy_status":0,"used_drm":1}},"t_datetime":1547136000}],"recommend":false}},}4:type,4:http,5:error,0:~6:marked,5:false!7:version,13:1:0#2:18#1:2#]11:client_conn,204:15:ssl_established,5:false!10:clientcert,0:~13:timestamp_end,0:~7:address,60:7:address,27:15:192.168.128.181,5:63009#]8:use_ipv6,5:false!}15:timestamp_start,17:1558440320.990638^19:timestamp_ssl_setup,0:~}2:id,36:f23b455e-37b6-4954-847f-81380b00e108,11:intercepted,5:false!7:request,1791:9:is_replay,5:false!4:port,2:80#12:stickycookie,5:false!13:timestamp_end,17:1558440327.613039^4:path,24:/odob/v2/browse/booklist,15:timestamp_start,17:1558440327.593855^7:headers,1115:29:9:X-App-Key,13:android-6.2.0,]19:5:X-Uid,8:85003403,]14:7:X-Thumb,1:l,]15:4:X-Dt,5:phone,]13:4:X-Ov,3:6.0,]15:5:X-Net,4:WIFI,]17:4:X-Os,7:ANDROID,]26:3:X-D,16:ae244834553d4eda,]28:4:X-Dv,17:Samsung Galaxy S6,]13:3:X-T,4:json,]13:6:X-Chil,1:0,]10:3:X-V,1:2,]15:4:X-Av,5:6.2.0,]14:5:X-Scr,3:2.0,]12:5:X-Adv,1:1,]45:6:X-Seid,32:218ef9e66ce3e0025bfad70cd02dd2ed,]14:8:X-Hitdot,0:,]63:11:G-Auth-Sign,44:YTUwNTkzODU0ZDUxY2NiMTRmNjI4MWJmMmYyODBjZmY=,]52:12:G-Auth-Nonce,32:6a219b31a1cea44e604ba877061183a8,]26:9:G-Auth-Ts,10:1558440327,]44:12:G-Auth-Appid,24:5a27d122ee4638163f594393,]312:12:G-Auth-Token,291:eyJhbGciOiJIUzUxMiIsInR5cCI6IkpXVCJ9.eyJhdWQiOiJsdW9qaWxhYi5jb20iLCJleHAiOjE1NTkwNDI3OTksImlhdCI6MTU1ODQzNzk5OSwiaXNzIjoiRWFzZUdhdGV3YXkgSldUQXV0aCBQbHVnaW4iLCJuYmYiOjE1NTg0Mzc5OTksInN1YiI6Ijg1MDAzNDAzIn0.5J13wFzrBZv434Oi7yos7349FnruBeGZ0LNw4VmjORaaWUiFX3Q2yVNrSKqf27JfNQRsAT3NYL2gouO0Xju66Q,]51:12:Content-Type,31:application/json; charset=UTF-8,]24:14:Content-Length,3:330,]33:4:Host,22:entree.dev.igetget.com,]28:10:Connection,10:Keep-Alive,]26:15:Accept-Encoding,4:gzip,]31:10:User-Agent,13:okhttp/3.11.0,]]7:content,330:{"max_id":0,"count":3,"h":{"u":"85003403","thumb":"l","dt":"phone","ov":"6.0","net":"WIFI","os":"ANDROID","d":"ae244834553d4eda","dv":"Samsung Galaxy S6","t":"json","chil":"0","v":"2","av":"6.2.0","scr":"2.0","adv":"1","X-Dv":"Samsung Galaxy S6","ts":"1558440327","s":"9628def9c754fceb","seid":"218ef9e66ce3e0025bfad70cd02dd2ed"}},6:method,4:POST,4:host,22:entree.dev.igetget.com,17:first_line_format,8:relative,12:http_version,8:HTTP/1.1,6:scheme,4:http,10:stickyauth,5:false!}11:server_conn,417:15:ssl_established,5:false!14:source_address,60:7:address,27:15:192.168.128.181,5:63010#]8:use_ipv6,5:false!}13:timestamp_end,0:~7:address,64:7:address,31:22:entree.dev.igetget.com,2:80#]8:use_ipv6,5:false!}4:cert,0:~3:sni,0:~15:timestamp_start,17:1558440321.045617^19:timestamp_ssl_setup,0:~10:ip_address,54:7:address,21:12:39.107.208.4,2:80#]8:use_ipv6,5:false!}3:via,0:~19:timestamp_tcp_setup,17:1558440321.059817^}}1889:8:response,520:6:reason,12:Not Modified,13:timestamp_end,17:1558440327.928411^12:http_version,8:HTTP/1.1,11:status_code,3:304#15:timestamp_start,17:1558440327.916678^7:headers,341:40:4:Date,29:Tue, 21 May 2019 12:05:27 GMT,]30:12:Content-Type,10:image/jpeg,]28:10:Connection,10:keep-alive,]50:13:Last-Modified,29:Thu, 22 Mar 2018 11:23:51 GMT,]45:4:ETag,34:"D34D1B7575E60E2A4F0AC332072C581B",]34:13:Cache-Control,13:max-age=86400,]16:3:Age,7:2336447,]66:5:X-Via,54:1.1 PShbzjkwt2gp25:3 (Cdn Cache Server V2.0)[38 304 0],]]7:content,0:,}4:type,4:http,5:error,0:~6:marked,5:false!7:version,13:1:0#2:18#1:2#]11:client_conn,203:15:ssl_established,5:false!10:clientcert,0:~13:timestamp_end,0:~7:address,60:7:address,27:15:192.168.128.181,5:63028#]8:use_ipv6,5:false!}15:timestamp_start,16:1558440327.82273^19:timestamp_ssl_setup,0:~}2:id,36:5858d4a3-6e1d-472a-b156-c38e5ee76948,11:intercepted,5:false!7:request,546:9:is_replay,5:false!4:port,2:80#12:stickycookie,5:false!13:timestamp_end,17:1558440327.844424^4:path,43:/img/201803/22/201803221923519969331605.jpg,15:timestamp_start,17:1558440327.838834^7:headers,189:29:4:Host,18:piccdn.igetget.com,]28:10:Connection,10:Keep-Alive,]26:15:Accept-Encoding,4:gzip,]31:10:User-Agent,13:okhttp/3.11.0,]55:13:If-None-Match,34:"D34D1B7575E60E2A4F0AC332072C581B",]]7:content,0:,6:method,3:GET,4:host,18:piccdn.igetget.com,17:first_line_format,8:relative,12:http_version,8:HTTP/1.1,6:scheme,4:http,10:stickyauth,5:false!}11:server_conn,412:15:ssl_established,5:false!14:source_address,60:7:address,27:15:192.168.128.181,5:63029#]8:use_ipv6,5:false!}13:timestamp_end,0:~7:address,60:7:address,27:18:piccdn.igetget.com,2:80#]8:use_ipv6,5:false!}4:cert,0:~3:sni,0:~15:timestamp_start,17:1558440327.854763^19:timestamp_ssl_setup,0:~10:ip_address,53:7:address,20:11:60.8.151.55,2:80#]8:use_ipv6,5:false!}3:via,0:~19:timestamp_tcp_setup,17:1558440327.867056^}}1889:8:response,519:6:reason,12:Not Modified,13:timestamp_end,17:1558440327.932249^12:http_version,8:HTTP/1.1,11:status_code,3:304#15:timestamp_start,17:1558440327.920856^7:headers,340:40:4:Date,29:Tue, 21 May 2019 12:05:27 GMT,]30:12:Content-Type,10:image/jpeg,]28:10:Connection,10:keep-alive,]50:13:Last-Modified,29:Fri, 25 Aug 2017 03:26:36 GMT,]45:4:ETag,34:"7B2611164D0A73C3505531CE1D6D225D",]34:13:Cache-Control,13:max-age=86400,]16:3:Age,7:2336409,]65:5:X-Via,53:1.1 PShbzjkwt2ij22:2 (Cdn Cache Server V2.0)[0 304 0],]]7:content,0:,}4:type,4:http,5:error,0:~6:marked,5:false!7:version,13:1:0#2:18#1:2#]11:client_conn,204:15:ssl_established,5:false!10:clientcert,0:~13:timestamp_end,0:~7:address,60:7:address,27:15:192.168.128.181,5:63020#]8:use_ipv6,5:false!}15:timestamp_start,17:1558440327.324766^19:timestamp_ssl_setup,0:~}2:id,36:d004e8ff-f383-4ca5-be20-845ce5ca084b,11:intercepted,5:false!7:request,546:9:is_replay,5:false!4:port,2:80#12:stickycookie,5:false!13:timestamp_end,17:1558440327.880649^4:path,43:/img/201708/25/201708251126368588659193.jpg,15:timestamp_start,17:1558440327.878203^7:headers,189:29:4:Host,18:piccdn.igetget.com,]28:10:Connection,10:Keep-Alive,]26:15:Accept-Encoding,4:gzip,]31:10:User-Agent,13:okhttp/3.11.0,]55:13:If-None-Match,34:"7B2611164D0A73C3505531CE1D6D225D",]]7:content,0:,6:method,3:GET,4:host,18:piccdn.igetget.com,17:first_line_format,8:relative,12:http_version,8:HTTP/1.1,6:scheme,4:http,10:stickyauth,5:false!}11:server_conn,412:15:ssl_established,5:false!14:source_address,60:7:address,27:15:192.168.128.181,5:63021#]8:use_ipv6,5:false!}13:timestamp_end,0:~7:address,60:7:address,27:18:piccdn.igetget.com,2:80#]8:use_ipv6,5:false!}4:cert,0:~3:sni,0:~15:timestamp_start,17:1558440327.346904^19:timestamp_ssl_setup,0:~10:ip_address,53:7:address,20:11:60.8.151.55,2:80#]8:use_ipv6,5:false!}3:via,0:~19:timestamp_tcp_setup,17:1558440327.357899^}}1890:8:response,520:6:reason,12:Not Modified,13:timestamp_end,17:1558440327.964354^12:http_version,8:HTTP/1.1,11:status_code,3:304#15:timestamp_start,17:1558440327.945105^7:headers,341:40:4:Date,29:Tue, 21 May 2019 12:05:27 GMT,]30:12:Content-Type,10:image/jpeg,]28:10:Connection,10:keep-alive,]50:13:Last-Modified,29:Tue, 20 Mar 2018 03:06:39 GMT,]45:4:ETag,34:"F7DF1E2A6841A560EEB9D741F4E7549E",]34:13:Cache-Control,13:max-age=86400,]16:3:Age,7:2334733,]66:5:X-Via,54:1.1 PShbzjkwt2qx24:4 (Cdn Cache Server V2.0)[13 304 0],]]7:content,0:,}4:type,4:http,5:error,0:~6:marked,5:false!7:version,13:1:0#2:18#1:2#]11:client_conn,204:15:ssl_established,5:false!10:clientcert,0:~13:timestamp_end,0:~7:address,60:7:address,27:15:192.168.128.181,5:63030#]8:use_ipv6,5:false!}15:timestamp_start,17:1558440327.886017^19:timestamp_ssl_setup,0:~}2:id,36:a6a0672f-2f91-431d-acee-27ec6ebf751f,11:intercepted,5:false!7:request,546:9:is_replay,5:false!4:port,2:80#12:stickycookie,5:false!13:timestamp_end,17:1558440327.900129^4:path,43:/img/201803/20/201803201106400361846914.jpg,15:timestamp_start,17:1558440327.895158^7:headers,189:29:4:Host,18:piccdn.igetget.com,]28:10:Connection,10:Keep-Alive,]26:15:Accept-Encoding,4:gzip,]31:10:User-Agent,13:okhttp/3.11.0,]55:13:If-None-Match,34:"F7DF1E2A6841A560EEB9D741F4E7549E",]]7:content,0:,6:method,3:GET,4:host,18:piccdn.igetget.com,17:first_line_format,8:relative,12:http_version,8:HTTP/1.1,6:scheme,4:http,10:stickyauth,5:false!}11:server_conn,412:15:ssl_established,5:false!14:source_address,60:7:address,27:15:192.168.128.181,5:63031#]8:use_ipv6,5:false!}13:timestamp_end,0:~7:address,60:7:address,27:18:piccdn.igetget.com,2:80#]8:use_ipv6,5:false!}4:cert,0:~3:sni,0:~15:timestamp_start,17:1558440327.910905^19:timestamp_ssl_setup,0:~10:ip_address,53:7:address,20:11:60.8.151.55,2:80#]8:use_ipv6,5:false!}3:via,0:~19:timestamp_tcp_setup,17:1558440327.921031^}}3765:8:response,520:6:reason,12:Not Modified,13:timestamp_end,16:1558440328.29206^12:http_version,8:HTTP/1.1,11:status_code,3:304#15:timestamp_start,17:1558440328.257184^7:headers,342:40:4:Date,29:Tue, 21 May 2019 12:05:28 GMT,]30:12:Content-Type,10:image/jpeg,]28:10:Connection,10:keep-alive,]50:13:Last-Modified,29:Wed, 25 Apr 2018 08:02:25 GMT,]45:4:ETag,34:"C92DACD992347E75D3A5F2941BD6FA9A",]34:13:Cache-Control,13:max-age=86400,]16:3:Age,7:2335860,]67:5:X-Via,55:1.1 PShbzjkwt2nt26:5 (Cdn Cache Server V2.0)[453 304 0],]]7:content,0:,}4:type,4:http,5:error,0:~6:marked,5:false!7:version,13:1:0#2:18#1:2#]11:client_conn,221:15:ssl_established,4:true!10:clientcert,0:~13:timestamp_end,0:~7:address,60:7:address,27:15:192.168.128.181,5:63024#]8:use_ipv6,5:false!}15:timestamp_start,17:1558440327.621478^19:timestamp_ssl_setup,17:1558440327.771446^}2:id,36:9fdee807-d90d-4c5c-b1df-ecda1719e76e,11:intercepted,5:false!7:request,548:9:is_replay,5:false!4:port,3:443#12:stickycookie,5:false!13:timestamp_end,17:1558440327.791175^4:path,43:/img/201804/25/201804251602254896966179.jpg,15:timestamp_start,17:1558440327.789961^7:headers,189:29:4:Host,18:piccdn.igetget.com,]28:10:Connection,10:Keep-Alive,]26:15:Accept-Encoding,4:gzip,]31:10:User-Agent,13:okhttp/3.11.0,]55:13:If-None-Match,34:"C92DACD992347E75D3A5F2941BD6FA9A",]]7:content,0:,6:method,3:GET,4:host,18:piccdn.igetget.com,17:first_line_format,8:relative,12:http_version,8:HTTP/1.1,6:scheme,5:https,10:stickyauth,5:false!}11:server_conn,2267:15:ssl_established,4:true!14:source_address,60:7:address,27:15:192.168.128.181,5:63026#]8:use_ipv6,5:false!}13:timestamp_end,0:~7:address,61:7:address,28:18:piccdn.igetget.com,3:443#]8:use_ipv6,5:false!}4:cert,1814:-----BEGIN CERTIFICATE-----
MIIFDzCCA/egAwIBAgIQDfteDYoyXl2oILQNb85IWDANBgkqhkiG9w0BAQsFADBe
MQswCQYDVQQGEwJVUzEVMBMGA1UEChMMRGlnaUNlcnQgSW5jMRkwFwYDVQQLExB3
d3cuZGlnaWNlcnQuY29tMR0wGwYDVQQDExRHZW9UcnVzdCBSU0EgQ0EgMjAxODAe
Fw0xODAxMjUwMDAwMDBaFw0yMTAzMjUxMjAwMDBaMHsxCzAJBgNVBAYTAkNOMRIw
EAYDVQQHDAnljJfkuqzluIIxMzAxBgNVBAoMKuWMl+S6rOaAnee7tOmAoOeJqeS/
oeaBr+enkeaKgOaciemZkOWFrOWPuDELMAkGA1UECxMCSVQxFjAUBgNVBAMMDSou
aWdldGdldC5jb20wggEiMA0GCSqGSIb3DQEBAQUAA4IBDwAwggEKAoIBAQCDeup7
TWHniKDl0tBS8w2uLWkANl8KgLx6bRE0JCliaS47ZSnXqtzsGu5/UnDovz4ooioe
dFGco9UAGujFlYyAUte4zbuGa5jIppxnQbRPUOx50hJ1uLLNebwtpEB24NiYJeIK
qIj1804Fmjq9NzD9cp4lnSzuo+CgfPuQ41XBE6MEF2qXEAEG/5uBnYGHGL3bSPsy
zb41xEJqsqnRz2T4/+ID7oMp5VwHpzSH8mdHTJlCPD6ExS+7RcSt4LXEopeYzaey
nn6rLv6vQnQRXmNGm5FelzQo1eusXf4knPien+hFGaJmUJqKVuwPMX7im0KcROtH
oRB++MYyJ0lFc5cNAgMBAAGjggGqMIIBpjAfBgNVHSMEGDAWgBSQWP+wnHWoUVR3
se3yo0MWOJ5sxTAdBgNVHQ4EFgQU2Pv2YtnF9QQTSO9HqrhuZFeTj3wwJQYDVR0R
BB4wHIINKi5pZ2V0Z2V0LmNvbYILaWdldGdldC5jb20wDgYDVR0PAQH/BAQDAgWg
MB0GA1UdJQQWMBQGCCsGAQUFBwMBBggrBgEFBQcDAjA+BgNVHR8ENzA1MDOgMaAv
hi1odHRwOi8vY2RwLmdlb3RydXN0LmNvbS9HZW9UcnVzdFJTQUNBMjAxOC5jcmww
TAYDVR0gBEUwQzA3BglghkgBhv1sAQEwKjAoBggrBgEFBQcCARYcaHR0cHM6Ly93
d3cuZGlnaWNlcnQuY29tL0NQUzAIBgZngQwBAgIwdQYIKwYBBQUHAQEEaTBnMCYG
CCsGAQUFBzABhhpodHRwOi8vc3RhdHVzLmdlb3RydXN0LmNvbTA9BggrBgEFBQcw
AoYxaHR0cDovL2NhY2VydHMuZ2VvdHJ1c3QuY29tL0dlb1RydXN0UlNBQ0EyMDE4
LmNydDAJBgNVHRMEAjAAMA0GCSqGSIb3DQEBCwUAA4IBAQBfmfk31PVyRu6AExvj
Q47CtWkJL/zG1jJPk2JQgWI8GAHKnLcY/7Rg+GHsleVuDLvYIWFBHf+lDRDJLkOp
c0l059maiSJNC7B4QRZx8yYtUDVACfqJPXrO0VeJBIN/NiqyBgT65ZbyreuWSfDa
XS+3EKYld4twwIcaVZweU/GzfZ/pD+2M2QhIFcgrVpMhkZQvDVjCe4BMRHkHTFY0
SzB4gdhtXaG3ZkYvbCMF5Q05LWKqT5ev+LqMpnDl6ihBGJ/BTAGkXaPBGuL3Lvx4
KM+Y5O3cRDSI7QbS6+y7PKABrsWEziOls7wmDMzHa4tUZHK3Qs+FmjuATwcr+mko
2Mfb
-----END CERTIFICATE-----
,3:sni,18:piccdn.igetget.com;15:timestamp_start,17:1558440327.660736^19:timestamp_ssl_setup,17:1558440327.714971^10:ip_address,54:7:address,21:11:60.8.151.55,3:443#]8:use_ipv6,5:false!}3:via,0:~19:timestamp_tcp_setup,17:1558440327.671345^}}64586:8:response,61937:6:reason,2:OK,13:timestamp_end,17:1558440328.894216^12:http_version,8:HTTP/1.1,11:status_code,3:200#15:timestamp_start,17:1558440328.847834^7:headers,273:40:4:Date,29:Tue, 21 May 2019 12:05:28 GMT,]51:12:Content-Type,31:application/json; charset=utf-8,]31:17:Transfer-Encoding,7:chunked,]28:10:Connection,10:keep-alive,]35:27:Access-Control-Allow-Origin,1:*,]31:12:G-Powered-By,11:EaseGateway,]29:11:G-Timestamp,10:1558440328,]]7:content,61492:{"h":{"c":0,"e":"","s":1558440328,"t":1262},"c":{"list":[{"id":3828,"audio_id":"B58x6m4C3tWNzaz9L06f","title":"è¯´ä¹¦æ ‡é¢˜","icon":"https://piccdn.igetget.com/img/201902/22/201902221141539175764066.jpg","duration":135,"audio_price":"4.66","audio_icon":"https://piccdn.igetget.com/img/201902/22/201902221141539175764066.jpg","audio_icon_new":"https://piccdn.igetget.com/img/201902/22/201902221141539175764066.jpg","audio_banner":"","audio_summary":"è¯´ä¹¦æ‘˜è¦","audio_title":"è¯´ä¹¦æ ‡é¢˜","short_title":"çŸ­æ ‡é¢˜","audio_brife":"","source":"","storytell_info":{"id":0,"name":"","avatar":"","intro":""},"status":1,"publish_time":1550851200,"is_vip_gived":false,"is_vip":false,"audio_detail":{"alias_id":"B58x6m4C3tWNzaz9L06f","extrainfo":"","class_id":0,"title":"è¯´ä¹¦éŸ³é¢‘20190222","share_title":"è¯´ä¹¦éŸ³é¢‘çš„åˆ†äº«æ ‡é¢˜","mp3_play_url":"http://igetoss.cdn.igetget.com/aac/201902/22/201902221142020668547228_drm.m4a","duration":135,"schedule":3828,"topic_id":3828,"summary":"","price":0,"icon":"https://piccdn.igetget.com/img/201902/22/201902221141539175764066.jpg","size":833029,"etag":"6638218721167539928","token":"eyJ0ayI6IkNTQ2t2R3RjbnE2UkhjbkJpUjhudTBSMC8rSUFVZERBY1ZIZG8rTzJPWEhYQjlnWDhVMEp2L0dFNzAwMXdKUFFlQmltM1Erd3dneWdPalZQQXB1RlFPLzVMZGd0R2NBcFI4WUN5UWJQNVZHNmhKMDJaQ3E0RjNrZVZieGR0RFJVbUZxUEZmUmpmUitJeHFPQ1NHNktnVmJYL1BIUUJCcU1hSUQxUGNDM2JnUT0iLCJ2IjoxfQ==","share_summary":"è¯´ä¹¦éŸ³é¢‘çš„åˆ†äº«æ‘˜è¦","collection":0,"count":1,"bored_count":0,"audio_type":13,"drm_version":1,"source_id":3828,"source_type":13,"source_icon":"https://piccdn.igetget.com/img/201902/22/201902221141539175764066.jpg","source_name":"æ¯å¤©å¬æœ¬ä¹¦","listen_progress":0,"listen_finished":false,"dd_article_id":"1665166174788255744","audio_list_icon":"https://piccdn.igetget.com/img/201902/22/201902221141539175764066.jpg","class_course_id":"0","class_article_id":"0","log_id":"B58x6m4C3tWNzaz9L06f","log_type":"audio","log_interface":"","trackinfo":"","used_drm":0},"class":13,"log_id":3828,"log_type":"topic","log_interface":"","slogan":"é¦–é¡µæ¨èè¯­ æˆäº†å¿…å¡«å•Š","is_buy":false,"is_borrowed":false,"in_bookrack":false,"progress":0,"recommend_title":"æ¨èæ ‡é¢˜","is_collected":false,"collection_count":1,"share_title":"åˆ†äº«æ ‡é¢˜2222","share_summary":"åˆ†äº«æ‘˜è¦2222","topic_summary":null,"trackinfo":""},{"id":3827,"audio_id":"wf3D9ZqC351dDv77podD","title":"è¯´ä¹¦æ ‡é¢˜","icon":"https://piccdn.igetget.com/img/201902/21/201902211853499775922782.jpg","duration":185,"audio_price":"4.98","audio_icon":"https://piccdn.igetget.com/img/201902/21/201902211853499775922782.jpg","audio_icon_new":"https://piccdn.igetget.com/img/201902/21/201902211853499775922782.jpg","audio_banner":"","audio_summary":"è¯´ä¹¦æ‘˜è¦","audio_title":"è¯´ä¹¦æ ‡é¢˜","short_title":"çŸ­æ ‡é¢˜","audio_brife":"","source":"","storytell_info":{"id":9,"name":"æ€€æ²™","avatar":"https://piccdn.igetget.com/img/201610/14/201610141758088956852647.jpg","intro":"çºªå½•ç‰‡å¯¼æ¼”ï¼Œå¤šå¹´ä»äº‹ç§‘æ™®å·¥ä½œï¼Œã€Šä¸‡ç»´é’¢Â·ç²¾è‹±æ—¥è¯¾ã€‹éŸ³é¢‘è½¬è¿°å¸ˆï¼Œå¾—åˆ°çˆ†æ¬¾éŸ³é¢‘ã€Šæ€€æ²™è¯´ä¸‰ä½“ã€‹ä¸»è®²äººã€‚"},"status":1,"publish_time":1550764800,"is_vip_gived":false,"is_vip":false,"audio_detail":{"alias_id":"wf3D9ZqC351dDv77podD","extrainfo":"","class_id":0,"title":"è¯´ä¹¦20190221","share_title":"åˆ†äº«æ ‡é¢˜è¯´ä¹¦éŸ³é¢‘","mp3_play_url":"http://igetoss.cdn.igetget.com/aac/201902/21/201902211853023064333358_drm.m4a","duration":185,"schedule":3827,"topic_id":3827,"summary":"","price":0,"icon":"https://piccdn.igetget.com/img/201902/21/201902211853499775922782.jpg","size":1139606,"etag":"7043752917438309733","token":"eyJ0ayI6InJWcXg3TVNrSVdhU1F4a01IalJaOVpqNnBHRUl5eGNtOGJsdUVER2pLaUVJSTJ1YWNoOXE2S0lUdnJDQ1Q3RFh1TUFzSy9zNStQa3BxS3FGdkVqUUgvMWM3bWhaTXdQWlZiVndnakY0SkM0b3RuU1F0RzQrRVYrVWNxeXp5UGYvTE5sZXljcVROS2tla3FBN2FkV0xucUNaRWt4Y0JXT0hpNzdSd0RTWFVROD0iLCJ2IjoxfQ==","share_summary":"åˆ†äº«æ‘˜è¦è¯´ä¹¦éŸ³é¢‘","collection":0,"count":2,"bored_count":0,"audio_type":13,"drm_version":1,"source_id":3827,"source_type":13,"source_icon":"https://piccdn.igetget.com/img/201902/21/201902211853499775922782.jpg","source_name":"æ¯å¤©å¬æœ¬ä¹¦","listen_progress":0,"listen_finished":false,"dd_article_id":"1665101287496089600","audio_list_icon":"https://piccdn.igetget.com/img/201902/21/201902211853499775922782.jpg","class_course_id":"0","class_article_id":"0","log_id":"wf3D9ZqC351dDv77podD","log_type":"audio","log_interface":"","trackinfo":"","used_drm":0},"class":13,"log_id":3827,"log_type":"topic","log_interface":"","slogan":"å‘ç”Ÿçš„ä¸ªäºº","is_buy":false,"is_borrowed":false,"in_bookrack":false,"progress":0,"recommend_title":"æ¨èæ ‡é¢˜","is_collected":false,"collection_count":2,"share_title":"åˆ†äº«æ ‡é¢˜0221","share_summary":"åˆ†äº«æ‘˜è¦0221","topic_summary":null,"trackinfo":""},{"id":3826,"audio_id":"3T0RIYeuNSa93UCfJwPG","title":"æ€ä¹ˆåœ¨æ–°æ¶ˆè´¹ä¸­å å¾—å…ˆæœº","icon":"https://piccdn.igetget.com/img/201901/11/201901111707452405926566.png","duration":280,"audio_price":"4.99","audio_icon":"https://piccdn.igetget.com/img/201901/11/201901111707452405926566.png","audio_icon_new":"https://piccdn.igetget.com/img/201901/11/201901111707452405926566.png","audio_banner":"","audio_summary":"æ€ä¹ˆåœ¨æ–°æ¶ˆè´¹ä¸­å å¾—å…ˆæœº","audio_title":"æ€ä¹ˆåœ¨æ–°æ¶ˆè´¹ä¸­å å¾—å…ˆæœº","short_title":"","audio_brife":"æ€ä¹ˆåœ¨æ–°æ¶ˆè´¹ä¸­å å¾—å…ˆæœºbrife","source":"","storytell_info":{"id":4,"name":"æ°å…‹ç³–","avatar":"https://piccdn.igetget.com/img/201609/21/201609211901523698336465.jpg","intro":"ä¼ åª’å¤§å­¦æ’­éŸ³ä¸»æŒè‰ºæœ¯ä¸“ä¸šåŒå­¦ä½æ¯•ä¸šåè¿›å…¥åŒ—äº¬äººæ°‘å¹¿æ’­ç”µå°ã€‚æ›¾ä¸»æŒã€Šæ¼”è‰ºç¾¤è‹±ä¼šã€‹ã€ã€Šå¹¿æ’­å‰§åœºã€‹ç­‰èŠ‚ç›®ã€‚cctv9å¼•è¿›çºªå½•ç‰‡é…éŸ³è§£è¯´ï¼Œå¾—åˆ°Appæ¯æ—¥çŸ¥è¯†æ–°é—»ä¸»æ’­ã€‚"},"status":1,"publish_time":1547136000,"is_vip_gived":false,"is_vip":false,"audio_detail":{"alias_id":"3T0RIYeuNSa93UCfJwPG","extrainfo":"","class_id":0,"title":"4 æ€ä¹ˆåœ¨æ–°æ¶ˆè´¹ä¸­å å¾—å…ˆæœº","share_title":"test","mp3_play_url":"http://igetoss.cdn.igetget.com/aac/201901/11/201901111708021470503400_drm.m4a","duration":280,"schedule":3826,"topic_id":3826,"summary":"","price":0,"icon":"https://piccdn.igetget.com/img/201901/11/201901111707452405926566.png","size":1729502,"etag":"3480617714249202278","token":"eyJ0ayI6IlZJSmFoQkJsbmRZTC8vdUs5Z0d3RS9sMUYySzNlU2NyOUwrQWVNYkZhbGN5cWZDMjJ4eVc2bVU1dU1Rb240WDgwNkVtUTh4SzVlclA0OFo3c0UyVkYrUUY3RU9WdDRnZjJPTm5QeEhsZmRmbE9oMHhrTzdhRGYrSVpJVUhBK0tROG9saFh4TmcyOGUwa2toQ1RyZkh4d2d1d1FOS3dDMURWMUhmZ1VOOWZiOD0iLCJ2IjoxfQ==","share_summary":"test","collection":0,"count":0,"bored_count":0,"audio_type":13,"drm_version":1,"source_id":3826,"source_type":13,"source_icon":"https://piccdn.igetget.com/img/201901/11/201901111707452405926566.png","source_name":"æ¯å¤©å¬æœ¬ä¹¦","listen_progress":0,"listen_finished":false,"dd_article_id":"1661290778552434688","audio_list_icon":"https://piccdn.igetget.com/img/201901/11/201901111707452405926566.png","class_course_id":"0","class_article_id":"0","log_id":"3T0RIYeuNSa93UCfJwPG","log_type":"audio","log_interface":"","trackinfo":"","used_drm":0},"class":13,"log_id":3826,"log_type":"topic","log_interface":"","slogan":"6666","is_buy":false,"is_borrowed":false,"in_bookrack":false,"progress":0,"recommend_title":"","is_collected":false,"collection_count":0,"share_title":"æ€ä¹ˆåœ¨æ–°æ¶ˆè´¹ä¸­å å¾—å…ˆæœº","share_summary":"æ€ä¹ˆåœ¨æ–°æ¶ˆè´¹ä¸­å å¾—å…ˆæœº","topic_summary":null,"trackinfo":""},{"id":3825,"audio_id":"hcgv44EPzcLvXU775P3b","title":"æ ‡é¢˜ä¸ºç©ºæœ‰æè¿°","icon":"https://piccdn.igetget.com/img/201901/11/201901111659545245168619.jpg","duration":293,"audio_price":"4.99","audio_icon":"https://piccdn.igetget.com/img/201901/11/201901111659545245168619.jpg","audio_icon_new":"https://piccdn.igetget.com/img/201901/11/201901111659545245168619.jpg","audio_banner":"","audio_summary":"æ ‡é¢˜ä¸ºç©ºæœ‰æè¿°","audio_title":"æ ‡é¢˜ä¸ºç©ºæœ‰æè¿°","short_title":"","audio_brife":"","source":"","storytell_info":{"id":4,"name":"æ°å…‹ç³–","avatar":"https://piccdn.igetget.com/img/201609/21/201609211901523698336465.jpg","intro":"ä¼ åª’å¤§å­¦æ’­éŸ³ä¸»æŒè‰ºæœ¯ä¸“ä¸šåŒå­¦ä½æ¯•ä¸šåè¿›å…¥åŒ—äº¬äººæ°‘å¹¿æ’­ç”µå°ã€‚æ›¾ä¸»æŒã€Šæ¼”è‰ºç¾¤è‹±ä¼šã€‹ã€ã€Šå¹¿æ’­å‰§åœºã€‹ç­‰èŠ‚ç›®ã€‚cctv9å¼•è¿›çºªå½•ç‰‡é…éŸ³è§£è¯´ï¼Œå¾—åˆ°Appæ¯æ—¥çŸ¥è¯†æ–°é—»ä¸»æ’­ã€‚"},"status":1,"publish_time":1547136000,"is_vip_gived":false,"is_vip":false,"audio_detail":{"alias_id":"hcgv44EPzcLvXU775P3b","extrainfo":"","class_id":0,"title":"9 ä¼ä¸šæœ€å¤§çš„èµ„æºæ˜¯è®¤çŸ¥èµ„æº","share_title":"test","mp3_play_url":"http://igetoss.cdn.igetget.com/aac/201901/11/201901111613016972406272_drm.m4a","duration":293,"schedule":3825,"topic_id":3825,"summary":"","price":0,"icon":"https://piccdn.igetget.com/img/201901/11/201901111659545245168619.jpg","size":1808990,"etag":"13067010818093315798","token":"eyJ0ayI6IkRMOFRRVDdUbjc3MEYwUjJvL3QrWkNUQjNBSy8rRXJOTGhManhOaE50QVRJc1diZm12c3lyUnR2djkwSGNkTFJmeGozSWROZjM4RjdXV2N4aUxuVEdxUExHZnRzdk1JN0o3QWs2Wml5R0lRWDQ0eXBFUENHUWp2aE5ZZEpPa2JGSm4vQU5XZ2NQVi9PbUhNV1ExY1BPWmR6MGJreHM2ZkJZanBPdTN1Yk5ZUT0iLCJ2IjoxfQ==","share_summary":"test","collection":0,"count":0,"bored_count":0,"audio_type":13,"drm_version":1,"source_id":3825,"source_type":13,"source_icon":"https://piccdn.igetget.com/img/201901/11/201901111659545245168619.jpg","source_name":"æ¯å¤©å¬æœ¬ä¹¦","listen_progress":0,"listen_finished":false,"dd_article_id":"1661287220172029952","audio_list_icon":"https://piccdn.igetget.com/img/201901/11/201901111659545245168619.jpg","class_course_id":"0","class_article_id":"0","log_id":"hcgv44EPzcLvXU775P3b","log_type":"audio","log_interface":"","trackinfo":"","used_drm":0},"class":13,"log_id":3825,"log_type":"topic","log_interface":"","slogan":"åŠŸå¤«å¤§ä½¿é¦†","is_buy":false,"is_borrowed":false,"in_bookrack":false,"progress":0,"recommend_title":"","is_collected":false,"collection_count":0,"share_title":"æ ‡é¢˜ä¸ºç©ºæœ‰æè¿°","share_summary":"æ ‡é¢˜ä¸ºç©ºæœ‰æè¿°","topic_summary":null,"trackinfo":""},{"id":3824,"audio_id":"8ycr0VuGzNkuvaiEsAfQ","title":"è€æ•°æ®å…¼å®¹æµ‹è¯•4","icon":"https://piccdn.igetget.com/img/201901/11/201901111107366949259890.jpg","duration":233,"audio_price":"4.99","audio_icon":"https://piccdn.igetget.com/img/201901/11/201901111107366949259890.jpg","audio_icon_new":"https://piccdn.igetget.com/img/201901/11/201901111107366949259890.jpg","audio_banner":"","audio_summary":"è€æ•°æ®å…¼å®¹æµ‹è¯•4","audio_title":"è€æ•°æ®å…¼å®¹æµ‹è¯•4","short_title":"","audio_brife":"","source":"","storytell_info":{"id":6,"name":"å®æœ¨","avatar":"https://piccdn.igetget.com/img/201609/22/201609222111209613964956.png","intro":"çŸ¥åé…éŸ³æ¼”å‘˜ï¼Œæ¯•ä¸šäºä¸­å›½ä¼ åª’å¤§å­¦å—å¹¿å­¦é™¢è¯­è¨€ä¼ æ’­ç³»æ’­éŸ³ä¸»æŒä¸“ä¸šï¼Œæ›¾ä»»ä¸­å¤®äººæ°‘å¹¿æ’­ç”µå°æ–‡è‰ºä¹‹å£°ã€Šå¤©ä¸‹å¥‡è°ˆã€‹èŠ‚ç›®ä¸»æŒäººã€ã€Šé•¿ä¹¦çŸ­è¯»ã€‹ã€ã€Šé•¿ç¯‡è¿æ’­ã€‹çš„ç¼–è¾‘ä¸»æŒï¼Œç”µè§†å‰§ã€Šæ­¦åªšå¨˜ä¼ å¥‡ã€‹ææ³°ã€ã€Šç…çŠæ¦œã€‹èª‰ç‹çš„é…éŸ³ã€‚"},"status":1,"publish_time":1547136000,"is_vip_gived":false,"is_vip":false,"audio_detail":{"alias_id":"8ycr0VuGzNkuvaiEsAfQ","extrainfo":"","class_id":0,"title":"12 é«˜ä¸¾é«˜æ‰“çš„ä¸¤ä¸ªè¯¯åŒº","share_title":"test","mp3_play_url":"http://igetoss.cdn.igetget.com/aac/201901/11/201901111105021160855786_drm.m4a","duration":233,"schedule":3824,"topic_id":3824,"summary":"","price":0,"icon":"https://piccdn.igetget.com/img/201901/11/201901111107366949259890.jpg","size":1437339,"etag":"11855902288444728533","token":"eyJ0ayI6ImpjbVdIQnNEc09RUW9ycys4eDdOQXdJNTdldDFjUTZydHpCbVBiUmNoOUQ0ZWhDdDRWaHdhRVUxTUJhams0MnkzRXpvQ0NDdmkxend0bS81YU1FTk51SkFwL1ordENHS0Q3NjJPcjRwbGh6UVBqZU04Qkt5UGRKTnVxWnZyUUtVblZkRFZwd0lJYlhpMnJBdU9qT2kvSjBQSDNDdlVubTRBeWd5T3pRNmk5az0iLCJ2IjoxfQ==","share_summary":"test","collection":0,"count":0,"bored_count":0,"audio_type":13,"drm_version":1,"source_id":3824,"source_type":13,"source_icon":"https://piccdn.igetget.com/img/201901/11/201901111107366949259890.jpg","source_name":"æ¯å¤©å¬æœ¬ä¹¦","listen_progress":0,"listen_finished":false,"dd_article_id":"1661267372054413312","audio_list_icon":"https://piccdn.igetget.com/img/201901/11/201901111107366949259890.jpg","class_course_id":"0","class_article_id":"0","log_id":"8ycr0VuGzNkuvaiEsAfQ","log_type":"audio","log_interface":"","trackinfo":"","used_drm":0},"class":13,"log_id":3824,"log_type":"topic","log_interface":"","slogan":"è€æ•°æ®å…¼å®¹æµ‹è¯•4","is_buy":false,"is_borrowed":false,"in_bookrack":false,"progress":0,"recommend_title":"","is_collected":false,"collection_count":0,"share_title":"è€æ•°æ®å…¼å®¹æµ‹è¯•4","share_summary":"è€æ•°æ®å…¼å®¹æµ‹è¯•4","topic_summary":null,"trackinfo":""},{"id":3823,"audio_id":"69V6SywIFFyeVNEHQmwv","title":"è€æ•°æ®å…¼å®¹æµ‹è¯•3","icon":"https://piccdn.igetget.com/img/201901/10/201901102118515807842427.jpg","duration":254,"audio_price":"4.99","audio_icon":"https://piccdn.igetget.com/img/201901/10/201901102118515807842427.jpg","audio_icon_new":"https://piccdn.igetget.com/img/201901/10/201901102118515807842427.jpg","audio_banner":"","audio_summary":"è€æ•°æ®å…¼å®¹æµ‹è¯•3","audio_title":"è€æ•°æ®å…¼å®¹æµ‹è¯•3","short_title":"","audio_brife":"","source":"","storytell_info":{"id":5,"name":"å­™æ½‡","avatar":"https://piccdn.igetget.com/img/201705/23/201705231308044698725611.jpg","intro":"æ¯•ä¸šäºä¸­å›½ä¼ åª’å¤§å­¦æ’­éŸ³ä¸ä¸»æŒè‰ºæœ¯å­¦é™¢ï¼Œæ’­éŸ³ä¸»æŒè‰ºæœ¯ä¸“ä¸šï¼Œç°å°±èŒäºåŒ—äº¬äººæ°‘å¹¿æ’­ç”µå°ï¼Œäº¤é€šå¹¿æ’­ã€Šè­¦æ³•æ—¶ç©ºã€‹èŠ‚ç›®æ ç›®ä¸»æŒäººï¼Œå¾—åˆ°ä¸“æ ã€Šæç¿”å•†ä¸šå†…å‚ã€‹éŸ³é¢‘è½¬è¿°å¸ˆã€‚"},"status":1,"publish_time":1547136000,"is_vip_gived":false,"is_vip":false,"audio_detail":{"alias_id":"69V6SywIFFyeVNEHQmwv","extrainfo":"","class_id":0,"title":"7 å¹³å°åˆ›ä¸šä»æœ‰æœºä¼š","share_title":"test","mp3_play_url":"http://igetoss.cdn.igetget.com/aac/201901/10/201901102119014926466523_drm.m4a","duration":254,"schedule":3823,"topic_id":3823,"summary":"","price":0,"icon":"https://piccdn.igetget.com/img/201901/10/201901102118515807842427.jpg","size":1571572,"etag":"14612280840567753102","token":"eyJ0ayI6IlBQRzFtaldrb0RlaTQ3ZTl6ZDQraU13MWtDbEd1cjhxVkM2YTQybU9OQndWSVJXSi9hWEdJcmdzMjVsZmxvZTJscUxDY3hFMG9hRlNFRGlmQ2NYeVptWXlzeEZXN2Zub2VhVDMxZkxVbjNhdEMvY0RDOFYrR0tvMDlnenh3QTRjbTlscWFOdW1xbXlad25VQ0F3MmdGdlFoQmtQY3NCWHorRFc5K29zcndJUT0iLCJ2IjoxfQ==","share_summary":"test","collection":0,"count":0,"bored_count":0,"audio_type":13,"drm_version":1,"source_id":3823,"source_type":13,"source_icon":"https://piccdn.igetget.com/img/201901/10/201901102118515807842427.jpg","source_name":"æ¯å¤©å¬æœ¬ä¹¦","listen_progress":0,"listen_finished":false,"dd_article_id":"1661214140229746688","audio_list_icon":"https://piccdn.igetget.com/img/201901/10/201901102118515807842427.jpg","class_course_id":"0","class_article_id":"0","log_id":"69V6SywIFFyeVNEHQmwv","log_type":"audio","log_interface":"","trackinfo":"","used_drm":0},"class":13,"log_id":3823,"log_type":"topic","log_interface":"","slogan":"è€æ•°æ®å…¼å®¹æµ‹è¯•3","is_buy":false,"is_borrowed":false,"in_bookrack":false,"progress":0,"recommend_title":"","is_collected":false,"collection_count":0,"share_title":"è€æ•°æ®å…¼å®¹æµ‹è¯•3","share_summary":"è€æ•°æ®å…¼å®¹æµ‹è¯•3","topic_summary":null,"trackinfo":""},{"id":3822,"audio_id":"B2vBWWUyor3PdMgoymmV","title":"è€ç‰ˆæœ¬å…¼å®¹æµ‹è¯•2","icon":"https://piccdn.igetget.com/img/201901/10/201901102107104614246065.jpg","duration":227,"audio_price":"4.99","audio_icon":"https://piccdn.igetget.com/img/201901/10/201901102107104614246065.jpg","audio_icon_new":"https://piccdn.igetget.com/img/201901/10/201901102107104614246065.jpg","audio_banner":"","audio_summary":"è€ç‰ˆæœ¬å…¼å®¹æµ‹è¯•2","audio_title":"è€ç‰ˆæœ¬å…¼å®¹æµ‹è¯•2","short_title":"","audio_brife":"","source":"","storytell_info":{"id":6,"name":"å®æœ¨","avatar":"https://piccdn.igetget.com/img/201609/22/201609222111209613964956.png","intro":"çŸ¥åé…éŸ³æ¼”å‘˜ï¼Œæ¯•ä¸šäºä¸­å›½ä¼ åª’å¤§å­¦å—å¹¿å­¦é™¢è¯­è¨€ä¼ æ’­ç³»æ’­éŸ³ä¸»æŒä¸“ä¸šï¼Œæ›¾ä»»ä¸­å¤®äººæ°‘å¹¿æ’­ç”µå°æ–‡è‰ºä¹‹å£°ã€Šå¤©ä¸‹å¥‡è°ˆã€‹èŠ‚ç›®ä¸»æŒäººã€ã€Šé•¿ä¹¦çŸ­è¯»ã€‹ã€ã€Šé•¿ç¯‡è¿æ’­ã€‹çš„ç¼–è¾‘ä¸»æŒï¼Œç”µè§†å‰§ã€Šæ­¦åªšå¨˜ä¼ å¥‡ã€‹ææ³°ã€ã€Šç…çŠæ¦œã€‹èª‰ç‹çš„é…éŸ³ã€‚"},"status":1,"publish_time":1547049600,"is_vip_gived":false,"is_vip":false,"audio_detail":{"alias_id":"B2vBWWUyor3PdMgoymmV","extrainfo":"","class_id":0,"title":"10 ä¸­å›½å®¶åº­äº’è”ç½‘æ¶ˆè´¹æŠ¥å‘Š","share_title":"test","mp3_play_url":"http://igetoss.cdn.igetget.com/aac/201901/10/201901102108021850635162_drm.m4a","duration":227,"schedule":3822,"topic_id":3822,"summary":"","price":0,"icon":"https://piccdn.igetget.com/img/201901/10/201901102107104614246065.jpg","size":1400448,"etag":"3358314497791676541","token":"eyJ0ayI6ImI5elJ6RWUwQVZuT2Nqc0dqdThWMjlWOGkzRjNyU3llOHYrMEN1WUtZZmk2RXpLK3dJdVZVejZ0L2RRSU9uZDNEckY4czRtME91OTZSWXNPNE5ZWS9mOEUyMEhxNGtBL3c3T2g5VzBRRHNiT21sTUUzbHlBM1FvaS9Ec0pIOFpKK0hjSTEvU1pldS8vSTFXVTZyRFpObTl4eW1vZTVTY2YrQmZ4NENBU09qOD0iLCJ2IjoxfQ==","share_summary":"test","collection":0,"count":0,"bored_count":0,"audio_type":13,"drm_version":1,"source_id":3822,"source_type":13,"source_icon":"https://piccdn.igetget.com/img/201901/10/201901102107104614246065.jpg","source_name":"æ¯å¤©å¬æœ¬ä¹¦","listen_progress":0,"listen_finished":false,"dd_article_id":"1661213412232790016","audio_list_icon":"https://piccdn.igetget.com/img/201901/10/201901102107104614246065.jpg","class_course_id":"0","class_article_id":"0","log_id":"B2vBWWUyor3PdMgoymmV","log_type":"audio","log_interface":"","trackinfo":"","used_drm":0},"class":13,"log_id":3822,"log_type":"topic","log_interface":"","slogan":"è€ç‰ˆæœ¬å…¼å®¹æµ‹è¯•2","is_buy":false,"is_borrowed":false,"in_bookrack":false,"progress":0,"recommend_title":"","is_collected":false,"collection_count":0,"share_title":"è€ç‰ˆæœ¬å…¼å®¹æµ‹è¯•2","share_summary":"è€ç‰ˆæœ¬å…¼å®¹æµ‹è¯•2","topic_summary":null,"trackinfo":""},{"id":3821,"audio_id":"oTVaL7SXHjtJog14ZrRA","title":"å…¼å®¹è€ç‰ˆæœ¬æµ‹è¯•","icon":"https://piccdn.igetget.com/img/201901/10/201901101859005561978853.jpg","duration":247,"audio_price":"4.99","audio_icon":"https://piccdn.igetget.com/img/201901/10/201901101859005561978853.jpg","audio_icon_new":"https://piccdn.igetget.com/img/201901/10/201901101859005561978853.jpg","audio_banner":"","audio_summary":"å…¼å®¹è€ç‰ˆæœ¬æµ‹è¯•","audio_title":"å…¼å®¹è€ç‰ˆæœ¬æµ‹è¯•","short_title":"","audio_brife":"","source":"","storytell_info":{"id":5,"name":"å­™æ½‡","avatar":"https://piccdn.igetget.com/img/201705/23/201705231308044698725611.jpg","intro":"æ¯•ä¸šäºä¸­å›½ä¼ åª’å¤§å­¦æ’­éŸ³ä¸ä¸»æŒè‰ºæœ¯å­¦é™¢ï¼Œæ’­éŸ³ä¸»æŒè‰ºæœ¯ä¸“ä¸šï¼Œç°å°±èŒäºåŒ—äº¬äººæ°‘å¹¿æ’­ç”µå°ï¼Œäº¤é€šå¹¿æ’­ã€Šè­¦æ³•æ—¶ç©ºã€‹èŠ‚ç›®æ ç›®ä¸»æŒäººï¼Œå¾—åˆ°ä¸“æ ã€Šæç¿”å•†ä¸šå†…å‚ã€‹éŸ³é¢‘è½¬è¿°å¸ˆã€‚"},"status":1,"publish_time":1547049600,"is_vip_gived":false,"is_vip":false,"audio_detail":{"alias_id":"oTVaL7SXHjtJog14ZrRA","extrainfo":"","class_id":0,"title":"11 æ•™è‚²è¡Œä¸šçš„æœªæ¥èµ°å‘","share_title":"test","mp3_play_url":"http://igetoss.cdn.igetget.com/aac/201901/10/201901101858015513204618_drm.m4a","duration":247,"schedule":3821,"topic_id":3821,"summary":"","price":0,"icon":"https://piccdn.igetget.com/img/201901/10/201901101859005561978853.jpg","size":1526426,"etag":"16682277300139864553","token":"eyJ0ayI6IlBlTW1MWWhVcWp3TWlsbnAzS1NtODJMeWp4WnpJeks5WmI4UWY4TENRSkw2emJvWlhmSmNVLzJ6WkRnbVlZaW92WXBZaGx4K3pRcFJBSlZ6SkEwZ0ZKeU94VjNVWFJJMlp4dTVJNllLODlJYXlVcVBQMEduSzhWaldqa2llZkxYSHdTT3ViKzZZSGU0Y2ZaSkp3aDVibkEySzRzM1FUVGNzbkNmVzNMTlN1cz0iLCJ2IjoxfQ==","share_summary":"test","collection":0,"count":1,"bored_count":0,"audio_type":13,"drm_version":1,"source_id":3821,"source_type":13,"source_icon":"https://piccdn.igetget.com/img/201901/10/201901101859005561978853.jpg","source_name":"æ¯å¤©å¬æœ¬ä¹¦","listen_progress":0,"listen_finished":false,"dd_article_id":"1661205103618555906","audio_list_icon":"https://piccdn.igetget.com/img/201901/10/201901101859005561978853.jpg","class_course_id":"0","class_article_id":"0","log_id":"oTVaL7SXHjtJog14ZrRA","log_type":"audio","log_interface":"","trackinfo":"","used_drm":0},"class":13,"log_id":3821,"log_type":"topic","log_interface":"","slogan":"å…¼å®¹è€ç‰ˆæœ¬æµ‹è¯•æµ‹è¯•","is_buy":false,"is_borrowed":false,"in_bookrack":false,"progress":0,"recommend_title":"","is_collected":false,"collection_count":1,"share_title":"å…¼å®¹è€ç‰ˆæœ¬æµ‹è¯•","share_summary":"å…¼å®¹è€ç‰ˆæœ¬æµ‹è¯•","topic_summary":null,"trackinfo":""},{"id":3820,"audio_id":"8e15j5TRU0LU4dR8Kd2w","title":"test","icon":"","duration":254,"audio_price":"4.99","audio_icon":"","audio_icon_new":"","audio_banner":"","audio_summary":"test","audio_title":"test","short_title":"test","audio_brife":"","source":"","storytell_info":{"id":3,"name":"æç¬‘æ¥","avatar":"https://piccdn.igetget.com/img/201609/21/201609211901109764443061.png","intro":"å¤©ä½¿æŠ•èµ„äººï¼Œè¿ç»­åˆ›ä¸šè€…ï¼ŒåŸæ–°ä¸œæ–¹åå¸ˆ"},"status":1,"publish_time":1545321600,"is_vip_gived":false,"is_vip":false,"audio_detail":{"alias_id":"8e15j5TRU0LU4dR8Kd2w","extrainfo":"","class_id":0,"title":"7 å¹³å°åˆ›ä¸šä»æœ‰æœºä¼š","share_title":"test","mp3_play_url":"http://igetoss.cdn.igetget.com/aac/201901/07/201901071455038015322676_drm.m4a","duration":254,"schedule":3820,"topic_id":3820,"summary":"","price":0,"icon":"","size":1571572,"etag":"16113953647836932393","token":"eyJ0ayI6IkRVcElnVGRtbEpYckl2WUxXL1JuOGY4SmdxR3BCWTZDd014aGhwVno4aVhRVUludUh1YUNwN2dyNEJSTGtZOER2Uk90akV1N2ZPKy96T0JoVFNOQTJKWEZQR0Y1ZW1GcjV3RFIyTDk4Z0NNZFV3d2dQdEQrMVI1dmJrcGFZWmQ2SnFHcnYvMnJEYzZrMndEODhONjJPSDBKVi9jZXBQczRRMmYwUEVVa0NoOD0iLCJ2IjoxfQ==","share_summary":"test","collection":0,"count":0,"bored_count":0,"audio_type":13,"drm_version":1,"source_id":3820,"source_type":13,"source_icon":"","source_name":"æ¯å¤©å¬æœ¬ä¹¦","listen_progress":0,"listen_finished":false,"dd_article_id":"1659245168307470336","audio_list_icon":"","class_course_id":"0","class_article_id":"0","log_id":"8e15j5TRU0LU4dR8Kd2w","log_type":"audio","log_interface":"","trackinfo":"","used_drm":0},"class":13,"log_id":3820,"log_type":"topic","log_interface":"","slogan":"test","is_buy":false,"is_borrowed":false,"in_bookrack":false,"progress":0,"recommend_title":"test","is_collected":false,"collection_count":0,"share_title":"","share_summary":"test","topic_summary":null,"trackinfo":""},{"id":3819,"audio_id":"edThFAJ7eJXcllDspkld","title":"1","icon":"https://piccdn.igetget.com/img/201811/02/201811021728412791786781.jpg","duration":0,"audio_price":"11.00","audio_icon":"https://piccdn.igetget.com/img/201811/02/201811021728412791786781.jpg","audio_icon_new":"https://piccdn.igetget.com/img/201811/02/201811021728412791786781.jpg","audio_banner":"","audio_summary":"111111","audio_title":"1","short_title":"2","audio_brife":"4444","source":"","storytell_info":{"id":5,"name":"å­™æ½‡","avatar":"https://piccdn.igetget.com/img/201705/23/201705231308044698725611.jpg","intro":"æ¯•ä¸šäºä¸­å›½ä¼ åª’å¤§å­¦æ’­éŸ³ä¸ä¸»æŒè‰ºæœ¯å­¦é™¢ï¼Œæ’­éŸ³ä¸»æŒè‰ºæœ¯ä¸“ä¸šï¼Œç°å°±èŒäºåŒ—äº¬äººæ°‘å¹¿æ’­ç”µå°ï¼Œäº¤é€šå¹¿æ’­ã€Šè­¦æ³•æ—¶ç©ºã€‹èŠ‚ç›®æ ç›®ä¸»æŒäººï¼Œå¾—åˆ°ä¸“æ ã€Šæç¿”å•†ä¸šå†…å‚ã€‹éŸ³é¢‘è½¬è¿°å¸ˆã€‚"},"status":1,"publish_time":1542643200,"is_vip_gived":false,"is_vip":false,"audio_detail":{"alias_id":"edThFAJ7eJXcllDspkld","extrainfo":"","class_id":0,"title":"å´”å­æ ¼ - å¯å¿µä¸å¯è¯´","share_title":"11","mp3_play_url":"http://igetoss.cdn.igetget.com/aac/201811/01/201811011210221352531375_drm.m4a","duration":283,"schedule":3819,"topic_id":3819,"summary":"","price":0,"icon":"https://piccdn.igetget.com/img/201811/02/201811021728412791786781.jpg","size":1747164,"etag":"16226983917483131665","token":"eyJ0ayI6Imt1RTVDRFB5SE5GMjE3aHlpb0xFSmErZTZzdW56M1JBZFZsL2c3alAxaUhBOFVoY1g2aHd1RjR1ZTFvclIzRmNtakdSdjVjeVltSlFIUG1DNlVwSlRtaWJrREpidFo5VVRUWTBTMjc5a2Y1SUFyL21neUNkWW10M3ROSWt2cERNZ2JnN0NxVm1oamxwa3pwRTB2ZCtaOEtYSnRheEdpNXJoYWlOZGRvdzZ2dz0iLCJ2IjoxfQ==","share_summary":"22","collection":0,"count":0,"bored_count":0,"audio_type":13,"drm_version":1,"source_id":3819,"source_type":13,"source_icon":"https://piccdn.igetget.com/img/201811/02/201811021728412791786781.jpg","source_name":"æ¯å¤©å¬æœ¬ä¹¦","listen_progress":0,"listen_finished":false,"dd_article_id":"1654143914317185024","audio_list_icon":"https://piccdn.igetget.com/img/201811/02/201811021728412791786781.jpg","class_course_id":"0","class_article_id":"0","log_id":"edThFAJ7eJXcllDspkld","log_type":"audio","log_interface":"","trackinfo":"","used_drm":0},"class":13,"log_id":3819,"log_type":"topic","log_interface":"","slogan":"555","is_buy":false,"is_borrowed":false,"in_bookrack":false,"progress":0,"recommend_title":"3","is_collected":false,"collection_count":0,"share_title":"2222","share_summary":"3333","topic_summary":null,"trackinfo":""},{"id":3818,"audio_id":"M8CWlRA20xsiYCdDsIrQ","title":"1","icon":"https://piccdn.igetget.com/img/201810/22/201810221957099383786665.jpg","duration":244,"audio_price":"9.99","audio_icon":"https://piccdn.igetget.com/img/201810/22/201810221957099383786665.jpg","audio_icon_new":"https://piccdn.igetget.com/img/201810/22/201810221957099383786665.jpg","audio_banner":"","audio_summary":"æ‘˜è¦","audio_title":"1","short_title":"1","audio_brife":"ç®€ä»‹","source":"","storytell_info":{"id":4,"name":"æ°å…‹ç³–","avatar":"https://piccdn.igetget.com/img/201609/21/201609211901523698336465.jpg","intro":"ä¼ åª’å¤§å­¦æ’­éŸ³ä¸»æŒè‰ºæœ¯ä¸“ä¸šåŒå­¦ä½æ¯•ä¸šåè¿›å…¥åŒ—äº¬äººæ°‘å¹¿æ’­ç”µå°ã€‚æ›¾ä¸»æŒã€Šæ¼”è‰ºç¾¤è‹±ä¼šã€‹ã€ã€Šå¹¿æ’­å‰§åœºã€‹ç­‰èŠ‚ç›®ã€‚cctv9å¼•è¿›çºªå½•ç‰‡é…éŸ³è§£è¯´ï¼Œå¾—åˆ°Appæ¯æ—¥çŸ¥è¯†æ–°é—»ä¸»æ’­ã€‚"},"status":1,"publish_time":1540915200,"is_vip_gived":false,"is_vip":false,"audio_detail":{"alias_id":"M8CWlRA20xsiYCdDsIrQ","extrainfo":"","class_id":0,"title":"å´”å­æ ¼ - æˆ‘åªæ„¿ç›¸ä¿¡ä½ ","share_title":"11","mp3_play_url":"http://igetoss.cdn.igetget.com/aac/201811/01/201811011210253782435050_drm.m4a","duration":244,"schedule":3818,"topic_id":3818,"summary":"","price":0,"icon":"https://piccdn.igetget.com/img/201810/22/201810221957099383786665.jpg","size":1503318,"etag":"14177172822734684517","token":"eyJ0ayI6ImxkbXFHa052dWlsKzdLVzBBaU5OWDBCS1V5aEQzcDAyYmhSYWd1ZTE1d1NTaUhyWWd0S043bDRNUXowUDIwSGtibnFwQ3lVQkJlVnVUcGEzemJ0Q2twQ2lCWmhaTUJTMWpJN2xWaTlEMFp6blBkd01ZOWpRblpGa3FKcE5SK0dJTW8zWjNtc1VDOUVVUURRa2txSnZ5N1BhRWIyVUxqdTF1emZZZHVFKzJiVT0iLCJ2IjoxfQ==","share_summary":"22","collection":0,"count":0,"bored_count":0,"audio_type":13,"drm_version":1,"source_id":3818,"source_type":13,"source_icon":"https://piccdn.igetget.com/img/201810/22/201810221957099383786665.jpg","source_name":"æ¯å¤©å¬æœ¬ä¹¦","listen_progress":0,"listen_finished":false,"dd_article_id":"1653787312846274560","audio_list_icon":"https://piccdn.igetget.com/img/201810/22/201810221957099383786665.jpg","class_course_id":"0","class_article_id":"0","log_id":"M8CWlRA20xsiYCdDsIrQ","log_type":"audio","log_interface":"","trackinfo":"","used_drm":0},"class":13,"log_id":3818,"log_type":"topic","log_interface":"","slogan":"é¦–é¡µæ¨èè¯­","is_buy":false,"is_borrowed":false,"in_bookrack":false,"progress":0,"recommend_title":"1","is_collected":false,"collection_count":0,"share_title":"åˆ†äº«æ ‡é¢˜","share_summary":"åˆ†äº«æ‘˜è¦","topic_summary":null,"trackinfo":""},{"id":3815,"audio_id":"S9aYMNJAnDRpwmRaloga","title":"ä¸ºäº†æµ‹è¯•æœç´¢çš„14166","icon":"https://piccdn.igetget.com/img/201809/17/201809171742102896708520.jpg","duration":189,"audio_price":"3.33","audio_icon":"https://piccdn.igetget.com/img/201809/17/201809171742102896708520.jpg","audio_icon_new":"https://piccdn.igetget.com/img/201809/17/201809171742102896708520.jpg","audio_banner":"","audio_summary":"ä¸ºäº†æµ‹è¯•æœç´¢çš„","audio_title":"ä¸ºäº†æµ‹è¯•æœç´¢çš„14166","short_title":"ä¸ºäº†æµ‹è¯•æœç´¢çš„","audio_brife":"ä¸ºäº†æµ‹è¯•æœç´¢çš„","source":"","storytell_info":{"id":5,"name":"å­™æ½‡","avatar":"https://piccdn.igetget.com/img/201705/23/201705231308044698725611.jpg","intro":"æ¯•ä¸šäºä¸­å›½ä¼ åª’å¤§å­¦æ’­éŸ³ä¸ä¸»æŒè‰ºæœ¯å­¦é™¢ï¼Œæ’­éŸ³ä¸»æŒè‰ºæœ¯ä¸“ä¸šï¼Œç°å°±èŒäºåŒ—äº¬äººæ°‘å¹¿æ’­ç”µå°ï¼Œäº¤é€šå¹¿æ’­ã€Šè­¦æ³•æ—¶ç©ºã€‹èŠ‚ç›®æ ç›®ä¸»æŒäººï¼Œå¾—åˆ°ä¸“æ ã€Šæç¿”å•†ä¸šå†…å‚ã€‹éŸ³é¢‘è½¬è¿°å¸ˆã€‚"},"status":1,"publish_time":1537200000,"is_vip_gived":false,"is_vip":false,"audio_detail":{"alias_id":"S9aYMNJAnDRpwmRaloga","extrainfo":"","class_id":0,"title":"ä¸ºäº†æµ‹è¯•æœç´¢çš„","share_title":"é£","mp3_play_url":"http://igetoss.cdn.igetget.com/aac/201809/19/201809191711081362572506_drm.m4a","duration":189,"schedule":3815,"topic_id":3815,"summary":"","price":0,"icon":"https://piccdn.igetget.com/img/201809/17/201809171742102896708520.jpg","size":1164687,"etag":"7303767409074847444","token":"eyJ0ayI6IkRBWTA4dWRsdzZoZzZNeitzS2JUNFY1UDlsZmlmK2l4R25QQnRPdCtaODdNemM1Wmd3Y1VOV0FXM3Z2Y0JXeXBHdHZTT3hIZ05UZnZ6S1gzcEFEVzVqRTV1TitjRHBxY2h6bFBWUzhpUjZEazBSN3VZYjFGT0lUT3FYcWI5aUxWUDdvRlVyZGtyYmFvRVFvYWZaeTZSR2lENEorTWRqNlZlSGNmYU51UEs1cz0iLCJ2IjoxfQ==","share_summary":"æ ¼å°”å‘","collection":0,"count":1,"bored_count":0,"audio_type":13,"drm_version":1,"source_id":3815,"source_type":13,"source_icon":"https://piccdn.igetget.com/img/201809/17/201809171742102896708520.jpg","source_name":"æ¯å¤©å¬æœ¬ä¹¦","listen_progress":0,"listen_finished":false,"dd_article_id":"1650531540804829184","audio_list_icon":"https://piccdn.igetget.com/img/201809/17/201809171742102896708520.jpg","class_course_id":"0","class_article_id":"0","log_id":"S9aYMNJAnDRpwmRaloga","log_type":"audio","log_interface":"","trackinfo":"","used_drm":0},"class":13,"log_id":3815,"log_type":"topic","log_interface":"","slogan":"ä¸ºäº†æµ‹è¯•æœç´¢çš„","is_buy":false,"is_borrowed":false,"in_bookrack":false,"progress":0,"recommend_title":"","is_collected":false,"collection_count":1,"share_title":"","share_summary":"","topic_summary":null,"trackinfo":""},{"id":3812,"audio_id":"L7IkrvSoIOc2PpkvVRQJ","title":"ã€Šä¼¦æ•¦ä¼ ã€‹| å°ç™½å·¥ä½œå®¤è§£è¯»","icon":"https://piccdn.igetget.com/img/201804/25/201804251602254896966179.jpg","duration":1676,"audio_price":"5.01","audio_icon":"https://piccdn.igetget.com/img/201804/25/201804251602254896966179.jpg","audio_icon_new":"https://piccdn.igetget.com/img/201804/25/201804251602254896966179.jpg","audio_banner":"","audio_summary":"åŸå¸‚å¦‚äººä½“ï¼Œæœ‰è¡€è‚‰ï¼Œæœ‰ä¸ªæ€§ï¼Œæœ‰è‡ªå·±çš„ç”Ÿå‘½åŠ›å’Œæˆé•¿æ³•åˆ™ã€‚","audio_title":"ã€Šä¼¦æ•¦ä¼ ã€‹| å°ç™½å·¥ä½œå®¤è§£è¯»","short_title":"","audio_brife":"","source":"","storytell_info":{"id":25,"name":"å¾æƒŸæ°","avatar":"https://piccdn.igetget.com/img/201708/21/201708211806094203803416.jpg","intro":"æ¯•ä¸šäºä¸­å›½ä¼ åª’å¤§å­¦æ’­éŸ³ä¸»æŒè‰ºæœ¯ä¸“ä¸šï¼Œåäºä¼¦æ•¦å¤§å­¦Goldsmiths Collegeè·ç”µè§†æ–°é—»ç¡•å£«å­¦ä½ã€‚ç°ä»»èŒäºä¸Šæµ·å¹¿æ’­ç”µè§†å°æ–°é—»ç»¼åˆé¢‘é“ï¼Œæ‹…ä»»ã€Šæ–°é—»æŠ¥é“ã€‹ä¸»æ’­ã€‚â€œå¾—åˆ°â€Appä¸“æ ã€Šå¼ æ½‡é›¨Â·å•†ä¸šç»å…¸æ¡ˆä¾‹è¯¾ã€‹éŸ³é¢‘è½¬è¿°å¸ˆã€‚"},"status":1,"publish_time":1533225600,"is_vip_gived":false,"is_vip":false,"audio_detail":{"alias_id":"L7IkrvSoIOc2PpkvVRQJ","extrainfo":"","class_id":0,"title":"ã€Šä¼¦æ•¦ä¼ ã€‹| å°ç™½å·¥ä½œå®¤è§£è¯»","share_title":"ã€Šä¼¦æ•¦ä¼ ã€‹| å°ç™½å·¥ä½œå®¤è§£è¯»","mp3_play_url":"http://igetoss.cdn.igetget.com/aac/201804/25/201804251516013847758952_drm.m4a","duration":1676,"schedule":3812,"topic_id":3812,"summary":"","price":0,"icon":"https://piccdn.igetget.com/img/201804/25/201804251602254896966179.jpg","size":10369584,"etag":"14468091673742149541","token":"eyJ0ayI6ImlBRWJjdk1HN3YrM3Fsb2RnallYWjdORm5LMlVNTmUyNm0vMWcwZk55Sk9wNHVxYThJTDE1MFppSmtMcVlaeno3S2wwMWZQYjNGMDdHRUwzU0xoN3FIK1BVY0xWWGZidTRRWVJ5b3dBVmxQSTFSSlEyUHBJSmdTczdEd0pCazBiWk85N0s5QkplMk51UVVZT2VybGd5YWN2SFp2enJqRTMvaVdQSENid0hjbz0iLCJ2IjoxfQ==","share_summary":"â€œå¦‚æœä½ åŒå€¦äº†ä¼¦æ•¦ï¼Œä½ å°±åŒå€¦äº†äººç”Ÿã€‚â€","collection":0,"count":6,"bored_count":0,"audio_type":13,"drm_version":1,"source_id":3812,"source_type":13,"source_icon":"https://piccdn.igetget.com/img/201804/25/201804251602254896966179.jpg","source_name":"æ¯å¤©å¬æœ¬ä¹¦","listen_progress":0,"listen_finished":false,"dd_article_id":"1641526416019292161","audio_list_icon":"https://piccdn.igetget.com/img/201804/25/201804251602254896966179.jpg","class_course_id":"0","class_article_id":"0","log_id":"L7IkrvSoIOc2PpkvVRQJ","log_type":"audio","log_interface":"","trackinfo":"","used_drm":0},"class":13,"log_id":3812,"log_type":"topic","log_interface":"","slogan":"â€œå¦‚æœä½ åŒå€¦äº†ä¼¦æ•¦ï¼Œä½ å°±åŒå€¦äº†äººç”Ÿã€‚â€","is_buy":false,"is_borrowed":false,"in_bookrack":false,"progress":0,"recommend_title":"","is_collected":false,"collection_count":6,"share_title":"","share_summary":"","topic_summary":null,"trackinfo":""},{"id":3809,"audio_id":"vAkdmo4jroFNvu263tkH","title":"ã€Šå¤§å›½çš„å´©æºƒã€‹| è‹—åšç‰¹è§£è¯»","icon":"https://piccdn.igetget.com/img/201804/25/201804251248290998317306.jpg","duration":1536,"audio_price":"5.01","audio_icon":"https://piccdn.igetget.com/img/201804/25/201804251248290998317306.jpg","audio_icon_new":"https://piccdn.igetget.com/img/201804/25/201804251248290998317306.jpg","audio_banner":"","audio_summary":"å½“æ—¶çš„ç¾å›½å¹¶ä¸å¸Œæœ›è‹è”è§£ä½“ï¼Œæ˜¯æ°‘æ—å†²çªå’Œé«˜å±‚æƒåŠ›æ–—äº‰å¯¼è‡´äº†è‹è”çš„è¿…é€Ÿå´©æºƒã€‚","audio_title":"ã€Šå¤§å›½çš„å´©æºƒã€‹| è‹—åšç‰¹è§£è¯»","short_title":"","audio_brife":"è‹è”è§£ä½“æ˜¯20ä¸–çºªæœ€é‡å¤§çš„å†å²äº‹ä»¶ä¹‹ä¸€ã€‚ä¸€ä¸ªä¸ç¾å›½æŠ—è¡¡å››åå¤šå¹´çš„å¸å›½ï¼Œåœ¨å‡ ä¸ªæœˆçš„æ—¶é—´å†…å‡ºäººæ„æ–™åœ°è¿…é€Ÿè§£ä½“ï¼Œè¿™èƒŒåçš„çœŸæ­£åŸå› æ˜¯ä»€ä¹ˆï¼Ÿæ˜¯ç¾å›½çš„å¹²æ¶‰ï¼Œè¿˜æ˜¯å†…éƒ¨çš„æ–—äº‰ï¼Ÿ\r\n\r\nä¸€èˆ¬è®¤ä¸ºï¼Œè‹è”è§£ä½“æ ‡å¿—ç€å†·æˆ˜çš„ç»“æŸï¼Œä»¥åŠç¾å›½åœ¨å†·æˆ˜ä¸­çš„æœ€åèƒœå‡ºã€‚è¿™æ ·ä¸€ç§è§‚ç‚¹æœ€åˆå‡ºè‡ªç¾å›½æ€»ç»Ÿè€å¸ƒä»€çš„è§£è¯»ã€‚ä½œä¸ºæƒå¨äººç‰©ï¼Œä»–çš„è¯´æ³•å¹¿ä¸ºæµä¼ ï¼Œå¹¶è¢«å…¬ä¼—æ™®éæ¥å—ã€‚è¿™æ ·ä¸€ç§ç¾å›½æ˜¯èµ¢å®¶çš„è§‚ç‚¹ï¼Œæ·±æ·±å½±å“äº†ç¾å›½çš„å¤–äº¤æ”¿ç­–ï¼Œä¸ºç¾å›½å¹²æ¶‰å›½é™…äº‹åŠ¡æä¾›äº†æ€æƒ³åŸºç¡€ã€‚ä½†æ˜¯ï¼Œæœ¬ä¹¦ä½œè€…å´æŒ‡å‡ºï¼Œè¿™ä¸ªè§‚ç‚¹å…¶å®å¹¶ä¸ç¬¦åˆå†å²äº‹å®ï¼Œè‹è”è§£ä½“æœ‰ç€æ›´é‡è¦çš„å†…åœ¨åŸå› ã€‚\r\n\r\næœ¬æœŸéŸ³é¢‘ä»‹ç»äº†æ²™å¸Œåˆ©Â·æµ¦æ´›åŸºçš„ç ”ç©¶æˆæœã€‚æµ¦æ´›åŸºæ˜¯å“ˆä½›å¤§å­¦å†å²ç³»çš„æ•™æˆï¼Œæ˜¯ä¸œæ¬§ã€å†·æˆ˜ç ”ç©¶é¢†åŸŸçš„çŸ¥åä¸“å®¶ã€‚ä»–ä¼šè‹±è¯­ã€ä¿„è¯­ã€ä¹Œå…‹å…°è¯­ã€ç™½ä¿„ç½—æ–¯è¯­ç­‰å¤šç§è¯­è¨€ï¼Œèƒ½å¤Ÿé˜…è¯»åŸå§‹æ¡£æ¡ˆï¼Œè®¿è°ˆäº²å†å†å²çš„æ”¿ç•Œé«˜å®˜ã€‚åœ¨è¿™æœ¬ä¹¦ä¸­ï¼Œä»–ä½¿ç”¨å¤§é‡æ‰å®çš„ä¸€æ‰‹èµ„æ–™ï¼Œä¸ºä½ æ­å¼€è‹è”è¿…é€Ÿè§£ä½“ä¹‹è°œã€‚\r\n\r\nä½ å°†å¬åˆ°ï¼š\r\n1.ä¸ºä»€ä¹ˆè¯´å†·æˆ˜ç»“æŸå’Œè‹è”è§£ä½“ä¸æ˜¯ä¸€å›äº‹ï¼Ÿ\r\n2.ä¸ºä»€ä¹ˆè¯´ç¾å›½ç«Ÿç„¶ä¸å¸Œæœ›è‹è”è§£ä½“ï¼Ÿ\r\n3.ä¸ºä»€ä¹ˆæˆˆå°”å·´ä¹”å¤«çš„æ”¿æ²»æ”¹é©æ¿€åŒ–äº†è‹è”åŠ ç›Ÿå…±å’Œå›½çš„ç‹¬ç«‹å€¾å‘ï¼Ÿ\r\n4.ä¸ºä»€ä¹ˆè¯´ä¹Œå…‹å…°å’Œä¿„ç½—æ–¯çš„çŸ›ç›¾æœ€ç»ˆå¯¼è‡´äº†è‹è”çš„è§£ä½“ï¼Ÿ\r\n5.ä¸ºä»€ä¹ˆè¯´è‹è”è§£ä½“ç»™ç¾å›½å¸¦æ¥äº†æ„æƒ³ä¸åˆ°çš„ç¾éš¾æ€§åæœï¼Ÿ\r\n\r\næ¨èé˜…è¯»\r\nä¹¦åï¼šã€Šå¤§å›½çš„å´©æºƒã€‹\r\nåŸä½œåï¼šThe Last Empire: The Final Days of the Soviet Union\r\nä½œè€…ï¼š[ç¾] æ²™å¸Œåˆ©Â·æµ¦æ´›åŸº\r\nå‡ºç‰ˆç¤¾ï¼šå››å·äººæ°‘å‡ºç‰ˆç¤¾ã€å¤©åœ°å‡ºç‰ˆç¤¾\r\nè¯‘è€…ï¼šå®‹è™¹","source":"","storytell_info":{"id":10,"name":"äºæµ©","avatar":"https://piccdn.igetget.com/img/201610/19/201610191451137712103569.jpg","intro":"ä¸­å›½ä¼ åª’å¤§å­¦æ’­éŸ³ä¸»æŒè‰ºæœ¯å­¦é™¢æ¯•ä¸šåï¼Œè¿›å…¥åŒ—äº¬äººæ°‘å¹¿æ’­ç”µå°ã€‚æ›¾ä¸»æŒã€Šæ–°é—»2012ã€‹ã€Šæ•´ç‚¹å¿«æŠ¥ã€‹ï¼Œç°ä¸ºã€Šçœ‹ä¸–ç•Œã€‹ä¸»æ’­ã€‚ã€Šé²è±«æœ‰çº¦ã€‹é…éŸ³ï¼Œâ€œå¾—åˆ°â€AppçŸ¥è¯†æ–°é—»ä¸»æ’­ã€ã€Šä½•å¸†å¤§å±€è§‚ã€‹éŸ³é¢‘è½¬è¿°å¸ˆã€‚"},"month":201805,"month_id":21,"status":1,"publish_time":1525190400,"is_vip_gived":false,"is_vip":false,"audio_detail":{"alias_id":"vAkdmo4jroFNvu263tkH","extrainfo":"","class_id":0,"title":"ã€Šå¤§å›½çš„å´©æºƒã€‹| è‹—åšç‰¹è§£è¯»","share_title":"ã€Šå¤§å›½çš„å´©æºƒã€‹| è‹—åšç‰¹è§£è¯»","mp3_play_url":"http://igetoss.cdn.igetget.com/aac/201804/25/201804251154013950695900_drm.m4a","duration":1536,"schedule":3809,"topic_id":3809,"summary":"","price":0,"icon":"https://piccdn.igetget.com/img/201804/25/201804251248290998317306.jpg","size":9500083,"etag":"489944754490581247","token":"eyJ0ayI6Ik1sazFsTUhsU0M1a2FNRzRnRFAxMEsvSytJVG9KNkowOUhKWXhIS2xnbGdSdDNxNWxwQ2d1YzExUERFeDFVWm94OFJmcVByRVE1UzB3VUljZUQ0dE9iK2ZBTDlTTDFUSmdNOWk4cHg5Snd2UEl1SXZPb1Zta1lOaFRJNStzcGpuaUFHM1hZOTFVYTVhNkh6eXl3TmsrNFlwcm1qOVdtVUIrdWFQUjJXUlRUST0iLCJ2IjoxfQ==","share_summary":"å“ˆä½›æ•™æˆæ ¹æ®å¤§é‡ä¸€æ‰‹èµ„æ–™ï¼Œæ­å¼€è‹è”è§£ä½“çš„çœŸæ­£åŸå› ã€‚","collection":0,"count":5,"bored_count":0,"audio_type":13,"drm_version":1,"source_id":3809,"source_type":13,"source_icon":"https://piccdn.igetget.com/img/201804/25/201804251248290998317306.jpg","source_name":"æ¯å¤©å¬æœ¬ä¹¦","listen_progress":0,"listen_finished":false,"dd_article_id":"1641526416019292160","audio_list_icon":"https://piccdn.igetget.com/img/201804/25/201804251248290998317306.jpg","class_course_id":"0","class_article_id":"0","log_id":"vAkdmo4jroFNvu263tkH","log_type":"audio","log_interface":"","trackinfo":"","used_drm":0},"class":13,"log_id":3809,"log_type":"topic","log_interface":"","slogan":"å“ˆä½›æ•™æˆæ ¹æ®å¤§é‡ä¸€æ‰‹èµ„æ–™ï¼Œæ­å¼€è‹è”è§£ä½“çš„çœŸæ­£åŸå› ã€‚","is_buy":false,"is_borrowed":false,"in_bookrack":false,"progress":0,"recommend_title":"æ¨èæ ‡é¢˜--æ¨èæ ‡é¢˜--æ¨èæ ‡é¢˜--ã€Šå¤§å›½çš„å´©æºƒã€‹| è‹—åšç‰¹è§£è¯»","is_collected":false,"collection_count":5,"share_title":"","share_summary":"","topic_summary":null,"trackinfo":""},{"id":3805,"audio_id":"kjhtWe2y3eswST9aUgpJ","title":"ã€Šæˆ˜èƒœåå°”è¡—ã€‹| é‡‘ç’è§£è¯»","icon":"https://piccdn.igetget.com/img/201804/23/201804231616279704678304.jpg","duration":1866,"audio_price":"0.01","audio_icon":"https://piccdn.igetget.com/img/201804/23/201804231616279704678304.jpg","audio_icon_new":"https://piccdn.igetget.com/img/201804/23/201804231616279704678304.jpg","audio_banner":"","audio_summary":"æƒ³è¦å¤šèµšé’±å°±æœ€å¥½æŠ•èµ„è‚¡ç¥¨ï¼Œè€Œä¸”è¦åšæŒè‡ªå·±ç‹¬ç«‹é€‰è‚¡ã€‚","audio_title":"ã€Šæˆ˜èƒœåå°”è¡—ã€‹| é‡‘ç’è§£è¯»","short_title":"","audio_brife":"è·Ÿå·´è²ç‰¹ä¸€æ ·ï¼Œæœ¬ä¹¦ä½œè€…å½¼å¾—Â·æ—å¥‡ä¹Ÿå ªç§°è‚¡ç¥ã€‚\r\n\r\næ—å¥‡ä»15å²å¼€å§‹ç‚’è‚¡èµšå­¦è´¹ã€‚åœ¨æ‹…ä»»ç¾å›½å¯Œè¾¾å…¬å¸éº¦å“²ä¼¦åŸºé‡‘ç»ç†çš„13å¹´é‡Œï¼Œå…±æŠ•èµ„äº†15000å¤šæ”¯è‚¡ç¥¨ï¼Œèµ„é‡‘è§„æ¨¡ä»æœ€å¼€å§‹çš„0.18äº¿ç¾å…ƒï¼Œæ¶¨åˆ°æœ€åçš„140äº¿ç¾å…ƒï¼Œåˆ›é€ äº†åå°”è¡—çš„å¥‡è¿¹ã€‚è¿™13å¹´é‡Œï¼Œä»–æ¯å¹´éƒ½å®ç°äº†ç›ˆåˆ©ï¼Œè€Œä¸”æ¯å¹´çš„æŠ•èµ„ä¸šç»©éƒ½è·‘èµ¢äº†å¤§ç›˜ã€‚\r\n\r\nå‡­å€Ÿè¿™æ ·çš„æŠ•èµ„ä¸šç»©ï¼Œæ—å¥‡è·å¾—äº†ç¾å›½ã€Šæ—¶ä»£ã€‹æ‚å¿— â€œå…¨çƒæœ€ä½³åŸºé‡‘ç»ç†â€å’Œç¾å›½åŸºé‡‘è¯„çº§å…¬å¸â€œå†å²ä¸Šæœ€ä¼ å¥‡çš„åŸºé‡‘ç»ç†â€ç­‰è£èª‰ï¼Œå ªç§°ç¾å›½è¯åˆ¸ç•Œçš„å·¨æ˜Ÿã€‚\r\n\r\nåœ¨ã€Šæˆ˜èƒœåå°”è¡—ã€‹ä¸­ï¼Œæ—å¥‡è®°å½•äº†è‡ªå·±çš„æŠ•èµ„ç»å†å’Œå–å¾—çš„ä¸šç»©ï¼Œæ€»ç»“äº†è‚¡ç¥¨æŠ•èµ„çš„25æ¡é»„é‡‘æ³•åˆ™ã€‚æœ¬æœŸéŸ³é¢‘æŠŠè¿™äº›æ³•åˆ™èä¼šè´¯é€šï¼Œå»æ‰ä¸€äº›å·²ç»ä¸é€‚ç”¨äºå½“ä»Šè‚¡å¸‚çš„è§„åˆ™ï¼Œå½’çº³æˆä¸‰ä¸ªè§‚ç‚¹ï¼Œå¸®ä½ æ›´æ¸…æ™°åœ°ç†è§£æ—å¥‡çš„æŠ•èµ„æ€æƒ³ã€‚\r\n\r\nä½ å°†å¬åˆ°ï¼š\r\n1.ä¸šä½™æŠ•èµ„è€…æ€æ ·æ‰èƒ½æˆ˜èƒœåå°”è¡—é‚£äº›ä¸“ä¸šåŸºé‡‘ç»ç†ï¼Ÿ\r\n2.é€‰è‚¡çš„çªé—¨æ˜¯ä»€ä¹ˆï¼Ÿ\r\n3.ä»€ä¹ˆæ˜¯â€œ5åªè‚¡ç¥¨åŸåˆ™â€ï¼Ÿ\r\n4.è¯¥å¦‚ä½•è¿›è¡Œç§‘å­¦é€‰è‚¡ï¼Ÿ\r\n5.ä¸ºä»€ä¹ˆè¯´ç†Šå¸‚åå€’æ˜¯å…¥åœºçš„å¥½æœºä¼šï¼Ÿ\r\n\r\næ¨èé˜…è¯»\r\nä¹¦åï¼šã€Šæˆ˜èƒœåå°”è¡—ã€‹\r\nåŸä½œåï¼šBeating the Street\r\nä½œè€…ï¼š[ç¾]å½¼å¾—Â·æ—å¥‡ã€çº¦ç¿°Â·ç½—ç‘ŸæŸ¥å°”å¾·\r\nå‡ºç‰ˆç¤¾ï¼šæœºæ¢°å·¥ä¸šå‡ºç‰ˆç¤¾\r\nè¯‘è€…ï¼šåˆ˜å»ºä½ã€å¾æ™“æ°ã€æå›½å¹³ç­‰","source":"","storytell_info":{"id":28,"name":"é¡¾ä¸€è²","avatar":"https://piccdn.igetget.com/img/201709/28/201709280002104367633518.jpg","intro":"è‘—åä¸»æŒäºº"},"month":201805,"month_id":21,"status":1,"publish_time":1525104000,"is_vip_gived":false,"is_vip":false,"audio_detail":{"alias_id":"kjhtWe2y3eswST9aUgpJ","extrainfo":"","class_id":0,"title":"ã€Šæˆ˜èƒœåå°”è¡—ã€‹| é‡‘ç’è§£è¯»","share_title":"ã€Šæˆ˜èƒœåå°”è¡—ã€‹| é‡‘ç’è§£è¯»","mp3_play_url":"http://igetoss.cdn.igetget.com/aac/201804/23/201804231513018284705526_drm.m4a","duration":1866,"schedule":3805,"topic_id":3805,"summary":"","price":0,"icon":"https://piccdn.igetget.com/img/201804/23/201804231616279704678304.jpg","size":11534228,"etag":"12548967603658575845","token":"eyJ0ayI6IlJPVE56dE5lcTVoaUJhSnBrd0Z3amJZZldKSVd4ZEs0UVcvb1pOTWxZRGl2UkdEZ3duTmNkQjJLTWZSWExwS0dSMFVGWDN5dUdVK1BCb2lsNVdtVGQ2aXRFYzBFOWd4cFpVVkFLeVc0Skx1bDM1ZkFOZHliQk4wb1RRaEVGT0h6MHBHaFExYjdRbFdpN3gxMDhKVjBRay9neExXcFYxN0wrTEc4MjNjcUo4cz0iLCJ2IjoxfQ==","share_summary":"å·´è²ç‰¹æ¬£èµçš„ä¼ å¥‡æŠ•èµ„äººï¼Œå‘Šè¯‰ä½ æ€ä¹ˆæŠ•èµ„æ‰èƒ½å¤šèµšé’±ã€‚","collection":0,"count":3,"bored_count":0,"audio_type":13,"drm_version":1,"source_id":3805,"source_type":13,"source_icon":"https://piccdn.igetget.com/img/201804/23/201804231616279704678304.jpg","source_name":"æ¯å¤©å¬æœ¬ä¹¦","listen_progress":0,"listen_finished":false,"dd_article_id":"1641526413871808512","audio_list_icon":"https://piccdn.igetget.com/img/201804/23/201804231616279704678304.jpg","class_course_id":"0","class_article_id":"0","log_id":"kjhtWe2y3eswST9aUgpJ","log_type":"audio","log_interface":"","trackinfo":"","used_drm":0},"class":13,"log_id":3805,"log_type":"topic","log_interface":"","slogan":"å·´è²ç‰¹æ¬£èµçš„ä¼ å¥‡æŠ•èµ„äººï¼Œå‘Šè¯‰ä½ æ€ä¹ˆæŠ•èµ„æ‰èƒ½å¤šèµšé’±ã€‚","is_buy":false,"is_borrowed":false,"in_bookrack":false,"progress":0,"recommend_title":"ã€Šæˆ˜èƒœåå°”è¡—ã€‹| é‡‘ç’è§£è¯»--è¿™æ˜¯æˆ‘ä¸ºä½ æ¨èçš„æ ‡é¢˜ æ»¡æ„ä¹ˆï¼Ÿ","is_collected":false,"collection_count":3,"share_title":"","share_summary":"","topic_summary":null,"trackinfo":""},{"id":3813,"audio_id":"DxYBNtOs2wHHiOgba3x7","title":"ã€Šå¥½åƒã€‹| èµµè¶…è§£è¯»","icon":"https://piccdn.igetget.com/img/201804/25/201804251648252866563413.jpg","duration":1648,"audio_price":"0.01","audio_icon":"https://piccdn.igetget.com/img/201804/25/201804251648252866563413.jpg","audio_icon_new":"https://piccdn.igetget.com/img/201804/25/201804251648252866563413.jpg","audio_banner":"","audio_summary":"åœ¨å¥½ä¸å¥½åƒè¿™ä¸ªé—®é¢˜ä¸Šï¼Œä»æ¥éƒ½æ˜¯è‚ èƒƒå†³å®šå¿ƒçµï¼Œè€Œä¸æ˜¯å¿ƒçµå†³å®šè‚ èƒƒã€‚","audio_title":"ã€Šå¥½åƒã€‹| èµµè¶…è§£è¯»","short_title":"","audio_brife":"","source":"","storytell_info":{"id":24,"name":"æˆäºš","avatar":"https://piccdn.igetget.com/img/201705/27/201705271650260221922439.jpg","intro":"æ¯•ä¸šäºä¸­å›½ä¼ åª’å¤§å­¦æ’­éŸ³ä¸»æŒè‰ºæœ¯ä¸“ä¸šã€‚ç°å°±èŒäºä¸­å¤®äººæ°‘å¹¿æ’­ç”µå°ä¸­å›½ä¹‹å£°ï¼Œä¸»æŒèŠ‚ç›®ã€Šæ–°é—»çºµæ¨ªã€‹ã€ã€Šæ–°é—»å’ŒæŠ¥çº¸æ‘˜è¦ã€‹ã€‚æ¼”æ’­å°è¯´ã€Šæ¬¢ä¹é¢‚ã€‹ã€ã€Šåå®«ç”„å¬›ä¼ ã€‹ç­‰ã€‚å¾—åˆ° App çŸ¥è¯†æ–°é—»ä¸»æ’­ã€‚"},"month":201804,"month_id":20,"status":1,"publish_time":1524931200,"is_vip_gived":false,"is_vip":false,"audio_detail":{"alias_id":"DxYBNtOs2wHHiOgba3x7","extrainfo":"","class_id":0,"title":"ã€Šå¥½åƒï¼šé£Ÿç‰©ä¸æ–‡åŒ–ä¹‹è°œã€‹| èµµè¶…è§£è¯»","share_title":"ã€Šå¥½åƒï¼šé£Ÿç‰©ä¸æ–‡åŒ–ä¹‹è°œã€‹| èµµè¶…è§£è¯»","mp3_play_url":"http://igetoss.cdn.igetget.com/aac/201804/25/201804251637011348978798_drm.m4a","duration":1648,"schedule":3813,"topic_id":3813,"summary":"","price":0,"icon":"https://piccdn.igetget.com/img/201804/25/201804251648252866563413.jpg","size":10195904,"etag":"10962574940166950344","token":"eyJ0ayI6ImRjQlJCTFNqWHExaXJQVmNkckVaOU9SdElMVEJlcGF3dzFFT3hvVFpLZzhqU3lpVW5UdHEvTGRqYUR6U3pjSFExSkNRblEzYnBtY000SmZXYkRsMjB3WEw3eTB3NXorMWhZN3pOZVFGYjJIMTZOSG1BZ0cyck50RjRvVTNmbjh5RFpCbUxkblRBcnMzdWtBbFZDSVhSVFdLVVNLRWNybFBxOFRidFRQWmc3az0iLCJ2IjoxfQ==","share_summary":"äººç±»å­¦å®¶ä¸ºä½ è§£ç­”äººç±»é¥®é£Ÿçš„å¥¥ç§˜ï¼Œåˆ°åº•ä»€ä¹ˆå½±å“äº†æˆ‘ä»¬çš„é¥®é£Ÿåå¥½ã€‚","collection":0,"count":0,"bored_count":0,"audio_type":13,"drm_version":1,"source_id":3813,"source_type":13,"source_icon":"https://piccdn.igetget.com/img/201804/25/201804251648252866563413.jpg","source_name":"æ¯å¤©å¬æœ¬ä¹¦","listen_progress":0,"listen_finished":false,"dd_article_id":"1641612832908771341","audio_list_icon":"https://piccdn.igetget.com/img/201804/25/201804251648252866563413.jpg","class_course_id":"0","class_article_id":"0","log_id":"DxYBNtOs2wHHiOgba3x7","log_type":"audio","log_interface":"","trackinfo":"","used_drm":0},"class":13,"log_id":3813,"log_type":"topic","log_interface":"","slogan":"äººç±»å­¦å®¶ä¸ºä½ è§£ç­”äººç±»é¥®é£Ÿçš„å¥¥ç§˜ï¼Œåˆ°åº•ä»€ä¹ˆå½±å“äº†æˆ‘ä»¬çš„é¥®é£Ÿåå¥½ã€‚","is_buy":false,"is_borrowed":false,"in_bookrack":false,"progress":0,"recommend_title":"ã€Šå¥½åƒã€‹| èµµè¶…è§£è¯» æ¨èçš„æ ‡é¢˜å‘¢","is_collected":false,"collection_count":0,"share_title":"åœ¨å¥½ä¸å¥½åƒè¿™ä¸ªé—®é¢˜ä¸Šï¼Œä»æ¥éƒ½æ˜¯è‚ èƒƒå†³å®šå¿ƒçµï¼Œè€Œä¸æ˜¯å¿ƒçµå†³å®šè‚ èƒƒã€‚","share_summary":"åœ¨å¥½ä¸å¥½åƒè¿™ä¸ªé—®é¢˜ä¸Šï¼Œä»æ¥éƒ½æ˜¯è‚ èƒƒå†³å®šå¿ƒçµï¼Œè€Œä¸æ˜¯å¿ƒçµå†³å®šè‚ èƒƒã€‚","topic_summary":null,"trackinfo":""},{"id":3811,"audio_id":"T3ZOxi23QWZANUA0t90P","title":"ã€Šè®©å­©å­è¿œç¦»ç„¦è™‘ã€‹| é™ˆæ•è¯šè§£è¯»","icon":"https://piccdn.igetget.com/img/201804/25/201804251518314358631652.jpg","duration":1497,"audio_price":"5.01","audio_icon":"https://piccdn.igetget.com/img/201804/25/201804251518314358631652.jpg","audio_icon_new":"https://piccdn.igetget.com/img/201804/25/201804251518314358631652.jpg","audio_banner":"","audio_summary":"å½“å­©å­è®¤ä¸ºâ€œç„¦è™‘â€ä¸æ˜¯ä»–ä»¬çš„é”™ä»¥åï¼Œå°±ä¼šå‡å°‘ç„¦è™‘ã€‚","audio_title":"ã€Šè®©å­©å­è¿œç¦»ç„¦è™‘ã€‹| é™ˆæ•è¯šè§£è¯»","short_title":"","audio_brife":"å¾ˆå¤šå®¶é•¿ä¼šè®¤ä¸ºå„¿ç«¥ç„¦è™‘æ˜¯ä¸€ä»¶éå¸¸æ— æ‰€è°“çš„äº‹æƒ…ï¼Œç”šè‡³å¾ˆå¤šçˆ¶æ¯è§‰å¾—ï¼Œå­©å­å°æ—¶å€™æ¯”è¾ƒå®³ç¾ã€æ¯”è¾ƒèƒ†å°ä¸æ˜¯ä»€ä¹ˆå¤§é—®é¢˜ï¼Œç­‰å­©å­é•¿å¤§äº†ä¹Ÿå°±å¥½äº†ã€‚ä½†å…¶å®ï¼Œä¸å°‘ç ”ç©¶éƒ½è¡¨æ˜ï¼Œå¤§æ¦‚ä¼šæœ‰12%åˆ°20%çš„å„¿ç«¥æ‚£æœ‰ç„¦è™‘ç—‡ã€‚æ›´è®©æˆ‘ä»¬æ„Ÿåˆ°æ‹…å¿ƒçš„æ˜¯ï¼Œè¿™äº›å­©å­åœ¨ä»–ä»¬é•¿å¤§ä»¥åï¼Œä¹Ÿå¯èƒ½ä¼šæœ‰å¾ˆä¸¥é‡çš„ä¸å®‰å…¨æ„Ÿï¼Œè¿™å°±æ˜¯å°æ—¶å€™çš„ç„¦è™‘å¯¼è‡´çš„ã€‚\r\n\r\næœ¬æœŸéŸ³é¢‘è§£è¯»çš„è¿™æœ¬ä¹¦ï¼Œä½œè€…æ˜¯å¡”ç›Â·ç¼æ–¯åŸºï¼Œå¥¹æ˜¯ç¾å›½éå¸¸è‘—åçš„æƒ…ç»ªç ”ç©¶ä¸“å®¶å’Œä¸´åºŠå¿ƒç†å­¦å¤§å¸ˆã€‚æœ¬æœŸå†…å®¹å°±ä¸ºå®¶é•¿ä»¬ä»‹ç»äº†å®Œæ•´çš„è§£å†³å­©å­ç„¦è™‘é—®é¢˜çš„æµç¨‹ï¼Œæ›´é‡è¦çš„æ˜¯ï¼Œå­©å­åœ¨æˆ˜èƒœç„¦è™‘çš„è¿‡ç¨‹é‡Œï¼Œä¹Ÿä¼šé€æ­¥æŒæ¡æŠµæŠ—ç„¦è™‘çš„æ–¹æ³•ã€‚ä½œè€…è®¤ä¸ºï¼Œè¿™äº›æ–¹æ³•å°±åƒæ˜¯å­¦ä¹ é˜…è¯»æˆ–è€…æ•°å­¦ä¸€æ ·ï¼Œå¯¹å­©å­æ¥è¯´æ˜¯å®Œå…¨å¯ä»¥æŒæ¡çš„ã€‚\r\n\r\nä½ å°†å¬åˆ°ï¼š\r\n1.å­©å­çš„ç„¦è™‘æ˜¯æ€ä¹ˆæ¥çš„ï¼Ÿ\r\n2.ç„¦è™‘æ˜¯æ€ä¹ˆæ‰­æ›²å­©å­çœ‹åˆ°çš„äº‹å®çš„ï¼Ÿ\r\n3.å¦‚ä½•å¢å¼ºå­©å­å¯¹ç„¦è™‘çš„æŠµæŠ—åŠ›ï¼Ÿ\r\n4.å­©å­ç¡è§‰ä¹‹å‰è¦æ³¨æ„äº›ä»€ä¹ˆï¼Ÿ\r\n5.å­©å­ä¸çˆ±ä¸Šå­¦æ€ä¹ˆåŠï¼Ÿ\r\n\r\næ¨èé˜…è¯»\r\nä¹¦åï¼šã€Šè®©å­©å­è¿œç¦»ç„¦è™‘ã€‹\r\nåŸä½œåï¼šFreeing Your Child from Anxiety: Powerful, Practical Solutions to Overcome Your Child's Fears, Worries, and Phobias \r\nä½œè€…ï¼š[ç¾]å¡”ç›Â·ç¼æ–¯åŸº\r\nå‡ºç‰ˆç¤¾ï¼šæµ™æ±Ÿäººæ°‘å‡ºç‰ˆç¤¾\r\nè¯‘è€…ï¼šå´å®›è’™","source":"","storytell_info":{"id":24,"name":"æˆäºš","avatar":"https://piccdn.igetget.com/img/201705/27/201705271650260221922439.jpg","intro":"æ¯•ä¸šäºä¸­å›½ä¼ åª’å¤§å­¦æ’­éŸ³ä¸»æŒè‰ºæœ¯ä¸“ä¸šã€‚ç°å°±èŒäºä¸­å¤®äººæ°‘å¹¿æ’­ç”µå°ä¸­å›½ä¹‹å£°ï¼Œä¸»æŒèŠ‚ç›®ã€Šæ–°é—»çºµæ¨ªã€‹ã€ã€Šæ–°é—»å’ŒæŠ¥çº¸æ‘˜è¦ã€‹ã€‚æ¼”æ’­å°è¯´ã€Šæ¬¢ä¹é¢‚ã€‹ã€ã€Šåå®«ç”„å¬›ä¼ ã€‹ç­‰ã€‚å¾—åˆ° App çŸ¥è¯†æ–°é—»ä¸»æ’­ã€‚"},"month":201804,"month_id":20,"status":1,"publish_time":1524844800,"is_vip_gived":false,"is_vip":false,"audio_detail":{"alias_id":"T3ZOxi23QWZANUA0t90P","extrainfo":"","class_id":0,"title":"ã€Šè®©å­©å­è¿œç¦»ç„¦è™‘ã€‹| é™ˆæ•è¯šè§£è¯»","share_title":"ã€Šè®©å­©å­è¿œç¦»ç„¦è™‘ã€‹| é™ˆæ•è¯šè§£è¯»","mp3_play_url":"http://igetoss.cdn.igetget.com/aac/201804/25/201804251519017595573497_drm.m4a","duration":1497,"schedule":3811,"topic_id":3811,"summary":"","price":0,"icon":"https://piccdn.igetget.com/img/201804/25/201804251518314358631652.jpg","size":9258028,"etag":"8275110958015330585","token":"eyJ0ayI6IkdwYzR6SWtSNnNMQ1lMdXkzZ0xOanJSNjhkUDFidDNaZXJCdkpVNWxMRnVWUXF6YWR5M1ZBQVZXM0dnQkhtWnNjSW16dUV5dmhJTkk4aGR6cVBoNWN5QUQrWWozdUY4d3huR2hFMzRXcU50RWZRZnBEaEJIN1pTcGc1T29mUUEydzE2TFpDcmZzanNjTWNIT2tKSXVMOTFnRlBVWDJTRnNTY0tkbXBYbXBMcz0iLCJ2IjoxfQ==","share_summary":"æƒ…ç»ªç ”ç©¶ä¸“å®¶å‘Šè¯‰ä½ ï¼Œå¦‚ä½•ç§‘å­¦åœ°å¸®åŠ©å­©å­æ‘†è„±ç„¦è™‘å’Œä¸å®‰ã€‚","collection":0,"count":0,"bored_count":0,"audio_type":13,"drm_version":1,"source_id":3811,"source_type":13,"source_icon":"https://piccdn.igetget.com/img/201804/25/201804251518314358631652.jpg","source_name":"æ¯å¤©å¬æœ¬ä¹¦","listen_progress":0,"listen_finished":false,"dd_article_id":"1641526416019292162","audio_list_icon":"https://piccdn.igetget.com/img/201804/25/201804251518314358631652.jpg","class_course_id":"0","class_article_id":"0","log_id":"T3ZOxi23QWZANUA0t90P","log_type":"audio","log_interface":"","trackinfo":"","used_drm":0},"class":13,"log_id":3811,"log_type":"topic","log_interface":"","slogan":"æƒ…ç»ªç ”ç©¶ä¸“å®¶å‘Šè¯‰ä½ ï¼Œå¦‚ä½•ç§‘å­¦åœ°å¸®åŠ©å­©å­æ‘†è„±ç„¦è™‘å’Œä¸å®‰ã€‚","is_buy":false,"is_borrowed":false,"in_bookrack":false,"progress":0,"recommend_title":"","is_collected":false,"collection_count":0,"share_title":"","share_summary":"","topic_summary":null,"trackinfo":""},{"id":3803,"audio_id":"eoFsGWWq0GTs489ds8Ou","title":"ã€Šå¯»æ‰¾å¦‚ç”»ç¾ã€‹| äº‘ä¹Ÿé€€è§£è¯»","icon":"https://piccdn.igetget.com/img/201804/23/201804231328496515938453.jpg","duration":1368,"audio_price":"5.01","audio_icon":"https://piccdn.igetget.com/img/201804/23/201804231328496515938453.jpg","audio_icon_new":"https://piccdn.igetget.com/img/201804/23/201804231328496515938453.jpg","audio_banner":"","audio_summary":"æ—…è¡Œä¸­å…‰çœ‹é£æ™¯æ˜¯ä¸å¤Ÿçš„ï¼Œä½ è¦åƒ18ä¸–çºªçš„è‹±å›½äººä¸€æ ·ï¼Œä¼šè§‚å¯Ÿï¼Œä¼šæè¿°ï¼Œä¼šæ„ŸåŠ¨ã€‚","audio_title":"ã€Šå¯»æ‰¾å¦‚ç”»ç¾ã€‹| äº‘ä¹Ÿé€€è§£è¯»","short_title":"","audio_brife":"18ä¸–çºªæœ«æœŸï¼Œè‹±å›½å…´èµ·äº†ä¸€ç§æ—¶å°šï¼šä¸Šæµç¤¾ä¼šçš„æœ‰é’±äººååˆ†æ¨å´‡é£æ™¯ç”»ï¼Œä¸ºäº†å¯»æ‰¾ç”»ä¸­çš„é‚£ç§å’Œè°ã€å®‰å®å’ŒåŸç”Ÿæ€ï¼Œä»–ä»¬éƒ½å¸¦ç€çº¸å’Œç¬”å»æ—…è¡Œäº†ã€‚\r\n\r\né‚£ä¹ˆï¼Œç¾ä¸½çš„æ™¯è‰²æ˜¯ä»ä»€ä¹ˆæ—¶å€™å¼€å§‹è¢«ä»€ä¹ˆäººç”»è¿›äº†ç”»ä¸­å‘¢ï¼Ÿä¸ºä»€ä¹ˆæç»˜é£æ™¯å˜æˆäº†ä¸€ç§é£é›…ï¼Ÿè¿™ä»¶äº‹èƒŒåæœ‰ä»€ä¹ˆæ–‡åŒ–å«ä¹‰å‘¢ï¼Ÿã€Šå¯»æ‰¾å¦‚ç”»ç¾ã€‹æ¢è®¨çš„æ­£æ˜¯è¿™äº›é—®é¢˜ã€‚\r\n\r\næœ¬ä¹¦çš„ä½œè€…é©¬å°”ç§‘å§†Â·å®‰å¾·é²æ–¯æ˜¯ä¸€ä½è‹±å›½å­¦è€…ï¼Œä»–åœ¨æœ¬ä¹¦ä¸­ç³»ç»Ÿåœ°è®²è¿°äº†18ä¸–çºªçš„è‹±å›½äººæ˜¯æ€ä¹ˆå­¦ä¼šçœ‹é£æ™¯çš„ã€‚é€šè¿‡è¿™æœ¬ä¹¦ï¼Œæˆ‘ä»¬ä¹Ÿå¯ä»¥äº†è§£åˆ°æ€æ ·æ‰æ˜¯çœ‹é£æ™¯çš„æ­£ç¡®å§¿åŠ¿ã€‚\r\n\r\nä½ å°†å¬åˆ°ï¼š\r\n1.åœ¨18ä¸–çºªæœ«çš„è‹±å›½ï¼Œäººä»¬æ˜¯æ€ä¹ˆæ—…æ¸¸çš„ï¼Ÿ\r\n2.å½“æ—¶è‹±å›½æœ‰å“ªäº›çƒ­é—¨çš„æ—…æ¸¸çº¿è·¯ï¼Ÿ\r\n3.ç¾ä¸½çš„é£æ™¯ç…§ç‰‡éšå¤„å¯è§ï¼Œä¸ºä»€ä¹ˆæˆ‘ä»¬è¿˜è¦åƒé‡Œè¿¢è¿¢åœ°å»çœ‹é£æ™¯ï¼Ÿ\r\n\r\næ¨èé˜…è¯»ï¼š\r\nä¹¦åï¼šã€Šå¯»æ‰¾å¦‚ç”»ç¾ï¼šè‹±å›½çš„é£æ™¯ç¾å­¦ä¸æ—…æ¸¸ï¼Œ1760â€”1800ã€‹\r\nåŸä¹¦åï¼šThe Search for the Picturesque\r\nä½œè€…ï¼š[è‹±]é©¬å°”ç§‘å§†Â·å®‰å¾·é²æ–¯\r\nè¯‘è€…ï¼šå¼ ç®­é£ã€éŸ¦ç…§å‘¨\r\nå‡ºç‰ˆç¤¾ï¼šè¯‘æ—å‡ºç‰ˆç¤¾","source":"","storytell_info":{"id":29,"name":"æ ¡å¦¤","avatar":"https://piccdn.igetget.com/img/201709/28/201709281739316549994455.jpg","intro":"é…éŸ³æ¼”å‘˜"},"month":201804,"month_id":20,"status":1,"publish_time":1524844800,"is_vip_gived":false,"is_vip":false,"audio_detail":{"alias_id":"eoFsGWWq0GTs489ds8Ou","extrainfo":"","class_id":0,"title":"ã€Šå¯»æ‰¾å¦‚ç”»ç¾ã€‹| äº‘ä¹Ÿé€€è§£è¯»","share_title":"ã€Šå¯»æ‰¾å¦‚ç”»ç¾ã€‹| äº‘ä¹Ÿé€€è§£è¯»","mp3_play_url":"http://igetoss.cdn.igetget.com/aac/201804/23/201804231142019855941041_drm.m4a","duration":1368,"schedule":3803,"topic_id":3803,"summary":"","price":0,"icon":"https://piccdn.igetget.com/img/201804/23/201804231328496515938453.jpg","size":8439128,"etag":"4381287411931247201","token":"eyJ0ayI6IllBdlk3SFIxRm1oOGZJVFdwRjJNL0h4SGs5clZYNndlUVFQTTltR0hQU0N3aHNyUnFuNzhxLzFRS3NkVXRIUU5WTjBOQzhzb2I3QjFMd3poazZWSjJXQ0xOalltYi9wa2xKZzU5L3ZOTm9sUkdva0lFekc1Q3ZBbDMzNS80N0o5NTNqR1dkMUxJWXU4NE9aV25hYjNRbGl0Mm41c0NKSnRRZ1pkRXhNK0syTT0iLCJ2IjoxfQ==","share_summary":"è®©18ä¸–çºªè‹±å›½çš„æœ‰é’±äººï¼Œå‘Šè¯‰ä½ æ—…è¡Œçš„æ„ä¹‰ã€‚","collection":0,"count":0,"bored_count":0,"audio_type":13,"drm_version":1,"source_id":3803,"source_type":13,"source_icon":"https://piccdn.igetget.com/img/201804/23/201804231328496515938453.jpg","source_name":"æ¯å¤©å¬æœ¬ä¹¦","listen_progress":0,"listen_finished":false,"dd_article_id":"1641526412798066694","audio_list_icon":"https://piccdn.igetget.com/img/201804/23/201804231328496515938453.jpg","class_course_id":"0","class_article_id":"0","log_id":"eoFsGWWq0GTs489ds8Ou","log_type":"audio","log_interface":"","trackinfo":"","used_drm":0},"class":13,"log_id":3803,"log_type":"topic","log_interface":"","slogan":"è®©18ä¸–çºªè‹±å›½çš„è´µæ—å’Œæœ‰é’±äººï¼Œå‘Šè¯‰ä½ æ—…è¡Œçš„æ„ä¹‰ã€‚","is_buy":false,"is_borrowed":false,"in_bookrack":false,"progress":0,"recommend_title":"","is_collected":false,"collection_count":0,"share_title":"","share_summary":"","topic_summary":null,"trackinfo":""},{"id":3810,"audio_id":"WcC3r3Efhn2PYeTiSope","title":"ã€Šæ¸©æš–æ¶ˆé€ã€‹| å®‰æ±Ÿè§£è¯»","icon":"https://piccdn.igetget.com/img/201804/25/201804251449046387866060.jpg","duration":1645,"audio_price":"4.01","audio_icon":"https://piccdn.igetget.com/img/201804/25/201804251449046387866060.jpg","audio_icon_new":"https://piccdn.igetget.com/img/201804/25/201804251449046387866060.jpg","audio_banner":"","audio_summary":"â€œæ­»äº¡æ•™è‚²â€çš„ç›®çš„ï¼Œæ˜¯å¸®åŠ©äººä»¬æ ‘ç«‹ç§‘å­¦çš„æ­»äº¡è§‚ï¼Œæ¶ˆé™¤æ­»äº¡ç„¦è™‘ä¸ææƒ§ã€‚","audio_title":"ã€Šæ¸©æš–æ¶ˆé€ã€‹| å®‰æ±Ÿè§£è¯»","short_title":"","audio_brife":"å¼—æ´›ä¼Šå¾·è®¤ä¸ºï¼Œäººä¼šä»¥é—å¿˜çš„å½¢å¼æ¥å¦å®šæ­»äº¡çš„å­˜åœ¨ã€‚ä½†ä¸ç®¡ä½ å¦‚ä½•å¦è®¤ï¼Œç”Ÿè€ç—…æ­»éƒ½æ˜¯ç”Ÿå‘½å¿…ç»çš„é˜¶æ®µã€‚\r\n\r\nå½“ç”Ÿæ´»æ— æ³•è‡ªç†çš„æ—¶å€™åº”è¯¥æ€ä¹ˆåŠï¼Ÿå½“äº²äººé­å—æ­»äº¡çš„æŠ˜ç£¨æ—¶ï¼Œä½ ä¼šæ€ä¹ˆåšï¼Ÿå½“ç”Ÿå‘½ä¸´è¿‘ç»ˆç‚¹æ—¶è¯¥æ€ä¹ˆä¸äººç›¸å¤„ï¼Ÿæˆ‘ä»¬è¯¥å¦‚ä½•æ’é£å¿ƒä¸­çš„æ‚²ç—›ï¼Œèµ°å‡ºä¸§äº²çš„é˜´å½±ï¼Ÿåˆè¯¥å¦‚ä½•å¦ç„¶åœ°è·¨è¶Šç”Ÿå‘½çš„ç»ˆç‚¹ï¼Ÿé¢å¯¹è¿™äº›é—®é¢˜ï¼Œå¦‚æœä½ å¯¹æ­»äº¡æ€€æœ‰ææƒ§å¿ƒç†å’ŒæœªçŸ¥å¿ƒç†ï¼Œå¾ˆå¯èƒ½æœ€ç»ˆä¼šæŠŠæŒæ§æƒäº¤ç»™å†°å†·çš„åŒ»ç–—å™¨æ¢°å’Œé™Œç”Ÿçš„åŒ»æŠ¤äººå‘˜ã€‚\r\n\r\næœ¬æœŸéŸ³é¢‘ä»‹ç»äº†è¿ˆå…‹å°”Â·é›·æ˜å’Œä¹”æ²»Â·è¿ªé‡‘æ£®ä¸¤ä½æ•™æˆçš„ç ”ç©¶æˆæœã€‚ä»–ä»¬éƒ½æ˜¯ç¤¾ä¼šå­¦ã€äººç±»å­¦æ•™æˆï¼Œæ‹¥æœ‰40å¤šå¹´çš„æ­»äº¡å­¦æˆè¯¾ç»éªŒï¼Œæœ‰æ„Ÿäºå½“æ—¶åœ¨ä¸´ç»ˆã€æ­»äº¡åŠä¸§äº²å…³æ€€æ–¹é¢å¯å‚è€ƒå­¦ä¹ çš„èµ„æ–™å¤ªå°‘ï¼Œäºæ˜¯è”æ‰‹åˆ›ä½œå‡ºç‰ˆäº†è¿™æœ¬ä¹¦ã€‚è¯¥ä¹¦æ·±å—å­¦æ ¡ã€åŒ»æŠ¤è¡Œä¸šã€åŸ¹è®­æœºæ„åŠæ™®é€šè¯»è€…çš„æ¬¢è¿ï¼Œé—®ä¸–30å¤šå¹´åä»ç„¶ä¸€ç‰ˆå†ç‰ˆã€‚ä¹¦ä¸­çš„å†…å®¹è·¨è¶Šç¤¾ä¼šå­¦ã€å¿ƒç†å­¦ã€æŠ¤ç†å­¦ã€å¥åº·å­¦ã€ç¤¾ä¼šå·¥ä½œã€å…¬å…±åŒ»ç–—ç­‰å¤šä¸ªå­¦ç§‘æˆ–é¢†åŸŸï¼Œä»¥é€šä¿—æ˜“æ‡‚çš„è¯­è¨€å’Œæ¡ˆä¾‹ï¼Œå¸¦ä½ æ¥è§¦è¥¿æ–¹ä»å¹¼å„¿å°±å¼€å§‹æŠ“èµ·çš„æ­»äº¡æ•™è‚²ï¼Œæ•™ä½ æ­£ç¡®çœ‹å¾…ä¸´ç»ˆã€æ­»äº¡ã€ä¸§äº²ç­‰å„ä¸ªé˜¶æ®µï¼Œæ ‘ç«‹ç§‘å­¦çš„æ­»äº¡è§‚ï¼ŒæŒæ§è‡ªå·±çš„äººç”Ÿã€‚\r\n\r\nä½ å°†å¬åˆ°ï¼š\r\n1.ä¸ºä»€ä¹ˆäººä»¬ä¸æ„¿æ„è°ˆè®ºæ­»äº¡ï¼Ÿ\r\n2.æ€æ ·å¯¹å„¿ç«¥å’Œé’å°‘å¹´è¿›è¡Œæ­»äº¡æ•™è‚²ï¼Ÿ\r\n3.ä»€ä¹ˆæ˜¯ä¸´ç»ˆå…³æ€€ï¼Ÿ\r\n4.å¦‚ä½•å¼€å±•ä¸´ç»ˆå…³æ€€ï¼Ÿ\r\n5.æ€æ ·èµ°å‡ºä¸§äº²çš„æ‚²ç—›ï¼Ÿ\r\n6.å¦‚ä½•é€šè¿‡æ¥å—æ­»äº¡çš„å­˜åœ¨è€Œæé«˜ç”Ÿå‘½è´¨é‡ï¼Ÿ\r\n\r\næ¨èé˜…è¯»\r\nä¹¦åï¼šã€Šæ¸©æš–æ¶ˆé€ï¼šå…³äºä¸´ç»ˆã€æ­»äº¡ä¸ä¸§äº²å…³æ€€ã€‹\r\nåŸä½œåï¼šUnderstanding dying, death \u0026 bereavement\r\nä½œè€…ï¼š[ç¾]è¿ˆå…‹å°”Â·R.é›·æ˜ã€ä¹”æ²»Â·E.è¿ªé‡‘æ£®\r\nå‡ºç‰ˆç¤¾ï¼šç”µå­å·¥ä¸šå‡ºç‰ˆç¤¾\r\nè¯‘è€…ï¼šåºæ´‹ã€å‘¨è‰³","source":"","storytell_info":{"id":4,"name":"æ°å…‹ç³–","avatar":"https://piccdn.igetget.com/img/201609/21/201609211901523698336465.jpg","intro":"ä¼ åª’å¤§å­¦æ’­éŸ³ä¸»æŒè‰ºæœ¯ä¸“ä¸šåŒå­¦ä½æ¯•ä¸šåè¿›å…¥åŒ—äº¬äººæ°‘å¹¿æ’­ç”µå°ã€‚æ›¾ä¸»æŒã€Šæ¼”è‰ºç¾¤è‹±ä¼šã€‹ã€ã€Šå¹¿æ’­å‰§åœºã€‹ç­‰èŠ‚ç›®ã€‚cctv9å¼•è¿›çºªå½•ç‰‡é…éŸ³è§£è¯´ï¼Œå¾—åˆ°Appæ¯æ—¥çŸ¥è¯†æ–°é—»ä¸»æ’­ã€‚"},"month":201804,"month_id":20,"status":1,"publish_time":1524758400,"is_vip_gived":false,"is_vip":false,"audio_detail":{"alias_id":"WcC3r3Efhn2PYeTiSope","extrainfo":"","class_id":0,"title":"ã€Šæ¸©æš–æ¶ˆé€ã€‹| å®‰æ±Ÿè§£è¯»","share_title":"ã€Šæ¸©æš–æ¶ˆé€ã€‹| å®‰æ±Ÿè§£è¯»","mp3_play_url":"http://igetoss.cdn.igetget.com/aac/201804/24/201804242015020351147890_drm.m4a","duration":1645,"schedule":3810,"topic_id":3810,"summary":"","price":0,"icon":"https://piccdn.igetget.com/img/201804/25/201804251449046387866060.jpg","size":10167997,"etag":"3575762060603081883","token":"eyJ0ayI6IlF5Vy9DQWRXVktnY2xXMjA5OWhacGZLS3JiTEpKVlRYZ1k3SHFEcjlRSkhjbXZLQXdzQnR2c3NZVWl0L01PQ0hKQ1NMcU5IUFJ6azR4Mi9TWDFDS1JEZ2kzY3ZGanczVlFPbFY4SGU1VXQzRW96YnA0d25kcThKaTFmK3ZDYVA4TmRndWlSTVlXSjlVcEJzVkhab0IvRWJleXJQSUhmV2p3cFIzaDU0RDNudz0iLCJ2IjoxfQ==","share_summary":"å¦‚ä½•ç§‘å­¦è€Œç†æ€§åœ°å¯¹å¾…æ­»äº¡ï¼Œè®©ç”Ÿå‘½å˜å¾—æ›´æœ‰è´¨é‡ã€‚","collection":0,"count":0,"bored_count":0,"audio_type":13,"drm_version":1,"source_id":3810,"source_type":13,"source_icon":"https://piccdn.igetget.com/img/201804/25/201804251449046387866060.jpg","source_name":"æ¯å¤©å¬æœ¬ä¹¦","listen_progress":0,"listen_finished":false,"dd_article_id":"1641526414945550336","audio_list_icon":"https://piccdn.igetget.com/img/201804/25/201804251449046387866060.jpg","class_course_id":"0","class_article_id":"0","log_id":"WcC3r3Efhn2PYeTiSope","log_type":"audio","log_interface":"","trackinfo":"","used_drm":0},"class":13,"log_id":3810,"log_type":"topic","log_interface":"","slogan":"å¦‚ä½•ç§‘å­¦è€Œç†æ€§åœ°å¯¹å¾…æ­»äº¡ï¼Œè®©ç”Ÿå‘½å˜å¾—æ›´æœ‰è´¨é‡ã€‚","is_buy":false,"is_borrowed":false,"in_bookrack":false,"progress":0,"recommend_title":"","is_collected":false,"collection_count":0,"share_title":"","share_summary":"","topic_summary":null,"trackinfo":""},{"id":3783,"audio_id":"YYmzudNHHw2P1ywndtDH","title":"ã€Šå·´é»çƒ§äº†å—ï¼Ÿã€‹| è®¸è¯ºè§£è¯»","icon":"https://piccdn.igetget.com/img/201804/11/201804112035085860253844.jpg","duration":1551,"audio_price":"4.98","audio_icon":"https://piccdn.igetget.com/img/201804/11/201804112035085860253844.jpg","audio_icon_new":"https://piccdn.igetget.com/img/201804/11/201804112035085860253844.jpg","audio_banner":"","audio_summary":"åŸå¸‚ä¸­çš„èµ·ä¹‰ï¼Œæ­£è§„å†›çš„äº¤é”‹ï¼Œæš—å½±ä¸­çš„è°æˆ˜ï¼Œåœ¨å·´é»åŸä¸­çº·çº·ä¸Šæ¼”ã€‚","audio_title":"ã€Šå·´é»çƒ§äº†å—ï¼Ÿã€‹| è®¸è¯ºè§£è¯»","short_title":"","audio_brife":"â€œå·´é»çƒ§äº†å—ï¼Ÿâ€è¿™æ˜¯1944å¹´8æœˆ25æ—¥ï¼Œå¸Œç‰¹å‹’åœ¨è‡ªå·±çš„æ€»éƒ¨é‡Œæ‹ç€æ¡Œå­å‘å‡ºçš„ä¸¥å‰è´£é—®ã€‚å½“æ—¶ï¼Œå¾·å†›åœ¨å·´é»åœ£æ¯é™¢ã€å¢æµ®å®«ç­‰åèƒœå¤è¿¹ä¸­åŸ‹ä¸‹äº†å¤§é‡çš„ç‚¸è¯ï¼Œåªéœ€è¦æŒ‡æŒ¥å®˜ä¸€å£°ä»¤ä¸‹ï¼Œå°±èƒ½æŠŠæ•´ä¸ªå·´é»çš„å†å²å»ºç­‘å’Œè‰ºæœ¯çå®ç‚¸å¾—ç²‰ç¢ã€‚\r\n\r\nç„¶è€Œï¼Œå¸Œç‰¹å‹’å§‹ç»ˆæ²¡èƒ½ç­‰æ¥å·´é»å·²ç»è¢«æ‘§æ¯çš„æ¶ˆæ¯ã€‚å°±åœ¨ä»–å‘å‡ºé‚£å¥è‘—åè´£é—®çš„åŒä¸€å¤©ï¼Œå·´é»å®£å‘Šè§£æ”¾ï¼Œä¸€åº§ä¼Ÿå¤§çš„åŸå¸‚æœ‰æƒŠæ— é™©åœ°èº²å¼€äº†çº³ç²¹åˆ½å­æ‰‹çš„å± åˆ€ã€‚\r\n\r\nåœ¨è¿™æ®µæƒŠå¿ƒåŠ¨é­„çš„æ—¥å­é‡Œï¼Œå·´é»åˆ°åº•ç»å†äº†ä»€ä¹ˆï¼Ÿã€Šå·´é»çƒ§äº†å—ï¼Ÿã€‹è¿™æœ¬æ®¿å ‚çº§çš„éè™šæ„æ–‡å­¦ä½œå“å°†ä¼šå‘Šè¯‰ä½ èƒŒåå‘ç”Ÿçš„æ•…äº‹ã€‚\r\n\r\næœ¬ä¹¦çš„ä¸¤ä½ä½œè€…ï¼Œåˆ†åˆ«æ˜¯æ¥è‡ªç¾å›½ã€Šæ–°é—»å‘¨åˆŠã€‹çš„æ‹‰è±Â·ç§‘æ—æ–¯å’Œæ³•å›½ã€Šå·´é»ç«èµ›ã€‹æ‚å¿—çš„å¤šç±³å°¼å…‹Â·æ‹‰çš®åŸƒå°”ã€‚ä¸¤äººæ—¢æ˜¯æ–°é—»å²ä¸Šçš„ä¼ å¥‡ï¼Œæ›´æ˜¯éè™šæ„å†™ä½œçš„æ—©æœŸå¼€æ‹“è€…ã€‚\r\n\r\næ¥çœ‹çœ‹ç§‘æ—æ–¯å’Œæ‹‰çš®åŸƒå°”ä¸ºæˆ‘ä»¬è®²è¿°äº†ä¸€ä¸ªæ€æ ·çš„åŠ¨äººæ•…äº‹ã€‚\r\n\r\nä½ å°†å¬åˆ°ï¼š\r\n1.å·´é»è§£æ”¾å‰å¤•ï¼Œæ¬§æ´²æˆ˜åœºçš„æ€åŠ¿å¦‚ä½•ï¼Ÿ\r\n2.å·´é»å†…å¤–çš„å„æ–¹åŠ¿åŠ›ä¹‹é—´æ˜¯å¦‚ä½•æ˜äº‰æš—æ–—çš„ï¼Ÿ\r\n3.èµ·ä¹‰æ‰“å“ï¼Œæ´å†›æœªåˆ°ï¼Œå·´é»ä¼šä¸ä¼šåŒ–ä¸ºç“¦ç ¾ï¼Ÿ\r\n4.é¢ä¸´ä½¿å‘½å’Œè‰¯å¿ƒä¸¤éš¾æŠ‰æ‹©çš„è‚–å°”é“èŒ¨å°†å†›ï¼Œå°†ä¼šä½•å»ä½•ä»ï¼Ÿ\r\n5.å…³é”®æ—¶åˆ»ï¼Œæ˜¯è°è¯´åŠ¨äº†ç›Ÿå†›æ”¯æ´å·´é»èµ·ä¹‰ï¼Ÿ\r\n6.ä¸ºä»€ä¹ˆæœ¬ä¹¦ä½œè€…è¦é€‰æ‹©å·´é»è§£æ”¾ä½œä¸ºå›æœ›äºŒæˆ˜çš„ä¸€ä¸ªçª—å£ï¼Ÿ\r\n7.ä¸ºä»€ä¹ˆæœ¬ä¹¦ä¼šè¢«è®¤ä¸ºæ˜¯ä¸€éƒ¨æ®¿å ‚çº§çš„éè™šæ„ä½œå“ï¼Ÿ\r\n\r\næ¨èé˜…è¯»\r\nä¹¦åï¼šã€Šå·´é»çƒ§äº†å—ã€‹\r\nåŸä½œåï¼šIs Paris Burning?\r\nä½œè€…ï¼š[ç¾]æ‹‰è±Â·ç§‘æ—æ–¯ã€[æ³•] å¤šç±³å°¼å…‹Â·æ‹‰çš®åŸƒå°”\r\nå‡ºç‰ˆç¤¾ï¼šè¯‘æ—å‡ºç‰ˆç¤¾\r\nè¯‘è€…ï¼šè‘£ä¹å±±","source":"","storytell_info":{"id":10,"name":"äºæµ©","avatar":"https://piccdn.igetget.com/img/201610/19/201610191451137712103569.jpg","intro":"ä¸­å›½ä¼ åª’å¤§å­¦æ’­éŸ³ä¸»æŒè‰ºæœ¯å­¦é™¢æ¯•ä¸šåï¼Œè¿›å…¥åŒ—äº¬äººæ°‘å¹¿æ’­ç”µå°ã€‚æ›¾ä¸»æŒã€Šæ–°é—»2012ã€‹ã€Šæ•´ç‚¹å¿«æŠ¥ã€‹ï¼Œç°ä¸ºã€Šçœ‹ä¸–ç•Œã€‹ä¸»æ’­ã€‚ã€Šé²è±«æœ‰çº¦ã€‹é…éŸ³ï¼Œâ€œå¾—åˆ°â€AppçŸ¥è¯†æ–°é—»ä¸»æ’­ã€ã€Šä½•å¸†å¤§å±€è§‚ã€‹éŸ³é¢‘è½¬è¿°å¸ˆã€‚"},"month":201804,"month_id":20,"status":1,"publish_time":1524758400,"is_vip_gived":false,"is_vip":false,"audio_detail":{"alias_id":"YYmzudNHHw2P1ywndtDH","extrainfo":"","class_id":0,"title":"ã€Šå·´é»çƒ§äº†å—ï¼Ÿã€‹| è®¸è¯ºè§£è¯»","share_title":"ã€Šå·´é»çƒ§äº†å—ï¼Ÿã€‹| è®¸è¯ºè§£è¯»","mp3_play_url":"http://igetoss.cdn.igetget.com/aac/201804/11/201804111958019886112219_drm.m4a","duration":1551,"schedule":3783,"topic_id":3783,"summary":"","price":0,"icon":"https://piccdn.igetget.com/img/201804/11/201804112035085860253844.jpg","size":9591640,"etag":"11850224357244696441","token":"eyJ0ayI6IkhmcCswSVA3ZTlSR05jbWlUY1RiTTY3RGV0WEVvdW5YMmwxSHZMTy9wNnBtQTJwZkxPWS9EcDhld2plWEM0UExxMlR6azA3Nzl2Q05PMndUZGl1em8vUDNtY3RkcGtvWjU3YkN1YjZLU1JzbEx3ZEVRYzZPWnY3TGdSZUtDNnpyTEhRaGptRTB3TGg2eE1aZGN5WDdSV1hOZUJvWTZQL1YwVDdmejN6Q3JVOD0iLCJ2IjoxfQ==","share_summary":"æ–°é—»å²ä¸Šçš„ä¸€éƒ¨æ°ä½œï¼Œè¿˜åŸäº†äºŒæˆ˜æœ«æœŸè§£æ”¾å·´é»æƒŠå¿ƒåŠ¨é­„çš„å…¨è¿‡ç¨‹ã€‚","collection":0,"count":1,"bored_count":0,"audio_type":13,"drm_version":1,"source_id":3783,"source_type":13,"source_icon":"https://piccdn.igetget.com/img/201804/11/201804112035085860253844.jpg","source_name":"æ¯å¤©å¬æœ¬ä¹¦","listen_progress":0,"listen_finished":false,"dd_article_id":"1641526397765681158","audio_list_icon":"https://piccdn.igetget.com/img/201804/11/201804112035085860253844.jpg","class_course_id":"0","class_article_id":"0","log_id":"YYmzudNHHw2P1ywndtDH","log_type":"audio","log_interface":"","trackinfo":"","used_drm":0},"class":13,"log_id":3783,"log_type":"topic","log_interface":"","slogan":"æ–°é—»å²ä¸Šçš„ä¸€éƒ¨æ°ä½œï¼Œè¿˜åŸäº†äºŒæˆ˜æœ«æœŸè§£æ”¾å·´é»æƒŠå¿ƒåŠ¨é­„çš„å…¨è¿‡ç¨‹ã€‚","is_buy":false,"is_borrowed":false,"in_bookrack":false,"progress":0,"recommend_title":"","is_collected":false,"collection_count":1,"share_title":"","share_summary":"","topic_summary":null,"trackinfo":""}],"recommend":false,"request_id":""}},}4:type,4:http,5:error,0:~6:marked,5:false!7:version,13:1:0#2:18#1:2#]11:client_conn,204:15:ssl_established,5:false!10:clientcert,0:~13:timestamp_end,0:~7:address,60:7:address,27:15:192.168.128.181,5:63012#]8:use_ipv6,5:false!}15:timestamp_start,17:1558440321.086178^19:timestamp_ssl_setup,0:~}2:id,36:04f14318-d080-4843-ba02-13ed140cb26a,11:intercepted,5:false!7:request,1818:9:is_replay,5:false!4:port,2:80#12:stickycookie,5:false!13:timestamp_end,17:1558440327.461215^4:path,34:/odob/v2/browse/booklist-recommend,15:timestamp_start,17:1558440327.445135^7:headers,1115:29:9:X-App-Key,13:android-6.2.0,]19:5:X-Uid,8:85003403,]14:7:X-Thumb,1:l,]15:4:X-Dt,5:phone,]13:4:X-Ov,3:6.0,]15:5:X-Net,4:WIFI,]17:4:X-Os,7:ANDROID,]26:3:X-D,16:ae244834553d4eda,]28:4:X-Dv,17:Samsung Galaxy S6,]13:3:X-T,4:json,]13:6:X-Chil,1:0,]10:3:X-V,1:2,]15:4:X-Av,5:6.2.0,]14:5:X-Scr,3:2.0,]12:5:X-Adv,1:1,]45:6:X-Seid,32:218ef9e66ce3e0025bfad70cd02dd2ed,]14:8:X-Hitdot,0:,]63:11:G-Auth-Sign,44:YzBjYTcyMTI1ZjJmMzc1NGEwZTljZjMxNmY2NTA0YzA=,]52:12:G-Auth-Nonce,32:901a7588031bb925451685ac7f77ce05,]26:9:G-Auth-Ts,10:1558440327,]44:12:G-Auth-Appid,24:5a27d122ee4638163f594393,]312:12:G-Auth-Token,291:eyJhbGciOiJIUzUxMiIsInR5cCI6IkpXVCJ9.eyJhdWQiOiJsdW9qaWxhYi5jb20iLCJleHAiOjE1NTkwNDI3OTksImlhdCI6MTU1ODQzNzk5OSwiaXNzIjoiRWFzZUdhdGV3YXkgSldUQXV0aCBQbHVnaW4iLCJuYmYiOjE1NTg0Mzc5OTksInN1YiI6Ijg1MDAzNDAzIn0.5J13wFzrBZv434Oi7yos7349FnruBeGZ0LNw4VmjORaaWUiFX3Q2yVNrSKqf27JfNQRsAT3NYL2gouO0Xju66Q,]51:12:Content-Type,31:application/json; charset=UTF-8,]24:14:Content-Length,3:347,]33:4:Host,22:entree.dev.igetget.com,]28:10:Connection,10:Keep-Alive,]26:15:Accept-Encoding,4:gzip,]31:10:User-Agent,13:okhttp/3.11.0,]]7:content,347:{"max_id":0,"count":20,"request_id":"","h":{"u":"85003403","thumb":"l","dt":"phone","ov":"6.0","net":"WIFI","os":"ANDROID","d":"ae244834553d4eda","dv":"Samsung Galaxy S6","t":"json","chil":"0","v":"2","av":"6.2.0","scr":"2.0","adv":"1","X-Dv":"Samsung Galaxy S6","ts":"1558440327","s":"9628def9c754fceb","seid":"218ef9e66ce3e0025bfad70cd02dd2ed"}},6:method,4:POST,4:host,22:entree.dev.igetget.com,17:first_line_format,8:relative,12:http_version,8:HTTP/1.1,6:scheme,4:http,10:stickyauth,5:false!}11:server_conn,416:15:ssl_established,5:false!14:source_address,60:7:address,27:15:192.168.128.181,5:63013#]8:use_ipv6,5:false!}13:timestamp_end,0:~7:address,64:7:address,31:22:entree.dev.igetget.com,2:80#]8:use_ipv6,5:false!}4:cert,0:~3:sni,0:~15:timestamp_start,16:1558440321.15496^19:timestamp_ssl_setup,0:~10:ip_address,54:7:address,21:12:39.107.208.4,2:80#]8:use_ipv6,5:false!}3:via,0:~19:timestamp_tcp_setup,17:1558440321.182673^}}44369:8:response,41511:6:reason,2:OK,13:timestamp_end,16:1558440329.93862^12:http_version,8:HTTP/1.1,11:status_code,3:200#15:timestamp_start,17:1558440329.917595^7:headers,234:40:4:Date,29:Tue, 21 May 2019 12:05:29 GMT,]51:12:Content-Type,31:application/json; charset=utf-8,]31:17:Transfer-Encoding,7:chunked,]28:10:Connection,10:keep-alive,]31:12:G-Powered-By,11:EaseGateway,]29:11:G-Timestamp,10:1558440329,]]7:content,41106:{"h":{"c":0,"e":"","s":1558440329,"t":34},"c":{"list":[{"id":2743,"title":"","style":5,"type":1,"class":0,"sub_class":0,"author":"","cover":"http://piccdn.igetget.com/img/201812/17/201812171155206076387704.jpg","banner":"","count":0,"price":"15.00","status":1,"epub":"2019","sell_count":0,"sell_seven_day":0,"operating_title":"æœ‰é¡¶å¤©å®¶æ—","short_title":"","integral":0,"other_content":"","other_share_title":"å¾—åˆ°å¥½ä¹¦ | æœ‰é¡¶å¤©å®¶æ—","other_share_summary":"æ—¥æœ¬å¥‡å¹»å°è¯´å¤§å¥–ã€ç§‘å¹»å°è¯´å¤§å¥–ã€å±±æœ¬å‘¨äº”éƒå¥–å¾—ä¸»ï¼›äº”æ¬¡ä¸Šæ¦œä¹¦åº—å¤§å¥–çš„ä½œå®¶ä»¤äººæ§è…¹åˆæƒ³è±¡åŠ›éå‡¡çš„ç»å…¸ä½œå“æ–°ç‰ˆé¢ä¸–ï¼è‡´æ‰€æœ‰å¤ªå¹³ç››ä¸–é‡Œçš„çƒ¦æ¼äººç”Ÿå’Œè¿·æƒ˜çµé­‚ï¼Œæœ‰è¶£æ‰æ˜¯æ´»ç€çš„ç»ˆæç›®æ ‡å•Šï¼éš¾è¨€çš„è±ªæƒ…ä¸ç»ƒè¾¾ï¼Œæµªæ¼«ä¸çº¯æƒ…ã€‚åŒååŠ¨æ¼«ä¼˜é…·çƒ­æ’­ä¸­ã€‚","other_data":"","top":0,"datetime":"","uptime":"","author_info":"","book_name":"ã€Šæœ‰é¡¶å¤©å®¶æ—ã€‹","book_author":"","press":"","publish_time":"1900-01-20","catalog":"","catalog_list":[],"book_intro":"å¤©ç‹—ã€äººç±»ã€ç‹¸çŒ«ä¸‰åˆ†å¤©ä¸‹çš„å¤é›…äº¬éƒ½ï¼Œæœ‰é¸­å·ã€ç¥—å›­ã€äº”å±±é€ç«ï¼›æœ‰é£å¤©æˆ¿ã€çº¢ç‰æ³¢ç‰¹é…’ã€é£ç¥é›·ç¥æ‰‡ã€‚è¿™é‡Œå­•è‚²ä¼ å¥‡å’Œæ€ªè°ˆï¼Œä¹Ÿç››äº§ç¾ç»Šå’Œçº¯æƒ…ã€‚\r\nç‹¸çŒ«åé—¨ä¸‹é¸­å®¶ï¼Œä¼Ÿå¤§çš„çˆ¶äº²ç¦»ä¸–åï¼Œç•™ä¸‹äº†å››ä¸ªä¸æˆå™¨çš„å„¿å­ã€‚è€å¤§èºè¿›æ— è°‹ï¼Œè€äºŒæ·¡æ³Šæ— å¿—ï¼Œè€ä¸‰æ‡’æ•£æ— èµ–ï¼Œå¹ºå¼Ÿæ€¯å¼±æ— èƒ†ã€‚åœ¨ä¸–äººçš„ééš¾ä¸ä»‡æ•Œçš„åˆéš¾ä¸‹ï¼Œå…‰è£çš„è¡€è„‰å°†ä½•ä»¥ä¸ºç»§ï¼Ÿ","tts_switch":1,"merchant_id":5,"contract_number":"","online_time":1557300938,"b_special_price":"","current_price":"15.00","b_special_price_stime":0,"b_special_price_etime":0,"is_buy":false,"current_timestamp":1558440304,"chapter_list":[],"is_trial":true,"is_tts_switch":false,"log_id":"2743","log_type":"ebook","read_progress":0,"reading_title":"","original_price":"15.00","special_offer_status":0,"page_num":0,"author_list":null,"can_trial_read":false,"reading_word_count":0,"reading_word_token":"","trial_read_proportion":"","authors":null,"with_video":false,"b_package_end_time":"","b_package_price":"0.00","b_package_start_time":""},{"id":1003,"title":"","style":5,"type":1,"class":0,"sub_class":0,"author":"","cover":"http://piccdn.igetget.com/img/201706/01/201706011221302478897687.jpg","banner":"","count":0,"price":"2.99","status":1,"epub":"2019","sell_count":0,"sell_seven_day":0,"operating_title":"å‰§é™¢é­…å½±","short_title":"","integral":0,"other_content":"","other_share_title":"å¾—åˆ°å¥½ä¹¦ï½œå‰§é™¢é­…å½±ï¼šä¾¦æ¢ã€è’è¯å°è¯´é—´çš„â€œäººé¬¼æƒ…â€ã€‚","other_share_summary":"è¯‘æ–‡ç»å…¸ï¼Œä¸ªäººå¿…è—ã€‚è‘—åä¾¦æ¢ã€æ‚¬å¿µå°è¯´å®¶ä½œå“ã€‚ç¬¬ä¸€äººç§°ï¼Œè®²è¿°äº†å®ä¼Ÿå£®ä¸½çš„å·´é»æ­Œå‰§é™¢é‡Œé—¹é¬¼çš„äº‹ã€‚","other_data":"","top":0,"datetime":"","uptime":"","author_info":"","book_name":"ã€Šå‰§é™¢é­…å½±ã€‹\r","book_author":"","press":"","publish_time":"1900-01-20","catalog":"","catalog_list":[],"book_intro":"å°è¯´ä»¥ç¬¬ä¸€äººç§°å†™ä½œï¼Œè®²è¿°äº†å®ä¼Ÿå£®ä¸½çš„å·´é»æ­Œå‰§é™¢é‡Œé—¹é¬¼çš„äº‹ã€‚åŸƒåˆ©å…‹å¤©ç”Ÿç•¸å½¢ï¼Œé­åˆ°çˆ¶æ¯å’Œç¤¾ä¼šé—å¼ƒã€‚å¥½å¿ƒçš„å‰é‡Œå¤ªå¤ªå°†ä»–è—åŒ¿åœ¨å·´é»æ­Œå‰§é™¢çš„åœ°ä¸‹å®¤é‡Œã€‚ä»æ­¤æ­Œå‰§é™¢ä¸å¾—å®‰å®ï¼šç‰©å“å¤±çªƒï¼Œå‘˜å·¥æ­»äº¡ï¼Œç»ç†é­åˆ°å‹’ç´¢â€¦â€¦å‰§é™¢é­…å½±çš„ä¼ é—»ä¸èƒ«è€Œèµ°ã€‚åŸƒåˆ©å…‹å‡­ç€è¶…äººçš„éŸ³ä¹å¤©èµ‹å¸®åŠ©å…‹é‡Œæ–¯è’‚å¨œä¸€å¤œèµ°çº¢ï¼ŒåŒæ—¶æ·±æ·±åœ°çˆ±ä¸Šäº†å¥¹ã€‚ä½†æ˜¯å…‹é‡Œæ–¯è’‚å¨œæ—©å°±å¿ƒæœ‰æ‰€å±ã€‚äºæ˜¯ï¼ŒåŸƒåˆ©å…‹åœ¨èˆå°ä¸Šå½“ä¼—åŠ«èµ°äº†å¥¹ï¼Œä»è€Œæ¼”ç»äº†ä¸€æ®µä»¤äººæ‰¼è…•çš„äººâ€œé¬¼â€œçˆ±æƒ…æ‚²å‰§â€¦â€¦\r\n\r\n2.åŠ æ–¯é€šÂ·å‹’é²æ˜¯è‘—åçš„ä¾¦æ¢ã€æ‚¬å¿µå°è¯´å®¶ï¼Œæœ¬ä¹¦æ˜¯ä»–æœ€ä¸ºè„ç‚™äººå£çš„ä½œå“ã€‚\r","tts_switch":1,"merchant_id":33,"contract_number":"","online_time":1554173232,"b_special_price":"0","current_price":"2.99","b_special_price_stime":1514736000,"b_special_price_etime":1514736000,"is_buy":false,"current_timestamp":1558440304,"chapter_list":[],"is_trial":true,"is_tts_switch":false,"log_id":"1003","log_type":"ebook","read_progress":0,"reading_title":"","original_price":"2.99","special_offer_status":0,"page_num":0,"author_list":null,"can_trial_read":false,"reading_word_count":0,"reading_word_token":"","trial_read_proportion":"","authors":null,"with_video":false,"b_package_end_time":"2019-04-27 00:00:00","b_package_price":"2.00","b_package_start_time":"2019-04-01 00:00:00"},{"id":2739,"title":"","style":2,"type":1,"class":0,"sub_class":0,"author":"","cover":"http://piccdn.igetget.com/img/201811/09/201811091729343775855473.jpg","banner":"","count":0,"price":"222.00","status":1,"epub":"2019","sell_count":0,"sell_seven_day":0,"operating_title":"ä»¿çœŸæµ‹è¯•2","short_title":"","integral":0,"other_content":"","other_share_title":"1","other_share_summary":"æ‘˜è¦","other_data":"","top":0,"datetime":"","uptime":"","author_info":"","book_name":"ä¹¦å","book_author":"","press":"","publish_time":"1900-01-20","catalog":"","catalog_list":[],"book_intro":"å†…å®¹ä»‹ç»","tts_switch":1,"merchant_id":1000,"contract_number":"","online_time":1541756069,"b_special_price":"","current_price":"222.00","b_special_price_stime":0,"b_special_price_etime":0,"is_buy":false,"current_timestamp":1558440304,"chapter_list":[],"is_trial":true,"is_tts_switch":false,"log_id":"2739","log_type":"ebook","read_progress":0,"reading_title":"","original_price":"222.00","special_offer_status":0,"page_num":0,"author_list":null,"can_trial_read":false,"reading_word_count":0,"reading_word_token":"","trial_read_proportion":"","authors":null,"with_video":false,"b_package_end_time":"","b_package_price":"0.00","b_package_start_time":""},{"id":2717,"title":"","style":2,"type":1,"class":0,"sub_class":0,"author":"","cover":"http://piccdn.igetget.com/img/201804/25/201804251448112061067148.jpg","banner":"","count":0,"price":"32.99","status":1,"epub":"2019","sell_count":0,"sell_seven_day":0,"operating_title":"é«˜æ•ˆèƒ½äººå£«çš„å½±å“åŠ›æ³•åˆ™","short_title":"","integral":0,"other_content":"","other_share_title":"å¾—åˆ°å¥½ä¹¦| é«˜æ•ˆèƒ½äººå£«çš„å½±å“åŠ›æ³•åˆ™","other_share_summary":"ã€Œé™æ—¶7æŠ˜ã€æœ¬ä¹¦å°†å¸¦æ¥ç½‘ç»œã€å•†ä¸šå’Œå®¶åº­ï¼Œç”šè‡³æ•´ä¸ªç¤¾ä¼šä¸¾è¶³è½»é‡çš„å½±å“ã€‚","other_data":"","top":0,"datetime":"","uptime":"","author_info":"ä½œè€…å²è’‚èŠ¬Â·æŸ¯ç»´ï¼Œç¾å›½å­¦ç•Œâ€œæ€æƒ³å·¨åŒ â€ï¼Œâ€œå½±å“ç¾å›½å†å²è¿›ç¨‹çš„25ä½äººç‰©â€ä¹‹ä¸€ï¼Œè¢«ã€Šæ—¶ä»£å‘¨åˆŠã€‹èª‰ä¸ºâ€œäººç±»æ½œèƒ½çš„å¯¼å¸ˆï¼Œè¢«ã€Šç»æµå­¦äººã€‹æ‚å¿—è¯„ä¸ºâ€æœ€å…·å‰ç»æ€§çš„ç®¡ç†æ€æƒ³å®¶â€ä¹‹ä¸€ï¼Œæ›¾å¾—åˆ°ç¾å›½æ€»ç»Ÿå¥¥å·´é©¬çš„ç‰¹åˆ«æ¥è§ï¼Œä¹Ÿæ›¾æ˜¯ç¾å›½å‰æ€»ç»Ÿå…‹æ—é¡¿æœ€å€šé‡çš„é¡¾é—®ã€‚\r\n\r\nå…¨ä¸–ç•Œå¤‡å—æ¨å´‡çš„é¢†å¯¼å·¥ä½œæƒå¨ã€å®¶åº­é—®é¢˜ä¸“å®¶ã€æ•™å¸ˆå’Œä¼ä¸šç»„ç»‡é¡¾é—®ï¼Œåœ¨é¢†å¯¼ç®¡ç†ç†è®ºã€å®¶åº­ä¸äººé™…å…³ç³»ä»¥åŠä¸ªäººç®¡ç†ç­‰é¢†åŸŸä¹…è´Ÿç››åã€‚\r\n\r\nä¸–ç•ŒåŸ¹è®­å’Œç®¡ç†å…¬å¸â€”â€”å¯Œå…°å…‹æ—æŸ¯ç»´å…¬å¸çš„åˆ›å§‹äººä¹‹ä¸€ã€‚ã€Šè´¢å¯Œã€‹100å¼ºä¸­90%å’Œ500å¼ºä¸­75%çš„ä¼ä¸šéƒ½æ˜¯ä»–çš„å—æ•™è€…ï¼ŒAT\u0026Tã€é€šç”¨ç”µæ°”ã€å¯å£å¯ä¹ç­‰å¤§å…¬å¸çš„é«˜çº§ä¸»ç®¡éƒ½æ˜¯ä»–çš„å­¦ç”Ÿã€‚","book_name":"ã€Šé«˜æ•ˆèƒ½äººå£«çš„å½±å“åŠ›æ³•åˆ™ã€‹","book_author":"[ç¾]å²è’‚èŠ¬Â·æŸ¯ç»´","press":"æµ™æ±Ÿäººæ°‘å‡ºç‰ˆç¤¾Â·æ¹›åºæ–‡åŒ–","publish_time":"1900-01-20","catalog":"","catalog_list":[],"book_intro":"ç¾å›½å­¦ç•Œâ€œæ€æƒ³å·¨åŒ â€å²è’‚èŠ¬Â·æŸ¯ç»´é—ä¸–ä¹‹ä½œã€‚ç»§ã€Šé«˜æ•ˆèƒ½äººå£«çš„ä¸ƒä¸ªä¹ æƒ¯ã€‹ã€Šè¦äº‹ç¬¬ä¸€ã€‹åæœ€æ–°æœ€å…·å½±å“åŠ›ä½œå“ã€‚æ¯ä¸ªäººçš„å†…å¿ƒæ‰æ˜¯çœŸæ­£çš„å½±å“åŠ›ä¹‹æºã€‚å¦‚æœä½ æ”¹å˜äº†ä½ çš„æ³•åˆ™ï¼Œä½ å°±èƒ½æ”¹å˜ä½ çš„ä¸–ç•Œã€‚\r\n\r\näººä»¬æ€»å¸Œæœ›èƒ½å¤Ÿè·å¾—æ›´å¤šçš„å½±å“åŠ›ã€‚æœ¬ä¹¦ä»æ„å»ºå½±å“åŠ›çš„ä¸‰å¤§æ¨¡å¼å…¥æ‰‹ï¼Œæ­ç¤ºäº†é«˜æ•ˆèƒ½äººå£«å½±å“åŠ›çš„åå¤§åŸåˆ™ï¼Œæé«˜å½±å“åŠ›çš„äº”ä¸ªå…³é”®å› ç´ ï¼Œè®©ä½ æœ‰æœºä¼šåˆ©ç”¨è¿™äº›åŸåˆ™ï¼Œé‡å¡‘ä½ çš„ä¸€åˆ‡ã€‚åŒæ—¶ï¼Œæœ¬ä¹¦ä¹Ÿå°†ç‚¹ç‡ƒä½ å¯¹äºç”Ÿæ´»çš„å¸Œæœ›ï¼Œå¸®åŠ©ä½ åœ¨æœ‰ç”Ÿä¹‹å¹´æ›´æœ‰æ•ˆåœ°å»å½±å“ä»–äººã€‚\r\n\r\nä¹¦ä¸­æä¾›äº†å¤§é‡çœŸå®çš„ä¾‹å­ï¼Œå®ƒä»¬ä¸€å†æé†’ä½ ä¸è¦å¿˜è®°ä¸€äº›ä½ å·²ç»çŸ¥é“çš„åŸåˆ™ã€‚æœ¬ä¹¦çš„åˆè¡·å°±æ˜¯å¸¦ç»™ä½ è¿™æ ·ä¸€ç§ä½“éªŒï¼šå¸®åŠ©ä½ äº†è§£ä½ å·²ç»äº†è§£çš„ï¼Œå¹¶æŠŠä½ æ‰€æƒ³çš„å’Œä½ çœŸå®çš„æ„Ÿå—ä»¥åŠä¿¡ä»°è”ç³»åœ¨ä¸€èµ·ï¼Œä½¿ä½ èº«å¿ƒåˆä¸€ã€‚","tts_switch":0,"merchant_id":10020,"contract_number":"","online_time":1541058553,"b_special_price":"6.99","current_price":"32.99","b_special_price_stime":1541053440,"b_special_price_etime":1543507200,"is_buy":false,"current_timestamp":1558440304,"chapter_list":[],"is_trial":true,"is_tts_switch":false,"log_id":"2717","log_type":"ebook","read_progress":0,"reading_title":"","original_price":"32.99","special_offer_status":0,"page_num":0,"author_list":null,"can_trial_read":false,"reading_word_count":0,"reading_word_token":"","trial_read_proportion":"","authors":null,"with_video":false,"b_package_end_time":"","b_package_price":"0.00","b_package_start_time":""},{"id":513,"title":"","style":3,"type":1,"class":0,"sub_class":0,"author":"","cover":"http://piccdn.igetget.com/img/201608/22/201608221614394770176359.jpg","banner":"","count":0,"price":"24.50","status":1,"epub":"2019","sell_count":795,"sell_seven_day":1,"operating_title":"é­”é¬¼ç»æµå­¦4","short_title":"","integral":0,"other_content":"","other_share_title":"é­”é¬¼ç»æµå­¦4","other_share_summary":"æˆ‘ä»¬å°†å¥‡æ€å¦™æƒ³å†™æˆæ–‡ç« å¹¶ä¸”å¸¦æ¥æ— å°½ä¹è¶£ï¼Œä½ æ„¿æ„ä¸€çª¥æˆ‘ä»¬çš„è„‘å†…å¥‡æƒ³ï¼Œé€è¿‡é­”é¬¼ç»æµå­¦çš„æœ‰è‰²çœ¼é•œï¼Œè§‚å¯Ÿä¸–ç•Œçš„æ¨¡æ ·å—ï¼Ÿ","other_data":"","top":0,"datetime":"","uptime":"","author_info":"ä½œè€…å²è’‚èŠ¬Â·åˆ—ç»´ç‰¹è¢«èª‰ä¸ºâ€œå½“ä»Šç¾å›½40å²ä»¥ä¸‹æœ€è´Ÿç››åçš„ç»æµå­¦å®¶â€ï¼Œä»–çš„å£°èª‰å¾—åˆ°äº†æ•´ä¸ªç»æµå­¦ç•Œçš„å…¬è®¤ã€‚2005å¹´4æœˆï¼Œåˆ—ç»´ç‰¹å‡ºç‰ˆäº†ä»–çš„ç¬¬ä¸€æœ¬ä¹¦ã€Šé­”é¬¼ç»æµå­¦ã€‹ï¼ˆä¸å²è’‚èŠ¬éƒ½ä¼¯çº³åˆè‘—ï¼‰ï¼Œæ­¤ä¹¦æˆä¸ºçº½çº¦æ—¶æŠ¥è¯„å‡ºçš„ç•…é”€ä¹¦ã€‚","book_name":"ã€Šé­”é¬¼ç»æµå­¦4ï¼šç”¨â€œæœ‰è‰²çœ¼é•œâ€çœ‹æ¸…ä¸–ç•Œã€‹","book_author":"å²è’‚èŠ¬Â·åˆ—ç»´ç‰¹ã€å²è’‚èŠ¬Â·éƒ½ä¼¯çº³","press":"ä¸­ä¿¡å‡ºç‰ˆç¤¾","publish_time":"1900-01-20","catalog":"","catalog_list":[],"book_intro":"åˆ—ç»´ç‰¹ä¸éƒ½ä¼¯çº³å·§å¦™åœ°è¿ç±»æ¯”ç‰©ï¼Œé€šè¿‡å¯¹æ¯”ä¹çœ‹èµ·æ¥æ¯«æ— å…³è”çš„è¯é¢˜ï¼ŒæŒ–æ˜å¯Œäºå¯å‘æ€§çš„çœŸç†ï¼Œè¿™è®©ã€Šé­”é¬¼ç»æµå­¦ã€‹è¯»èµ·æ¥å¦™è¶£æ¨ªç”Ÿã€‚æ—å¾åšå¼•äº†å¤§é‡éš¾ä»¥ç½®ä¿¡å´åˆå¼•äººå…¥èƒœçš„å†å²èµ„æ–™ï¼Œè¿™è®©ä½œè€…æœ‰åˆ«äºé€šä¿—ç¤¾ä¼šå­¦å®¶ä¹‹æµã€‚","tts_switch":0,"merchant_id":10000,"contract_number":"","online_time":1541058527,"b_special_price":"4.99","current_price":"24.50","b_special_price_stime":1541053920,"b_special_price_etime":1543507200,"is_buy":false,"current_timestamp":1558440304,"chapter_list":[],"is_trial":true,"is_tts_switch":false,"log_id":"513","log_type":"ebook","read_progress":0,"reading_title":"","original_price":"24.50","special_offer_status":0,"page_num":0,"author_list":null,"can_trial_read":false,"reading_word_count":0,"reading_word_token":"","trial_read_proportion":"","authors":null,"with_video":false,"b_package_end_time":"","b_package_price":"0.00","b_package_start_time":""},{"id":512,"title":"","style":3,"type":1,"class":0,"sub_class":0,"author":"å²è’‚èŠ¬Â·åˆ—ç»´ç‰¹ã€å²è’‚èŠ¬Â·éƒ½ä¼¯çº³","cover":"http://piccdn.igetget.com/img/201608/22/201608221550066728255068.jpg","banner":"","count":0,"price":"24.50","status":1,"epub":"2019","sell_count":858,"sell_seven_day":2,"operating_title":"é­”é¬¼ç»æµå­¦3","short_title":"","integral":0,"other_content":"","other_share_title":"é­”é¬¼ç»æµå­¦3","other_share_summary":"æ€è€ƒæ—¶éœ€è¦æŠ›å´å¥½æ¶ã€ç›²ç›®çš„ä¹è§‚æˆ–åˆ»è–„çš„æ€€ç–‘ã€‚ä¹Ÿå°±æ˜¯è¯´ï¼Œæˆ‘ä»¬è¦åƒé­”é¬¼ä¸€æ ·æ€è€ƒã€‚","other_data":"","top":0,"datetime":"","uptime":"","author_info":"ä½œè€…å²è’‚èŠ¬Â·åˆ—ç»´ç‰¹è¢«èª‰ä¸ºâ€œå½“ä»Šç¾å›½40å²ä»¥ä¸‹æœ€è´Ÿç››åçš„ç»æµå­¦å®¶â€ï¼Œä»–çš„å£°èª‰å¾—åˆ°äº†æ•´ä¸ªç»æµå­¦ç•Œçš„å…¬è®¤ã€‚2005å¹´4æœˆï¼Œåˆ—ç»´ç‰¹å‡ºç‰ˆäº†ä»–çš„ç¬¬ä¸€æœ¬ä¹¦ã€Šé­”é¬¼ç»æµå­¦ã€‹ï¼ˆä¸å²è’‚èŠ¬éƒ½ä¼¯çº³åˆè‘—ï¼‰ï¼Œæ­¤ä¹¦æˆä¸ºçº½çº¦æ—¶æŠ¥è¯„å‡ºçš„ç•…é”€ä¹¦ã€‚","book_name":"ã€Šé­”é¬¼ç»æµå­¦3ï¼šç”¨åå¸¸æ€ç»´è§£å†³é—®é¢˜ã€‹","book_author":"å²è’‚èŠ¬Â·åˆ—ç»´ç‰¹ã€å²è’‚èŠ¬Â·éƒ½ä¼¯çº³","press":"ä¸­ä¿¡å‡ºç‰ˆç¤¾","publish_time":"1900-01-20","catalog":"","catalog_list":[],"book_intro":"åˆ—ç»´ç‰¹ä¸éƒ½ä¼¯çº³å·§å¦™åœ°è¿ç±»æ¯”ç‰©ï¼Œé€šè¿‡å¯¹æ¯”ä¹çœ‹èµ·æ¥æ¯«æ— å…³è”çš„è¯é¢˜ï¼ŒæŒ–æ˜å¯Œäºå¯å‘æ€§çš„çœŸç†ï¼Œè¿™è®©ã€Šé­”é¬¼ç»æµå­¦ã€‹è¯»èµ·æ¥å¦™è¶£æ¨ªç”Ÿã€‚æ—å¾åšå¼•äº†å¤§é‡éš¾ä»¥ç½®ä¿¡å´åˆå¼•äººå…¥èƒœçš„å†å²èµ„æ–™ï¼Œè¿™è®©ä½œè€…æœ‰åˆ«äºé€šä¿—ç¤¾ä¼šå­¦å®¶ä¹‹æµã€‚","tts_switch":0,"merchant_id":10000,"contract_number":"","online_time":1541058402,"b_special_price":"5","current_price":"24.50","b_special_price_stime":1541053620,"b_special_price_etime":1543507200,"is_buy":false,"current_timestamp":1558440304,"chapter_list":[],"is_trial":true,"is_tts_switch":false,"log_id":"512","log_type":"ebook","read_progress":0,"reading_title":"","original_price":"24.50","special_offer_status":0,"page_num":0,"author_list":null,"can_trial_read":false,"reading_word_count":0,"reading_word_token":"","trial_read_proportion":"","authors":null,"with_video":false,"b_package_end_time":"","b_package_price":"0.00","b_package_start_time":""},{"id":2697,"title":"","style":4,"type":2,"class":0,"sub_class":0,"author":"","cover":"http://piccdn.igetget.com/img/201810/22/201810221654423402238401.gif","banner":"","count":0,"price":"35.40","status":1,"epub":"2019","sell_count":0,"sell_seven_day":63,"operating_title":"å…¨çƒæ™¯è§‚ä¸­çš„ä¸­å›½å¤ä»£è‰º","short_title":"","integral":0,"other_content":"","other_share_title":"å¾—åˆ°å¥½ä¹¦| å…¨çƒæ™¯è§‚ä¸­çš„ä¸­å›½å¤ä»£è‰ºæœ¯","other_share_summary":"2017å¹´åº¦â€œä¸­å›½å¥½ä¹¦â€ã€‚å¯¹ä¸­å›½å¤ä»£è‰ºæœ¯å“è¿›è¡Œè§£è¯»ï¼Œå¸®ä½ æ‰“å¼€çœ¼ç•Œï¼Œè®¤è¯†ä¸­å›½è‰ºæœ¯å²ã€‚2017å¹´åº¦â€œä¸­å›½å¥½ä¹¦â€ã€‚å¯¹ä¸­å›½å¤ä»£è‰ºæœ¯å“è¿›è¡Œè§£è¯»ï¼Œå¸®ä½ æ‰“å¼€çœ¼ç•Œï¼Œè®¤è¯†ä¸­å›½è‰ºæœ¯å²ã€‚2017å¹´åº¦â€œä¸­å›½å¥½ä¹¦â€ã€‚å¯¹ä¸­å›½å¤ä»£è‰ºæœ¯å“è¿›è¡Œè§£è¯»ï¼Œå¸®ä½ æ‰“å¼€çœ¼ç•Œï¼Œè®¤è¯†ä¸­å›½è‰ºæœ¯å²ã€‚2017å¹´åº¦â€œä¸­å›½å¥½ä¹¦â€ã€‚å¯¹ä¸­å›½å¤ä»£è‰ºæœ¯å“è¿›è¡Œè§£è¯»ï¼Œå¸®ä½ æ‰“å¼€çœ¼ç•Œï¼Œè®¤è¯†ä¸­å›½è‰ºæœ¯å²ã€‚2017å¹´åº¦â€œä¸­å›½å¥½ä¹¦â€ã€‚å¯¹ä¸­å›½å¤ä»£è‰ºæœ¯å“è¿›è¡Œè§£è¯»ï¼Œå¸®ä½ æ‰“å¼€çœ¼ç•Œï¼Œè®¤è¯†ä¸­å›½è‰ºæœ¯å²ã€‚","other_data":"","top":0,"datetime":"","uptime":"","author_info":"","book_name":"ã€Šå…¨çƒæ™¯è§‚ä¸­çš„ä¸­å›½å¤ä»£è‰ºæœ¯ã€‹","book_author":"","press":"","publish_time":"1900-01-20","catalog":"","catalog_list":[],"book_intro":"å…¨ä¹¦ä»â€œå…¨çƒç¾æœ¯å²â€çš„è§†ç‚¹ï¼Œåˆ†å››éƒ¨åˆ†å¯¹ä¸­å›½å¤ä»£ç¾æœ¯çš„é‡è¦ç‰¹ç‚¹è¿›è¡Œåæ€ï¼Œå¹¶ç»“åˆè€ƒå¤å‘ç°å’Œå¯¹ä¼ ä¸–è‰ºæœ¯å“çš„è§£è¯»ï¼Œé˜è¿°ä¼ ç»Ÿä¸­å›½ç¾æœ¯å¯¹æ•´ä½“çš„äººç±»ç¾æœ¯å²åšå‡ºäº†ä»€ä¹ˆè¾ƒç‹¬ç‰¹çš„ä¹Ÿæ˜¯è¾ƒæœ‰ä»·å€¼çš„è´¡çŒ®ï¼Œç¡®å®šä¸­å›½ç¾æœ¯ä¸­å…·æœ‰çš„æ—¢æ˜¯é²œæ˜æ–‡åŒ–ç‰¹æ€§ï¼ŒåŒæ—¶åˆæ˜¯æºè¿œæµé•¿ã€æ·±å…·å½±å“ä¸€äº›åŸºæœ¬çº¿ç´¢ã€‚\r\n\r\nä½œè€…å­¦æœ¯åŠŸåº•æ·±åšï¼Œè§†é‡å¼€é˜”ã€æ€ç»´æ•æ·ã€è¯­è¨€æµç•…ï¼Œåœ¨é˜é‡Šä¸Šå¤šæœ‰ç‹¬åˆ°ä¸”æ–°é²œçš„è§è§£ã€‚å…¨ä¹¦ç¯‡å¹…ä¸é•¿ï¼Œä½†éå¸¸æœ‰åŠ©äºè¯»è€…æ‰“å¼€çœ¼ç•Œï¼Œè®¤è¯†ä¸­å›½è‰ºæœ¯å²ä¹ƒè‡³å…¨çƒè‰ºæœ¯å²ç ”ç©¶ä¸­çš„æ–°è§‚å¿µã€æ–°è§†è§’åŠæ–°è¯¾é¢˜ã€‚","tts_switch":1,"merchant_id":1000,"contract_number":"","online_time":1541055852,"b_special_price":"5.99","current_price":"35.40","b_special_price_stime":1541052840,"b_special_price_etime":1543507200,"is_buy":false,"current_timestamp":1558440304,"chapter_list":[],"is_trial":true,"is_tts_switch":false,"log_id":"2697","log_type":"ebook","read_progress":0,"reading_title":"","original_price":"35.40","special_offer_status":0,"page_num":0,"author_list":null,"can_trial_read":false,"reading_word_count":0,"reading_word_token":"","trial_read_proportion":"","authors":null,"with_video":false,"b_package_end_time":"","b_package_price":"0.00","b_package_start_time":""},{"id":2736,"title":"","style":4,"type":1,"class":0,"sub_class":0,"author":"","cover":"http://piccdn.igetget.com/img/201809/17/201809171637579003048400.jpg","banner":"","count":0,"price":"19.99","status":1,"epub":"2019","sell_count":0,"sell_seven_day":0,"operating_title":"å±±ç«¹","short_title":"","integral":0,"other_content":"","other_share_title":"åˆ†äº«æ ‡é¢˜","other_share_summary":"åˆ†äº«æ ‡é¢˜","other_data":"","top":0,"datetime":"","uptime":"","author_info":"","book_name":"ç»´ç±³å°”çš„å¸½å­","book_author":"","press":"","publish_time":"1900-01-20","catalog":"","catalog_list":[],"book_intro":"åˆ†äº«æ ‡é¢˜","tts_switch":1,"merchant_id":1000,"contract_number":"","online_time":1537174037,"b_special_price":"9","current_price":"19.99","b_special_price_stime":1541052840,"b_special_price_etime":1543507200,"is_buy":false,"current_timestamp":1558440304,"chapter_list":[],"is_trial":true,"is_tts_switch":false,"log_id":"2736","log_type":"ebook","read_progress":0,"reading_title":"","original_price":"19.99","special_offer_status":0,"page_num":0,"author_list":null,"can_trial_read":false,"reading_word_count":0,"reading_word_token":"","trial_read_proportion":"","authors":null,"with_video":false,"b_package_end_time":"","b_package_price":"0.00","b_package_start_time":""},{"id":2718,"title":"","style":2,"type":1,"class":0,"sub_class":0,"author":"","cover":"http://piccdn.igetget.com/img/201804/25/201804251924215150737655.jpg","banner":"","count":0,"price":"19.99","status":1,"epub":"2019","sell_count":0,"sell_seven_day":0,"operating_title":"æ°¸è¿œçš„é›¶å”®ï¼šå‰ç²çš„é›¶å”®ç»è¥å“²å­¦","short_title":"","integral":0,"other_content":"","other_share_title":"å¾—åˆ°å¥½ä¹¦| æ°¸è¿œçš„é›¶å”®ï¼šå‰ç²çš„é›¶å”®ç»è¥å“²å­¦","other_share_summary":"ã€Œé™æ—¶7æŠ˜ã€å´æ™“æ³¢æ¨èï¼Œç™¾è´§ä¼ å¥‡äººç‰©è§£è¯»æ–°é›¶å”®ï¼Œå‰–æè¡Œä¸šæœ¬è´¨ã€‚","other_data":"","top":0,"datetime":"","uptime":"","author_info":"ä½œè€…å‰ç²ï¼Œ1993å¹´3æœˆå¼€å§‹çœŸæ­£æ­¥å…¥é›¶å”®ç•Œï¼Œå†ä»»æ­å·å¤§å¦è´­ç‰©ä¸­å¿ƒæ€»ç»ç†ã€æµ™æ±Ÿé“¶æ³°ç™¾è´§æ€»ç»ç†ã€æ·±åœ³åæ¶¦ä¸‡è±¡åŸæ€»ç»ç†ã€åŒ—äº¬åç†™é•¿å®‰mallæ€»ç»ç†ã€‚2008å¹´é€€ä¼‘è‡³ä»Šï¼Œå…ˆåä¸ºäºŒåå‡ å®¶ä¼ä¸šæœåŠ¡ï¼Œæ‹…ä»»é¡¾é—®ã€è‘£äº‹ï¼Œæˆ–æ‰¿æ‹…å’¨è¯¢æˆ–çŸ­æœŸåŸ¹è®­å·¥ä½œã€‚å‡ºç‰ˆã€Šæˆ‘èƒ½â€”â€”ç™¾è´§å¥³äººå‰ç²æ‰‹è®°ã€‹ã€‚","book_name":"ã€Šæ°¸è¿œçš„é›¶å”®ï¼šå‰ç²çš„é›¶å”®ç»è¥å“²å­¦ã€‹","book_author":"å‰ç²","press":"æµ™æ±Ÿå¤§å­¦å‡ºç‰ˆç¤¾Â·è“ç‹®å­","publish_time":"1900-01-20","catalog":"","catalog_list":[],"book_intro":"é›¶å”®ï¼Œä¸€ä¸ªéå¸¸å¤è€è€Œåˆæ°¸è¿œå¹´è½»çš„è¡Œä¸šï¼Œå®ƒä¸æ–­æ¥å—æ—¶ä»£å‰æ²¿çš„ä¿¡æ¯ä¸å…ƒç´ ï¼Œè£‚å˜å‡ºæ–°çš„ä¸šæ€ï¼Œå¸¦é¢†æ—¶å°šæ½®æµã€‚å›åˆ°æœ¬è´¨ï¼Œæ¯ä¸€ä¸ªé›¶å”®äººå§‹ç»ˆéœ€è¦æ€è€ƒçš„æ˜¯ï¼Œå¦‚ä½•â€œæŠŠå¯¹çš„å•†å“ï¼Œä»¥åˆé€‚çš„ä»·æ ¼ï¼Œå–ç»™åˆé€‚çš„æ¶ˆè´¹è€…â€ã€‚\r\n\r\nåœ¨æœ¬ä¹¦ä¸­ï¼Œâ€œç™¾è´§å¥³ç‹â€å‰ç²ç»“åˆè‡ªèº«äºŒåå¤šå¹´çš„é›¶å”®ä»ä¸šç»éªŒï¼Œä»ä¼ä¸šå®šä½ã€ç»„ç»‡æ›´æ–°ã€æµç¨‹è®¾è®¡ã€ç»è¥ç®¡ç†ã€äººåŠ›èµ„æºã€è¶‹åŠ¿åˆ›æ–°ç­‰å¤šä¸ªæ–¹é¢å‰–æé›¶å”®è¡Œä¸šçš„ç—‡ç»“å’Œé›¶å”®ä¼ä¸šç®¡ç†ä¸­çš„æ ¸å¿ƒè¦ç´ ã€‚æå‡ºâ€œé›¶å”®æ²¡æœ‰æ–°æ—§ä¹‹åˆ†â€çš„å‰ç²ï¼Œå°†ä½¿è¯»è€…é‡æ–°è®¤è¯†é›¶å”®ï¼Œäº†è§£é›¶å”®ä¸šæ°¸ä¸è¤ªè‰²çš„ç»è¥å“²å­¦å’Œç®¡ç†æ™ºæ…§ã€‚","tts_switch":1,"merchant_id":1901,"contract_number":"","online_time":1536551100,"b_special_price":"","current_price":"19.99","b_special_price_stime":1514736000,"b_special_price_etime":1514736000,"is_buy":false,"current_timestamp":1558440304,"chapter_list":[],"is_trial":true,"is_tts_switch":false,"log_id":"2718","log_type":"ebook","read_progress":0,"reading_title":"","original_price":"19.99","special_offer_status":0,"page_num":0,"author_list":null,"can_trial_read":false,"reading_word_count":0,"reading_word_token":"","trial_read_proportion":"","authors":null,"with_video":false,"b_package_end_time":"","b_package_price":"0.00","b_package_start_time":""},{"id":2730,"title":"","style":3,"type":1,"class":0,"sub_class":0,"author":"","cover":"http://piccdn.igetget.com/img/201809/06/201809062047077058031212.jpg","banner":"","count":0,"price":"29.99","status":1,"epub":"2019","sell_count":0,"sell_seven_day":0,"operating_title":"æŸ¥ç†èŠ’æ ¼çš„åŸåˆ™","short_title":"","integral":0,"other_content":"","other_share_title":"åˆ†äº«æ ‡é¢˜","other_share_summary":"æ‘˜è¦","other_data":"","top":0,"datetime":"","uptime":"","author_info":"","book_name":"æŸ¥ç†èŠ’æ ¼çš„åŸåˆ™","book_author":"","press":"","publish_time":"1900-01-20","catalog":"","catalog_list":[],"book_intro":"å†…å®¹ç®€ä»‹\r\nå†…å®¹ç®€ä»‹","tts_switch":1,"merchant_id":1000,"contract_number":"","online_time":1536238085,"b_special_price":"3.99","current_price":"29.99","b_special_price_stime":1541052900,"b_special_price_etime":1543507200,"is_buy":false,"current_timestamp":1558440304,"chapter_list":[],"is_trial":true,"is_tts_switch":false,"log_id":"2730","log_type":"ebook","read_progress":0,"reading_title":"","original_price":"29.99","special_offer_status":0,"page_num":0,"author_list":null,"can_trial_read":false,"reading_word_count":0,"reading_word_token":"","trial_read_proportion":"","authors":null,"with_video":false,"b_package_end_time":"","b_package_price":"0.00","b_package_start_time":""},{"id":2710,"title":"","style":2,"type":1,"class":0,"sub_class":0,"author":"","cover":"http://piccdn.igetget.com/img/201804/24/201804241442582270496672.jpg","banner":"","count":0,"price":"15.99","status":1,"epub":"2019","sell_count":0,"sell_seven_day":27,"operating_title":"ä»˜è´¹ï¼šäº’è”ç½‘çŸ¥è¯†ç»æµçš„å…´èµ·","short_title":"","integral":0,"other_content":"","other_share_title":"å¾—åˆ°å¥½ä¹¦| ä»˜è´¹ï¼šäº’è”ç½‘çŸ¥è¯†ç»æµçš„å…´èµ·","other_share_summary":"ã€Œé™æ—¶6æŠ˜ã€2017å¹´åº¦â€œä¸­å›½å¥½ä¹¦â€ï¼Œä¸ºä½ å±•ç°äº’è”ç½‘çŸ¥è¯†ç»æµå…¨æ™¯å¤§å›¾ã€‚","other_data":"","top":0,"datetime":"","uptime":"","author_info":"ä½œè€…æ–¹å†›ï¼Œèµ„æ·±äº’è”ç½‘äººã€çŸ¥è¯†ä¸“å®¶ï¼Œè·¨ç•ŒäºæŠ€æœ¯ã€ç®¡ç†ä¸å†…å®¹ã€‚æ›¾ä»»åˆ›ä¸šé‚¦æ‰§è¡Œæ€»è£ã€ç°ä»£ä¼ æ’­é›†å›¢CTOï¼Œæœ‰è¶…è¿‡15å¹´çš„äº’è”ç½‘ä¸çŸ¥è¯†äº§ä¸šä»ä¸šç»éªŒï¼Œè‘—æœ‰ã€Šåˆ›æ„ï¼Œæœªæ¥çš„å·¥ä½œæ–¹å¼ã€‹","book_name":"ã€Šä»˜è´¹ï¼šäº’è”ç½‘çŸ¥è¯†ç»æµçš„å…´èµ·ã€‹","book_author":"æ–¹å†›","press":"æœºæ¢°å·¥ä¸šå‡ºç‰ˆç¤¾Â·åç« å›¾æ–‡","publish_time":"1900-01-20","catalog":"","catalog_list":[],"book_intro":"ä¹¦æ˜¯æœ€æ—©çš„çŸ¥è¯†è½½ä½“ï¼Œå·²æœ‰2000å¤šå¹´çš„ä»˜è´¹å†å²ï¼Œéšç€ç§»åŠ¨äº’è”ç½‘çš„æ™®åŠï¼Œæ–°çš„çŸ¥è¯†ç»æµåœ¨ä»Šå¤©çˆ†å‘ï¼ŒçŸ¥è¯†çš„åˆ›é€ è€…å’Œä¼ æ’­è€…ä»ä¹¦åèµ°åˆ°äº†ä¹¦å‰ï¼Œäº’è”ç½‘çŸ¥è¯†ç»æµæ­£åœ¨æ‹‰å¼€å¸·å¹•ã€‚çŸ¥è¯†çš„å†…å®¹æœ¬èº«æ²¡æœ‰å‘ç”Ÿå˜åŒ–ï¼Œè€Œè½½ä½“ã€ç»“æ„ã€äº§å“å½¢æ€ã€ç”¨æˆ·å…³ç³»å‡å·²è¢«é‡å¡‘ã€‚å°†çŸ¥è¯†ä½œä¸ºä¸€ä¸ªäº§å“ï¼Œå®ƒéœ€è¦ä¸€å¥—äº§å“æ€ç»´å’Œæ–¹æ³•è®ºã€‚\r\n\r\næœ¬ä¹¦ç»™å‡ºäº†ä¸€ä¸ªè·¨ç•Œæ–°å…´äº§ä¸šçš„å…¨é¢è§£è¯»ï¼Œä»¥ä¸°å¯Œçš„è¡Œä¸šå®æˆ˜æ¢ç´¢ã€å¤§é‡çš„æ¡ˆä¾‹è°ƒç ”ã€ä¸¥è°¨çš„ç†è®ºç ”ç©¶ï¼Œé€šè¿‡çŸ¥è¯†ç»æµå•†ä¸šç”»å¸ƒå·¥å…·å’Œå‰æ²¿æ€è€ƒï¼Œè®©çŸ¥è¯†ç»æµçš„å‚ä¸è€…å’Œç”¨æˆ·æ›´å¥½åœ°çœ‹æ¸…æµªæ½®è¶‹åŠ¿ã€ç”Ÿæ€å…¨å±€å’Œç²¾è‡´ç»†èŠ‚ï¼Œæ›´å¥½åœ°ç†è§£äº’è”ç½‘çŸ¥è¯†ç»æµçš„é€»è¾‘å’Œæ¨¡å¼ã€‚\r\n\r\nå…³äºçŸ¥è¯†ï¼Œäº’è”ç½‘å¸¦æ¥çš„ä¸åªæ˜¯ç»æµå˜åŒ–ï¼Œä¹Ÿäº‹å…³çŸ¥è¯†çš„åˆ›é€ ã€ä¼ æ’­ä»¥åŠæˆ‘ä»¬æ¯ä¸ªä¸ªä½“çš„ç²¾ç¥ç”Ÿæ´»ã€‚25å¹´å‰ï¼Œå¾·é²å…‹è¯´ï¼šâ€œç§°æˆ‘ä»¬çš„ç¤¾ä¼šä¸ºçŸ¥è¯†ç¤¾ä¼šï¼Œå¯èƒ½ä¸ºæ—¶è¿‡æ—©ã€‚â€ç°åœ¨ï¼Œç§°æˆ‘ä»¬æ‰€å¤„çš„æ˜¯äº’è”ç½‘çŸ¥è¯†ç¤¾ä¼šä¹Ÿå¯èƒ½å¤ªæ”¾è‚†ï¼Œä½†æˆ‘ä»¬ä¸åº”è¯¥å»æ‹¥æŠ±è¿™ä¸ªæ–°å…´çš„è·¨ç•Œäº§ä¸šå—ï¼Ÿ","tts_switch":1,"merchant_id":10006,"contract_number":"","online_time":1533800737,"b_special_price":"0","current_price":"15.99","b_special_price_stime":1514736000,"b_special_price_etime":1514736000,"is_buy":false,"current_timestamp":1558440304,"chapter_list":[],"is_trial":true,"is_tts_switch":false,"log_id":"2710","log_type":"ebook","read_progress":0,"reading_title":"","original_price":"15.99","special_offer_status":0,"page_num":0,"author_list":null,"can_trial_read":false,"reading_word_count":0,"reading_word_token":"","trial_read_proportion":"","authors":null,"with_video":false,"b_package_end_time":"","b_package_price":"0.00","b_package_start_time":""},{"id":2721,"title":"","style":3,"type":1,"class":0,"sub_class":0,"author":"","cover":"http://piccdn.igetget.com/img/201807/24/201807241622571648592277.jpg","banner":"","count":0,"price":"12.00","status":1,"epub":"2019","sell_count":0,"sell_seven_day":0,"operating_title":"å°±ç”¨è¿™ä¸ªè¯•ä¸€ä¸‹","short_title":"","integral":0,"other_content":"","other_share_title":"é¢å¤´çš„é£æ ¼","other_share_summary":"å¤§é”…é¥­","other_data":"","top":0,"datetime":"","uptime":"","author_info":"","book_name":"12","book_author":"","press":"","publish_time":"1900-01-20","catalog":"","catalog_list":[],"book_intro":"åˆšå¥½","tts_switch":0,"merchant_id":1000,"contract_number":"","online_time":0,"b_special_price":"0","current_price":"12.00","b_special_price_stime":1514736000,"b_special_price_etime":1514736000,"is_buy":false,"current_timestamp":1558440304,"chapter_list":[],"is_trial":true,"is_tts_switch":false,"log_id":"2721","log_type":"ebook","read_progress":0,"reading_title":"","original_price":"12.00","special_offer_status":0,"page_num":0,"author_list":null,"can_trial_read":false,"reading_word_count":0,"reading_word_token":"","trial_read_proportion":"","authors":null,"with_video":false,"b_package_end_time":"","b_package_price":"0.00","b_package_start_time":""},{"id":2720,"title":"","style":2,"type":1,"class":0,"sub_class":0,"author":"","cover":"http://piccdn.igetget.com/img/201807/24/201807241537390160795772.png","banner":"","count":0,"price":"11.00","status":1,"epub":"2019","sell_count":0,"sell_seven_day":0,"operating_title":"æ–°ä¸Šçš„ç”µå­ä¹¦","short_title":"","integral":0,"other_content":"","other_share_title":"ç”µé¥­é”…","other_share_summary":"å½“è¿‡å…µ","other_data":"","top":0,"datetime":"","uptime":"","author_info":"ç”µè´¹","book_name":"11","book_author":"22","press":"33","publish_time":"1900-01-20","catalog":"","catalog_list":[],"book_intro":"é¢ç½‘å…³","tts_switch":1,"merchant_id":10000,"contract_number":"","online_time":0,"b_special_price":"0","current_price":"11.00","b_special_price_stime":1514736000,"b_special_price_etime":1514736000,"is_buy":false,"current_timestamp":1558440304,"chapter_list":[],"is_trial":true,"is_tts_switch":false,"log_id":"2720","log_type":"ebook","read_progress":0,"reading_title":"","original_price":"11.00","special_offer_status":0,"page_num":0,"author_list":null,"can_trial_read":false,"reading_word_count":0,"reading_word_token":"","trial_read_proportion":"","authors":null,"with_video":false,"b_package_end_time":"","b_package_price":"0.00","b_package_start_time":""},{"id":2719,"title":"","style":2,"type":1,"class":0,"sub_class":0,"author":"","cover":"http://piccdn.igetget.com/img/201807/24/201807241514067170432884.jpg","banner":"","count":0,"price":"9.90","status":1,"epub":"2019","sell_count":0,"sell_seven_day":0,"operating_title":"æ–°åŠ ç”µå­ä¹¦æµ‹è¯•","short_title":"","integral":0,"other_content":"","other_share_title":"123","other_share_summary":"3243","other_data":"","top":0,"datetime":"","uptime":"","author_info":"","book_name":"æµ‹è¯•ä¹¦å","book_author":"","press":"","publish_time":"1900-01-20","catalog":"","catalog_list":[],"book_intro":"243254","tts_switch":0,"merchant_id":1000,"contract_number":"","online_time":0,"b_special_price":"0","current_price":"9.90","b_special_price_stime":1514736000,"b_special_price_etime":1514736000,"is_buy":false,"current_timestamp":1558440304,"chapter_list":[],"is_trial":true,"is_tts_switch":false,"log_id":"2719","log_type":"ebook","read_progress":0,"reading_title":"","original_price":"9.90","special_offer_status":0,"page_num":0,"author_list":null,"can_trial_read":false,"reading_word_count":0,"reading_word_token":"","trial_read_proportion":"","authors":null,"with_video":false,"b_package_end_time":"","b_package_price":"0.00","b_package_start_time":""},{"id":2716,"title":"","style":4,"type":1,"class":0,"sub_class":0,"author":"","cover":"http://piccdn.igetget.com/img/201804/25/201804251803586111998651.jpg","banner":"","count":0,"price":"9.99","status":1,"epub":"2019","sell_count":0,"sell_seven_day":0,"operating_title":"ä»é›¶å¼€å§‹è¯»æ‡‚åšå¼ˆè®º","short_title":"","integral":0,"other_content":"","other_share_title":"å¾—åˆ°å¥½ä¹¦ | ä»é›¶å¼€å§‹è¯»æ‡‚åšå¼ˆè®º","other_share_summary":"å¥½ç©ã€æœ‰è¶£ã€æ¥åœ°æ°”çš„åšå¼ˆè¯´æ˜ä¹¦ã€‚å…¨æ–¹ä½æ­éœ²åšå¼ˆçš„ç§˜å¯†ï¼Œè®©ä¸»åŠ¨æƒæŠŠæ¡åœ¨ä½ æ‰‹ä¸­ã€‚","other_data":"","top":0,"datetime":"","uptime":"","author_info":"æš‚æ— ä½œè€…è¯¦ç»†ä¿¡æ¯","book_name":"ã€Šä»é›¶å¼€å§‹è¯»æ‡‚åšå¼ˆè®ºã€‹","book_author":"é‚¢ç¾¤éºŸã€ç‹è‰³æ˜ ","press":"ç«‹ä¿¡ä¼šè®¡å‡ºç‰ˆç¤¾Â·é˜…å¾®æ–‡åŒ–","publish_time":"1900-01-20","catalog":"","catalog_list":[],"book_intro":"åšå¼ˆè®ºæ˜¯åœ¨è¥¿æ–¹å“²å­¦ã€ç»æµå­¦ã€å¿ƒç†å­¦ã€ä¿¡æ¯è®ºçš„åŸºç¡€ä¸Šå‘å±•åˆ›æ–°å‡ºæ¥çš„æ€ç»´åˆ©å™¨ã€‚æˆ‘ä»¬èº«è¾¹æ— æ—¶æ— åˆ»ä¸å­˜åœ¨ç€åšå¼ˆï¼Œç”Ÿæ´»ä¸­å¸¸è§çš„ä¸€äº›é—®é¢˜éƒ½èƒ½å¤Ÿè¿ç”¨åšå¼ˆè®ºæ¥å¯»æ‰¾æœ€ä½³çš„è§£å†³ä¹‹é“ï¼Œç”¨åšå¼ˆæ™ºæ…§æ¥æŒ‡å¯¼ç”Ÿæ´»å†³ç­–ã€‚\r\n\r\nã€Šä»é›¶å¼€å§‹è¯»æ‡‚åšå¼ˆè®ºã€‹é€šè¿‡å›¾æ–‡ç»“åˆçš„æ–¹å¼ä»‹ç»åšå¼ˆè®ºçš„åŸºæœ¬æ€æƒ³åŠè¿ç”¨ï¼Œé€šä¿—æ˜“æ‡‚ï¼Œé¥¶æœ‰è¶£å‘³ï¼Œå¹¶å¯»æ±‚ç”¨åšå¼ˆçš„æ€ç»´æ™ºæ…§æ¥æŒ‡å¯¼ç”Ÿæ´»å’Œå·¥ä½œã€‚è¯»è€…å¯ä»¥åœ¨ç”Ÿæ´»ä¸­å¸¸è§çš„äº‹ä¾‹ä¸­è½»æ¾é¢†ä¼šåšå¼ˆæ€ç»´çš„ç²¾é«“ï¼Œè·å–å¼€å¯äººç”Ÿæ™ºæ…§çš„é‡‘é’¥åŒ™ã€‚","tts_switch":1,"merchant_id":1000,"contract_number":"","online_time":0,"b_special_price":"","current_price":"9.99","b_special_price_stime":1514736000,"b_special_price_etime":1514736000,"is_buy":false,"current_timestamp":1558440304,"chapter_list":[],"is_trial":true,"is_tts_switch":false,"log_id":"2716","log_type":"ebook","read_progress":0,"reading_title":"","original_price":"9.99","special_offer_status":0,"page_num":0,"author_list":null,"can_trial_read":false,"reading_word_count":0,"reading_word_token":"","trial_read_proportion":"","authors":null,"with_video":false,"b_package_end_time":"","b_package_price":"0.00","b_package_start_time":""},{"id":2715,"title":"","style":2,"type":1,"class":0,"sub_class":0,"author":"","cover":"http://piccdn.igetget.com/img/201804/25/201804251749016750296437.jpg","banner":"","count":0,"price":"9.99","status":1,"epub":"2019","sell_count":0,"sell_seven_day":0,"operating_title":"ä»é›¶å¼€å§‹è¯»æ‡‚ç®¡ç†å­¦","short_title":"","integral":0,"other_content":"","other_share_title":"å¾—åˆ°å¥½ä¹¦ | ä»é›¶å¼€å§‹è¯»æ‡‚ç®¡ç†å­¦","other_share_summary":"ç®¡ç†è€…å¿…è¯»ã€‚æŒæ¡åœ¨å›¢é˜Ÿä¸­æˆå°±ä¼˜ç§€ç®¡ç†äººçš„12é¡¹æ³•åˆ™ï¼Œä¸ºä½ æä¾›å®ç”¨çš„å‚è€ƒã€‚","other_data":"","top":0,"datetime":"","uptime":"","author_info":"ä½œè€…é²å…‹å¾·ï¼ŒçŸ¥åå¤§å­¦ç®¡ç†å­¦é™¢æ¯•ä¸šï¼Œç°ä¸ºæŸå¤§å‹é›†å›¢å…¬å¸äººåŠ›èµ„æºéƒ¨éƒ¨é•¿ï¼Œå¯¹ä¸–ç•Œ500å¼ºç®¡ç†æœ‰æ·±å…¥çš„äº†è§£ï¼Œå‘è¡¨æ¼”è®²100ä½™æ¬¡ï¼Œå¬ä¼—è¾¾2ä¸‡ä½™äººï¼Œè‘—æœ‰ã€Šç®¡ç†è¦è¯»å¿ƒç†å­¦ã€‹ã€Šè½»æ¾å¸¦é˜Ÿä¼ã€‹ã€Šç®¡ç†çš„100ä¸ªå…³é”®è¯ã€‹ç­‰ä½œå“ã€‚","book_name":"ã€Šä»é›¶å¼€å§‹è¯»æ‡‚ç®¡ç†å­¦ã€‹","book_author":"é²å…‹å¾·","press":"ç«‹ä¿¡ä¼šè®¡å‡ºç‰ˆç¤¾Â·é˜…å¾®æ–‡åŒ–","publish_time":"1900-01-20","catalog":"","catalog_list":[],"book_intro":"åœ¨ç°ä»£ç®¡ç†æ–¹å¼ä¸­ï¼Œç®¡ç†ä¸æ˜¯ç©å¼„æƒæœ¯ï¼Œä¸æ˜¯æŒ‡è´£æ‰¹è¯„ï¼Œè€Œæ˜¯éœ€è¦æ™ºæ…§ã€æ–¹æ³•å’ŒæŠ€å·§çš„ï¼Œæ˜¯æ¯ä¸ªæœ‰å¿—äºæˆä¸ºç®¡ç†äººæ‰æ‰€å¿…é¡»æŒæ¡å’Œå®è·µçš„ä¸€é—¨å­¦é—®ï¼Œä¸€é—¨è‰ºæœ¯ã€‚ã€Šä»é›¶å¼€å§‹è¯»æ‡‚ç®¡ç†å­¦ã€‹ä»¥å®ç”¨æ€§å’Œè¶£å‘³æ€§ä¸ºåŸåˆ™ï¼Œå¯¹æœ‰å…³ç®¡ç†å·¥ä½œçš„æ–¹æ–¹é¢é¢åšäº†è¯¦ç»†å…¨é¢çš„ä»‹ç»ï¼Œæ·±å…¥æµ…å‡ºï¼Œé€šä¿—æ˜“æ‡‚ï¼Œæ˜¯ç®¡ç†è€…å’ŒèŒåœºäººå£«å¿…å¤‡çš„ç®¡ç†å­¦æˆåŠŸæŒ‡å—ã€‚ä¹¦ä¸­æ¨èçš„ç®¡ç†æ–¹æ³•ç§‘å­¦å®ç”¨ï¼Œåˆ‡å®å¯è¡Œï¼›åŒæ—¶ç»“åˆç®¡ç†å¿ƒç†å­¦ç†è®ºï¼Œç»™æ¯ä¸€ä½ç®¡ç†è€…æä¾›äº†æœ‰æ•ˆçš„å¸®åŠ©ã€‚","tts_switch":1,"merchant_id":10063,"contract_number":"","online_time":0,"b_special_price":"0","current_price":"9.99","b_special_price_stime":1514736000,"b_special_price_etime":1514736000,"is_buy":false,"current_timestamp":1558440304,"chapter_list":[],"is_trial":true,"is_tts_switch":false,"log_id":"2715","log_type":"ebook","read_progress":0,"reading_title":"","original_price":"9.99","special_offer_status":0,"page_num":0,"author_list":null,"can_trial_read":false,"reading_word_count":0,"reading_word_token":"","trial_read_proportion":"","authors":null,"with_video":false,"b_package_end_time":"","b_package_price":"0.00","b_package_start_time":""},{"id":2714,"title":"","style":2,"type":1,"class":0,"sub_class":0,"author":"","cover":"http://piccdn.igetget.com/img/201804/25/201804251704302735439095.jpg","banner":"","count":0,"price":"19.99","status":1,"epub":"2019","sell_count":0,"sell_seven_day":0,"operating_title":"çˆ±ä¼¦Â·å¡çŸ­ç¯‡å°è¯´é›†","short_title":"","integral":0,"other_content":"","other_share_title":"å¾—åˆ°å¥½ä¹¦ | çˆ±ä¼¦Â·å¡çŸ­ç¯‡å°è¯´é›†","other_share_summary":"ã€Œé™æ—¶6æŠ˜ã€æ¨ç†ã€æƒŠæ‚šå°è¯´é¼»ç¥–çˆ±ä¼¦Â·å¡26ç¯‡ç²¾é€‰ä½œå“ã€‚","other_data":"","top":0,"datetime":"","uptime":"","author_info":"","book_name":"ã€Šçˆ±ä¼¦Â·å¡çŸ­ç¯‡å°è¯´é›†ã€‹","book_author":"","press":"","publish_time":"1900-01-20","catalog":"","catalog_list":[],"book_intro":"åœ¨äººç±»å…±åŒçš„ç²¾ç¥ä¸–ç•Œï¼Œçˆ±ä¼¦Â·å¡çš„æƒ³è±¡åŠ›å’Œå†’é™©ç²¾ç¥æ— å¯æ›¿ä»£ï¼Œä»–ä¸€ä¸ªäººå¼€åˆ›äº†æ¨ç†ã€ç§‘å¹»å’ŒæƒŠæ‚šå°è¯´ã€‚ä¾¦æ¢æ‚¬ç–‘å°è¯´çš„è‡³é«˜å¥–é¡¹â€œçˆ±ä¼¦Â·å¡å¥–â€ä»¥ä»–çš„åå­—å‘½åã€‚\r\n\r\nç²¾é€‰26ç¯‡çˆ±ä¼¦Â·å¡çŸ­ç¯‡å°è¯´ä»£è¡¨ä½œï¼Œå¹¶åˆ†ä¸ºæƒŠæ‚šå°è¯´ã€å¿ƒç†å°è¯´ã€æ¨ç†å°è¯´å’Œå¹»æƒ³å°è¯´å››å¤§ç±»ï¼Œæ¸…æ™°å±•ç°äº†çˆ±ä¼¦Â·å¡åœ¨å„ä¸ªé¢†åŸŸçš„æ°å‡ºæˆå°±ï¼Œå…¶ä¸­åŒ…æ‹¬ã€Šå„èˆåºœçš„å€’å¡Œã€‹ã€Šè«æ ¼è¡—è°‹æ€æ¡ˆã€‹ã€Šé»‘çŒ«ã€‹ã€Šé‡‘ç”²è™«ã€‹ç­‰åç¯‡ã€‚\r\n\r\nç²¾é€‰25å¹…ç²¾ç¾æ’å›¾ï¼Œç”±çˆ±å°”å…°è‘—åçš„ç»ç’ƒè‰ºæœ¯å®¶å’Œæ’ç”»å®¶å“ˆåˆ©Â·å…‹æ‹‰å…‹ï¼ˆHarry Clarkeï¼‰æ‰€ç»˜ã€‚è¿™äº›æ’å›¾ç”»é£ç²¾ç¾ã€é£æ ¼å¼ºçƒˆï¼Œæå…·è‰ºæœ¯æ„ŸæŸ“åŠ›ï¼Œç”ŸåŠ¨å±•ç°äº†çˆ±ä¼¦Â·å¡å°è¯´çš„ç‹¬ç‰¹é£æ ¼ã€‚","tts_switch":1,"merchant_id":1000,"contract_number":"","online_time":0,"b_special_price":"","current_price":"19.99","b_special_price_stime":1514736000,"b_special_price_etime":1514736000,"is_buy":false,"current_timestamp":1558440304,"chapter_list":[],"is_trial":true,"is_tts_switch":false,"log_id":"2714","log_type":"ebook","read_progress":0,"reading_title":"","original_price":"19.99","special_offer_status":0,"page_num":0,"author_list":null,"can_trial_read":false,"reading_word_count":0,"reading_word_token":"","trial_read_proportion":"","authors":null,"with_video":false,"b_package_end_time":"","b_package_price":"0.00","b_package_start_time":""},{"id":2713,"title":"","style":2,"type":1,"class":0,"sub_class":0,"author":"","cover":"http://piccdn.igetget.com/img/201804/25/201804251420468778325374.jpg","banner":"","count":0,"price":"24.99","status":1,"epub":"2019","sell_count":0,"sell_seven_day":0,"operating_title":"åˆ«æƒ³é‚£åªå¤§è±¡","short_title":"","integral":0,"other_content":"","other_share_title":"å¾—åˆ°å¥½ä¹¦| åˆ«æƒ³é‚£åªå¤§è±¡","other_share_summary":"ã€Œé™æ—¶7æŠ˜ã€æ•™ä½ ç”¨â€œéšå–»â€å’Œâ€œæ¡†æ¶â€ä¸¤å¤§åˆ©å™¨æŠ“ä½è¯­è¨€çš„æœ¬è´¨ï¼Œåœ¨äººé™…æ²Ÿé€šä¸­è¯´æœå¯¹æ‰‹ã€‚","other_data":"","top":0,"datetime":"","uptime":"","author_info":"","book_name":"ã€Šåˆ«æƒ³é‚£åªå¤§è±¡ã€‹","book_author":"","press":"","publish_time":"1900-01-20","catalog":"","catalog_list":[],"book_intro":"ä½œä¸ºä¸€ä¸ªç ”ç©¶è¯­è¨€å’Œè®¤çŸ¥çš„ç§‘å­¦å®¶ï¼Œä¹”æ²»Â·è±è€ƒå¤«è®¤ä¸ºï¼Œæ§åˆ¶äº†è¯­è¨€å°±æ§åˆ¶äº†æ€æƒ³ã€‚ä»–åœ¨ã€Šåˆ«æƒ³é‚£åªå¤§è±¡ã€‹ä¸€ä¹¦ä¸­ï¼Œä»¥ç¾å›½æ”¿å®¢çš„ç«é€‰è¯­è¨€ä¸ºä¾‹ï¼Œè¯¦ç»†è§£é‡Šäº†è¿™ä¸€ç†è®ºï¼Œå¹¶æŒ‡æ˜äº†åœ¨å®é™…è¯­è¨€æ²Ÿé€šä¸­å¦‚ä½•è¿ç”¨è¯¥ç†è®ºçš„æ–¹æ³•ã€‚\r\n\r\nä¹”æ²»Â·è±è€ƒå¤«é•¿æœŸä»¥æ¥ç€åŠ›ç ”ç©¶è®¤çŸ¥è¯­è¨€å­¦å¯¹äººé™…æ²Ÿé€šçš„å¯ç¤ºã€‚ä»–ç”¨â€œåˆ«æƒ³å¤§è±¡â€è¿™ä¸ªä¾‹å­è¯´æ˜ï¼Œåœ¨è¯­è¨€å¤§æˆ˜ä¸­æˆ˜èƒœå¯¹æ‰‹çš„æ–¹æ³•å¾ˆç®€å•ï¼šåƒä¸‡ä¸è¦ç”¨å¯¹æ–¹å·²ç»ä¸æ–­é‡å¤å¼ºè°ƒçš„å…³é”®è¯ã€‚ä»–å‘Šè¯‰æˆ‘ä»¬ï¼Œâ€œéšå–»â€å’Œâ€œæ¡†æ¶â€æ˜¯æ§åˆ¶è¯è¯­æƒçš„ä¸¤å¤§åˆ©å™¨ï¼Œä½ å¯ä»¥è¿ç”¨è¿™ä¸¤ç§æ­¦å™¨åœ¨30ç§’ä¹‹å†…äº†è§£å¯¹æ–¹è¨€è¯­çš„æ ¸å¿ƒå«ä¹‰ï¼Œå¹¶è¿…é€Ÿåšå‡ºååº”ã€‚\r\n\r\nã€Šåˆ«æƒ³é‚£åªå¤§è±¡ã€‹ä¸ä»…æ•™æˆ‘ä»¬åœ¨è¯è¯­è§’åŠ›ä¸­æŠ¢å é«˜åœ°ã€è¾¾æˆè‡ªå·±çš„ç›®çš„ï¼Œè¿˜å¯ä»¥è®©æˆ‘ä»¬å˜å¾—ä¸é‚£ä¹ˆå®¹æ˜“è¢«å¼•å¯¼ã€æ“å¼„å’Œç…½åŠ¨ã€‚è¥é”€ã€å¹¿å‘Šã€å…¬å…³ã€åª’ä½“ç­‰é¢†åŸŸäººå£«å¿…è¯»ã€‚","tts_switch":1,"merchant_id":1000,"contract_number":"","online_time":0,"b_special_price":"0","current_price":"24.99","b_special_price_stime":1514736000,"b_special_price_etime":1514736000,"is_buy":false,"current_timestamp":1558440304,"chapter_list":[],"is_trial":true,"is_tts_switch":false,"log_id":"2713","log_type":"ebook","read_progress":0,"reading_title":"","original_price":"24.99","special_offer_status":0,"page_num":0,"author_list":null,"can_trial_read":false,"reading_word_count":0,"reading_word_token":"","trial_read_proportion":"","authors":null,"with_video":false,"b_package_end_time":"","b_package_price":"0.00","b_package_start_time":""},{"id":2712,"title":"","style":2,"type":1,"class":0,"sub_class":0,"author":"","cover":"http://piccdn.igetget.com/img/201804/24/201804241835057363617645.jpg","banner":"","count":0,"price":"30.99","status":1,"epub":"2019","sell_count":0,"sell_seven_day":20,"operating_title":"ç»ä½³æé—®ï¼šæ¢è¯¢æ”¹å˜å•†ä¸šä¸ç”Ÿæ´»","short_title":"","integral":0,"other_content":"","other_share_title":"å¾—åˆ°å¥½ä¹¦| ç»ä½³æé—®ï¼šæ¢è¯¢æ”¹å˜å•†ä¸šä¸ç”Ÿæ´»","other_share_summary":"ã€Œé™æ—¶7æŠ˜ã€æ‰€æœ‰é¢ è¦†æ€§åˆ›æ–°ï¼Œæºäºä¸€ä¸ªç”±åˆ›æ–°è€…æå‡ºå¹¶ç»™å‡ºç­”æ¡ˆçš„ç¾ä¸½é—®é¢˜ã€‚","other_data":"","top":0,"datetime":"","uptime":"","author_info":"","book_name":"ã€Šç»ä½³æé—®ï¼šæ¢è¯¢æ”¹å˜å•†ä¸šä¸ç”Ÿæ´»ã€‹","book_author":"","press":"","publish_time":"1900-01-20","catalog":"","catalog_list":[],"book_intro":"æœ‰æ·±åº¦çš„ã€æœ‰æƒ³è±¡åŠ›å’Œç¾å¦™çš„æ¢è¯¢èƒ½å¸®åŠ©æˆ‘ä»¬é‰´å®šå¹¶è§£å†³éš¾é¢˜ï¼Œå¸®åŠ©æˆ‘ä»¬äº§ç”Ÿèƒ½æ‰­è½¬å±€åŠ¿çš„æƒ³æ³•ï¼Œå¹¶ä¸”ä¹Ÿèƒ½å¸®åŠ©æˆ‘ä»¬è¿½å¯»æ–°æœºé‡ã€‚æ‰€ä»¥ï¼Œä¸ºä»€ä¹ˆæˆ‘ä»¬æ€»æ˜¯ä¸æ„¿æ„å»é—®â€œä¸ºä»€ä¹ˆâ€å‘¢ï¼Ÿ\r\n\r\nåˆ›é€ åŠ›å’Œå¾ˆæˆåŠŸçš„äººå¾€å¾€éƒ½æ˜¯æ¢è¯¢ä¸“å®¶ã€‚ä»–ä»¬å·²ç»æŒæ¡äº†æ¢è¯¢çš„è‰ºæœ¯ï¼Œä¼šæå‡ºå…¶ä»–äººä¸ä¼šæå‡ºçš„é—®é¢˜ï¼Œå¹¶ä¸”ä»–ä»¬è¿˜ä¼šå¯»æ‰¾å¾ˆæœ‰åŠ›çš„ç­”æ¡ˆã€‚ä½œè€…å¸¦æˆ‘ä»¬è¿‘è·ç¦»è§‚å¯Ÿäº†ä¸€äº›ç‰¹åˆ«å…·æœ‰æ´»åŠ›çš„å…¬å¸ï¼Œæ¯”å¦‚è°·æ­Œã€å¥ˆé£ã€IDEOå’ŒAirbnbï¼Œå¹¶å‘æˆ‘ä»¬å±•ç¤ºå‡ºæ¢è¯¢æ˜¯å¦‚ä½•æ·±æ·±æ¤å…¥å…¬å¸çš„DNAçš„ã€‚","tts_switch":1,"merchant_id":1,"contract_number":"","online_time":0,"b_special_price":"0","current_price":"30.99","b_special_price_stime":1514736000,"b_special_price_etime":1514736000,"is_buy":false,"current_timestamp":1558440304,"chapter_list":[],"is_trial":true,"is_tts_switch":false,"log_id":"2712","log_type":"ebook","read_progress":0,"reading_title":"","original_price":"30.99","special_offer_status":0,"page_num":0,"author_list":null,"can_trial_read":false,"reading_word_count":0,"reading_word_token":"","trial_read_proportion":"","authors":null,"with_video":false,"b_package_end_time":"","b_package_price":"0.00","b_package_start_time":""},{"id":2709,"title":"","style":2,"type":1,"class":0,"sub_class":0,"author":"","cover":"http://piccdn.igetget.com/img/201804/24/201804241356070380651435.jpg","banner":"","count":0,"price":"15.99","status":1,"epub":"2019","sell_count":0,"sell_seven_day":40,"operating_title":"è¶…è¶ŠåŸç”Ÿå®¶åº­","short_title":"","integral":0,"other_content":"","other_share_title":"å¾—åˆ°å¥½ä¹¦| è¶…è¶ŠåŸç”Ÿå®¶åº­","other_share_summary":"ã€Œé™æ—¶8æŠ˜ã€ä¸€åˆ‡éƒ½æ˜¯ç«¥å¹´çš„é”™å—ï¼Ÿè¿™æœ¬ä¹¦èƒ½è®©ä½ æ”¹å˜ä¸åŸç”Ÿå®¶åº­çš„å…³ç³»ã€‚","other_data":"","top":0,"datetime":"","uptime":"","author_info":"","book_name":"ã€Šè¶…è¶ŠåŸç”Ÿå®¶åº­ã€‹","book_author":"","press":"","publish_time":"1900-01-20","catalog":"","catalog_list":[],"book_intro":"åŸç”Ÿå®¶åº­å°±æ˜¯æˆ‘ä»¬å‡ºç”Ÿå’Œæˆé•¿çš„å®¶åº­ï¼Œå…¶ä¸­çš„ç”Ÿæ´»ç»å†å¯¹æˆ‘ä»¬çš„ä¸€ç”Ÿå¾€å¾€å…·æœ‰æå¤§çš„å½±å“ã€‚è¿™ç§ç»å†çš„å½±å“å’Œä½œç”¨å¹¶éä»…é™äºæˆ‘ä»¬çš„ç«¥å¹´æ—¶æœŸã€‚æˆ‘ä»¬å¯¹è‡ªå·±çš„è®¤è¯†ã€å¯¹å¾…ä»–äººçš„æ–¹å¼ï¼Œä»¥åŠæˆ‘ä»¬çš„æ•´ä¸ªä¸–ç•Œè§‚ï¼Œéƒ½ç”±åŸç”Ÿå®¶åº­çš„ç¯å¢ƒæ‰€å¡‘é€ ã€‚åœ¨åŸç”Ÿå®¶åº­ä¸­ä¹ å¾—çš„å„ç§è§‚å¿µä¹Ÿä¼šä¼´éšæˆ‘ä»¬ä¸€ç”Ÿã€‚\r\n\r\nå¤§å¤šæ•°äººéƒ½ä¼šç¦»å¼€è‡ªå·±çš„åŸç”Ÿå®¶åº­ï¼Œåœ¨å¿ƒç†ä¸Šå´å¾ˆå°‘èƒ½å¤Ÿæ‘†è„±åŸç”Ÿå®¶åº­çš„å½±å“ã€‚æˆ‘ä»¬å¯¹è¿™ç§å½±å“çš„åº”å¯¹æ–¹å¼å¯èƒ½æˆªç„¶ä¸åŒï¼šæœ‰äº›äººä¼šå‹æŠ‘è‡ªå·±çš„æ„Ÿæƒ…ï¼ŒæŒ‰ç…§çˆ¶æ¯çš„å©å’è¡Œäº‹ã€‚æœ‰äº›äººçš„æ‰€ä½œæ‰€ä¸ºæ•…æ„ä¸çˆ¶æ¯çš„æœŸæœ›ç›¸åï¼Œæ°¸è¿œæ˜¯å›é€†è€…ã€‚æœ‰äº›äººå¸Œæœ›è¯æ˜çˆ¶æ¯æ˜¯ä¸ç§°èŒçš„ï¼Œå¹¶ä¸”å¸Œæœ›ä»–ä»¬èƒ½å¤Ÿæ”¹è¿›ã€‚æœ‰äº›äººåˆ™å¸Œæœ›ä¸åŸç”Ÿå®¶åº­åˆ’æ¸…ç•Œé™ï¼Œå¾ˆå°‘è¿”å›æˆ–è”ç³»åŸç”Ÿå®¶åº­ã€‚\r\n\r\nå³ä½¿ä½ ä¸åŸç”Ÿå®¶åº­è¿œéš”é‡æ´‹ï¼Œæˆ–è€…ç¦»å¼€åå†ä¹Ÿæ²¡æœ‰è¿”å›è¿‡ï¼Œä½†æ˜¯ä½ åœ¨è‡ªå·±å»ºç«‹çš„æ–°å®¶åº­ä¸­ï¼Œä»ç„¶ä¼šé‡å¤åŸç”Ÿå®¶åº­çš„å„ç§æœºåˆ¶å’Œè§„åˆ™ã€‚äººç”Ÿæœ€å›°éš¾çš„äº‹æƒ…ä¹‹ä¸€å°±æ˜¯ä»å¿ƒç†å’Œæ„Ÿæƒ…ä¸Šæ‘†è„±æ—©æœŸåŸç”Ÿå®¶åº­ç¯å¢ƒçš„å½±å“ï¼Œä¸å†é‡å¤åŸç”Ÿå®¶åº­ä¸­çš„ä¸€åˆ‡ï¼Œä¹Ÿä¸åˆ»æ„å»åšä¸ä¹‹æˆªç„¶ç›¸åçš„äº‹æƒ…ã€‚\r\n\r\næœ¬ä¹¦çš„ç›®çš„æ˜¯æ­ç¤ºåŸç”Ÿå®¶åº­çš„å†…éƒ¨è¿ä½œæœºåˆ¶ï¼Œå¸®åŠ©ä½ å­¦ä¼šåº”å¯¹åŸç”Ÿå®¶åº­å½±å“çš„å…¨æ–°æ–¹æ³•ï¼Œæ‘†è„±è¿‡å»åŸç”Ÿå®¶åº­é—ç•™çš„é—®é¢˜ï¼Œä»è€Œåœ¨æ–°å®¶åº­ä¸­è¿‡å¾—æ›´åŠ å¹¸ç¦å¿«ä¹ï¼Œè®©ä¸‹ä¸€ä»£æ›´åŠ å¥åº·åœ°æˆé•¿ã€‚","tts_switch":1,"merchant_id":5,"contract_number":"","online_time":0,"b_special_price":"0","current_price":"15.99","b_special_price_stime":1514736000,"b_special_price_etime":1514736000,"is_buy":false,"current_timestamp":1558440304,"chapter_list":[],"is_trial":true,"is_tts_switch":false,"log_id":"2709","log_type":"ebook","read_progress":0,"reading_title":"","original_price":"15.99","special_offer_status":0,"page_num":0,"author_list":null,"can_trial_read":false,"reading_word_count":0,"reading_word_token":"","trial_read_proportion":"","authors":null,"with_video":false,"b_package_end_time":"","b_package_price":"0.00","b_package_start_time":""}]}}
,}4:type,4:http,5:error,0:~6:marked,5:false!7:version,13:1:0#2:18#1:2#]11:client_conn,204:15:ssl_established,5:false!10:clientcert,0:~13:timestamp_end,0:~7:address,60:7:address,27:15:192.168.128.181,5:63008#]8:use_ipv6,5:false!}15:timestamp_start,17:1558440320.990038^19:timestamp_ssl_setup,0:~}2:id,36:761954e7-d433-444f-8c82-efd2586b1dbf,11:intercepted,5:false!7:request,2026:9:is_replay,5:false!4:port,2:80#12:stickycookie,5:false!13:timestamp_end,17:1558440329.865478^4:path,21:/ebook2/v1/ebook/list,15:timestamp_start,17:1558440329.845511^7:headers,1117:29:9:X-App-Key,13:android-6.2.0,]19:5:X-Uid,8:85003403,]14:7:X-Thumb,1:l,]15:4:X-Dt,5:phone,]13:4:X-Ov,3:6.0,]15:5:X-Net,4:WIFI,]17:4:X-Os,7:ANDROID,]26:3:X-D,16:ae244834553d4eda,]28:4:X-Dv,17:Samsung Galaxy S6,]13:3:X-T,4:json,]13:6:X-Chil,1:0,]10:3:X-V,1:2,]15:4:X-Av,5:6.2.0,]14:5:X-Scr,3:2.0,]12:5:X-Adv,1:1,]45:6:X-Seid,32:218ef9e66ce3e0025bfad70cd02dd2ed,]14:8:X-Hitdot,0:,]63:11:G-Auth-Sign,44:ZThiYzU4YjY2ZTM0NGRmMjkzNDJhZTVhZWZmNDEyOGI=,]52:12:G-Auth-Nonce,32:12b4d2e4627cfc24702ba0b1a02f3e63,]26:9:G-Auth-Ts,10:1558440329,]44:12:G-Auth-Appid,24:5a27d122ee4638163f594393,]312:12:G-Auth-Token,291:eyJhbGciOiJIUzUxMiIsInR5cCI6IkpXVCJ9.eyJhdWQiOiJsdW9qaWxhYi5jb20iLCJleHAiOjE1NTkwNDI3OTksImlhdCI6MTU1ODQzNzk5OSwiaXNzIjoiRWFzZUdhdGV3YXkgSldUQXV0aCBQbHVnaW4iLCJuYmYiOjE1NTg0Mzc5OTksInN1YiI6Ijg1MDAzNDAzIn0.5J13wFzrBZv434Oi7yos7349FnruBeGZ0LNw4VmjORaaWUiFX3Q2yVNrSKqf27JfNQRsAT3NYL2gouO0Xju66Q,]53:12:Content-Type,33:application/x-www-form-urlencoded,]24:14:Content-Length,3:566,]33:4:Host,22:entree.dev.igetget.com,]28:10:Connection,10:Keep-Alive,]26:15:Accept-Encoding,4:gzip,]31:10:User-Agent,13:okhttp/3.11.0,]]7:content,566:since_id=0&count=20&sort=&h=%7B%22u%22%3A%2285003403%22%2C%22thumb%22%3A%22l%22%2C%22dt%22%3A%22phone%22%2C%22ov%22%3A%226.0%22%2C%22net%22%3A%22WIFI%22%2C%22os%22%3A%22ANDROID%22%2C%22d%22%3A%22ae244834553d4eda%22%2C%22dv%22%3A%22Samsung%20Galaxy%20S6%22%2C%22t%22%3A%22json%22%2C%22chil%22%3A%220%22%2C%22v%22%3A%222%22%2C%22av%22%3A%226.2.0%22%2C%22scr%22%3A%222.0%22%2C%22adv%22%3A%221%22%2C%22X-Dv%22%3A%22Samsung%20Galaxy%20S6%22%2C%22ts%22%3A%221558440329%22%2C%22s%22%3A%229628def9c754fceb%22%2C%22seid%22%3A%22218ef9e66ce3e0025bfad70cd02dd2ed%22%7D&max_id=0,6:method,4:POST,4:host,22:entree.dev.igetget.com,17:first_line_format,8:relative,12:http_version,8:HTTP/1.1,6:scheme,4:http,10:stickyauth,5:false!}11:server_conn,417:15:ssl_established,5:false!14:source_address,60:7:address,27:15:192.168.128.181,5:63011#]8:use_ipv6,5:false!}13:timestamp_end,0:~7:address,64:7:address,31:22:entree.dev.igetget.com,2:80#]8:use_ipv6,5:false!}4:cert,0:~3:sni,0:~15:timestamp_start,17:1558440321.054038^19:timestamp_ssl_setup,0:~10:ip_address,54:7:address,21:12:39.107.208.4,2:80#]8:use_ipv6,5:false!}3:via,0:~19:timestamp_tcp_setup,17:1558440321.064838^}}55907:8:response,53041:6:reason,2:OK,13:timestamp_end,17:1558440329.952413^12:http_version,8:HTTP/1.1,11:status_code,3:200#15:timestamp_start,17:1558440329.911141^7:headers,234:40:4:Date,29:Tue, 21 May 2019 12:05:29 GMT,]51:12:Content-Type,31:application/json; charset=utf-8,]31:17:Transfer-Encoding,7:chunked,]28:10:Connection,10:keep-alive,]31:12:G-Powered-By,11:EaseGateway,]29:11:G-Timestamp,10:1558440329,]]7:content,52635:{"h":{"c":0,"e":"","s":1558440329,"t":23},"c":{"list":[{"id":2625,"title":"","style":2,"type":1,"class":0,"sub_class":0,"author":"","cover":"http://piccdn.igetget.com/img/201804/09/201804091609138648378101.jpg","banner":"","count":0,"price":"4.99","status":1,"epub":"2019","sell_count":0,"sell_seven_day":1445,"operating_title":"å›½å®¶ã€æˆ˜äº‰ä¸å†å²å‘å±•","short_title":"","integral":0,"other_content":"","other_share_title":"å¾—åˆ°å¥½ä¹¦| å›½å®¶ã€æˆ˜äº‰ä¸å†å²å‘å±•","other_share_summary":"ã€Œé™æ—¶5æŠ˜ã€ç½—è¾‘æ€ç»´ç¬¬å…­å­£æ¨èã€‚æ¢ç©¶ä¸­è¥¿å†å²å‘å±•åˆ†æµä¹‹è°œã€‚","other_data":"","top":0,"datetime":"","uptime":"","author_info":"ä½œè€…èµµé¼æ–°ï¼Œ1953å¹´ç”Ÿï¼Œç¾å›½èŠåŠ å“¥å¤§å­¦ç¤¾ä¼šå­¦ç³»æ•™æˆï¼Œ2012å¹´ç”±æµ™æ±Ÿå¤§å­¦å…¬å…±ç®¡ç†å­¦é™¢å¼•è¿›å¹¶å…¥é€‰å›½å®¶â€œåƒäººè®¡åˆ’â€ã€‚ ä¸»è¦ç ”ç©¶é¢†åŸŸåŒ…æ‹¬å†å²ç¤¾ä¼šå­¦ã€ç¤¾ä¼šè¿åŠ¨ã€ç¤¾ä¼šå˜è¿ã€ç»æµå‘å±•ä¸æ°‘ä¸»è½¬å‹ç­‰ã€‚å›½å†…å‡ºç‰ˆè‘—ä½œæœ‰ã€Šç¤¾ä¼šä¸æ”¿æ²»è¿åŠ¨è®²ä¹‰ã€‹ã€Šä¸œå‘¨æˆ˜äº‰ä¸å„’æ³•å›½å®¶çš„è¯ç”Ÿã€‹ã€Šæ°‘ä¸»çš„é™åˆ¶ã€‹ç­‰ã€‚","book_name":"ã€Šå›½å®¶ã€æˆ˜äº‰ä¸å†å²å‘å±•ã€‹","book_author":"èµµé¼æ–°","press":"æµ™æ±Ÿå¤§å­¦å‡ºç‰ˆç¤¾","publish_time":"1900-01-20","catalog":"","catalog_list":[],"book_intro":"ä¸­å›½ä¸ºä»€ä¹ˆèƒ½åœ¨æ˜¥ç§‹æˆ˜å›½çš„å†å²å‘å±•ä¸­èµ°å‘ç»Ÿä¸€ï¼Œå¹¶åœ¨ä»¥åä¸¤åƒå¤šå¹´çš„å¤§å¤šæ•°æ—¶é—´å†…ä¿æŒäº†ç»Ÿä¸€ï¼Œè€Œæ¬§æ´²å´åœ¨ç½—é©¬å¸å›½å®å°åå§‹ç»ˆå¤„äºåˆ†è£‚å±€é¢ï¼Œå¹¶åœ¨16ã€17ä¸–çºªä¹‹åå‚¬ç”Ÿå‡ºäº†ç°ä»£èµ„æœ¬ä¸»ä¹‰ï¼Œè¿™äº›é—®é¢˜é•¿æœŸä»¥æ¥ä¸€ç›´æ˜¯å›½å†…å¤–å­¦è€…ä»¬å…³æ³¨çš„ç„¦ç‚¹å’Œçƒ­ç‚¹ã€‚\r\n\r\næœ¬ä¹¦ä½œè€…ä¸ºè¿‘å¹´æ¥å…³äºè¿™ä¸€é—®é¢˜è®¨è®ºçš„ä»£è¡¨æ€§å­¦è€…ï¼Œåœ¨å›½å†…å¤–å…·æœ‰è¾ƒé«˜çŸ¥ååº¦ï¼Œã€Šå›½å®¶ã€æˆ˜äº‰ä¸å†å²å‘å±•ï¼šå‰ç°ä»£ä¸­è¥¿æ¨¡å¼çš„æ¯”è¾ƒã€‹å³ä¸ºä½œè€…å…³äºæ­¤ä¸€è®ºé¢˜çš„ä»£è¡¨æ€§æ–‡ç« åˆé›†ï¼Œä»æ”¿æ²»ç¤¾ä¼šå­¦ã€å†å²ç¤¾ä¼šå­¦çš„è§†è§’ï¼ŒåŸºäºä½œè€…æå‡ºçš„å˜è¿ã€ç»“æ„ã€è¯è¯­ä¸‰å› ç´ åˆ†ææ¡†æ¶ï¼Œæ¢è®¨äº†å‰ç°ä»£ä¸­è¥¿å†å²å‘å±•æ¨¡å¼å·®å¼‚çš„åŸå› ã€‚","tts_switch":1,"merchant_id":1,"contract_number":"","online_time":0,"b_special_price":"","current_price":"4.99","b_special_price_stime":1514736000,"b_special_price_etime":1514736000,"is_buy":false,"current_timestamp":1558440304,"chapter_list":null,"is_trial":true,"is_tts_switch":false,"log_id":"2625","log_type":"ebook","read_progress":0,"reading_title":"","original_price":"4.99","special_offer_status":0,"page_num":0,"author_list":null,"can_trial_read":false,"reading_word_count":0,"reading_word_token":"","trial_read_proportion":"","authors":null,"with_video":false,"b_package_end_time":"","b_package_price":"0.00","b_package_start_time":""},{"id":2184,"title":"","style":1,"type":1,"class":0,"sub_class":0,"author":"","cover":"http://piccdn.igetget.com/img/201802/02/201802022136341068694064.jpg","banner":"","count":0,"price":"59.99","status":1,"epub":"2019","sell_count":0,"sell_seven_day":923,"operating_title":"æ¢çº½ï¼š3000å¹´çš„ä¸­å›½","short_title":"","integral":0,"other_content":"","other_share_title":"å¹´åº¦å›¾ä¹¦ |ã€Šæ¢çº½ï¼š3000å¹´çš„ä¸­å›½ã€‹","other_share_summary":"ç½—èƒ–éš†é‡æ¨èã€‚ä¸€éƒ¨ã€Œå¼€è„‘æ´ã€çš„å†å²è‘—ä½œï¼Œå’Œä½ ä¸€èµ·èƒŒé å†å²ï¼Œæ”¾çœ¼æœªæ¥ã€‚","other_data":"","top":0,"datetime":"","uptime":"","author_info":"ä½œè€…æ–½å±•ï¼Œé’å¹´å†å²å­¦è€…ï¼Œå¤–äº¤å­¦é™¢ä¸–ç•Œæ”¿æ²»ç ”ç©¶ä¸­å¿ƒä¸»ä»»ã€‚ä¹Ÿæ˜¯ã€Œå¾—åˆ°ã€Appå¤§å¸ˆè¯¾ã€Šä¸­å›½å²çº²50è®²ã€‹ä¸»ç†äººã€‚","book_name":"ã€Šæ¢çº½ï¼š3000å¹´çš„ä¸­å›½ã€‹","book_author":"æ–½å±•","press":"å¹¿è¥¿å¸ˆèŒƒå¤§å­¦å‡ºç‰ˆç¤¾","publish_time":"1900-01-20","catalog":"","catalog_list":[],"book_intro":"ã€Šæ¢çº½ã€‹ä»¥æ—¶é—´å’Œç©ºé—´ä¸¤ä¸ªç»´åº¦ï¼Œç”¨ä¸€å¥—å®Œæ•´çš„æ€æƒ³ä½“ç³»ï¼Œæ´ç©¿è¿™3000å¹´ï¼š\r\n\r\næ—¶é—´ä¸Šï¼Œä»æ­¦ç‹ä¼çº£ï¼Œåˆ°è¿‘ä»£ç»æµï¼›ç©ºé—´ä¸Šï¼Œä»ä¸­åŸæ–‡æ˜ï¼Œåˆ°è‰åŸæ”¿æƒã€æµ·æ´‹å˜åŒ–â€¦â€¦èåˆäº†å†å²ã€ç»æµã€åœ°ç†ã€åšå¼ˆè®ºç­‰å¤šä¸ªå­¦ç§‘ï¼Œä»¥æå…¶å®å¤§çš„è§†é‡ï¼Œå¸®ä½ è·å¾—é©¾é©­æ—¶ä»£å˜åŒ–çš„å¤§æ™ºæ…§ã€‚\r\n\r\nè¿™æœ¬ä¹¦çš„ä»·å€¼ï¼Œä¸ä»…åœ¨äºæ¢³ç†ä¸­å›½å†å²ï¼Œæ›´åœ¨äºé‡æ–°å®šä¹‰äº†ä¸­å›½çš„ä¸–ç•Œè§’è‰²â€”â€”æ¢çº½ã€‚\r\n\r\nå› æ­¤ï¼Œè¿™ä¹Ÿè§£é‡Šäº†ä¸ºä½•æ”¹é©å¼€æ”¾ä»…ä»…40å¹´ï¼Œä¸­å›½ç»æµå°±å–å¾—äº†å¦‚æ­¤è€€çœ¼çš„æˆç»©ã€‚ç«™åœ¨å‘½è¿çš„å…³é”®èŠ‚ç‚¹ä¸Šï¼Œæ¯ä¸ªäººéƒ½åœ¨æ€è€ƒæœªæ¥ï¼š\r\nä¸­å›½å¼å¥‡è¿¹èƒ½å¦æŒç»­ï¼Ÿ\r\nåœ¨æ—¶ä»£å·¨æµªä¸­ï¼Œä¸ªäººè¯¥å¦‚ä½•è®¤çŸ¥ç¯å¢ƒï¼Ÿ\r\næœªæ¥ï¼Œä¸–ç•Œå°†ä¼šæ˜¯æ€æ ·çš„æ ¼å±€ï¼Ÿâ€¦â€¦\r\n\r\nå½“ä½ ç†è§£äº†ã€Œæ¢çº½ã€è¿™ä¸€è§’è‰²ä¹‹åï¼Œä¸Šè¿°çš„é—®é¢˜ï¼Œä½ éƒ½ä¼šä»ä¹¦ä¸­æ‰¾åˆ°ç­”æ¡ˆã€‚å‡†ç¡®é¢„æµ‹æœªæ¥ï¼Œå…ˆè¦æ·±åˆ»æ´å¯Ÿè¿‡å»ã€‚","tts_switch":1,"merchant_id":10034,"contract_number":"","online_time":0,"b_special_price":"0","current_price":"59.99","b_special_price_stime":1514736000,"b_special_price_etime":1514736000,"is_buy":false,"current_timestamp":1558440304,"chapter_list":null,"is_trial":true,"is_tts_switch":false,"log_id":"2184","log_type":"ebook","read_progress":0,"reading_title":"","original_price":"59.99","special_offer_status":0,"page_num":0,"author_list":null,"can_trial_read":false,"reading_word_count":0,"reading_word_token":"","trial_read_proportion":"","authors":null,"with_video":false,"b_package_end_time":"","b_package_price":"0.00","b_package_start_time":""},{"id":2574,"title":"","style":1,"type":1,"class":0,"sub_class":0,"author":"","cover":"http://piccdn.igetget.com/img/201804/01/201804011855552764761627.jpg","banner":"","count":0,"price":"9.99","status":1,"epub":"2019","sell_count":0,"sell_seven_day":824,"operating_title":"ä¸­å›½è´¢æ”¿å²åå…­è®²","short_title":"","integral":0,"other_content":"","other_share_title":"å¾—åˆ°å¥½ä¹¦ | ä¸­å›½è´¢æ”¿å²åå…­è®²","other_share_summary":"ã€Œé™æ—¶5æŠ˜ã€ç½—è¾‘æ€ç»´ç¬¬å…­å­£æ¨èã€‚ä»é’±çš„è§’åº¦ï¼Œç†è§£è´¢æ”¿å·¥å…·æ²»ç†å›½å®¶çš„æ™ºæ…§ã€‚","other_data":"","top":0,"datetime":"","uptime":"","author_info":"","book_name":"ã€Šä¸­å›½è´¢æ”¿å²åå…­è®²ï¼šåŸºäºè´¢æ”¿æ”¿æ²»å­¦çš„å†å²é‡æ’°ã€‹","book_author":"","press":"","publish_time":"1900-01-20","catalog":"","catalog_list":[],"book_intro":"ä»Šå¤©çš„ä¸­å›½æ˜¯å†å²ä¸Šä¸­å›½çš„å»¶ç»­ï¼Œé‚£ä¹ˆå†å²ä¸Šç‹æœå…´è¡°èƒŒåçš„è´¢æ”¿åŸå› æ˜¯ä»€ä¹ˆï¼ŸäºŒåƒå¹´å¸å›½å›½å®¶æ²»ç†çš„æ™ºæ…§ä¸æ•™è®­æœ‰å“ªäº›ï¼Ÿ\r\n\r\nã€Šä¸­å›½è´¢æ”¿å²åå…­è®²ã€‹ä¸€ä¹¦ï¼Œä¸ä»¥ä¼ ç»Ÿçš„å²æ–™å †ç§¯ä¸ºä¸»è¦å†…å®¹ï¼Œä¹Ÿä¸ä»¥ç®€å•çš„æ—¶ç©ºæ¡†æ¶ä¸ºå®‰æ’å½¢å¼ï¼Œè€Œè‡´åŠ›äºè¿ç”¨è´¢æ”¿æ”¿æ²»å­¦ç†è®ºæ¥é‡æ–°é˜é‡Šè‡ªå•†å‘¨ç›´è‡³å½“ä»£çš„è´¢æ”¿å²æ–™ï¼Œä»è€Œä»¥è´¢æ”¿çš„è§†è§’æ­ç¤ºä¸­åå›½å®¶çš„å‘å±•è§„å¾‹æ­ç¤ºåƒç™¾å¹´æ¥ä¸­å›½äººç”¨è´¢æ”¿å·¥å…·æ²»ç†å›½å®¶çš„ç§˜å¯†ä»¥åŠå‘ç°ä»£è½¬å‹çš„è‰°éš¾è·¯å¾„ã€‚\r\n\r\nåœ¨å‘¨ä»£åˆæœŸåˆ†å°åˆ¶çš„åŸºç¡€ä¸Šï¼Œè‡ªæˆ˜å›½èµ·é€æ­¥æˆé•¿èµ·æ¥çš„ä¸­åå¸å›½ï¼Œæ„å»ºå‡ºå®¶è´¢å‹è´¢æ”¿æ¥å®æ–½å›½å®¶æ²»ç†ã€ç»´æŒä¸­åæ°‘æ—çš„ç”Ÿå­˜ä¸ç¹è£ã€‚ä»ç¬¬ä¸€å¸å›½æ—¶æœŸï¼ˆä¸¤æ±‰ï¼‰è´¢æ”¿ä¸Šâ€œèˆåœ°è€Œç¨äººâ€å¹¶ä»¥å¯¹æš´åˆ©æ€§èµ„æºå„æ–­æ¥è·å–è¡¥å……æ€§æ”¶å…¥ï¼›åˆ°ç¬¬äºŒå¸å›½æ—¶æœŸï¼ˆå”å®‹ï¼‰ï¼Œè´¢æ”¿ä¸Šæ¢ç´¢ä»¥â€œç¨åœ°â€ä¸ºæ ¸å¿ƒæ„å»ºå¸å›½åˆ¶åº¦ï¼ˆä¸¤ç¨æ³•æ”¹é©ï¼‰ï¼›å†åˆ°ç¬¬ä¸‰å¸å›½æ—¶æœŸï¼Œè´¢æ”¿ä¸Šå»ºç«‹èµ·æˆç†Ÿçš„ä»¥â€œç¨åœ°â€ä¸ºæ ¸å¿ƒçš„æ­£å¼æ”¶å…¥ä½“ç³»ã€‚æ¸…ä»£ä¸­æœŸçš„è´¢æ”¿å–å¾—äº†ä¸­åå¸å›½æ—¶æœŸçš„æœ€é«˜æˆå°±ï¼Œä¸æ­¤åŒæ—¶ä¹Ÿæš´éœ²å‡ºå†…éƒ¨æ— æ³•å…‹æœçš„ç´§å¼ å…³ç³»ï¼Œå¹¶å› æ­¤æ„æˆå¸å›½è´¢æ”¿å‘ç°ä»£è½¬å‹çš„å†…å› ã€‚\r\n\r\nåœ¨åˆ¶åº¦å˜è¿çš„å™è¿°è¿‡ç¨‹ä¸­ï¼Œè¿™æœ¬ä¹¦å¯¹å†å²ä¸Šçš„å…³é”®äº‹ä»¶ä¸é‡è¦äººç‰©è¿›è¡Œäº†é‡ç‚¹çš„æ¢è®¨ï¼Œå‘Šè¯‰è¯»è€…å•†é…ã€æ¡‘å¼˜ç¾Šã€æ¨ç‚ã€ç‹å®‰çŸ³ã€å¼ å±…æ­£ï¼Œè¿™ä¸€ä¸ªä¸ªé²œæ´»çš„å†å²äººç‰©ï¼Œä»–ä»¬å½“æ—¶å¯¹äºè¿ç”¨è´¢æ”¿æ²»å›½å·¥å…·æ˜¯æ€ä¹ˆæƒ³çš„æ€ä¹ˆåšçš„ã€‚\r\n\r\né˜…è¯»è¿™æœ¬ä¹¦ï¼Œå°†ä¼šçŸ¥é“ï¼Œ\r\nç»´æŒä¸­åå¸å›½é•¿æœŸå‘å±•ä¸æœ‰æ•ˆæ²»ç†çš„è´¢æ”¿æœºåˆ¶æ˜¯ä»€ä¹ˆï¼Ÿ\r\nä¸»å¯¼å¸å›½æˆé•¿åŠå…¶å‘ç°ä»£è½¬å‹çš„å†…åœ¨è´¢æ”¿æœºç†æ˜¯ä»€ä¹ˆï¼Ÿ\r\nä»è´¢æ”¿ä¸Šçœ‹ï¼Œä¸­å›½èµ°å‘ç°ä»£å›½å®¶çš„é“è·¯ä¸è¥¿æ–¹ç›¸æ¯”æœ‰ä»€ä¹ˆç‹¬ç‰¹æ€§ï¼Ÿ\r\næ¨åŠ¨ä¸­å›½æ”¿æ²»å‘å±•çš„è´¢æ”¿åŠ¨å› æ˜¯ä»€ä¹ˆï¼Ÿ","tts_switch":1,"merchant_id":9997,"contract_number":"","online_time":0,"b_special_price":"","current_price":"9.99","b_special_price_stime":1514736000,"b_special_price_etime":1514736000,"is_buy":false,"current_timestamp":1558440304,"chapter_list":null,"is_trial":true,"is_tts_switch":false,"log_id":"2574","log_type":"ebook","read_progress":0,"reading_title":"","original_price":"9.99","special_offer_status":0,"page_num":0,"author_list":null,"can_trial_read":false,"reading_word_count":0,"reading_word_token":"","trial_read_proportion":"","authors":null,"with_video":false,"b_package_end_time":"","b_package_price":"0.00","b_package_start_time":""},{"id":2028,"title":"","style":1,"type":1,"class":0,"sub_class":0,"author":"","cover":"http://piccdn.igetget.com/img/201712/28/201712281420073440034671.jpg","banner":"","count":0,"price":"39.99","status":1,"epub":"2019","sell_count":0,"sell_seven_day":569,"operating_title":"åŸåˆ™","short_title":"","integral":0,"other_content":"","other_share_title":"å¾—åˆ°å¥½ä¹¦ | åŸåˆ™","other_share_summary":"ã€Œé™æ—¶6æŠ˜ã€ç½—èƒ–ã€ä¸‡ç»´é’¢æ¨èã€‚åå°”è¡—æŠ•èµ„å¤§ç¥ä¸ºä½ è§£è¯»ã€Œç®—æ³•ã€äººç”Ÿã€‚","other_data":"","top":0,"datetime":"","uptime":"","author_info":"ä½œè€…ç‘Â·è¾¾åˆ©æ¬§ï¼Œå¯¹å†²åŸºé‡‘å…¬å¸æ¡¥æ°´åˆ›å§‹äººã€‚ä»–å‡ºç”Ÿäºçº½çº¦é•¿å²›ä¸€ä¸ªéå¸¸æ™®é€šçš„ä¸­äº§é˜¶çº§å®¶åº­ï¼Œ26å²æ—¶åœ¨è‡ªå·±çš„ä¸¤å±…å®¤å…¬å¯“å†…åˆ›åŠäº†æ¡¥æ°´ã€‚ç»è¿‡42å¹´çš„å‘å±•ï¼Œæ¡¥æ°´ä½åˆ—ç¾å›½æœ€é‡è¦çš„ç§è¥å…¬å¸æ¦œå•ç¬¬äº”ä½(ã€Šè´¢å¯Œã€‹æ‚å¿—)ã€‚ä»–å…¥é€‰ã€Šæ—¶ä»£å‘¨åˆŠã€‹ä¸–ç•Œ100ä½æœ€å…·å½±å“åŠ›äººç‰©ï¼Œå¹¶è·»èº«ã€Šç¦å¸ƒæ–¯ã€‹ä¸–ç•Œå‰100åå¯Œè±ªè¡Œåˆ—ã€‚ç”±äºä»–ç‹¬åˆ°çš„æŠ•èµ„å‡†åˆ™æ”¹å˜äº†åŸºé‡‘ä¸šï¼Œç¾å›½CIOç»ç†äººæ‚å¿—ç§°å…¶ä¸ºâ€œæŠ•èµ„ç•Œçš„å²è’‚å¤«Â·ä¹”å¸ƒæ–¯â€ã€‚","book_name":"ã€ŠåŸåˆ™ã€‹","book_author":"[ç¾]ç‘Â·è¾¾åˆ©æ¬§","press":"ä¸­ä¿¡å‡ºç‰ˆç¤¾","publish_time":"1900-01-20","catalog":"","catalog_list":[],"book_intro":"ç‘Â·è¾¾åˆ©æ¬§æ˜¯å…¨ä¸–ç•Œé¡¶çº§æŠ•èµ„å®¶ã€ä¼ä¸šå®¶ä¹‹ä¸€ï¼Œå¯¹å†²åŸºé‡‘å…¬å¸æ¡¥æ°´åˆ›å§‹äººã€‚æ¡¥æ°´åˆ›ç«‹è‡³ä»Šä¸ºå®¢æˆ·èµšå–çš„æ”¶ç›Šè¿œè¿œè¶…è¿‡å†å²ä¸Šä»»ä½•ä¸€å®¶å¯¹å†²åŸºé‡‘ã€‚è¾¾åˆ©æ¬§è®¤ä¸ºæ¡¥æ°´çš„æˆåŠŸæºè‡ªä»–æ‰€å¥‰è¡Œçš„ä¸€å¥—åŸåˆ™ï¼Œè€Œè¿™äº›åŸåˆ™ä¹Ÿæ˜¯ä»–ä¸€ç”Ÿä¸­å­¦åˆ°çš„æœ€é‡è¦çš„ä¸œè¥¿ã€‚\r\n\r\nè¾¾åˆ©æ¬§è®¤ä¸ºï¼Œæˆ‘ä»¬å¯ä»¥åƒçœ‹å¾…æœºå™¨ä¸€æ ·çœ‹å¾…ç”Ÿæ´»ã€ç®¡ç†ã€ç»å•†å’ŒæŠ•èµ„ï¼Œå¹¶å°†å…¶ç³»ç»ŸåŒ–ä¸ºä¸€ç³»åˆ—åŸåˆ™ã€‚è¿™æœ¬ä¹¦é˜è¿°äº†ä»–çš„åŸåˆ™çš„ä¸¤å¤§åŸºçŸ³â€”â€”æåº¦æ±‚çœŸã€æåº¦é€æ˜ï¼Œå¹¶ä»‹ç»äº†ä»¥æ­¤ä¸ºåŸºç¡€çš„åˆ›æ„æ‹©ä¼˜ï¼Œä»¥åŠåŸºäºå¯ä¿¡åº¦è¯„ä»·çš„å†³ç­–æœºåˆ¶ã€‚ä¹¦ä¸­500å¤šæ¡åŸåˆ™å°†å¸®åŠ©æˆ‘ä»¬ä¿æŒå¼€æ”¾å¿ƒæ€ï¼Œçœ‹æ¸…ç°å®ï¼Œæ­£ç¡®è¯„ä»·è‡ªå·±å’Œä»–äººï¼Œä»å®¹é¢å¯¹åšå†³ç­–ã€æ‰“é€ å¼ºå¤§å›¢é˜Ÿç­‰é—®é¢˜ï¼Œæ›´è¿›ä¸€æ­¥æ·±å…¥è®¤è¯†è‡ªæˆ‘ï¼Œå®ç°ä¸æ–­æˆé•¿ã€‚\r\n\r\nè¾¾åˆ©æ¬§ç›¸ä¿¡ï¼Œè‡ªå·±çš„æˆåŠŸå¹¶éå› ä¸ºä¸ªäººçš„ç‰¹è´¨ï¼Œè€Œæ˜¯å› ä¸ºä»–ä»å¤±è´¥ä¸­å­¦ä¼šäº†åšäººã€åšäº‹çš„åŸåˆ™ï¼Œè€Œå¤§å¤šæ•°äººå’Œå…¬å¸éƒ½å¯ä»¥è¿ç”¨ä»–çš„è¿™äº›åŸåˆ™æ›´å¥½åœ°å®ç°è‡ªå·±çš„ç›®æ ‡ã€‚","tts_switch":1,"merchant_id":1901,"contract_number":"","online_time":0,"b_special_price":"","current_price":"39.99","b_special_price_stime":1514736000,"b_special_price_etime":1514736000,"is_buy":false,"current_timestamp":1558440304,"chapter_list":null,"is_trial":true,"is_tts_switch":false,"log_id":"2028","log_type":"ebook","read_progress":0,"reading_title":"","original_price":"39.99","special_offer_status":0,"page_num":0,"author_list":null,"can_trial_read":false,"reading_word_count":0,"reading_word_token":"","trial_read_proportion":"","authors":null,"with_video":false,"b_package_end_time":"","b_package_price":"0.00","b_package_start_time":""},{"id":2667,"title":"","style":1,"type":1,"class":0,"sub_class":0,"author":"","cover":"http://piccdn.igetget.com/img/201804/17/201804171511592870042434.jpg","banner":"","count":0,"price":"27.99","status":1,"epub":"2019","sell_count":0,"sell_seven_day":491,"operating_title":"è¯´è¯çš„åŠ›é‡","short_title":"","integral":0,"other_content":"","other_share_title":"å¾—åˆ°å¥½ä¹¦| è¯´è¯çš„åŠ›é‡","other_share_summary":"ã€Œé™æ—¶7æŠ˜ã€ç³»ç»Ÿå­¦ä¹ è¯´è¯çš„å®æˆ˜æŒ‡å—ï¼Œè®©è¯´è¯æ”¹å˜ä½ çš„äººç”Ÿè½¨è¿¹ã€‚","other_data":"","top":0,"datetime":"","uptime":"","author_info":"ä½œè€…å­™è·¯å¼˜ï¼Œè¥é”€åŠé”€å”®è¡Œä¸ºä¸“å®¶ï¼Œé«˜çº§è¥é”€é¡¾é—®ã€‚å…¼å…·å›½å†…å¤–ä¸°å¯Œçš„è¥é”€ã€é”€å”®ç»éªŒï¼Œå¯¹å›½é™…åŒ–çš„è¥é”€ã€é”€å”®è¡Œä¸ºç†è®ºæœ‰ç€è‡ªå·±ç‹¬åˆ°çš„ç ”ç©¶å’Œè§è§£ã€‚\r\n\r\næ“…é•¿ä¼ä¸šè¥é”€æˆ˜ç•¥çš„åˆ¶å®šä¸å®æ–½ã€è¥é”€è§„åˆ’ã€é”€å”®é˜Ÿä¼çš„å»ºç«‹ä»¥åŠä¸åŒé”€å”®æ¨¡å¼çš„å®æ–½ã€‚ä»–ä»¥è¥¿æ–¹ç¼œå¯†çš„æ€ç»´ç»“åˆä¸­å›½æœ¬åœŸå¤šå˜çš„ç°å®ï¼Œæå‡ºæ“ä½œæ€§å¼ºä¸”å¯ä»¥è½å®çš„æ‰§è¡Œæ­¥éª¤å’Œæ–¹æ³•ï¼Œåˆ‡å®æ”¹å–„äº†ä¸­å›½ä¼ä¸šåœ¨è¥é”€æ–¹é¢çš„ç«äº‰å®åŠ›ã€‚\r\n\r\nè‘—æœ‰ç•…é”€ä¹¦ã€Šçœ‹ç”µå½±å­¦ç®¡ç†ã€‹ã€Šçœ‹ç”µå½±å­¦é”€å”®ã€‹ã€Šæ±½è½¦é”€å”®çš„ç¬¬ä¸€æœ¬ä¹¦ã€‹ã€Šå¤§å®¢æˆ·é”€å”®ï¼šèƒ½åŠ›æµ‹è¯•ä¸æˆé•¿ã€‹ã€Šç”¨è„‘æ‹¿è®¢å•ï¼šé”€å”®ä¸­çš„å…¨è„‘åšå¼ˆã€‹ã€Šç”¨è„‘æ‹¿è®¢å•ï¼šç»å…¸æ¡ˆä¾‹å®å½•ã€‹ã€Šå›¾è§£ç”¨è„‘æ‹¿è®¢å•Â·åŠŸåŠ›ç¯‡ã€‹ã€Šå›¾è§£ç”¨è„‘æ‹¿è®¢å•Â·å…µæ³•ç¯‡ã€‹ç­‰ï¼Œè¯‘æœ‰ã€Šé”€å”®å¤§å¸ˆã€‹ã€‚","book_name":"ã€Šè¯´è¯çš„åŠ›é‡ã€‹","book_author":"å­™è·¯å¼˜","press":"æµ™æ±Ÿäººæ°‘å‡ºç‰ˆç¤¾Â·æ¹›åºæ–‡åŒ–","publish_time":"1900-01-20","catalog":"","catalog_list":[],"book_intro":"ä½ è®¤ä¸ºé‚£äº›å£æ‰ä¼˜ç§€çš„äººæ˜¯å¤©ç”Ÿçš„æ¼”è®²å®¶å—ï¼Ÿä½ é”™äº†ï¼Œæ¯ä¸ªäººéƒ½æœ‰å¥½å£æ‰ï¼Œéƒ½å¯ä»¥æˆä¸ºæ¼”è®²å®¶ï¼Œåªæ˜¯æˆ‘ä»¬éœ€è¦æ–¹æ³•ã€æŠ€å·§å’Œå·¥å…·ä¸æ–­å®Œå–„ä¸ç”Ÿä¿±æ¥çš„è¯­è¨€èƒ½åŠ›ã€‚\r\n\r\næœ¬ä¹¦æ˜¯å›½å†…é¦–éƒ¨ç³»ç»Ÿå­¦ä¹ è¯´è¯çš„å®æˆ˜æŒ‡å—ã€‚å®ƒä¸æ˜¯ä¸€æœ¬ç©ºè°ˆç†è®ºçš„æ•™ç§‘ä¹¦ï¼Œè€Œæ˜¯ä¸€æœ¬èƒ½ç›´æ¥è¿ç”¨äºå…·ä½“ç”Ÿæ´»ã€å·¥ä½œçš„æ‰‹å†Œã€‚è´¯ç©¿å…¨ä¹¦çš„8å¤§è¯´è¯æ–¹æ³•ã€4å¤§è¯´è¯æŠ€å·§å’Œä¸¤å¤§è¯´è¯å·¥å…·æ˜¯å­™è·¯å¼˜ï¼Œéƒ½æ˜¯å€¾å…¶25å¹´çš„è¥é”€ã€é”€å”®ç»éªŒçš„ç²¾åä¹‹ä½œã€‚ä¹¦ä¸­å¤§é‡ã€ä¸°å¯Œçš„æ¡ˆä¾‹ä¹Ÿéƒ½æ˜¯å­™è·¯å¼˜å¤šå¹´æ¥ç»å†è¿‡çš„çœŸå®äº‹ä»¶ï¼Œé€šè¿‡è¿™äº›æ¡ˆä¾‹æˆ‘ä»¬èƒ½æ›´å½¢è±¡ã€å…·ä½“åœ°ç†è§£è¯´è¯çš„æ–¹æ³•ã€æŠ€å·§å’Œå·¥å…·ã€‚\r\n\r\næ—¶é—´çŸ­ï¼Œä¸ä¼šå……åˆ†åˆ©ç”¨åˆ«äººç»™ä½ çš„æ—¶é—´ï¼›å†…å®¹ç¼ºä¹é€»è¾‘æ€§ï¼Œä¸œä¸€æ¦”å¤´è¥¿ä¸€æ£’å­ï¼›å†…å®¹å¤šæ˜¯ä¸ªäººçœ‹æ³•ï¼Œè€Œéäº‹å®ã€‚å¦‚æœä½ è¯´è¯æ—¶å¸¸å¸¸è¡¨ç°å‡ºè¿™äº›é—®é¢˜ï¼Œé‚£ä¹ˆä½ ä¸€å®šè¦è¯»è¿™æœ¬ä¹¦ï¼æ‰¾å·¥ä½œå±¡å±¡å—æŒ«ï¼Œé•¿æ—¶é—´ä¸èƒ½å‡èŒï¼Œå›¢é˜Ÿå…³ç³»ç´§å¼ ï¼Œå®¶åº­å…³ç³»ç–ç¦»â€”â€”å¦‚æœä½ æ­£åœ¨é­é‡è¿™æ ·çš„å›°å¢ƒï¼Œé‚£ä¹ˆä½ æ›´è¦è¯»è¿™æœ¬ä¹¦ã€‚","tts_switch":1,"merchant_id":1901,"contract_number":"","online_time":0,"b_special_price":"","current_price":"27.99","b_special_price_stime":1514736000,"b_special_price_etime":1514736000,"is_buy":false,"current_timestamp":1558440304,"chapter_list":null,"is_trial":true,"is_tts_switch":false,"log_id":"2667","log_type":"ebook","read_progress":0,"reading_title":"","original_price":"27.99","special_offer_status":0,"page_num":0,"author_list":null,"can_trial_read":false,"reading_word_count":0,"reading_word_token":"","trial_read_proportion":"","authors":null,"with_video":false,"b_package_end_time":"","b_package_price":"0.00","b_package_start_time":""},{"id":1603,"title":"","style":1,"type":1,"class":0,"sub_class":0,"author":"","cover":"http://piccdn.igetget.com/img/201710/09/201710091102485778693138.jpg","banner":"","count":0,"price":"29.94","status":1,"epub":"2019","sell_count":0,"sell_seven_day":484,"operating_title":"è¶…çº§ç¬¦å·å°±æ˜¯è¶…çº§åˆ›æ„ï¼ˆå¢è®¢æœ¬ï¼‰","short_title":"","integral":0,"other_content":"","other_share_title":"å¾—åˆ°å¥½ä¹¦ | è¶…çº§ç¬¦å·å°±æ˜¯è¶…çº§åˆ›æ„ï¼ˆå¢è®¢æœ¬ï¼‰","other_share_summary":"ç½—èƒ–æ¨èã€‚â€œåä¸åæ–¹æ³•â€é¦–æ¬¡ç»“é›†å‡ºç‰ˆï¼ŒæŒæ¡å¸­å·ä¸­å›½å¸‚åœº14å¹´çš„æˆ˜ç•¥è¥é”€åˆ›æ„æ–¹æ³•ã€‚","other_data":"","top":0,"datetime":"","uptime":"","author_info":"ä½œè€…åæ‰ï¼Œä¸Šæµ·åä¸åè¥é”€å’¨è¯¢æœ‰é™å…¬å¸è”åˆåˆ›å§‹äººï¼Œâ€œåä¸åæ–¹æ³•â€åˆ›ç«‹è€…ï¼Œå¤šå¹´æ¥è‡´åŠ›äºä¼ä¸šæˆ˜ç•¥å’Œå“ç‰Œè¥é”€çš„ç ”ç©¶ä¸å®è·µï¼Œç‹¬åˆ›äº†ç†”ä¼ä¸šæˆ˜ç•¥ã€äº§å“å¼€å‘ã€è¥é”€åˆ›æ„ã€å“ç‰Œç®¡ç†ä¸ºä¸€ç‚‰çš„â€œåä¸åæ–¹æ³•â€ï¼Œæ·±å…¥å½±å“äº†ä¸­å›½å•†ä¸šç«äº‰çš„å„ä¸ªé¢†åŸŸã€‚\r\n","book_name":"ã€Šè¶…çº§ç¬¦å·å°±æ˜¯è¶…çº§åˆ›æ„ï¼ˆå¢è®¢æœ¬ï¼‰ã€‹","book_author":"åæ‰ã€åæ¥ ","press":"æ±Ÿè‹å‡¤å‡°æ–‡è‰ºå‡ºç‰ˆç¤¾Â·è¯»å®¢å‡ºå“","publish_time":"1900-01-20","catalog":"","catalog_list":[],"book_intro":"ã€Šè¶…çº§ç¬¦å·å°±æ˜¯è¶…çº§åˆ›æ„ï¼ˆå…¨å½©å¢è®¢ç‰ˆï¼‰ã€‹æ˜¯â€œåä¸åæ–¹æ³•â€é¦–æ¬¡ç»“é›†å‡ºç‰ˆï¼Œå…¨æ–‡ç”±åæ‰å…ˆç”Ÿäº²è‡ªæ’°å†™ã€‚è¾ƒä¹‹å‰çš„ç‰ˆæœ¬å…¨æ–°å¢è®¢40é¡µå›¾æ–‡å¹²è´§ã€‚\r\n\r\nä»äº§å“å¼€å‘ã€äº§å“å‘½åã€äº§å“åŒ…è£…ï¼Œåˆ°å“ç‰Œä¼ æ’­ã€å“ç‰Œæˆ˜ç•¥ã€ä¼ä¸šæˆ˜ç•¥ï¼Œâ€œåä¸åæ–¹æ³•â€æ·±å…¥åˆ°ä¼ä¸šè¥é”€çš„å„ä¸ªå±‚é¢ï¼›ä»æ—¥åŒ–ã€è¯å“ã€é£Ÿå“ã€æ–‡å…·ã€ç”µå™¨ã€å®¶å±…å»ºæï¼Œåˆ°é¤é¥®ã€é…’åº—ã€æ—…æ¸¸ã€æˆ¿åœ°äº§ã€å†œä¸šã€å·¥ä¸šå›­åŒºã€åŸå¸‚è¥é”€ã€å‡ºç‰ˆã€äº’è”ç½‘ï¼Œâ€œåä¸åæ–¹æ³•â€è¿›å…¥äº†å½“ä»Šå•†ä¸šç«äº‰çš„å„ä¸ªé¢†åŸŸã€‚\r\n\r\nåä¸åå’Œä¸åŒè¡Œä¸šçš„å·¨å¤´ä¸€èµ·ï¼Œåˆ›é€ äº†ä¸€ä¸ªæ¥ä¸€ä¸ªç»å…¸æ¡ˆä¾‹ï¼›åœ¨æˆä¸ºä¸­å›½æˆåŠŸçš„è¥é”€å’¨è¯¢æœºæ„çš„åŒæ—¶ï¼Œä¹Ÿç»™â€œåä¸åæ–¹æ³•â€è’™ä¸Šä¸€å±‚ä¼ å¥‡å’Œç¥ç§˜çš„è‰²å½©ã€‚\r\n\r\nç¿»å¼€æœ¬ä¹¦ï¼Œäº†è§£é¦–å¥—ä»ä¸­å›½æœ¬åœŸç”Ÿé•¿å‡ºæ¥çš„ä¼ å¥‡è¥é”€æ–¹æ³•ã€‚","tts_switch":1,"merchant_id":30006,"contract_number":"","online_time":0,"b_special_price":"0","current_price":"29.94","b_special_price_stime":1514736000,"b_special_price_etime":1514736000,"is_buy":false,"current_timestamp":1558440304,"chapter_list":null,"is_trial":true,"is_tts_switch":false,"log_id":"1603","log_type":"ebook","read_progress":0,"reading_title":"","original_price":"29.94","special_offer_status":0,"page_num":0,"author_list":null,"can_trial_read":false,"reading_word_count":0,"reading_word_token":"","trial_read_proportion":"","authors":null,"with_video":false,"b_package_end_time":"","b_package_price":"0.00","b_package_start_time":""},{"id":779,"title":"","style":3,"type":1,"class":0,"sub_class":0,"author":"","cover":"http://piccdn.igetget.com/img/201703/07/201703071610176311979683.jpg","banner":"","count":0,"price":"30.00","status":1,"epub":"2019","sell_count":0,"sell_seven_day":266,"operating_title":"ç©·æŸ¥ç†å®å…¸","short_title":"","integral":0,"other_content":"","other_share_title":"å¾—åˆ°å¥½ä¹¦ | ç©·æŸ¥ç†å®å…¸","other_share_summary":"ç‹çƒå¤§å¸ˆè¯¾æ¨èã€‚å¸®åŠ©ä½ ç†è§£å•†ä¸šç¤¾ä¼šã€è®¤è¯†æˆåŠŸæœ¬è´¨ã€‚","other_data":"","top":0,"datetime":"","uptime":"","author_info":"ä½œè€…æŸ¥ç†Â·èŠ’æ ¼ï¼Œå·´è²ç‰¹çš„å¯¼å¸ˆä¸äººç”Ÿåˆä¼™äººï¼Œå½“ä»Šä¼Ÿå¤§çš„æŠ•èµ„æ€æƒ³å®¶ï¼Œå…¨çƒç¬¬äº”å¤§ä¸Šå¸‚å…¬å¸ä¼¯å…‹å¸Œå°”Â·å“ˆæ’’éŸ¦çš„å‰¯ä¸»å¸­ï¼Œè¯¥å…¬å¸51å¹´é—´19.2%å¹´å¤åˆå¢é•¿ç‡çš„å¥‡è¿¹ç¼”é€ è€…ã€‚","book_name":"ã€Šç©·æŸ¥ç†å®å…¸ã€‹","book_author":"æŸ¥ç†Â·èŠ’æ ¼ ","press":"ä¸­ä¿¡å‡ºç‰ˆç¤¾","publish_time":"1900-01-20","catalog":"","catalog_list":[],"book_intro":"è¿™æœ¬ä¹¦å…¨é¢æ”¶å½•äº†æŸ¥ç†Â·èŠ’æ ¼çš„ä¸ªäººä¼ è®°ä¸æŠ•èµ„å“²å­¦ï¼Œä»¥åŠè¿‡å»20å¹´æ¥èŠ’æ ¼ä¸»è¦çš„å…¬å¼€æ¼”è®²å’Œåª’ä½“è®¿è°ˆï¼Œæ˜¯æ¯ä¸€ä¸ªæŠ•èµ„è€…ä¸å¯ä¸è¯»çš„å¿…å¤‡å·¥å…·ä¹¦ã€‚","tts_switch":1,"merchant_id":1901,"contract_number":"","online_time":0,"b_special_price":"","current_price":"30.00","b_special_price_stime":1514736000,"b_special_price_etime":1514736000,"is_buy":false,"current_timestamp":1558440304,"chapter_list":null,"is_trial":true,"is_tts_switch":false,"log_id":"779","log_type":"ebook","read_progress":0,"reading_title":"","original_price":"30.00","special_offer_status":0,"page_num":0,"author_list":null,"can_trial_read":false,"reading_word_count":0,"reading_word_token":"","trial_read_proportion":"","authors":null,"with_video":false,"b_package_end_time":"","b_package_price":"0.00","b_package_start_time":""},{"id":2410,"title":"","style":1,"type":1,"class":0,"sub_class":0,"author":"","cover":"http://piccdn.igetget.com/img/201803/13/201803131507434258421286.jpg","banner":"","count":0,"price":"29.50","status":1,"epub":"2019","sell_count":0,"sell_seven_day":265,"operating_title":"ä¼Ÿå¤§çš„ä¸­å›½å·¥ä¸šé©å‘½","short_title":"","integral":0,"other_content":"","other_share_title":"å¾—åˆ°å¥½ä¹¦ | ä¼Ÿå¤§çš„ä¸­å›½å·¥ä¸šé©å‘½","other_share_summary":"ç½—è¾‘æ€ç»´ç¬¬å…­å­£æ¨èã€‚è§£å¯†ä¸­å›½ç»æµå´›èµ·è°œé¢˜ï¼Œæ¢ç´¢æŒ¯å…´è·¯å¾„ã€‚","other_data":"","top":0,"datetime":"","uptime":"","author_info":"ä½œè€…æ–‡ä¸€ï¼Œæ¸…åå¤§å­¦ç»æµç®¡ç†å­¦é™¢CCBè®²å¸­æ•™æˆï¼ˆ2008-2015ï¼‰ï¼Œæ¸…åå¤§å­¦äº”é“å£é«˜çº§é‡‘èç ”ç©¶é™¢è®¿é—®å­¦è€…ï¼Œä¸­å›½å›½å®¶â€œåƒäººè®¡åˆ’â€å…¥é€‰è€…ã€‚1982å¹´è·åè¥¿åŒ»ç§‘å¤§å­¦åŒ»å­¦å­¦å£«ï¼Œ1991å¹´è·ç¾å›½åœ£æ¯å¤§å­¦å“²å­¦ç¡•å£«ï¼Œ1996å¹´è·ç¾å›½çˆ±è·åå¤§å­¦ç»æµå­¦åšå£«ã€‚\r\n\r\nä¹‹åæ›¾ä»»èŒäºé¦™æ¸¯ç§‘æŠ€å¤§å­¦ç»æµç³»ï¼ˆ1996-1999ï¼‰ï¼Œç¾å›½åº·å¥ˆå°”å¤§å­¦ç»æµç³»ï¼ˆ1999-2005ï¼‰ï¼Œç¾å›½è”é‚¦å‚¨å¤‡é“¶è¡Œï¼ˆåœ£è·¯æ˜“æ–¯åˆ†è¡Œï¼‰ç ”ç©¶éƒ¨ï¼Œ2008å¹´å‡ä»»åŠ©ç†å‰¯è¡Œé•¿å¹¶è·å¾—ç¾å›½å°ç¬¬å®‰çº³å¤§å­¦ï¼ˆBloomingtonï¼‰ç»æµç³»ç»ˆèº«æ­£æ•™æˆè˜ä¹¦ã€‚ç ”ç©¶æ–¹å‘ä¸ºå®è§‚ç»æµå­¦ï¼Œç ”ç©¶é¢†åŸŸåŒ…æ‹¬å•†ä¸šå‘¨æœŸå’Œç»æµæ³¢åŠ¨ç†è®ºï¼ŒåŠ¨æ€ä¼˜åŒ–ä¸­çš„å¤šé‡å‡è¡¡å’Œå¸‚åœºå¤±çµï¼Œç†æ€§é¢„æœŸä¸‹è‡ªæˆ‘å®ç°çš„èµ„äº§æ³¡æ²«ï¼Œè´§å¸æ”¿ç­–å’Œé‡åŒ–å®½æ¾æ”¿ç­–çš„å¾®è§‚åŸºç¡€ä¸åŠ¨æ€ä¸€èˆ¬å‡è¡¡æ¨¡å‹ï¼Œå‘å±•æ”¿æ²»ç»æµå­¦å’Œä¸­å›½å®è§‚ç»æµå‘å±•é—®é¢˜ç­‰ã€‚","book_name":"ã€Šä¼Ÿå¤§çš„ä¸­å›½å·¥ä¸šé©å‘½ã€‹","book_author":"æ–‡ä¸€","press":"æ¸…åå¤§å­¦å‡ºç‰ˆç¤¾","publish_time":"1900-01-20","catalog":"","catalog_list":[],"book_intro":"ä¸­å›½å´›èµ·æ— ç–‘æ˜¯äººç±»å†å²ä¸Šè‡ªè‹±å›½å·¥ä¸šé©å‘½ä»¥æ¥ä¸ºå£®è§‚çš„å…¨çƒæ€§å†å²äº‹ä»¶ã€‚è€Œå½“ä»£è¥¿æ–¹ä¸»æµç»æµå­¦ç†è®ºï¼Œå°¤å…¶æ˜¯å…³äºç»æµå‘å±•çš„åˆ¶åº¦ç»æµå­¦ç†è®ºï¼Œå´æ— åŠ›è§£é‡Šä¸­å›½çš„å´›èµ·ã€‚ä½œè€…è®¤ä¸ºåªæœ‰å½»åº•é‡æ–°é˜é‡Šè¢«åˆ¶åº¦ç»æµå­¦æ‰€è¯¯è¯»çš„å·¥ä¸šé©å‘½å’Œè¥¿æ–¹å´›èµ·çš„å†å²ï¼Œæ‰èƒ½çœŸæ­£è§£é‡Šä¸­å›½çš„å¢é•¿å¥‡è¿¹ï¼Œä»¥åŠä¸ºä»€ä¹ˆä¸­å›½ä¹‰æ— åé¡¾çš„å´›èµ·æ˜¯ä¸å¯é˜»æŒ¡çš„ã€‚\r\n\r\nä¸æ­¤åŒæ—¶ï¼Œä¸­å›½ä»ä¸€ä¸ªè´«ç©·ç§¯å¼±çš„å†œä¸šç¤¾ä¼šå‘å·¥ä¸šè¶…çº§å¤§å›½çš„æƒŠäººè½¬å‹æ‰€è•´å«çš„â€œå‘å±•æ”¿æ²»ç»æµå­¦â€é€»è¾‘ï¼Œä¸ä»…ä»ä¸€ä¸ªä¾§é¢æ·±åˆ»æ­ç¤ºäº†å½“ä»£è¥¿æ–¹ä¸»æµç»æµå­¦çš„æ ¹æœ¬ç¼ºé™·ï¼Œè€Œä¸”ä¹Ÿä¸ºéæ´²éš¾ä»¥é€ƒç¦»çš„è´«å›°é™·é˜±ï¼Œæ‹‰ä¸ç¾æ´²å¤±å»çš„å¹´åå’Œä¸æ–­æ»‹ç”Ÿçš„å€ºåŠ¡å±æœºï¼Œ19ä¸–çºªçš„å¤§åˆ†æµå’Œæ¬§æ´²çš„å¼‚å†›çªèµ·ï¼Œä»¥åŠè²Œä¼¼ç¥ç§˜çš„è‹±å›½å·¥ä¸šé©å‘½æœ¬èº«æä¾›äº†æ–°çš„æ›´åŠ æ·±åˆ»çš„æ³¨é‡Šã€‚","tts_switch":1,"merchant_id":1,"contract_number":"","online_time":0,"b_special_price":"","current_price":"29.50","b_special_price_stime":1514736000,"b_special_price_etime":1514736000,"is_buy":false,"current_timestamp":1558440304,"chapter_list":null,"is_trial":true,"is_tts_switch":false,"log_id":"2410","log_type":"ebook","read_progress":0,"reading_title":"","original_price":"29.50","special_offer_status":0,"page_num":0,"author_list":null,"can_trial_read":false,"reading_word_count":0,"reading_word_token":"","trial_read_proportion":"","authors":null,"with_video":false,"b_package_end_time":"","b_package_price":"0.00","b_package_start_time":""},{"id":2648,"title":"","style":1,"type":1,"class":0,"sub_class":0,"author":"","cover":"http://piccdn.igetget.com/img/201804/13/201804131205324561904795.jpg","banner":"","count":0,"price":"7.99","status":1,"epub":"2019","sell_count":0,"sell_seven_day":259,"operating_title":"ä»¥è‡ªå·±å–œæ¬¢çš„æ–¹å¼è¿‡ä¸€ç”Ÿ","short_title":"","integral":0,"other_content":"","other_share_title":"å¾—åˆ°å¥½ä¹¦| ä»¥è‡ªå·±å–œæ¬¢çš„æ–¹å¼è¿‡ä¸€ç”Ÿ","other_share_summary":"ã€Œé™æ—¶6æŠ˜ã€æ—ç‰¹ç‰¹ä½œå“ã€‚54ä¸ªæ¸©æš–ç¬é—´è®©ä½ æ˜ç™½ï¼Œæœ‰ç§å¿«ä¹ï¼Œæ˜¯æ´»æˆè‡ªå·±å–œæ¬¢çš„æ¨¡æ ·ã€‚","other_data":"","top":0,"datetime":"","uptime":"","author_info":"","book_name":"ã€Šä»¥è‡ªå·±å–œæ¬¢çš„æ–¹å¼è¿‡ä¸€ç”Ÿã€‹","book_author":"","press":"","publish_time":"1900-01-20","catalog":"","catalog_list":[],"book_intro":"çœŸæ­£çš„å¹³é™ï¼Œä¸æ˜¯é¿å¼€è½¦é©¬å–§åš£ï¼Œè€Œæ˜¯åœ¨å¿ƒä¸­ä¿®ç¯±ç§èŠã€‚ä½œè€…æ²¡æœ‰å†™è¿œå¤§çš„ç†æƒ³ï¼Œé”¦ç»£çš„å‰ç¨‹ã€‚å¥¹æŠŠç”Ÿæ´»é‡Œçš„æ‹§å·´ã€çº ç»“ä¸€ä¸€èåŒ–åœ¨æ·¡æ·¡çš„ç¬”å°–ã€‚å†™é‚£äº›æœ´ç´ çš„äººã€æœ´ç´ çš„ç”Ÿæ´»ã€‚ååè®©ä½ å—…åˆ°ç†æƒ³åº”è¯¥æœ‰çš„å‘³é“ã€‚åˆä¸Šä¹¦ï¼Œä½ ä¹Ÿè®¸ä¼šå¿½ç„¶å‘ç°ï¼ŒåŸæ¥ä¸€ç›´è¯¯è§£äº†ç†æƒ³çš„æ„ä¹‰ã€‚ç”Ÿæ´»ä¸åº”æ˜¯ä¸ºäº†å‘¨é­çš„äººå¯¹è‡ªå·±æ»¡æ„è€Œå·²ã€‚ \r\n\r\n54ä¸ªäººç”Ÿæ¸©æš–çš„ç¬é—´é‡Œï¼Œæˆ‘ä»¬æ¸æ¸æ˜ç™½ï¼Œå¹³å‡¡çš„ä¸€ç”Ÿä¸ä»£è¡¨ç¢Œç¢Œæ— ä¸ºï¼›å˜å¾—æˆç†Ÿä¹Ÿä¸æ„å‘³ç€è¦ä¸¢æ‰åˆå¿ƒã€‚å°±ç®—æ€€æ£ä¸–ä¸Šä¼Ÿå¤§çš„æ¢¦æƒ³ï¼Œä¹Ÿä¸å¦¨ç¢æˆ‘ä»¬å¾—åˆ°ä¸€ä¸ªæ™®é€šäººçš„å¿«ä¹ã€‚è¿™ä¸–ä¸Šåªæœ‰ä¸€ç§æˆåŠŸï¼Œå°±æ˜¯ä»¥è‡ªå·±å–œæ¬¢çš„æ–¹å¼è¿‡ä¸€ç”Ÿã€‚","tts_switch":1,"merchant_id":1000,"contract_number":"","online_time":0,"b_special_price":"","current_price":"7.99","b_special_price_stime":1514736000,"b_special_price_etime":1514736000,"is_buy":false,"current_timestamp":1558440304,"chapter_list":null,"is_trial":true,"is_tts_switch":false,"log_id":"2648","log_type":"ebook","read_progress":0,"reading_title":"","original_price":"7.99","special_offer_status":0,"page_num":0,"author_list":null,"can_trial_read":false,"reading_word_count":0,"reading_word_token":"","trial_read_proportion":"","authors":null,"with_video":false,"b_package_end_time":"","b_package_price":"0.00","b_package_start_time":""},{"id":2632,"title":"","style":1,"type":1,"class":0,"sub_class":0,"author":"","cover":"http://piccdn.igetget.com/img/201804/10/201804101506098218629419.jpg","banner":"","count":0,"price":"14.94","status":1,"epub":"2019","sell_count":0,"sell_seven_day":257,"operating_title":"äººå¿ƒå¯æµ‹","short_title":"","integral":0,"other_content":"","other_share_title":"å¾—åˆ°å¥½ä¹¦| äººå¿ƒå¯æµ‹","other_share_summary":"æ•™ä½ æ…§çœ¼è¯†äººçš„å¿ƒç†æ´å¯Ÿæœ¯ï¼Œçœ‹é€ä»–äººï¼ŒæŒæ§å±€é¢ã€‚","other_data":"","top":0,"datetime":"","uptime":"","author_info":"ä½œè€…å§œæŒ¯å®‡ï¼Œå¾®è¡¨æƒ…ç¥æ¢ï¼Œæ‹¥æœ‰200å¤šä¸‡å¾®åšç²‰ä¸ã€‚ä¸€ä¸ªå‘†èŒçš„å­¦è€…ã€æ—¶å°šçš„ç§‘ç ”è€…ã€‚\r\nä»–æ˜¯å¿ƒç†åº”æ¿€å¾®ååº”ç ”ç©¶é™¢é™¢é•¿ï¼Œä¸­å›½æ”¿æ³•å¤§å­¦æ•™å¸ˆï¼›ä»–å¸¦é¢†ç€å›½å†…åº”ç”¨å¿ƒç†ã€åº”æ¿€å¾®ååº”è¿›è¡Œæµ‹è°çš„ç ”ç©¶å›¢é˜Ÿï¼›ä»–æ‹…ä»»ä¸­å›½åˆ‘äº‹ç§‘å­¦æŠ€æœ¯åä¼šå¿ƒç†æµ‹è¯•ä¸“ä¸šå§”å‘˜ä¼šå§”å‘˜ï¼Œä»¥åŠå›½å†…å¤šå®¶å…¬å®‰æœºå…³å’Œåè´ªæœºå…³çš„ç‰¹é‚€ç ”ç©¶äººå‘˜ã€‚\r\n\r\nã€Šå››å¤§ååŠ©ã€‹èŠ‚ç›®ä¸»æŒäººï¼Œã€Šéå¸¸äº†å¾—ã€‹ã€Šéè¯šå‹¿æ‰°ã€‹ç‰¹é‚€å˜‰å®¾ã€‚è‘—æœ‰ã€Šå¾®ååº”ã€‹ã€Šå¾®è¡¨æƒ…ã€‹ã€ŠæŒæ§è€…ã€‹ã€ŠæŒæ§è€…2ã€‹ç­‰ä¹¦ï¼Œé”€é‡è¿‡ç™¾ä¸‡å†Œã€‚","book_name":"ã€Šäººå¿ƒå¯æµ‹ã€‹","book_author":"å§œæŒ¯å®‡","press":"ä¸­å›½å‹è°Šå‡ºç‰ˆå…¬å¸Â·ç£¨é“","publish_time":"1900-01-20","catalog":"","catalog_list":[],"book_intro":"å¾®ååº”ä½œä¸ºäººç±»æœ¬èƒ½ååº”ï¼Œæ˜¯äº†è§£ä»–äººå†…å¿ƒæ„å›¾å‡†ç¡®çš„çº¿ç´¢ã€‚å¾®è¡¨æƒ…ä½œä¸ºå¾®ååº”çš„ä¸»è¦è¡¨ç°å½¢å¼ï¼Œä¸»è¦é€šè¿‡è„¸éƒ¨ç»†å¾®çš„è¡¨æƒ…åŠ¨ä½œè¡¨ç°ï¼Œæ˜¯äººå®¹æ˜“è§‚å¯Ÿåˆ°çš„å¾®ååº”ã€‚æƒŠè®¶ã€åŒæ¶ã€æ„¤æ€’ã€ææƒ§ã€æ‚²ä¼¤ã€æ„‰æ‚¦ç­‰æ˜¯6ç§äººç±»åŸºæœ¬çš„å¾®è¡¨æƒ…ã€‚æ ¹æ®æ¯ä¸ªäººä¸åŒçš„åŸºçº¿ç‰¹å¾ï¼Œä¸»è¦ä»çœ‰ã€çœ¼ã€å˜´çš„çº¿æ¡ï¼Œå¯ä»¥è¿›è¡Œé€šä¿—å®ç”¨çš„å¾®è¡¨æƒ…è¯†åˆ«ã€‚å› æ­¤ï¼Œå¦‚æœè§‚å¯Ÿåˆ°äº†çœŸå®çš„å¾®ååº”ï¼Œæ¥ç€åˆçœ‹åˆ°äº†è¯•å›¾æ©é¥°å’Œé€ ä½œçš„è¡¨æ¼”ï¼Œé‚£ä¹ˆçœŸç›¸å·²ç»å‘ˆç°åœ¨çœ¼å‰ã€‚\r\n\r\nã€Šäººå¿ƒå¯æµ‹ã€‹å°†æ•™ä½ å¦‚ä½•ä»ä¸€ä¸ªäººçš„è¡¨æƒ…ã€è¨€è¡Œä¸¾æ­¢ä¸­è¯»å‡ºä»–å†…å¿ƒçœŸæ­£çš„æ‰€æ€æ‰€æƒ³ï¼Œå‘ç°ä»–è¡Œä¸ºèƒŒåçš„å¿ƒé‡Œç§˜å¯†ã€‚ä¸æ­¤åŒæ—¶ï¼Œä¹Ÿæ•™ä¼šä½ å¦‚ä½•åº”å¯¹äººï¼Œå¤„ç†äº‹ã€‚å°¤å…¶æ˜¯ï¼Œå½“ä½ é‡åˆ°éº»çƒ¦çš„äº‹ï¼Œç†ä¸æ¸…å¤´ç»ªï¼Œé‡åˆ°è™šä¼ªçš„äººï¼Œçœ‹ä¸æ¸…å¯¹æ–¹çœŸä¼ªçš„æ—¶å€™ï¼Œåœ¨æœ¬ä¹¦é‡Œå­¦åˆ°çš„å¾®è¡¨æƒ…æŠ€å·§å°±å¯ä»¥å¸®ä½ æ¸¡è¿‡éš¾å…³ã€‚å¹¶ä¸”ä¸æ˜¯ç†¬è¿‡å»ï¼Œæ˜¯ç§¯æä¸»åŠ¨ï¼Œå®‰å…¨ç¨³å®šï¼Œä¼˜åŒ–çš„æ§åˆ¶æ€§åº¦è¿‡ã€‚","tts_switch":1,"merchant_id":1,"contract_number":"","online_time":0,"b_special_price":"","current_price":"14.94","b_special_price_stime":1514736000,"b_special_price_etime":1514736000,"is_buy":false,"current_timestamp":1558440304,"chapter_list":null,"is_trial":true,"is_tts_switch":false,"log_id":"2632","log_type":"ebook","read_progress":0,"reading_title":"","original_price":"14.94","special_offer_status":0,"page_num":0,"author_list":null,"can_trial_read":false,"reading_word_count":0,"reading_word_token":"","trial_read_proportion":"","authors":null,"with_video":false,"b_package_end_time":"","b_package_price":"0.00","b_package_start_time":""},{"id":2139,"title":"","style":4,"type":1,"class":0,"sub_class":0,"author":"","cover":"http://piccdn.igetget.com/img/201801/23/201801232234502930732072.jpg","banner":"","count":0,"price":"29.40","status":1,"epub":"2019","sell_count":0,"sell_seven_day":245,"operating_title":"é¡µå²©é©å‘½","short_title":"","integral":0,"other_content":"","other_share_title":"å¾—åˆ°å¥½ä¹¦ | é¡µå²©é©å‘½","other_share_summary":"ç½—èƒ–æ¨èã€‚æ­ç§˜æ–°èƒ½æºäº¿ä¸‡å¯Œè±ªèƒŒåçš„æƒŠäººæ•…äº‹ï¼Œè®²è¿°ç¾å›½é¡µå²©å¼€é‡‡æŠ€æœ¯çš„å•†ä¸šåŒ–å†ç¨‹ã€‚","other_data":"","top":0,"datetime":"","uptime":"","author_info":"æ ¼é›·æˆˆé‡ŒÂ·ç¥–å…‹æ›¼ï¼Œã€Šåå°”è¡—æ—¥æŠ¥ã€‹èµ„æ·±ä¸“æ ä½œå®¶ï¼Œæ›¾åœ¨è¯¥æŠ¥ä»»è®°è€…12å¹´ï¼Œæ˜¯è¯¥æŠ¥è‘—åçš„ä¸“æ è®°è€…ï¼Œæ’°å†™å¯¹å†²åŸºé‡‘ã€æŠ•èµ„ç­‰æ–¹é¢çš„æ–‡ç« ã€‚ä»–ç»å¸¸å‡ºå¸­æ¶ˆè´¹è€…æ–°é—»ä¸å•†ä¸šé¢‘é“ï¼ˆCNBCï¼‰èŠ‚ç›®ï¼Œå¯¹å¤æ‚çš„äº¤æ˜“æŠ€æœ¯åŠé‡‘èå¸‚åœºè¿›è¡Œæ¢è®¨å’Œåˆ†æã€‚å› æŠ¥é“â€œä¸–é€šå€’é—­â€åŠâ€œç¾å›½å¯¹å†²åŸºé‡‘å…¬å¸å·¨å¤´ä¸å‡‹èŠ±é¡¾é—®å…¬å¸äºæŸâ€äº‹ä»¶ï¼Œä¸¤æ¬¡è·å¾—è´¢ç»æ–°é—»ç•Œæœ€é«˜è£èª‰â€”â€”æ°æ‹‰å°”å¾·â€¢å‹’ä¼¯å¥–ã€‚ä»–è¿˜è·å¾—è¿‡çº½çº¦å‡ºç‰ˆä¿±ä¹éƒ¨æ–°é—»å¥–ç­‰å…¶ä»–è¯¸å¤šå¥–é¡¹ã€‚","book_name":"ã€Šé¡µå²©é©å‘½ï¼šæ–°èƒ½æºäº¿ä¸‡å¯Œè±ªèƒŒåçš„æƒŠäººæ•…äº‹ã€‹","book_author":"[ç¾] æ ¼é›·æˆˆé‡ŒÂ·ç¥–å…‹æ›¼","press":"ä¸­å›½äººæ°‘å¤§å­¦å‡ºç‰ˆç¤¾","publish_time":"1900-01-20","catalog":"","catalog_list":[],"book_intro":"å…­å¹´å‰ç¾å›½è¿˜åœ¨æ‹…å¿ƒçŸ³æ²¹ä¾èµ–ï¼Œå…­å¹´åç¾å›½å´å³å°†æˆä¸ºä¸‹ä¸€ä¸ªä¸­ä¸œï¼Œä¸€åˆ‡éƒ½æºäºé¡µå²©æ°”ã€‚\r\nã€€ã€€\r\nã€Šé¡µå²©é©å‘½ï¼šæ–°èƒ½æºäº¿ä¸‡å¯Œè±ªèƒŒåçš„æƒŠäººæ•…äº‹ã€‹è®²è¿°çš„æ˜¯ï¼Œå‡ ä½è¢«è§†ä¸ºæåº¦æŠ•æœºå’Œç–¯ç‹‚çš„ä¼ä¸šå®¶ï¼Œå¦‚ä½•é ç€è¿‘ä¹åæ‰§çš„åˆ›ä¸šç²¾ç¥å’ŒæŠ€æœ¯åˆ›æ–°ï¼Œä¸ºç¾å›½åœ¨é¡µå²©æ²¹æ°”å¼€é‡‡æ–¹é¢å¸¦æ¥é©å‘½æ€§å˜åŒ–ã€‚\r\nã€€ã€€\r\né¡µå²©å¼€é‡‡æŠ€æœ¯åœ¨ç¾å›½èƒ½å¤Ÿç‡å…ˆå•†ä¸šåŒ–ï¼Œä¾é çš„æ˜¯å‡ ä¸ªä¸­å°çŸ³æ²¹å…¬å¸çš„ä¼ä¸šä¸»ï¼Œä»–ä»¬åœ¨ç¾å›½å±äºâ€œèƒ½æºä¸ªä½“æˆ·â€ï¼Œä»–ä»¬æŠµæŠ—ä½äº†è‚¡ä¸œå‹åŠ›ï¼Œå‡ ä¹æŠŠæ•´ä¸ªå…¬å¸çš„åˆ©æ¶¦éƒ½å‹ä¸Šï¼Œåœ¨æ¿’ä¸´ç»å¢ƒä¹‹æ—¶è¿æ¥æ›™å…‰ã€‚æ¥å¬å¬ä»–ä»¬çš„æ•…äº‹ï¼šä»–ä»¬ä¸æ˜¯å®Œäººï¼Œè´ªå©ªä¸”è‡ªè´Ÿï¼ŒåŒæ—¶å¸¦æ¥äº†20å¹´æ¥æœ€å¤§çš„èƒ½æºå˜é©ã€‚","tts_switch":0,"merchant_id":1,"contract_number":"","online_time":0,"b_special_price":"","current_price":"29.40","b_special_price_stime":1514736000,"b_special_price_etime":1514736000,"is_buy":false,"current_timestamp":1558440304,"chapter_list":null,"is_trial":true,"is_tts_switch":false,"log_id":"2139","log_type":"ebook","read_progress":0,"reading_title":"","original_price":"29.40","special_offer_status":0,"page_num":0,"author_list":null,"can_trial_read":false,"reading_word_count":0,"reading_word_token":"","trial_read_proportion":"","authors":null,"with_video":false,"b_package_end_time":"","b_package_price":"0.00","b_package_start_time":""},{"id":2691,"title":"","style":3,"type":1,"class":0,"sub_class":0,"author":"","cover":"http://piccdn.igetget.com/img/201804/20/201804201509438916404780.jpg","banner":"","count":0,"price":"8.99","status":1,"epub":"2019","sell_count":0,"sell_seven_day":243,"operating_title":"è‡ªä¿¡åŠ›ï¼šæˆä¸ºæœ€å¥½çš„è‡ªå·±","short_title":"","integral":0,"other_content":"","other_share_title":"å¾—åˆ°å¥½ä¹¦| è‡ªä¿¡åŠ›ï¼šæˆä¸ºæœ€å¥½çš„è‡ªå·±","other_share_summary":"ã€Œé™æ—¶6æŠ˜ã€å¤§é‡å®ç”¨æŠ€å·§å’Œç»ƒä¹ ï¼Œè®©ä½ é‡æ‹¾è‡ªä¿¡ï¼Œåšæœ€å¥½çš„è‡ªå·±ã€‚","other_data":"","top":0,"datetime":"","uptime":"","author_info":"","book_name":"ã€Šè‡ªä¿¡åŠ›ï¼šæˆä¸ºæœ€å¥½çš„è‡ªå·±ã€‹","book_author":"","press":"","publish_time":"2011-07-21","catalog":"","catalog_list":[],"book_intro":"è‡ªä¿¡æ˜¯äººç”ŸæˆåŠŸä¸å¹¸ç¦çš„å…ˆå†³æ¡ä»¶ï¼Œç„¶è€Œç¼ºä¹è‡ªä¿¡å´æ˜¯æ™®éå­˜åœ¨çš„é—®é¢˜ã€‚ä¸ºäº†å¸®åŠ©äººä»¬å»ºç«‹è‡ªä¿¡ï¼Œæœ¬ä¹¦é€šè¿‡ç”ŸåŠ¨çš„æ¡ˆä¾‹å’Œæ¡ç†æ¸…æ™°çš„è®ºè¿°ï¼Œç»“åˆè¿åŠ¨å¿ƒç†å­¦å’Œç§¯æå¿ƒç†å­¦åŸç†ï¼Œæ€»ç»“å‡ºäº†å¤§é‡å®ç”¨æŠ€å·§å’Œç»ƒä¹ ï¼Œä»¥â€œåšä»€ä¹ˆâ€å’Œâ€œä¸åšä»€ä¹ˆâ€çš„ç®€å•ç»“æ„æ¥å¸®åŠ©è¯»è€…æ ‘ç«‹è‡ªä¿¡ï¼Œåœ¨ç”Ÿæ´»ä¸­æ”¶è·æ›´å¤šç¾å¥½ã€‚","tts_switch":1,"merchant_id":1000,"contract_number":"","online_time":0,"b_special_price":"","current_price":"8.99","b_special_price_stime":1514736000,"b_special_price_etime":1514736000,"is_buy":false,"current_timestamp":1558440304,"chapter_list":null,"is_trial":true,"is_tts_switch":false,"log_id":"2691","log_type":"ebook","read_progress":0,"reading_title":"","original_price":"8.99","special_offer_status":0,"page_num":0,"author_list":null,"can_trial_read":false,"reading_word_count":0,"reading_word_token":"","trial_read_proportion":"","authors":null,"with_video":false,"b_package_end_time":"","b_package_price":"0.00","b_package_start_time":""},{"id":2700,"title":"","style":1,"type":1,"class":0,"sub_class":0,"author":"","cover":"http://piccdn.igetget.com/img/201804/21/201804211957269414601885.jpg","banner":"","count":0,"price":"19.99","status":1,"epub":"2019","sell_count":0,"sell_seven_day":231,"operating_title":"è¸Œèº‡çš„éœ¸æƒ | ç½—èƒ–æ¨è","short_title":"","integral":0,"other_content":"","other_share_title":"å¾—åˆ°å¥½ä¹¦ | è¸Œèº‡çš„éœ¸æƒ","other_share_summary":"ã€Œå…¨ç½‘ç‹¬å®¶ï¼Œé™æ—¶3æŠ˜ã€ç½—èƒ–æ¨èã€‚è¯»æ‡‚ç¾å›½å¦‚ä½•è·¨è¶ŠåŠä¸ªä¸–çºªï¼Œæˆä¸ºå…¨çƒé¢†å¯¼è€…ã€‚","other_data":"","top":0,"datetime":"","uptime":"","author_info":"ä½œè€…ç‹ç«‹æ–°ï¼Œ1996å¹´æ¯•ä¸šäºå—å¼€å¤§å­¦ï¼Œè·å†å²å­¦åšå£«å­¦ä½ã€‚ç°ä¸ºåŒ—äº¬å¤§å­¦å†å²å­¦ç³»æ•™æˆã€åšå£«ç”Ÿå¯¼å¸ˆï¼Œå…¼ä»»ä¸­å›½ç¾å›½å²ç ”ç©¶ä¼šå‰¯ä¼šé•¿ã€ä¸­å›½äººæƒç ”ç©¶ä¼šå¸¸åŠ¡ç†äº‹ã€‚\r\n\r\nä¸»è¦ä»äº‹ç¾å›½å²ã€ç¾å›½å¤–äº¤å²å’Œä¸­ç¾å…³ç³»å²çš„æ•™å­¦ä¸ç ”ç©¶ã€‚ä¸»è¦è‘—ä½œæœ‰ï¼šã€Šç¾å›½ä¼ æ•™å£«ä¸æ™šæ¸…ä¸­å›½ç°ä»£åŒ–ã€‹ã€ã€Šç¾å›½å¯¹åæ”¿ç­–ä¸ä¸­å›½æ°‘æ—ä¸»ä¹‰è¿åŠ¨ï¼ˆ1904ï¼1928ï¼‰ã€‹ã€ã€Šæ„è¯†å½¢æ€ä¸ç¾å›½å¤–äº¤æ”¿ç­–â€”â€”ä»¥20ä¸–çºªç¾å›½å¯¹åæ”¿ç­–ä¸ºä¸ªæ¡ˆçš„ç ”ç©¶ã€‹ã€‚åœ¨ã€Šä¸­å›½ç¤¾ä¼šç§‘å­¦ã€‹å’Œã€Šå†å²ç ”ç©¶ã€‹ç­‰æ‚å¿—å‘è¡¨è®ºæ–‡çº¦60ç¯‡ã€‚\r\n\r\næ›¾è·ä¸­å›½é«˜ç­‰å­¦æ ¡ç§‘å­¦ç ”ç©¶ï¼ˆäººæ–‡ä¸ç¤¾ä¼šç§‘å­¦ï¼‰ä¼˜ç§€æˆæœäºŒç­‰å¥–ã€å¤©æ´¥å¸‚ä¼˜ç§€ç¤¾ç§‘å›¾ä¹¦äºŒç­‰å¥–å’ŒåŒ—äº¬å¤§å­¦äººæ–‡æ°å‡ºé’å¹´å­¦è€…å¥–ã€‚å…¥é€‰â€œåŒ—äº¬å¸‚æ–°ä¸–çºªç™¾åä¸­é’å¹´ç¤¾ç§‘ç†è®ºäººæ‰å·¥ç¨‹â€ã€æ•™è‚²éƒ¨â€œæ–°ä¸–çºªä¼˜ç§€äººæ‰æ”¯æŒè®¡åˆ’â€ä»¥åŠå›½å®¶äººäº‹éƒ¨ã€ç§‘æŠ€éƒ¨å’Œæ•™è‚²éƒ¨ç­‰ä¸ƒéƒ¨å§”å‘èµ·çš„â€œç™¾åƒä¸‡äººæ‰å·¥ç¨‹â€å›½å®¶çº§äººé€‰ï¼Œå¹¶äº«å—å›½åŠ¡é™¢ç‰¹æ®Šæ´¥è´´ã€‚","book_name":"ã€Šè¸Œèº‡çš„éœ¸æƒï¼šç¾å›½å´›èµ·åçš„èº«ä»½å›°æƒ‘ä¸ç§©åºè¿½æ±‚ï¼ˆ1913-1945ï¼‰ã€‹","book_author":"ç‹ç«‹æ–°","press":"ä¸­å›½ç¤¾ä¼šç§‘å­¦å‡ºç‰ˆç¤¾","publish_time":"1900-01-20","catalog":"","catalog_list":[],"book_intro":"ã€Šè¸Œèº‡çš„éœ¸æƒï¼šç¾å›½å´›èµ·åçš„èº«ä»½å›°æƒ‘ä¸ç§©åºè¿½æ±‚ã€‹æŠŠ1913ï¼1945å¹´çš„ç¾å›½å¯¹å¤–å…³ç³»è§†ä¸ºè§£å†³ï¼ˆå›½å®¶ï¼‰èº«ä»½å›°æƒ‘ä¸è¿½æ±‚ï¼ˆå›½é™…ï¼‰æ–°ç§©åºçš„è¿‡ç¨‹ã€‚ä½œè€…ç‹ç«‹æ–°åœ¨å…¼é¡¾è¿™ä¸€æ—¶æœŸé‡å¤§å›½é™…äº‹ä»¶å’Œå¤–äº¤æ”¿ç­–çš„åŒæ—¶ï¼Œä¸»è¦è€ƒå¯Ÿäº†ç¾å›½åœ¨20ä¸–çºªåˆæœŸå´›èµ·ä¸ºä¸–ç•Œå¼ºå›½ï¼Œå¦‚ä½•æ€è€ƒå’Œç•Œå®šè‡ªå·±çš„å›½å®¶èº«ä»½å’Œå›½é™…è§’è‰²ï¼Œå¦‚ä½•è¿ç”¨è‡ªå·±å¼ºå¤§çš„å®åŠ›å¯¹æ¬§æ´²ä¸»å¯¼çš„å›½é™…ç§©åºåŠ ä»¥æ”¹é€ ï¼Œå¹¶è¯•å›¾æ ¹æ®è‡ªå·±çš„ä»·å€¼è§‚å’Œåˆ©ç›Šå»ºç«‹ä¸€å¥—å›½é™…æ–°ç§©åºã€‚\r\n\r\nä½œè€…ä½¿ç”¨å†å²å™äº‹ã€æ¡£æ¡ˆç ”ç©¶ã€è·¨å­¦ç§‘çš„å†™ä½œæ–¹æ³•ï¼Œä»ä¸­å›½å­¦è€…çš„ç°å®å…³æ€€å‡ºå‘ï¼Œæå‡ºäº†ç†è§£ä»ç¬¬ä¸€æ¬¡ä¸–ç•Œå¤§æˆ˜åˆ°ç¬¬äºŒæ¬¡ä¸–ç•Œå¤§æˆ˜ç¾å›½å¯¹å¤–æ”¿ç­–çš„æ–°è§’åº¦ï¼Œå¯¹æ–°çš„å›½å®¶èº«ä»½å’Œå›½é™…ç§©åºçš„è¿½æ±‚ï¼Œå¹¶åœ¨æ­¤åŸºç¡€ä¸Šæ„å»ºäº†é˜é‡Šè¿™ä¸€æ—¶æœŸç¾å›½å¯¹å¤–å…³ç³»çš„æ–°æ¡†æ¶ã€‚\r\n\r\næœ¬ä¹¦å¯¹è‡ªç”±å›½é™…ä¸»ä¹‰çš„å†…å®¹å’Œå½±å“ã€ä¿å®ˆå›½é™…ä¸»ä¹‰å¤–äº¤æ€æƒ³å’Œå›½é™…ç§©åºè§‚å¿µã€çç æ¸¯äº‹ä»¶å‰ç¾å›½å¤–äº¤å¤§è¾©è®ºçš„è¿‡ç¨‹å’Œæ„ä¹‰ã€å¯Œå…°å…‹æ—Â·ç½—æ–¯ç¦å¯¹å¨å°”é€Šå›½å®¶ç§©åºæ€æƒ³çš„å‘å±•ã€è‡ªç”±ä¸»ä¹‰å›½é™…ç§©åºçš„ç¼ºé™·ç­‰æ–¹é¢çš„ç ”ç©¶è¿›è¡Œäº†å…¨é¢çš„è®ºè¿°ã€‚","tts_switch":1,"merchant_id":9898,"contract_number":"","online_time":0,"b_special_price":"","current_price":"19.99","b_special_price_stime":1514736000,"b_special_price_etime":1514736000,"is_buy":false,"current_timestamp":1558440304,"chapter_list":null,"is_trial":true,"is_tts_switch":false,"log_id":"2700","log_type":"ebook","read_progress":0,"reading_title":"","original_price":"19.99","special_offer_status":0,"page_num":0,"author_list":null,"can_trial_read":false,"reading_word_count":0,"reading_word_token":"","trial_read_proportion":"","authors":null,"with_video":false,"b_package_end_time":"","b_package_price":"0.00","b_package_start_time":""},{"id":2548,"title":"","style":1,"type":1,"class":0,"sub_class":0,"author":"","cover":"http://piccdn.igetget.com/img/201803/28/201803281426332097587057.jpg","banner":"","count":0,"price":"9.99","status":1,"epub":"2019","sell_count":0,"sell_seven_day":200,"operating_title":"éæš´åŠ›æ²Ÿé€š","short_title":"","integral":0,"other_content":"","other_share_title":"å¾—åˆ°å¥½ä¹¦| éæš´åŠ›æ²Ÿé€š","other_share_summary":"æç¿”ã€ä½•å¸†æ¨èã€‚ä»¥åŒæƒ…å¿ƒä¸çˆ±ï¼Œç–—æ„ˆå†…å¿ƒçš„éšç—›ï¼ŒåŒ–è§£äººé™…é—´çš„å†²çªã€‚","other_data":"","top":0,"datetime":"","uptime":"","author_info":"ä½œè€…é©¬æ­‡å°”Â·å¢æ£®å ¡ï¼Œ1961å¹´å¸ˆä»å¡å°”Â·ç½—æ°æ–¯è·å¾—äº†ä¸´åºŠå¿ƒç†å­¦åšå£«å­¦ä½ã€‚1984å¹´åˆ›å»ºäº†éæš´åŠ›æ²Ÿé€šä¸­å¿ƒã€‚2006å¹´ï¼Œç”±äºåœ¨ä¿ƒè¿›äººç±»å’Œè°å…±å¤„æ–¹é¢çš„çªå‡ºæˆå°±ï¼Œè·å¾—äº†åœ°çƒæ‘åŸºé‡‘ä¼šé¢å‘çš„å’Œå¹³ä¹‹æ¡¥å¥–ã€‚2015å¹´å»ä¸–ã€‚","book_name":"ã€Šéæš´åŠ›æ²Ÿé€šã€‹","book_author":"[ç¾]é©¬æ­‡å°”Â·å¢æ£®å ¡","press":"åå¤å‡ºç‰ˆç¤¾","publish_time":"1900-01-20","catalog":"","catalog_list":[],"book_intro":"è‘—åçš„é©¬æ­‡å°”Â·å¢æ£®å ¡åšå£«å‘ç°äº†ç¥å¥‡è€Œå¹³å’Œçš„éæš´åŠ›æ²Ÿé€šæ–¹å¼ï¼Œé€šè¿‡éæš´åŠ›æ²Ÿé€šï¼Œä¸–ç•Œå„åœ°æ— æ•°çš„äººä»¬è·å¾—äº†çˆ±ã€å’Œè°å’Œå¹¸ç¦ã€‚\r\n\r\nå½“æˆ‘ä»¬è¤ªå»éšè”½çš„ç²¾ç¥æš´åŠ›ï¼Œçˆ±å°†è‡ªç„¶æµéœ²ã€‚åšä¸ºä¸€ä¸ªéµçºªå®ˆæ³•çš„å¥½äººï¼Œä¹Ÿè®¸æˆ‘ä»¬ä»æ¥æ²¡æœ‰æŠŠè°ˆè¯å’Œâ€œæš´åŠ›â€æ‰¯ä¸Šå…³ç³»ã€‚ä¸è¿‡å¦‚æœç¨å¾®ç•™æ„ä¸€ä¸‹ç°å®ç”Ÿæ´»ä¸­çš„è°ˆè¯æ–¹å¼ï¼Œå¹¶ä¸”ç”¨å¿ƒä½“ä¼šå„ç§è°ˆè¯æ–¹å¼ç»™æˆ‘ä»¬çš„ä¸åŒæ„Ÿå—ï¼Œæˆ‘ä»¬ä¸€å®šä¼šå‘ç°ï¼Œæœ‰äº›è¯ç¡®å®ä¼¤äººã€‚è¨€è¯­ä¸Šçš„æŒ‡è´£ã€å˜²è®½ã€å¦å®šã€è¯´æ•™ä»¥åŠä»»æ„æ‰“æ–­ã€æ‹’ä¸å›åº”ã€éšæ„å‡ºå£çš„è¯„ä»·å’Œç»“è®ºç»™æˆ‘ä»¬å¸¦æ¥çš„æƒ…æ„Ÿå’Œç²¾ç¥ä¸Šçš„åˆ›ä¼¤ç”šè‡³æ¯”è‚‰ä½“çš„ä¼¤å®³æ›´åŠ ä»¤äººç—›è‹¦ã€‚è¿™äº›æ— å¿ƒæˆ–æœ‰æ„çš„è¯­è¨€æš´åŠ›è®©äººä¸äººå˜å¾—å†·æ¼ ã€éš”è†œã€æ•Œè§†ã€‚\r\n\r\néæš´åŠ›æ²Ÿé€šèƒ½å¤Ÿï¼šç–—æ„ˆå†…å¿ƒæ·±å¤„çš„éšç§˜ä¼¤ç—›ï¼›ä¸ªäººå¿ƒæ™ºå’Œæƒ…æ„Ÿçš„å±€é™æ€§ï¼›çªç ´é‚£äº›å¼•å‘æ„¤æ€’ã€æ²®ä¸§ã€ç„¦è™‘ç­‰è´Ÿé¢æƒ…ç»ªçš„æ€ç»´æ–¹å¼ï¼›ç”¨ä¸å¸¦ä¼¤å®³çš„æ–¹å¼åŒ–è§£äººé™…é—´çš„å†²çªï¼›å­¦ä¼šå»ºç«‹å’Œè°çš„ç”Ÿå‘½ä½“éªŒã€‚","tts_switch":1,"merchant_id":10048,"contract_number":"","online_time":0,"b_special_price":"0","current_price":"9.99","b_special_price_stime":1514736000,"b_special_price_etime":1514736000,"is_buy":false,"current_timestamp":1558440304,"chapter_list":null,"is_trial":true,"is_tts_switch":false,"log_id":"2548","log_type":"ebook","read_progress":0,"reading_title":"","original_price":"9.99","special_offer_status":0,"page_num":0,"author_list":null,"can_trial_read":false,"reading_word_count":0,"reading_word_token":"","trial_read_proportion":"","authors":null,"with_video":false,"b_package_end_time":"","b_package_price":"0.00","b_package_start_time":""},{"id":2536,"title":"","style":1,"type":1,"class":0,"sub_class":0,"author":"","cover":"http://piccdn.igetget.com/img/201803/26/201803261625251294629854.jpg","banner":"","count":0,"price":"9.99","status":1,"epub":"2019","sell_count":0,"sell_seven_day":190,"operating_title":"FBIå¿ƒç†æ´å¯Ÿæœ¯","short_title":"","integral":0,"other_content":"","other_share_title":"å¾—åˆ°å¥½ä¹¦ | FBIå¿ƒç†æ´å¯Ÿæœ¯","other_share_summary":"ã€Œé™æ—¶5æŠ˜ã€æŒæ¡FBIè¶…å¼ºé˜…äººæœ¯ï¼Œä½ ä¹Ÿèƒ½ä¸€åˆ†é’Ÿè¯†ç ´å¯¹æ–¹çš„ä¼ªè£…å’Œè°è¨€ã€‚","other_data":"","top":0,"datetime":"","uptime":"","author_info":"æš‚æ— ä½œè€…ä¿¡æ¯","book_name":"ã€ŠFBIå¿ƒç†æ´å¯Ÿæœ¯ã€‹","book_author":"å§¬å°å®‰ ","press":"ä¸­å›½ç”»æŠ¥å‡ºç‰ˆç¤¾","publish_time":"1900-12-20","catalog":"","catalog_list":[],"book_intro":"å¿ƒç†æ´å¯Ÿæ˜¯ä¸€é—¨å­¦é—®ï¼Œæ˜¯è¿ç”¨å¿ƒç†å­¦çŸ¥è¯†åœ¨æ²Ÿé€šçš„è¿‡ç¨‹ä¸­é€šè¿‡å½¢ä½“åŠ¨ä½œã€è¯­è¨€ã€è¡¨æƒ…ã€æƒ…ç»ªå˜åŒ–ã€è°ˆè¯çš„é€»è¾‘æ€§ã€çœ¼ç¥æ¥æ¨æ–­ä»–äººçš„å¿ƒæ€ç­‰ã€‚åœ¨æœ€çŸ­çš„æ—¶é—´å†…æ´å¯Ÿä»–äººå¿ƒç†ï¼Œåœ¨äººé™…äº¤å¾€ä¸­è·å¾—ä¸»åŠ¨æƒã€‚ \r\n\r\nFBIç»è¿‡äº†å¤šå¹´çš„ç§¯ç´¯ï¼Œå·²ç»æŒæ¡æ€»ç»“å‡ºè¿™ä¸ªä¸–ç•Œä¸Šæœ€å“æœ‰æˆæ•ˆçš„å¿ƒç†æ´å¯Ÿæœ¯ã€‚è®©æˆ‘ä»¬è·Ÿç€FBIä¸€èµ·æŒæ¡äº†å…¶ä¸­çš„ç²¾é«“ï¼Œä¸€å®šèƒ½å¤Ÿè¿ç”¨å¿ƒç†æˆ˜æœ¯è½»æ¾é©¾é©­ä»–äººçš„æƒ³æ³•ï¼Œæˆä¸ºäººé™…äº¤å¾€ä¸­çš„å¤§èµ¢å®¶ã€‚ ","tts_switch":1,"merchant_id":30000,"contract_number":"","online_time":0,"b_special_price":"0","current_price":"9.99","b_special_price_stime":1514736000,"b_special_price_etime":1514736000,"is_buy":false,"current_timestamp":1558440304,"chapter_list":null,"is_trial":true,"is_tts_switch":false,"log_id":"2536","log_type":"ebook","read_progress":0,"reading_title":"","original_price":"9.99","special_offer_status":0,"page_num":0,"author_list":null,"can_trial_read":false,"reading_word_count":0,"reading_word_token":"","trial_read_proportion":"","authors":null,"with_video":false,"b_package_end_time":"","b_package_price":"0.00","b_package_start_time":""},{"id":2678,"title":"","style":1,"type":1,"class":0,"sub_class":0,"author":"","cover":"http://piccdn.igetget.com/img/201804/18/201804181600132758609337.jpg","banner":"","count":0,"price":"16.99","status":1,"epub":"2019","sell_count":0,"sell_seven_day":167,"operating_title":"äº¤äººå…ˆäº¤å¿ƒ","short_title":"","integral":0,"other_content":"","other_share_title":"å¾—åˆ°å¥½ä¹¦| äº¤äººå…ˆäº¤å¿ƒ","other_share_summary":"å†¯ä»‘å€¾æƒ…æ¨èï¼Œé«˜ç«¯å•†ç•Œæ®µå­æ‰‹æ»•å¾è¾‰å›å½’ä¹‹ä½œï¼Œä½“ä¼šæœ¬è‰²çš„å•†ä¸šæ™ºæ…§ã€‚","other_data":"","top":0,"datetime":"","uptime":"","author_info":"ä½œè€…æ»•å¾è¾‰ï¼Œå®è§‚ç»æµå­¦åšå£«ï¼Œè€æ¿åœˆå­é‡Œå…¬è®¤çš„â€œæ®µå­é«˜æ‰‹â€ã€‚æ›¾åœ¨å›½å®¶ä½“æ”¹æ‰€è´Ÿè´£ç¤¾ä¼šåˆ†å±‚è¯¾é¢˜ç ”ç©¶ï¼›åä¸‹æµ·ç»å•†ï¼Œæ¶‰åŠé¢†åŸŸåŒ…æ‹¬è¿›å‡ºå£ã€ä¿¡æ‰˜ã€ä¼ åª’ã€å’¨è¯¢ã€é€šä¿¡ã€æˆ¿åœ°äº§ç­‰å¤šç§è¡Œä¸šï¼Œæ‹…ä»»è¿‡å›½ä¼ã€å¤–ä¼ã€æ°‘ä¼ä¸»è¦è´Ÿè´£äººã€‚å·²å‡ºç‰ˆä½œå“ã€Šæ°‘å›½å¤§äººç‰©ã€‹ã€Šä¸‰åå¹´ä¸‰åäººã€‹ã€Šæ·¡å®šçš„äººç”Ÿå¤„å¤„ç¦…ã€‹ã€Šé»„é‡‘å±‹ï¼šä¸€ä¸ªè€æ€»çš„è¯»ä¹¦ç¬”è®°ã€‹ã€Šç©ºÂ·åœ°Â·æµ·ã€‹ã€Šå…¨éƒ½ä¸é è°±ã€‹ç­‰ã€‚","book_name":"ã€Šäº¤äººå…ˆäº¤å¿ƒã€‹","book_author":"æ»•å¾è¾‰","press":"ä¹å·å‡ºç‰ˆç¤¾Â·åæ–‡å¤©ä¸‹","publish_time":"1900-01-20","catalog":"","catalog_list":[],"book_intro":"ä¸€ä¸ªä¸ªæå…·æœ‰æ±Ÿæ¹–æ€§æƒ…çš„å®˜åœºã€å•†åœºã€å¨±ä¹åœˆã€å­¦ç•Œç­‰åäººã€ç‰›äººã€ææœ‰ä¸ªæ€§ä¹‹äººçš„æ®µå­ï¼Œæ•…äº‹æ€§æå¼ºï¼Œä¹¦ä¸­æˆ–å¿«æ„æ©ä»‡è¯„ä»·ç¤¾ä¼šï¼Œæˆ–çˆ†æ–™åäººç§ç”Ÿæ´»ï¼Œæˆ–è¯¦è¿°å€¼å¾—ç©å‘³çš„è¶£äº‹ï¼Œæˆ–å›å‘³å¾€æ˜”åˆ™æ¿€æ˜‚æ–‡å­—è±ªæƒ…ä¸‡ä¸ˆï¼Œå†…å®¹è¿åˆäº†è¯»è€…å–œæ¬¢çŒå¥‡åäººå’Œäººç‰©è½¶äº‹çš„å¿ƒç†ï¼›è¯­è¨€å¹½é»˜è¯™è°ï¼Œæ€æƒ³ä»å®¹æ·¡å®šã€æœºæ™ºæœ‰åŠ›ï¼Œäºå‡ åˆ†ç°ä»£ç½‘ç»œæ–‡é£ä¸­ç‹¬æœ‰çš„ç‰›æ°”ã€æ±Ÿæ¹–æ°”ã€‚æ–‡æ°”ä¸­é€éœ²å‡ºçš„å¯¹äººã€äººç”Ÿã€ç¤¾ä¼šçš„â€œåå¸¸è§„â€ç°å®çš„å…³ç…§å’Œæ€è€ƒï¼Œä½¿è¯»è€…èƒ½åœ¨ç¬‘è¿‡ä¹‹åï¼Œè·å¾—å…³äºå•†åœˆï¼Œæœ¬è‰²çš„å•†ä¸šæ™ºæ…§ï¼Œå‘ç°æ··æ±Ÿæ¹–ï¼Œå®ç”¨çš„ç¤¾ä¼šè§„åˆ™ï¼Œå‚é€äººç”Ÿä¸­çµæ´»çš„ç”Ÿå­˜æ³•åˆ™ã€‚","tts_switch":1,"merchant_id":9997,"contract_number":"","online_time":0,"b_special_price":"","current_price":"16.99","b_special_price_stime":1514736000,"b_special_price_etime":1514736000,"is_buy":false,"current_timestamp":1558440304,"chapter_list":null,"is_trial":true,"is_tts_switch":false,"log_id":"2678","log_type":"ebook","read_progress":0,"reading_title":"","original_price":"16.99","special_offer_status":0,"page_num":0,"author_list":null,"can_trial_read":false,"reading_word_count":0,"reading_word_token":"","trial_read_proportion":"","authors":null,"with_video":false,"b_package_end_time":"","b_package_price":"0.00","b_package_start_time":""},{"id":2685,"title":"","style":1,"type":1,"class":0,"sub_class":0,"author":"","cover":"http://piccdn.igetget.com/img/201804/19/201804191920399158464140.jpg","banner":"","count":0,"price":"6.99","status":1,"epub":"2019","sell_count":0,"sell_seven_day":166,"operating_title":"ä¸è´°ï¼šæ•°æ®åŒ–æ€è€ƒ","short_title":"","integral":0,"other_content":"","other_share_title":"å¾—åˆ°å¥½ä¹¦| ä¸è´°ï¼šæ•°æ®åŒ–æ€è€ƒ","other_share_summary":"ã€Œé™æ—¶7æŠ˜ã€ç‹¬å…·ç‰¹è‰²çš„å¤§æ•°æ®å†³ç­–æŒ‡å—ï¼Œæ­ç§˜å¦‚ä½•ç”¨æ•°æ®é©±åŠ¨ä»·å€¼å˜ç°ã€‚","other_data":"","top":0,"datetime":"","uptime":"","author_info":"","book_name":"ã€Šä¸è´°ï¼šæ•°æ®åŒ–æ€è€ƒã€‹","book_author":"","press":"","publish_time":"1900-01-20","catalog":"","catalog_list":[],"book_intro":"å¦‚æœä½ æ˜¯ä¸€åæ±‚çŸ¥æ¬²å¾ˆå¼ºçš„è¯»è€…ï¼Œä½ æƒ³çŸ¥é“ï¼šå“ªäº›è¡Œä¸šå’Œä¼ä¸šå°†è¢«å¤§æ•°æ®é‡å¡‘ï¼Œå“ªäº›è‡³å°‘åœ¨çŸ­æ—¶é—´å†…ä¸å¤ªå¯èƒ½è¢«æ”¹å˜ï¼Ÿäººä»¬å’Œä¼ä¸šæ­£åœ¨ç”¨å¤§æ•°æ®åšä»€ä¹ˆï¼Œä»¥åŠå°†ä¼šå®ç°ä»€ä¹ˆæ ·çš„æ™ºèƒ½åœºæ™¯ï¼Ÿæœªæ¥æ™ºèƒ½å•†ä¸šç¤¾ä¼šéœ€è¦ä»€ä¹ˆæ ·çš„ä¸“ä¸šäººæ‰å’ŒæŠ€èƒ½ä»¥åŠå¦‚ä½•åŸ¹å…»ï¼Ÿ\r\n\r\nå¦‚æœä½ æ˜¯ä¸€åç®¡ç†è€…ï¼Œä½ æƒ³çŸ¥é“ï¼šä¼ä¸šè¯¥å¦‚ä½•å¿«é€ŸæŠ“ä½å¤§æ•°æ®æœºé‡ï¼Œå®ç°è½¬å‹å‡çº§ï¼Ÿä¼ä¸šè¯¥å¦‚ä½•ç®¡ç†å¤§æ•°æ®ï¼Œå¦‚ä½•åˆ©ç”¨å¤§æ•°æ®åšå‡ºæœ‰æ•ˆå†³ç­–ï¼Ÿå…·å¤‡ä½•ç§æŠ€èƒ½çš„å‘˜å·¥æ‰èƒ½ä½¿å¤§æ•°æ®çœŸæ­£å‘æŒ¥ä½œç”¨ï¼Œä»¥åŠå¦‚ä½•è˜ç”¨åˆ°ä»–ä»¬ï¼Ÿä¼ä¸šè¦æƒ³åœ¨å¤§æ•°æ®ä¸Šå–å¾—æˆåŠŸï¼Œé™¤äº†ä¸“ä¸šäººæ‰å’Œæ–°æŠ€æœ¯ä»¥å¤–ï¼Œè¿˜éœ€è¦ä»€ä¹ˆï¼Ÿå¤§æ•°æ®å¯¹ä¸åŒè§„æ¨¡å’Œå¹´é™çš„ä¼ä¸šæ¥è¯´æ„å‘³ç€ä»€ä¹ˆï¼Œå¤§å‹çš„æˆç†Ÿä¼ä¸šæ­£åœ¨ç”¨å¤§æ•°æ®åšäº›ä»€ä¹ˆï¼Ÿ\r\n\r\nå¦‚æœä½ æœ‰ä»¥ä¸Šè¿™äº›ç–‘é—®ï¼Œã€Šæ•°æ®åŒ–è½¬å‹ã€‹å°±æ˜¯ä¸€æœ¬å®ç”¨ä¸”ç‹¬å…·ç‰¹è‰²çš„å†³ç­–æŒ‡å—ï¼Œå®ƒä¸ºä¼ä¸šçš„æ•°æ®åŒ–å†³ç­–æä¾›äº†å¿…è¦çš„æŠ€èƒ½å’Œæ´å¯ŸåŠ›ï¼Œä¸ºå„è¡Œå„ä¸šçš„å¤§æ•°æ®å®ç°çœŸæ­£çš„åˆ©ç›Šå˜ç°æä¾›äº†å¸®åŠ©ã€‚æœ¬ä¹¦æ˜¯æˆåŠŸä¹‹è·¯ä¸Šçš„ä¸€ç›æ˜ç¯ã€‚","tts_switch":1,"merchant_id":1,"contract_number":"","online_time":0,"b_special_price":"","current_price":"6.99","b_special_price_stime":1514736000,"b_special_price_etime":1514736000,"is_buy":false,"current_timestamp":1558440304,"chapter_list":null,"is_trial":true,"is_tts_switch":false,"log_id":"2685","log_type":"ebook","read_progress":0,"reading_title":"","original_price":"6.99","special_offer_status":0,"page_num":0,"author_list":null,"can_trial_read":false,"reading_word_count":0,"reading_word_token":"","trial_read_proportion":"","authors":null,"with_video":false,"b_package_end_time":"","b_package_price":"0.00","b_package_start_time":""},{"id":1537,"title":"","style":1,"type":1,"class":0,"sub_class":0,"author":"","cover":"http://piccdn.igetget.com/img/201709/18/201709181515235722336985.jpg","banner":"","count":0,"price":"21.88","status":1,"epub":"2019","sell_count":0,"sell_seven_day":162,"operating_title":"åæœ¬èƒ½ï¼šå¦‚ä½•å¯¹æŠ—ä½ çš„ä¹ ä»¥ä¸ºå¸¸","short_title":"","integral":0,"other_content":"","other_share_title":"å¾—åˆ°å¥½ä¹¦ | åæœ¬èƒ½ï¼šå¦‚ä½•å¯¹æŠ—ä½ çš„ä¹ ä»¥ä¸ºå¸¸","other_share_summary":"é‡‡é“œæ¨èã€‚æ—¶é—´ç®¡ç†ï¼Œä¸ªäººå‡çº§ï¼Œèµ°å‡ºå¿ƒç†èˆ’é€‚åŒºï¼Œ3å¤§æ¿å—æå‡è‡ªæˆ‘ï¼Œ70ä¸ªç²¾è¿›çš„å°çªé—¨ã€‚","other_data":"","top":0,"datetime":"","uptime":"","author_info":"ä½œè€…å«è“ï¼ŒçŸ¥ä¹å¿ƒç†å­¦è¾¾äººï¼Œæ—¶é—´ç®¡ç†è®²å¸ˆï¼Œé¢†è‹±ã€äº‰é¸£ç½‘ä¸“æ ä½œè€…ï¼Œåˆ›ä¸šå…¬å¸è¥é”€äººï¼Œè‡ªåª’ä½“äººã€‚åœ¨å¤§å­¦æœŸé—´é˜…è¯»è¶…è¿‡300æœ¬ä»¥ä¸Šçš„å¿ƒç†å­¦å’Œè‡ªæˆ‘ç®¡ç†ç±»ä¹¦ç±ï¼ŒåŒæ—¶æŸ¥é˜…å¤§é‡æ–‡çŒ®ï¼Œè‡´åŠ›äºå¿ƒç†å­¦çŸ¥è¯†çš„ç”Ÿæ´»åŒ–åº”ç”¨ï¼Œè®©æ¯ç‡¥çš„ç†è®ºå˜å¾—æœ‰è¶£è€Œå®ç”¨ã€‚é«˜è®¤çŸ¥çš„äººæ›´å–œæ¬¢æ€è€ƒä¸åçœè‡ªå·±ï¼Œä»–ä»¬æ›´å–œæ¬¢æœ‰é€»è¾‘å’Œè¯¦ç»†çš„ä¿¡æ¯ï¼Œè€Œä½è®¤çŸ¥çš„äººæ›´å–œæ¬¢å¬æœ‰æƒ…ç»ªçš„æ•…äº‹ï¼Œæ›´å®¹æ˜“è‡ªå·±æ„ŸåŠ¨è‡ªå·±ã€‚é¸¡æ±¤è¶Šæ˜¯æ¨ªé£ï¼Œæˆ‘ä»¬è¶Šæ˜¯è¦æ½œå¿ƒæ€è€ƒæ›´æ·±å±‚æ¬¡çš„é—®é¢˜ã€‚\r","book_name":"ã€Šåæœ¬èƒ½ã€‹\r","book_author":"å«è“\r","press":"å¤©åœ°å‡ºç‰ˆç¤¾\r","publish_time":"1900-01-20","catalog":"","catalog_list":[],"book_intro":"æœ¬ä¹¦æ­£æ˜¯ä»¥â€œåæœ¬èƒ½â€ä½œä¸ºç€åŠ›ç‚¹ï¼Œå¯¹è‡ªæˆ‘è¡Œä¸ºå’Œæ€ç»´çš„æ”¹å˜è¿›è¡Œäº†æ·±åˆ»çš„é˜è¿°ï¼š å½“æˆ˜èƒœæ½œæ„è¯†é‡Œç¾åŒ–è‡ªå·±çš„æœ¬èƒ½æ—¶ï¼Œæˆ‘ä»¬æ‰èƒ½æ›´å¥½åœ°æ­£è§†è‡ªå·±çš„ä¸è¶³ï¼› å½“æˆ˜èƒœæ”»å‡»çš„æœ¬èƒ½æ—¶ï¼Œæˆ‘ä»¬æ‰èƒ½æ›´å¥½åœ°ç†è§£ä»–äººï¼› å½“æˆ˜èƒœç‹­éš˜çš„æœ¬èƒ½æ—¶ï¼Œæˆ‘ä»¬æ‰èƒ½çœ‹è§æ›´åŠ çœŸå®çš„ä¸–ç•Œï¼Œæ´æ‚‰äº‹ç‰©æœ¬æ¥çš„æ ·å­â€¦â€¦ \r\n\r\nåªæœ‰é€šè¿‡åæœ¬èƒ½çš„æ€ç»´æ–¹å¼ï¼Œæˆ‘ä»¬æ‰èƒ½ä»å·²ç»ä¹ æƒ¯çš„è¡¨è±¡ä¸­çœ‹åˆ°äº‹æƒ…çš„çœŸç›¸ï¼Œæ‰èƒ½å¯¹æŠ—é˜»ç¢æˆ‘ä»¬æå‡çš„ä¹ ä»¥ä¸ºå¸¸ã€‚ è¶Šèƒ½å¤Ÿåæœ¬èƒ½çš„äººï¼Œå¾€å¾€ä¹Ÿè¶Šèƒ½ä»ä¼˜ç§€è¿›é˜¶åˆ°å“è¶Šã€‚\r\n\r","tts_switch":1,"merchant_id":10032,"contract_number":"","online_time":1541058542,"b_special_price":"8.99","current_price":"21.88","b_special_price_stime":1541054040,"b_special_price_etime":1543507200,"is_buy":false,"current_timestamp":1558440304,"chapter_list":null,"is_trial":true,"is_tts_switch":false,"log_id":"1537","log_type":"ebook","read_progress":0,"reading_title":"","original_price":"21.88","special_offer_status":0,"page_num":0,"author_list":null,"can_trial_read":false,"reading_word_count":0,"reading_word_token":"","trial_read_proportion":"","authors":null,"with_video":false,"b_package_end_time":"","b_package_price":"0.00","b_package_start_time":""},{"id":2674,"title":"","style":1,"type":1,"class":0,"sub_class":0,"author":"","cover":"http://piccdn.igetget.com/img/201804/17/201804171758019400397125.jpg","banner":"","count":0,"price":"27.60","status":1,"epub":"2019","sell_count":0,"sell_seven_day":161,"operating_title":"äººäººéƒ½åº”è¯¥å­¦çš„è°ˆåˆ¤å¿ƒç†å­¦","short_title":"","integral":0,"other_content":"","other_share_title":"å¾—åˆ°å¥½ä¹¦| äººäººéƒ½åº”è¯¥å­¦çš„è°ˆåˆ¤å¿ƒç†å­¦","other_share_summary":"æ­ç¤ºè°ˆåˆ¤å®¶ä»¬çš„è°ˆåˆ¤ç§˜è¯€ï¼Œæ•™ä½ åˆç†ä½¿ç”¨è°ˆåˆ¤æ­¦å™¨ï¼Œå‡ºå¥‡åˆ¶èƒœã€‚","other_data":"","top":0,"datetime":"","uptime":"","author_info":"ä½œè€…æ°å…‹Â·çº³ä»€æ˜¯å¾·å›½ç»æµå¿ƒç†å­¦å®¶ã€å¾‹å¸ˆã€‚æ¯•ä¸šäºç‰›æ´¥å¤§å­¦ï¼Œå¹¶æ›¾äºç‰›æ´¥å¤§å­¦ä»»æ•™ï¼Œç›®å‰äºæ…•å°¼é»‘å•†å­¦é™¢æ‹…ä»»ç®¡ç†å’Œç»„ç»‡å­¦æ•™æˆã€‚æ°å…‹Â·çº³ä»€ä¸ºå¤§å‹è·¨å›½å…¬å¸æä¾›å’¨è¯¢æœåŠ¡ï¼Œå¹¶åœ¨ä¸–ç•ŒèŒƒå›´å†…ä¸¾åŠå…³äºæ²Ÿé€šä¸è°ˆåˆ¤æŠ€å·§çš„è®²åº§å’Œç ”è®¨ä¼šã€‚","book_name":"ã€Šäººäººéƒ½åº”è¯¥å­¦çš„è°ˆåˆ¤å¿ƒç†å­¦ã€‹","book_author":"[å¾·]æ°å…‹Â·çº³ä»€","press":"ç”µå­å·¥ä¸šå‡ºç‰ˆç¤¾","publish_time":"1900-01-20","catalog":"","catalog_list":[],"book_intro":"æœ¬ä¹¦ä½œè€…æ°å…‹Â·çº³ä»€æ˜¯å¾·å›½ç»æµå¿ƒç†å­¦é¢†åŸŸè‘—åçš„æ¼”è¯´å®¶å’Œç•…é”€ä¹¦ä½œå®¶ï¼Œä¹Ÿæ˜¯ä¸€ä½ä¼ä¸šç®¡ç†å­¦æ•™æˆã€‚å¤šå¹´çš„æ¼”è®²å’Œæˆè¯¾ç»å†ä½¿ä»–æ“…é•¿ç”¨æ·±å…¥æµ…å‡ºçš„è¯­è¨€ã€ç”ŸåŠ¨å½¢è±¡çš„äº‹ä¾‹å’Œç±»æ¯”æ¥é˜è¿°å­¦æœ¯åŸç†ã€‚æœ¬ä¹¦ä½œè€…è®¤ä¸ºæ¯ä¸ªäººåœ¨æ¯æ˜ŸæœŸä¸­æœ‰40å°æ—¶åœ¨è°ˆåˆ¤â€•â€•æ±‚èŒã€åŠ è–ªã€ä¹°æˆ¿ã€é¥­å±€â€¦â€¦æ— æ—¶æ— åˆ»éƒ½åœ¨è°ˆåˆ¤ä¸­ã€‚æœ¬ä¹¦æ­ç¤ºäº†è°ˆåˆ¤å®¶ä»¬çš„è°ˆåˆ¤ç§˜è¯€ã€‚ä½ ä¼šäº†è§£åˆ°ï¼Œå¦‚ä½•æŠŠè°ˆåˆ¤ä¸“å®¶ä»¬çš„ç»æ‹›åŒ–ä½œè‡ªå·±çš„æ­¦å™¨ï¼Œä»æ­¤å†ä¹Ÿä¸ä¼šé™·å…¥è°ˆåˆ¤å¿ƒç†å­¦çš„æ³¥æ½­ã€‚","tts_switch":1,"merchant_id":10026,"contract_number":"","online_time":0,"b_special_price":"0","current_price":"27.60","b_special_price_stime":1514736000,"b_special_price_etime":1514736000,"is_buy":false,"current_timestamp":1558440304,"chapter_list":null,"is_trial":true,"is_tts_switch":false,"log_id":"2674","log_type":"ebook","read_progress":0,"reading_title":"","original_price":"27.60","special_offer_status":0,"page_num":0,"author_list":null,"can_trial_read":false,"reading_word_count":0,"reading_word_token":"","trial_read_proportion":"","authors":null,"with_video":false,"b_package_end_time":"","b_package_price":"0.00","b_package_start_time":""},{"id":2681,"title":"","style":1,"type":1,"class":0,"sub_class":0,"author":"","cover":"http://piccdn.igetget.com/img/201804/18/201804181701274527179449.jpg","banner":"","count":0,"price":"34.93","status":1,"epub":"2019","sell_count":0,"sell_seven_day":152,"operating_title":"å–æ‰æ³•æ‹‰åˆ©çš„é«˜åƒ§","short_title":"","integral":0,"other_content":"","other_share_title":"å¾—åˆ°å¥½ä¹¦ï½œå–æ‰æ³•æ‹‰åˆ©çš„é«˜åƒ§æ•™ä½ å®ç°è‡ªæˆ‘ä»·å€¼","other_share_summary":"ä¸ªäººä»·å€¼å®ç°æŒ‡å—ï¼Œæ•™ä½ åœ¨å®¡è§†è‡ªæˆ‘çš„è¿‡ç¨‹ä¸­å‘ç°æƒ³è¦çš„ç”Ÿæ´»ã€‚","other_data":"","top":0,"datetime":"","uptime":"","author_info":"","book_name":"ã€Šå–æ‰æ³•æ‹‰åˆ©çš„é«˜åƒ§ã€‹","book_author":"","press":"","publish_time":"1900-01-20","catalog":"","catalog_list":[],"book_intro":"æˆ‘ä»¬ç”Ÿæ´»åœ¨ä¸€ä¸ªå¤æ‚çš„ä¸–ç•Œï¼Œè¯¥å¦‚ä½•é¢å¯¹ç”Ÿæ´»ä¸­çš„å„ç§å˜åŒ–ï¼Ÿè¯¥å¦‚ä½•å‘ç°ç”Ÿå‘½ä¸­çœŸæ­£é‡è¦çš„äº‹ç‰©ï¼Ÿè¯¥å¦‚ä½•åœ¨ä»…æœ‰ä¸€æ¬¡çš„ç”Ÿå‘½ä¸­æ´»å¾—æ›´åŠ ç²¾å½©ï¼Ÿæœ¬ä¹¦æ˜¯ä¸€æœ¬æœ‰æ–¹æ³•çš„ä¸ªäººä»·å€¼å®ç°æ‰‹å†Œï¼Œå®ƒå°†æŒ‡å¯¼è¯»è€…ä¸€æ­¥ä¸€æ­¥åœ°å®¡è§†ç°åœ¨çš„ç”Ÿæ´»ï¼Œæ´»å‡ºæƒ³è¦çš„äººç”Ÿã€‚","tts_switch":1,"merchant_id":9997,"contract_number":"","online_time":0,"b_special_price":"0","current_price":"34.93","b_special_price_stime":1514736000,"b_special_price_etime":1514736000,"is_buy":false,"current_timestamp":1558440304,"chapter_list":null,"is_trial":true,"is_tts_switch":false,"log_id":"2681","log_type":"ebook","read_progress":0,"reading_title":"","original_price":"34.93","special_offer_status":0,"page_num":0,"author_list":null,"can_trial_read":false,"reading_word_count":0,"reading_word_token":"","trial_read_proportion":"","authors":null,"with_video":false,"b_package_end_time":"","b_package_price":"0.00","b_package_start_time":""}]}}
,}4:type,4:http,5:error,0:~6:marked,5:false!7:version,13:1:0#2:18#1:2#]11:client_conn,204:15:ssl_established,5:false!10:clientcert,0:~13:timestamp_end,0:~7:address,60:7:address,27:15:192.168.128.181,5:63009#]8:use_ipv6,5:false!}15:timestamp_start,17:1558440320.990638^19:timestamp_ssl_setup,0:~}2:id,36:3951adbe-1ef5-4b73-82f3-70ccd8eafddb,11:intercepted,5:false!7:request,2034:9:is_replay,5:false!4:port,2:80#12:stickycookie,5:false!13:timestamp_end,17:1558440329.860441^4:path,21:/ebook2/v1/ebook/list,15:timestamp_start,17:1558440329.841128^7:headers,1117:29:9:X-App-Key,13:android-6.2.0,]19:5:X-Uid,8:85003403,]14:7:X-Thumb,1:l,]15:4:X-Dt,5:phone,]13:4:X-Ov,3:6.0,]15:5:X-Net,4:WIFI,]17:4:X-Os,7:ANDROID,]26:3:X-D,16:ae244834553d4eda,]28:4:X-Dv,17:Samsung Galaxy S6,]13:3:X-T,4:json,]13:6:X-Chil,1:0,]10:3:X-V,1:2,]15:4:X-Av,5:6.2.0,]14:5:X-Scr,3:2.0,]12:5:X-Adv,1:1,]45:6:X-Seid,32:218ef9e66ce3e0025bfad70cd02dd2ed,]14:8:X-Hitdot,0:,]63:11:G-Auth-Sign,44:MmVjZDljYzE3NTgyNTYwOTg2NWZiMWI5Y2E2N2E5NzE=,]52:12:G-Auth-Nonce,32:bd87e4ebdbc464d0982a0d5fcc4f1980,]26:9:G-Auth-Ts,10:1558440329,]44:12:G-Auth-Appid,24:5a27d122ee4638163f594393,]312:12:G-Auth-Token,291:eyJhbGciOiJIUzUxMiIsInR5cCI6IkpXVCJ9.eyJhdWQiOiJsdW9qaWxhYi5jb20iLCJleHAiOjE1NTkwNDI3OTksImlhdCI6MTU1ODQzNzk5OSwiaXNzIjoiRWFzZUdhdGV3YXkgSldUQXV0aCBQbHVnaW4iLCJuYmYiOjE1NTg0Mzc5OTksInN1YiI6Ijg1MDAzNDAzIn0.5J13wFzrBZv434Oi7yos7349FnruBeGZ0LNw4VmjORaaWUiFX3Q2yVNrSKqf27JfNQRsAT3NYL2gouO0Xju66Q,]53:12:Content-Type,33:application/x-www-form-urlencoded,]24:14:Content-Length,3:574,]33:4:Host,22:entree.dev.igetget.com,]28:10:Connection,10:Keep-Alive,]26:15:Accept-Encoding,4:gzip,]31:10:User-Agent,13:okhttp/3.11.0,]]7:content,574:since_id=0&count=20&sort=sevenday&h=%7B%22u%22%3A%2285003403%22%2C%22thumb%22%3A%22l%22%2C%22dt%22%3A%22phone%22%2C%22ov%22%3A%226.0%22%2C%22net%22%3A%22WIFI%22%2C%22os%22%3A%22ANDROID%22%2C%22d%22%3A%22ae244834553d4eda%22%2C%22dv%22%3A%22Samsung%20Galaxy%20S6%22%2C%22t%22%3A%22json%22%2C%22chil%22%3A%220%22%2C%22v%22%3A%222%22%2C%22av%22%3A%226.2.0%22%2C%22scr%22%3A%222.0%22%2C%22adv%22%3A%221%22%2C%22X-Dv%22%3A%22Samsung%20Galaxy%20S6%22%2C%22ts%22%3A%221558440329%22%2C%22s%22%3A%229628def9c754fceb%22%2C%22seid%22%3A%22218ef9e66ce3e0025bfad70cd02dd2ed%22%7D&max_id=0,6:method,4:POST,4:host,22:entree.dev.igetget.com,17:first_line_format,8:relative,12:http_version,8:HTTP/1.1,6:scheme,4:http,10:stickyauth,5:false!}11:server_conn,417:15:ssl_established,5:false!14:source_address,60:7:address,27:15:192.168.128.181,5:63010#]8:use_ipv6,5:false!}13:timestamp_end,0:~7:address,64:7:address,31:22:entree.dev.igetget.com,2:80#]8:use_ipv6,5:false!}4:cert,0:~3:sni,0:~15:timestamp_start,17:1558440321.045617^19:timestamp_ssl_setup,0:~10:ip_address,54:7:address,21:12:39.107.208.4,2:80#]8:use_ipv6,5:false!}3:via,0:~19:timestamp_tcp_setup,17:1558440321.059817^}}4162:8:response,1338:6:reason,2:OK,13:timestamp_end,16:1558440329.95742^12:http_version,8:HTTP/1.1,11:status_code,3:200#15:timestamp_start,17:1558440329.947916^7:headers,258:40:4:Date,29:Tue, 21 May 2019 12:05:29 GMT,]51:12:Content-Type,31:application/json; charset=utf-8,]24:14:Content-Length,3:911,]28:10:Connection,10:keep-alive,]27:16:Content-Encoding,4:gzip,]31:12:G-Powered-By,11:EaseGateway,]29:11:G-Timestamp,10:1558440329,]]7:content,911:‹      ÿtTİnÛ6½ßS¼–mQ–X¯2-1™ÈO	Œ,@¤Å‚l:li›&À0l	64Nt…÷ç]:Ër¯ö
%ù'éjø‚?Ï9<:ü¶Q„¼mä#Ï¶CBÒÈÃ­ÖšëÚM§c!@ÓÚ±LÍ6êÉ ±©Î_fƒ×Ï³£'´ø!LûÈC‹c¹²%U u¥Ü0 <@n[h†`ø o†ØBĞOÊS­M:í’ÅŒ¦IUóå&3Ã ñ„û~ ê<d2¨û²×à½°áØ¸m¯6\ŒÜÁ®Û\Ã«ífÇm×¿NB#
ÁæĞ©€‚0QÜ72fİ±­R]hdIÚ5;6î˜Ç¤:‡]\-h¶É	h¿ “	S¸çşeGÏ>ı9^f/ŞH* KÖp,T4.CÄñ¥ fXÌ~¹¤#ªßdzu7}u–]ÿœ&ÿ˜]ggï‡£üôÍxx™ŸìØ=-IóƒÛéÁM6ÜËNïÊú»g€uÚëQÕGÂ¶“İ|›ŸìÿÇàuÅqñdr|5ÜLß_ç'ûãáîxø×çÈò“ıüğe~p;ùåÑøîğß7ßç£çã·¿–§¦ƒß§WË³Ë§&/^eƒß¦{FÉÅOÙİù?»{sÑZº2)Œ(0à½ÊÓ4YŒË<.Öe¹`bJ-ö³wO³ï®W¾Yyğ•Ššå$&Š™|Ã´s‘Š¯u:5ŒkM“ŸeXE¬œ˜k@Ş—_U°\€2R¦ïŸO]eeƒÛñè0ı`îšè-~T\«Ç”Q¤xS&µõˆ´×EYŠ˜VéÁ­VËn»îZÇB]¢æs“YÆ©RL y˜ûÕDÏ ±»ÚlÛ¶ıi	û´„kÒMûÈ[§±f2S¨ö’Eã±]ùM€©Ê"‘Æq Š›*eå|É•
ØkLA¸ÊYÙY+Ú…£I”Ë/g—+Ë/ÓX§xÈÅ’Aó&PİS®¯›GRµÓ-hÈŒûK½êzŸŠR>1ts¹3î-©²è=÷–An0QÅz`®H\Šå<ëß‡ˆlò€É9W—$Ôß0:™f15=¬f·j¸¹bÛ^ñGË¥3šußÛĞ@ÜGqk½@ÙÙÙùâ¿   ÿÿüM»‹d  ,}4:type,4:http,5:error,0:~6:marked,5:false!7:version,13:1:0#2:18#1:2#]11:client_conn,203:15:ssl_established,5:false!10:clientcert,0:~13:timestamp_end,0:~7:address,60:7:address,27:15:192.168.128.181,5:63032#]8:use_ipv6,5:false!}15:timestamp_start,16:1558440329.85148^19:timestamp_ssl_setup,0:~}2:id,36:6f7466b0-e7c9-40c8-bef7-197123b247a2,11:intercepted,5:false!7:request,1994:9:is_replay,5:false!4:port,2:80#12:stickycookie,5:false!13:timestamp_end,17:1558440329.883016^4:path,24:/ebook2/v1/headline/item,15:timestamp_start,17:1558440329.873311^7:headers,1117:29:9:X-App-Key,13:android-6.2.0,]19:5:X-Uid,8:85003403,]14:7:X-Thumb,1:l,]15:4:X-Dt,5:phone,]13:4:X-Ov,3:6.0,]15:5:X-Net,4:WIFI,]17:4:X-Os,7:ANDROID,]26:3:X-D,16:ae244834553d4eda,]28:4:X-Dv,17:Samsung Galaxy S6,]13:3:X-T,4:json,]13:6:X-Chil,1:0,]10:3:X-V,1:2,]15:4:X-Av,5:6.2.0,]14:5:X-Scr,3:2.0,]12:5:X-Adv,1:1,]45:6:X-Seid,32:218ef9e66ce3e0025bfad70cd02dd2ed,]14:8:X-Hitdot,0:,]63:11:G-Auth-Sign,44:MjZjYjEyNTNlODY2MDAyM2ZiOWJlMTZlYzY0M2ZmZmE=,]52:12:G-Auth-Nonce,32:62c05573572103523d6786fd7a52b722,]26:9:G-Auth-Ts,10:1558440329,]44:12:G-Auth-Appid,24:5a27d122ee4638163f594393,]312:12:G-Auth-Token,291:eyJhbGciOiJIUzUxMiIsInR5cCI6IkpXVCJ9.eyJhdWQiOiJsdW9qaWxhYi5jb20iLCJleHAiOjE1NTkwNDI3OTksImlhdCI6MTU1ODQzNzk5OSwiaXNzIjoiRWFzZUdhdGV3YXkgSldUQXV0aCBQbHVnaW4iLCJuYmYiOjE1NTg0Mzc5OTksInN1YiI6Ijg1MDAzNDAzIn0.5J13wFzrBZv434Oi7yos7349FnruBeGZ0LNw4VmjORaaWUiFX3Q2yVNrSKqf27JfNQRsAT3NYL2gouO0Xju66Q,]53:12:Content-Type,33:application/x-www-form-urlencoded,]24:14:Content-Length,3:531,]33:4:Host,22:entree.dev.igetget.com,]28:10:Connection,10:Keep-Alive,]26:15:Accept-Encoding,4:gzip,]31:10:User-Agent,13:okhttp/3.11.0,]]7:content,531:h=%7B%22u%22%3A%2285003403%22%2C%22thumb%22%3A%22l%22%2C%22dt%22%3A%22phone%22%2C%22ov%22%3A%226.0%22%2C%22net%22%3A%22WIFI%22%2C%22os%22%3A%22ANDROID%22%2C%22d%22%3A%22ae244834553d4eda%22%2C%22dv%22%3A%22Samsung%20Galaxy%20S6%22%2C%22t%22%3A%22json%22%2C%22chil%22%3A%220%22%2C%22v%22%3A%222%22%2C%22av%22%3A%226.2.0%22%2C%22scr%22%3A%222.0%22%2C%22adv%22%3A%221%22%2C%22X-Dv%22%3A%22Samsung%20Galaxy%20S6%22%2C%22ts%22%3A%221558440329%22%2C%22s%22%3A%229628def9c754fceb%22%2C%22seid%22%3A%22218ef9e66ce3e0025bfad70cd02dd2ed%22%7D,6:method,4:POST,4:host,22:entree.dev.igetget.com,17:first_line_format,8:relative,12:http_version,8:HTTP/1.1,6:scheme,4:http,10:stickyauth,5:false!}11:server_conn,417:15:ssl_established,5:false!14:source_address,60:7:address,27:15:192.168.128.181,5:63033#]8:use_ipv6,5:false!}13:timestamp_end,0:~7:address,64:7:address,31:22:entree.dev.igetget.com,2:80#]8:use_ipv6,5:false!}4:cert,0:~3:sni,0:~15:timestamp_start,17:1558440329.896162^19:timestamp_ssl_setup,0:~10:ip_address,54:7:address,21:12:39.107.208.4,2:80#]8:use_ipv6,5:false!}3:via,0:~19:timestamp_tcp_setup,17:1558440329.904011^}}3349:8:response,506:6:reason,2:OK,13:timestamp_end,17:1558440330.075739^12:http_version,8:HTTP/1.1,11:status_code,3:200#15:timestamp_start,17:1558440330.057009^7:headers,257:40:4:Date,29:Tue, 21 May 2019 12:05:30 GMT,]51:12:Content-Type,31:application/json; charset=utf-8,]23:14:Content-Length,2:80,]28:10:Connection,10:keep-alive,]27:16:Content-Encoding,4:gzip,]31:12:G-Powered-By,11:EaseGateway,]29:11:G-Timestamp,10:1558440330,]]7:content,80:‹      ÿªVÊP²ªVJV²2ĞQJU²RRÒQ*V²245µ011066ĞQ*Q²2ªÕ)©VÊÉ,.Q²Š­­å  ÿÿóçš:   ,}4:type,4:http,5:error,0:~6:marked,5:false!7:version,13:1:0#2:18#1:2#]11:client_conn,204:15:ssl_established,5:false!10:clientcert,0:~13:timestamp_end,0:~7:address,60:7:address,27:15:192.168.128.181,5:63008#]8:use_ipv6,5:false!}15:timestamp_start,17:1558440320.990038^19:timestamp_ssl_setup,0:~}2:id,36:d6b7e4a0-98b6-4480-a7ba-df645ef14432,11:intercepted,5:false!7:request,2013:9:is_replay,5:false!4:port,2:80#12:stickycookie,5:false!13:timestamp_end,17:1558440330.019186^4:path,25:/ebook2/v1/trialread/list,15:timestamp_start,17:1558440330.004723^7:headers,1117:29:9:X-App-Key,13:android-6.2.0,]19:5:X-Uid,8:85003403,]14:7:X-Thumb,1:l,]15:4:X-Dt,5:phone,]13:4:X-Ov,3:6.0,]15:5:X-Net,4:WIFI,]17:4:X-Os,7:ANDROID,]26:3:X-D,16:ae244834553d4eda,]28:4:X-Dv,17:Samsung Galaxy S6,]13:3:X-T,4:json,]13:6:X-Chil,1:0,]10:3:X-V,1:2,]15:4:X-Av,5:6.2.0,]14:5:X-Scr,3:2.0,]12:5:X-Adv,1:1,]45:6:X-Seid,32:218ef9e66ce3e0025bfad70cd02dd2ed,]14:8:X-Hitdot,0:,]63:11:G-Auth-Sign,44:ZTkwM2ZmY2FhMDY1OTAxNmY5ZDUzYjZlNmFmYzc5NjA=,]52:12:G-Auth-Nonce,32:deecf77820d01f27fbe3a150026bb74c,]26:9:G-Auth-Ts,10:1558440329,]44:12:G-Auth-Appid,24:5a27d122ee4638163f594393,]312:12:G-Auth-Token,291:eyJhbGciOiJIUzUxMiIsInR5cCI6IkpXVCJ9.eyJhdWQiOiJsdW9qaWxhYi5jb20iLCJleHAiOjE1NTkwNDI3OTksImlhdCI6MTU1ODQzNzk5OSwiaXNzIjoiRWFzZUdhdGV3YXkgSldUQXV0aCBQbHVnaW4iLCJuYmYiOjE1NTg0Mzc5OTksInN1YiI6Ijg1MDAzNDAzIn0.5J13wFzrBZv434Oi7yos7349FnruBeGZ0LNw4VmjORaaWUiFX3Q2yVNrSKqf27JfNQRsAT3NYL2gouO0Xju66Q,]53:12:Content-Type,33:application/x-www-form-urlencoded,]24:14:Content-Length,3:549,]33:4:Host,22:entree.dev.igetget.com,]28:10:Connection,10:Keep-Alive,]26:15:Accept-Encoding,4:gzip,]31:10:User-Agent,13:okhttp/3.11.0,]]7:content,549:h=%7B%22u%22%3A%2285003403%22%2C%22thumb%22%3A%22l%22%2C%22dt%22%3A%22phone%22%2C%22ov%22%3A%226.0%22%2C%22net%22%3A%22WIFI%22%2C%22os%22%3A%22ANDROID%22%2C%22d%22%3A%22ae244834553d4eda%22%2C%22dv%22%3A%22Samsung%20Galaxy%20S6%22%2C%22t%22%3A%22json%22%2C%22chil%22%3A%220%22%2C%22v%22%3A%222%22%2C%22av%22%3A%226.2.0%22%2C%22scr%22%3A%222.0%22%2C%22adv%22%3A%221%22%2C%22X-Dv%22%3A%22Samsung%20Galaxy%20S6%22%2C%22ts%22%3A%221558440329%22%2C%22s%22%3A%229628def9c754fceb%22%2C%22seid%22%3A%22218ef9e66ce3e0025bfad70cd02dd2ed%22%7D&count=20&max_id=0,6:method,4:POST,4:host,22:entree.dev.igetget.com,17:first_line_format,8:relative,12:http_version,8:HTTP/1.1,6:scheme,4:http,10:stickyauth,5:false!}11:server_conn,417:15:ssl_established,5:false!14:source_address,60:7:address,27:15:192.168.128.181,5:63011#]8:use_ipv6,5:false!}13:timestamp_end,0:~7:address,64:7:address,31:22:entree.dev.igetget.com,2:80#]8:use_ipv6,5:false!}4:cert,0:~3:sni,0:~15:timestamp_start,17:1558440321.054038^19:timestamp_ssl_setup,0:~10:ip_address,54:7:address,21:12:39.107.208.4,2:80#]8:use_ipv6,5:false!}3:via,0:~19:timestamp_tcp_setup,17:1558440321.064838^}}10291:8:response,8076:6:reason,2:OK,13:timestamp_end,17:1558440330.082498^12:http_version,8:HTTP/1.1,11:status_code,3:200#15:timestamp_start,17:1558440330.066925^7:headers,234:40:4:Date,29:Tue, 21 May 2019 12:05:30 GMT,]51:12:Content-Type,31:application/json; charset=utf-8,]31:17:Transfer-Encoding,7:chunked,]28:10:Connection,10:keep-alive,]31:12:G-Powered-By,11:EaseGateway,]29:11:G-Timestamp,10:1558440330,]]7:content,7671:{"h":{"c":0,"e":"","s":1558440330,"t":22},"c":[{"id":256,"title":"","style":1,"type":1,"class":0,"sub_class":0,"author":"","cover":"http://piccdn.igetget.com/img/201607/21/201607211219490505168853.jpg","banner":"","count":0,"price":"6","status":1,"epub":"2019","sell_count":221,"sell_seven_day":4,"operating_title":"æ²ƒé¡¿å•†å­¦é™¢æœ€å—æ¬¢è¿çš„æˆåŠŸè¯¾","short_title":"","integral":0,"other_content":"","other_share_title":"å…³äºæˆåŠŸå­¦ä½ åº”è¯¥çŸ¥é“çš„äº‹","other_share_summary":"æˆ‘ä»¬é€šå¸¸è®¤ä¸ºä¸ªäººæˆåŠŸçš„å…³é”®åœ¨äºï¼šåŠªåŠ›ã€å¤©èµ‹å’Œè¿æ°”ã€‚è€Œäºšå½“Â·æ ¼å…°ç‰¹åœ¨ä»–åˆ’æ—¶ä»£çš„è‘—ä½œä¸­å±•ç¤ºï¼šæˆåŠŸåœ¨å¾ˆå¤§ç¨‹åº¦ä¸Šå–å†³äºæˆ‘ä»¬æ€æ ·å’Œåˆ«äººæ‰“äº¤é“ã€‚","other_data":"","top":0,"datetime":"","uptime":"","author_info":"","book_name":"ã€Šæ²ƒé¡¿å•†å­¦é™¢æœ€å—æ¬¢è¿çš„æˆåŠŸè¯¾ã€‹","book_author":"","press":"","publish_time":"1900-01-20","catalog":"","catalog_list":[],"book_intro":"æ ¼å…°ç‰¹æ¢è®¨äº†æœ€æˆåŠŸäººå£«çš„è¡Œä¸ºåŠ¨æœºï¼Œä»¥çœŸå®æ•…äº‹é˜è¿°ä»–ä»¬çš„è¡Œä¸ºæ¨¡å¼å¹¶æ‰¾å‡ºå®ç°æŒä¹…æˆåŠŸçš„é©å‘½æ€§æ–¹æ³•ã€‚ä»–å¸¦æˆ‘ä»¬å»çœ‹æœ€ä½³ç¤¾äº¤èƒ½æ‰‹å¦‚ä½•æ‹“å±•äº¤é™…åœˆï¼Œäº†è§£æœ€å—æ¬¢è¿çš„ç”µè§†èŠ‚ç›®èƒŒåé‚£äº›åˆ›æ„å¤©æ‰ï¼Œä»¥åŠè¿™äº›å¹´æ¥ä¼ä¸šå¶åƒä¸æ–­å€’ä¸‹èƒŒåçš„çœŸæ­£ç¼˜ç”±ã€‚\n\næ ¼å…°ç‰¹ä¸€åç›´è§‰åœ°æŒ‡å‡ºï¼Œèƒ½å¸¦é¢†å…¬å¸èµ°å‘è¾‰ç…Œçš„äººï¼Œå¹¶ä¸æ˜¯è·å–è€…å’Œäº’åˆ©è€…ï¼Œåè€Œæ˜¯ä»˜å‡ºè€…ã€‚ä½œè€…å¯¹æ­¤æ·±å…¥æŒ–æ˜ï¼ŒæŒ‡å¼•æˆ‘ä»¬å‘å±•æœ€é€‚åˆè‡ªå·±çš„ç¤¾äº¤é£æ ¼ï¼Œé€‰æ‹©æœ€ä½³ä¸”æœ€æœ‰æ•ˆçš„ä»˜å‡ºæ–¹å¼ï¼Œå®ç°æœ€å¯æŒç»­çš„æˆåŠŸã€‚","tts_switch":0,"merchant_id":1,"contract_number":"","online_time":1541058495,"b_special_price":"6","current_price":"6","b_special_price_stime":1541676180,"b_special_price_etime":1606752000,"is_buy":false,"current_timestamp":1558440304,"chapter_list":[],"is_trial":true,"is_tts_switch":false,"log_id":"256","log_type":"ebook","read_progress":0,"reading_title":"","original_price":"8.00","special_offer_status":1,"page_num":0,"author_list":null,"can_trial_read":false,"reading_word_count":0,"reading_word_token":"","trial_read_proportion":"","authors":null,"with_video":false,"b_package_end_time":"","b_package_price":"0.00","b_package_start_time":""},{"id":2304,"title":"","style":1,"type":1,"class":0,"sub_class":0,"author":"","cover":"http://piccdn.igetget.com/img/201802/27/201802271550526692158063.jpg","banner":"","count":0,"price":"4.99","status":1,"epub":"2019","sell_count":0,"sell_seven_day":6,"operating_title":"å§¿åŠ¿è·‘æ³•","short_title":"","integral":0,"other_content":"","other_share_title":"å¾—åˆ°å¥½ä¹¦| å§¿åŠ¿è·‘æ³•","other_share_summary":"ã€ŒåŸä»·47.99ï¼Œé™æ—¶5æŠ˜ã€è½»æ¾æŒæ¡å…¨æ–°è·‘æ­¥æ¨¡å¼ï¼Œå®ç°è·‘å¾—æ›´å¿«ã€æ›´æœ‰æ•ˆç‡ï¼Œé™ä½å—ä¼¤æ¦‚ç‡çš„æœ€ç»ˆç›®æ ‡ã€‚","other_data":"","top":0,"datetime":"","uptime":"","author_info":"","book_name":"ç ´ç»½ï¼šé£å£ä¸Šçš„ç‹¬è§’å…½","book_author":"é™ˆæ­†ç£Šï¼›å²é¢–æ³¢","press":"ä¸­ä¿¡å‡ºç‰ˆé›†å›¢","publish_time":"2019-03-01","catalog":"","catalog_list":[],"book_intro":"æœ¬ä¹¦å…¨é¢é˜é‡Šäº†å¦‚ä½•å°†å§¿åŠ¿è·‘æ³•åº”ç”¨åˆ°å®è·µä¸­ï¼šåˆ†æè·‘æ­¥åŠ¨ä½œã€çº æ­£é”™è¯¯åŠ¨ä½œã€åœ¨ä¸åŒç¯å¢ƒä¸­è·‘æ­¥ã€é¢„é˜²å¸¸è§è¿åŠ¨æŸä¼¤ç­‰ç­‰ï¼Œå¸®åŠ©è·‘è€…å®ç°å¥åº·ã€é«˜æ•ˆã€ä¸å—ä¼¤å®³åœ°è·‘æ­¥ã€‚\r\n\r\nç½—æ›¼è¯ºå¤«åšå£«æå‡ºçš„å§¿åŠ¿è·‘æ³•ç†å¿µåŒ…å«3ä¸ªå…³é”®çš„åŸºæœ¬åŠ¨ä½œï¼šå…³é”®è·‘å§¿ã€è½ä¸‹ã€ä¸Šæ‹‰ã€‚åœ¨ä¹¦ä¸­ï¼Œä»–å‘æˆ‘ä»¬è¯¦ç»†ä»‹ç»äº†å§¿åŠ¿è·‘æ³•çš„å‡†å¤‡å·¥ä½œã€æŠ€æœ¯åŠ¨ä½œè§£æä»¥åŠç›¸åº”çš„åŠ›é‡è®­ç»ƒç­‰å†…å®¹ã€‚\r\n\r\næœ¬ä¹¦åŒ…å«102å¼ çœŸäººåŠ¨ä½œç¤ºèŒƒå›¾è§£ï¼Œæ›´æ–¹ä¾¿è¯»è€…å‚ç…§å­¦ä¹ ã€‚è·Ÿéš10å ‚å¾ªåºæ¸è¿›çš„å§¿åŠ¿è·‘æ³•æ ¸å¿ƒè®­ç»ƒè¯¾ç¨‹ï¼Œä½ ä¼šè½»æ¾åœ°æŒæ¡è¿™ä¸€å…¨æ–°è·‘æ­¥æ¨¡å¼ï¼Œä»è€Œå®ç°è·‘å¾—æ›´å¿«ã€æ›´æœ‰æ•ˆç‡ï¼Œé™ä½å—ä¼¤æ¦‚ç‡çš„æœ€ç»ˆç›®æ ‡ã€‚","tts_switch":1,"merchant_id":5,"contract_number":"","online_time":1541058521,"b_special_price":"4.99","current_price":"4.99","b_special_price_stime":1541675940,"b_special_price_etime":1575129600,"is_buy":false,"current_timestamp":1558440304,"chapter_list":[],"is_trial":true,"is_tts_switch":false,"log_id":"2304","log_type":"ebook","read_progress":0,"reading_title":"","original_price":"4.00","special_offer_status":0,"page_num":0,"author_list":null,"can_trial_read":false,"reading_word_count":0,"reading_word_token":"","trial_read_proportion":"","authors":null,"with_video":false,"b_package_end_time":"","b_package_price":"0.00","b_package_start_time":""},{"id":1890,"title":"","style":1,"type":1,"class":0,"sub_class":0,"author":"","cover":"http://piccdn.igetget.com/img/201712/03/201712032011134454933229.jpg","banner":"","count":0,"price":"1.99","status":1,"epub":"2019","sell_count":0,"sell_seven_day":4,"operating_title":"èœ¥èœ´è„‘æ³•åˆ™","short_title":"","integral":0,"other_content":"","other_share_title":"å¾—åˆ°å¥½ä¹¦ | èœ¥èœ´è„‘æ³•åˆ™ï¼šè½»æ¾è¯´æœä»»ä½•äººçš„7ä¸ªç§˜è¯€","other_share_summary":"èœ¥èœ´è„‘åªæ¯”ç†æ€§è„‘å¿«0.03ç§’,å´èƒ½å·¦å³äººçš„å¤§å¤šæ•°å†³å®šã€‚æŒæ¡è¯´æœçš„7ä¸ªç§˜è¯€ï¼Œæœ‰æ•ˆåº”å¯¹ä»–äººçš„èœ¥èœ´è„‘ã€‚","other_data":"","top":0,"datetime":"","uptime":"","author_info":"ä½œè€…å‰å§†Â·æŸ¯æ˜æ–¯ï¼ŒèŠåŠ å“¥å¤§å­¦ç¤¾ä¼šå­¦åšå£«ï¼ŒDDBï¼ˆæ’ç¾å¹¿å‘Šï¼‰é¦–å¸­æˆ˜ç•¥å®˜åŠå…¨çƒå“ç‰Œç­–åˆ’æ€»ç›‘ï¼Œç¾å›½è¥¿åŒ—å¤§å­¦å¤§ä¼—ä¼ æ’­å­¦æ•™æˆã€‚ä»–åœ¨DDBä»»èŒ27å¹´ï¼Œå…¶å®¢æˆ·åŒ…æ‹¬å¤§ä¼—æ±½è½¦ã€æˆ´å°”ç”µè„‘ã€ç™¾å¨å•¤é…’ã€å¨æ–¯æ±€é…’åº—é›†å›¢ç­‰è·¨å›½å·¨å¤´ï¼Œåœ¨è¿™27å¹´å½“ä¸­ï¼Œä»–ä¸€ç›´åœ¨æ€è€ƒä¸€ä¸ªé—®é¢˜ï¼Œâ€œäººæ˜¯å¦‚ä½•åšå†³å®šçš„ï¼Ÿâ€æœ¬ä¹¦å°±æ˜¯ä»–å¯¹è¿™ä¸€é—®é¢˜çš„æ€è€ƒæ€»ç»“ã€‚\r","book_name":"ã€Šèœ¥èœ´è„‘æ³•åˆ™ï¼šè½»æ¾è¯´æœä»»ä½•äººçš„7ä¸ªç§˜è¯€ã€‹\r","book_author":"[ç¾] å‰å§†Â·æŸ¯æ˜æ–¯\r","press":"ä¹å·å‡ºç‰ˆç¤¾Â·é˜³å…‰åšå®¢\r","publish_time":"1900-01-20","catalog":"","catalog_list":[],"book_intro":"å¦‚ä½•è®©åˆ«äººæ›´å–œæ¬¢è·Ÿä½ è°ˆè¯ï¼Ÿ\r\næ€ä¹ˆåˆ¤æ–­ä¸€ä¸ªäººçœŸæ­£æƒ³è¦ä»€ä¹ˆï¼Ÿ\r\nå¦‚ä½•æŠŠä½ å»ºè®®çš„è¡Œä¸ºå’Œå¯¹æ–¹æƒ³è¦çš„ä¸œè¥¿ç»“åˆèµ·æ¥ï¼Ÿ\r\næœ‰å“ªäº›æ™®éçš„äººæ€§æ˜¯æˆ‘ä»¬å¯ä»¥åˆ©ç”¨çš„ï¼Ÿ\r\nâ€¦â€¦\r\näººç©¶ç«Ÿæ˜¯å¦‚ä½•åšå†³å®šçš„ï¼Ÿ\r\nã€€ã€€\r\nåœ¨è¿‘ä¸‰åå¹´çš„èŒä¸šç”Ÿæ¶¯ä¸­ï¼Œå‰å§†Â·æŸ¯æ˜æ–¯æ¯å¤©éƒ½åœ¨æ€è€ƒè¿™ä¸ªé—®é¢˜ã€‚åœ¨ç ”ç©¶è¿™ä¸ªé—®é¢˜çš„è¿‡ç¨‹ä¸­ï¼Œä»–å‘ç°ï¼Œè¡Œä¸ºç»æµå­¦å®¶Thalerå’ŒSunsteinæå‡ºçš„\"èœ¥èœ´è„‘\"ä¼¼ä¹å¯ä»¥å›ç­”è¿™ä¸ªé—®é¢˜ã€‚Thalerå’ŒSunsteinæŒ‡å‡ºï¼Œè™½ç„¶äººç±»è‡ªè¯©ä¸ºç†æ€§åŠ¨ç‰©ï¼Œä½†äº‹å®ä¸Šï¼Œæˆ‘ä»¬åœ¨åšå¤§å¤šæ•°å†³å®šæ—¶ï¼Œå…¶å†³ç­–è¿‡ç¨‹ä¸ä½ç­‰è„Šæ¤åŠ¨ç‰©èœ¥èœ´å¹¶æ— å¤ªå¤§åŒºåˆ«ã€‚æ¢å¥è¯è¯´ï¼Œäººè„‘çš„å†³ç­–è¿‡ç¨‹ï¼Œä¸èœ¥èœ´è„‘çš„å‡ ä¹ä¸€æ ·ã€‚\r\nã€€ã€€\r\næ¯ä¸ªäººèº«ä¸Šéƒ½æœ‰ä¸€ä¸ª\"èœ¥èœ´è„‘\"ã€‚èœ¥èœ´è„‘æå…¶èªæ˜ï¼Œè€Œä¸”è¿è½¬æå¿«ï¼Œèƒ½åœ¨æçŸ­æ—¶é—´å†…è½»æ¾åšå‡ºå‡†ç¡®åˆ¤æ–­ã€‚å®ƒä¸ä»…é«˜æ•ˆï¼Œè€Œä¸”ä¸çŸ¥ç–²å€¦ï¼Œæ˜¼å¤œä¸åœï¼Œæ— æ³•é˜»æŒ¡ã€‚èœ¥èœ´è„‘èƒ½é‡æå¤§ï¼Œæ€»æ˜¯åœ¨ä¸çŸ¥ä¸è§‰é—´æ§åˆ¶æˆ‘ä»¬çš„ç»å¤§å¤šæ•°è¡Œä¸ºï¼ŒåŒ…æ‹¬é‚£äº›äº‹å…³ç”Ÿæ­»çš„é‡è¦è¡Œä¸ºã€‚\r\nã€€ã€€\r\næ‰€ä»¥ï¼Œæ— è®ºä½ æ˜¯æƒ³è¯´æœæŸä¸€ä¸ªäºº--æ¯”å¦‚è¯´ä½ çš„é…å¶ã€å­©å­æˆ–è€…åŒäº‹â€”â€”åšä¸€ä»¶äº‹ï¼Œè¿˜æ˜¯æƒ³è¯´æœæˆåƒä¸Šä¸‡äººè´­ä¹°Apple Watchæˆ–ç™¾å¨å•¤é…’ï¼Œåªè¦å­¦ä¼šè·Ÿä»–çš„èœ¥èœ´è„‘å¯¹è¯ï¼Œæ•ˆæœå°±ä¼šäº‹åŠåŠŸç™¾å€ï¼\r\n\r","tts_switch":1,"merchant_id":30009,"contract_number":"","online_time":0,"b_special_price":"1.99","current_price":"1.99","b_special_price_stime":1557728760,"b_special_price_etime":1558454400,"is_buy":false,"current_timestamp":1558440304,"chapter_list":[],"is_trial":true,"is_tts_switch":false,"log_id":"1890","log_type":"ebook","read_progress":0,"reading_title":"","original_price":"4.00","special_offer_status":0,"page_num":0,"author_list":null,"can_trial_read":false,"reading_word_count":0,"reading_word_token":"","trial_read_proportion":"","authors":null,"with_video":false,"b_package_end_time":"","b_package_price":"0.00","b_package_start_time":""}]}
,}4:type,4:http,5:error,0:~6:marked,5:false!7:version,13:1:0#2:18#1:2#]11:client_conn,204:15:ssl_established,5:false!10:clientcert,0:~13:timestamp_end,0:~7:address,60:7:address,27:15:192.168.128.181,5:63009#]8:use_ipv6,5:false!}15:timestamp_start,17:1558440320.990638^19:timestamp_ssl_setup,0:~}2:id,36:a85bd0f0-acca-4807-8706-b9b6633c6f6f,11:intercepted,5:false!7:request,1384:9:is_replay,5:false!4:port,2:80#12:stickycookie,5:false!13:timestamp_end,17:1558440329.995785^4:path,33:/ebook2/v1/special_offer/homepage,15:timestamp_start,17:1558440329.986614^7:headers,1032:29:9:X-App-Key,13:android-6.2.0,]19:5:X-Uid,8:85003403,]14:7:X-Thumb,1:l,]15:4:X-Dt,5:phone,]13:4:X-Ov,3:6.0,]15:5:X-Net,4:WIFI,]17:4:X-Os,7:ANDROID,]26:3:X-D,16:ae244834553d4eda,]28:4:X-Dv,17:Samsung Galaxy S6,]13:3:X-T,4:json,]13:6:X-Chil,1:0,]10:3:X-V,1:2,]15:4:X-Av,5:6.2.0,]14:5:X-Scr,3:2.0,]12:5:X-Adv,1:1,]45:6:X-Seid,32:218ef9e66ce3e0025bfad70cd02dd2ed,]14:8:X-Hitdot,0:,]63:11:G-Auth-Sign,44:OGVmYWE0NjNhNmM3M2NmZTkxMDM2ZTkwNTMwMWVhODg=,]52:12:G-Auth-Nonce,32:bd936f6091a5af76bb056449fc8ea0e8,]26:9:G-Auth-Ts,10:1558440329,]44:12:G-Auth-Appid,24:5a27d122ee4638163f594393,]312:12:G-Auth-Token,291:eyJhbGciOiJIUzUxMiIsInR5cCI6IkpXVCJ9.eyJhdWQiOiJsdW9qaWxhYi5jb20iLCJleHAiOjE1NTkwNDI3OTksImlhdCI6MTU1ODQzNzk5OSwiaXNzIjoiRWFzZUdhdGV3YXkgSldUQXV0aCBQbHVnaW4iLCJuYmYiOjE1NTg0Mzc5OTksInN1YiI6Ijg1MDAzNDAzIn0.5J13wFzrBZv434Oi7yos7349FnruBeGZ0LNw4VmjORaaWUiFX3Q2yVNrSKqf27JfNQRsAT3NYL2gouO0Xju66Q,]33:4:Host,22:entree.dev.igetget.com,]28:10:Connection,10:Keep-Alive,]26:15:Accept-Encoding,4:gzip,]31:10:User-Agent,13:okhttp/3.11.0,]]7:content,0:,6:method,3:GET,4:host,22:entree.dev.igetget.com,17:first_line_format,8:relative,12:http_version,8:HTTP/1.1,6:scheme,4:http,10:stickyauth,5:false!}11:server_conn,417:15:ssl_established,5:false!14:source_address,60:7:address,27:15:192.168.128.181,5:63010#]8:use_ipv6,5:false!}13:timestamp_end,0:~7:address,64:7:address,31:22:entree.dev.igetget.com,2:80#]8:use_ipv6,5:false!}4:cert,0:~3:sni,0:~15:timestamp_start,17:1558440321.045617^19:timestamp_ssl_setup,0:~10:ip_address,54:7:address,21:12:39.107.208.4,2:80#]8:use_ipv6,5:false!}3:via,0:~19:timestamp_tcp_setup,17:1558440321.059817^}}5596:8:response,3375:6:reason,2:OK,13:timestamp_end,17:1558440330.183298^12:http_version,8:HTTP/1.1,11:status_code,3:200#15:timestamp_start,17:1558440330.178784^7:headers,234:40:4:Date,29:Tue, 21 May 2019 12:05:30 GMT,]51:12:Content-Type,31:application/json; charset=utf-8,]31:17:Transfer-Encoding,7:chunked,]28:10:Connection,10:keep-alive,]31:12:G-Powered-By,11:EaseGateway,]29:11:G-Timestamp,10:1558440330,]]7:content,2970:{"h":{"c":0,"e":"","s":1558440330,"t":17},"c":{"list":[{"id":36,"user_id":31403312,"avatar":"https://piccdn.luojilab.com/avatar/iget/31403312-1528888752.jpeg","nickname":"ä¸€ä¸ªé’å¹´è¯—äºº156æ–¤","phone":"15652915710","brife":"æ™®é€šå¤§V123123","disable":0,"comment_count":14,"last_month_comment_count":0,"created_at":"2019-04-02 14:18:43","updated_at":"2019-04-24 11:16:38","v_type":2},{"id":40,"user_id":15372345,"avatar":"https://piccdn.luojilab.com/noprod/avatar/iget/15372345-1557927901.jpeg","nickname":"Monaco","phone":"18810316613","brife":"","disable":0,"comment_count":5,"last_month_comment_count":0,"created_at":"2019-04-23 17:54:40","updated_at":"2019-04-23 18:05:15","v_type":0},{"id":38,"user_id":35629851,"avatar":"https://piccdn.luojilab.com/avatar/iget/35629851-1503483503.jpeg","nickname":"YUN","phone":"15210399295","brife":"ã€Šæ¥è‡ªæœªæ¥çš„ä¸€ä¸ªå°å¯çˆ±ã€‹çˆ±å­¦ä¹ çš„å°å¯çˆ±å‘¢","disable":0,"comment_count":4,"last_month_comment_count":0,"created_at":"2019-04-11 14:28:04","updated_at":"2019-04-24 11:14:27","v_type":4},{"id":35,"user_id":30832947,"avatar":"https://piccdn.luojilab.com/avatar/iget/30832947-1526459337.jpeg","nickname":"å¾—åˆ°å®˜æ–¹V15366","phone":"15300356926","brife":"å¾—åˆ°å®˜æ–¹è´¦å·","disable":0,"comment_count":4,"last_month_comment_count":0,"created_at":"2019-04-02 14:16:55","updated_at":"2019-04-04 15:38:05","v_type":3},{"id":39,"user_id":33840424,"avatar":"https://piccdn.luojilab.com/avatar/iget/33840424-1541746863.jpeg","nickname":"001","phone":"13800138001","brife":"æ™®é€šV","disable":0,"comment_count":1,"last_month_comment_count":0,"created_at":"2019-04-12 16:05:50","updated_at":"2019-04-12 16:06:53","v_type":2},{"id":37,"user_id":658092,"avatar":"https://piccdn.luojilab.com/avatar/iget/658092-1510643993.jpeg","nickname":"ä¿®æ”¹æµ‹è¯•æ˜µç§°","phone":"15010158425","brife":"å¾—åˆ°æµ‹è¯•","disable":0,"comment_count":1,"last_month_comment_count":0,"created_at":"2019-04-04 14:33:14","updated_at":"2019-04-04 14:35:02","v_type":2},{"id":34,"user_id":85002491,"avatar":"http://piccdn.igetget.com/posts/avatar/2019-04-02/85002491-1554175519825.jpeg","nickname":"è¿™ä¸ªæ˜¯ä»¿çœŸè´¦å·å‘€å˜¿å˜¿","phone":"14030618457","brife":"","disable":0,"comment_count":1,"last_month_comment_count":0,"created_at":"2019-04-02 11:20:26","updated_at":"2019-04-04 14:52:57","v_type":0},{"id":33,"user_id":85002489,"avatar":"http://piccdn.igetget.com/posts/avatar/2019-04-02/85002489-1554174813.jpeg","nickname":"å€©å€©çš„ä»¿çœŸå·","phone":"14053261784","brife":"","disable":0,"comment_count":1,"last_month_comment_count":0,"created_at":"2019-04-02 11:19:36","updated_at":"2019-04-04 14:52:10","v_type":0},{"id":11,"user_id":84846036,"avatar":"https://piccdn.luojilab.com/avatar/iget/84846036-1526958335.jpeg","nickname":"ä»¿çœŸ09","phone":"13900139009","brife":"","disable":0,"comment_count":1,"last_month_comment_count":0,"created_at":"2019-04-02 10:28:29","updated_at":"2019-04-11 15:55:44","v_type":0}],"total_count":9}}
,}4:type,4:http,5:error,0:~6:marked,5:false!7:version,13:1:0#2:18#1:2#]11:client_conn,204:15:ssl_established,5:false!10:clientcert,0:~13:timestamp_end,0:~7:address,60:7:address,27:15:192.168.128.181,5:63008#]8:use_ipv6,5:false!}15:timestamp_start,17:1558440320.990038^19:timestamp_ssl_setup,0:~}2:id,36:1e30c857-83e8-414e-ae10-8651fd05a86a,11:intercepted,5:false!7:request,1390:9:is_replay,5:false!4:port,2:80#12:stickycookie,5:false!13:timestamp_end,17:1558440330.132055^4:path,39:/ebook2/v1/expert/list?start=0&count=20,15:timestamp_start,17:1558440330.116765^7:headers,1032:29:9:X-App-Key,13:android-6.2.0,]19:5:X-Uid,8:85003403,]14:7:X-Thumb,1:l,]15:4:X-Dt,5:phone,]13:4:X-Ov,3:6.0,]15:5:X-Net,4:WIFI,]17:4:X-Os,7:ANDROID,]26:3:X-D,16:ae244834553d4eda,]28:4:X-Dv,17:Samsung Galaxy S6,]13:3:X-T,4:json,]13:6:X-Chil,1:0,]10:3:X-V,1:2,]15:4:X-Av,5:6.2.0,]14:5:X-Scr,3:2.0,]12:5:X-Adv,1:1,]45:6:X-Seid,32:218ef9e66ce3e0025bfad70cd02dd2ed,]14:8:X-Hitdot,0:,]63:11:G-Auth-Sign,44:ZTRmZjlkZmU5NTEzNmVkMmI2ZWI1ZTkwYzZhNDAwNTQ=,]52:12:G-Auth-Nonce,32:0dc11558f2f570c865dd53757e48337b,]26:9:G-Auth-Ts,10:1558440330,]44:12:G-Auth-Appid,24:5a27d122ee4638163f594393,]312:12:G-Auth-Token,291:eyJhbGciOiJIUzUxMiIsInR5cCI6IkpXVCJ9.eyJhdWQiOiJsdW9qaWxhYi5jb20iLCJleHAiOjE1NTkwNDI3OTksImlhdCI6MTU1ODQzNzk5OSwiaXNzIjoiRWFzZUdhdGV3YXkgSldUQXV0aCBQbHVnaW4iLCJuYmYiOjE1NTg0Mzc5OTksInN1YiI6Ijg1MDAzNDAzIn0.5J13wFzrBZv434Oi7yos7349FnruBeGZ0LNw4VmjORaaWUiFX3Q2yVNrSKqf27JfNQRsAT3NYL2gouO0Xju66Q,]33:4:Host,22:entree.dev.igetget.com,]28:10:Connection,10:Keep-Alive,]26:15:Accept-Encoding,4:gzip,]31:10:User-Agent,13:okhttp/3.11.0,]]7:content,0:,6:method,3:GET,4:host,22:entree.dev.igetget.com,17:first_line_format,8:relative,12:http_version,8:HTTP/1.1,6:scheme,4:http,10:stickyauth,5:false!}11:server_conn,417:15:ssl_established,5:false!14:source_address,60:7:address,27:15:192.168.128.181,5:63011#]8:use_ipv6,5:false!}13:timestamp_end,0:~7:address,64:7:address,31:22:entree.dev.igetget.com,2:80#]8:use_ipv6,5:false!}4:cert,0:~3:sni,0:~15:timestamp_start,17:1558440321.054038^19:timestamp_ssl_setup,0:~10:ip_address,54:7:address,21:12:39.107.208.4,2:80#]8:use_ipv6,5:false!}3:via,0:~19:timestamp_tcp_setup,17:1558440321.064838^}}24867:8:response,22587:6:reason,2:OK,13:timestamp_end,17:1558440330.188566^12:http_version,8:HTTP/1.1,11:status_code,3:200#15:timestamp_start,17:1558440330.173696^7:headers,234:40:4:Date,29:Tue, 21 May 2019 12:05:30 GMT,]51:12:Content-Type,31:application/json; charset=utf-8,]31:17:Transfer-Encoding,7:chunked,]28:10:Connection,10:keep-alive,]31:12:G-Powered-By,11:EaseGateway,]29:11:G-Timestamp,10:1558440330,]]7:content,22181:{"h":{"c":0,"e":"","s":1558440330,"t":35},"c":{"total_count":32,"list":[{"id":96,"user_id":31403312,"product_id":4158,"product_type":2,"title":"é’å¹´é”¡çº¸çƒ«å“ˆå“ˆ","content":"é’å¹´é”¡çº¸çƒ«å“ˆå“ˆé’å¹´é”¡çº¸çƒ«å“ˆå“ˆé’å¹´é”¡çº¸çƒ«å“ˆå“ˆé’å¹´é”¡çº¸çƒ«å“ˆå“ˆé’å¹´é”¡çº¸çƒ«å“ˆå“ˆé’å¹´é”¡çº¸çƒ«å“ˆå“ˆé’å¹´é”¡çº¸çƒ«å“ˆå“ˆé’å¹´é”¡çº¸çƒ«å“ˆå“ˆé’å¹´é”¡çº¸çƒ«å“ˆå“ˆé’å¹´é”¡çº¸çƒ«å“ˆå“ˆé’å¹´é”¡çº¸çƒ«å“ˆå“ˆé’å¹´é”¡çº¸çƒ«å“ˆå“ˆé’å¹´é”¡çº¸çƒ«å“ˆå“ˆé’å¹´é”¡çº¸çƒ«å“ˆå“ˆé’å¹´é”¡çº¸çƒ«å“ˆå“ˆé’å¹´é”¡çº¸çƒ«å“ˆå“ˆ","score":3,"share_url":"http://m.dev.igetget.com/hybrid/ebook/detail?from=review\u0026bid=4158","created_at":1556075798,"updated_at":1556075798,"log_id":"96","log_type":"ebook","expert":{"id":0,"nickname":"ä¸€ä¸ªé’å¹´è¯—äºº156æ–¤","avatar":"https://piccdn.luojilab.com/avatar/iget/31403312-1528888752.jpeg","brief":"æ™®é€šå¤§V123123","v_type":2},"product_baseinfo":{"title":"æ‚²ä¼¤çš„ä¸–ç•Œ","authors":["[ç¾] è‹çŠÂ·æ¡‘å¡”æ ¼ "],"cover_img":"http://piccdn.igetget.com/img/201904/12/201904121755433815342817.jpg"},"timestamp":1556075798},{"id":95,"user_id":31403312,"product_id":1937,"product_type":2,"title":"çƒ­äºŒäºŒ","content":"ç™»é™†æœˆçƒçš„è‹è”æ¢é™©é˜Ÿä¸­å±…ç„¶ä¼šæœ‰ä¸€ä½æ¤ç‰©å­¦å®¶ï¼Œè¿™ä¸ªæ¶ˆæ¯è®©å¤§å®¶å—¤ç¬‘äº†å¥½ä¹…ã€‚å¯æ˜¯ï¼Œæˆ‘ä»¬å„æ–¹æ¢é™©é˜ŸæŠŠç™»é™†ç‚¹å‘¨å›´å‡ å¹³æ–¹è‹±é‡Œçš„æœˆçƒè¡¨é¢ç¿»äº†ä¸ªéï¼Œä¹Ÿæ²¡èƒ½æ‰¾åˆ°ä»»ä½•å­˜åœ¨æ¤ç‰©çš„è¿¹è±¡ï¼Œæ— è®ºæ˜¯æ´»ä½“æ¤ç‰©è¿˜æ˜¯åŒ–çŸ³ï¼Œä»€ä¹ˆéƒ½æ²¡æœ‰ã€‚è¿™çœŸæ˜¯å†·é…·çš„æœˆäº®ç»™äºˆæˆ‘ä»¬çš„æœ€å¤§çš„æ‰“å‡»ã€‚æœ‰äº›äººè™½ç„¶ç™¾åˆ†ä¹‹ç™¾ç›¸ä¿¡æœˆäº®ä¸Šä¸å¯èƒ½æœ‰ç”Ÿå‘½å­˜æ´»ï¼Œå¿ƒé‡Œå´ä¾ç„¶å¸Œæœ›æœ‰äººèƒ½è¯æ˜ä»–ä»¬æ˜¯é”™çš„â€¦â€¦\n","score":4,"share_url":"http://m.dev.igetget.com/hybrid/ebook/detail?from=review\u0026bid=1937","created_at":1556075769,"updated_at":1556075769,"log_id":"95","log_type":"ebook","expert":{"id":0,"nickname":"ä¸€ä¸ªé’å¹´è¯—äºº156æ–¤","avatar":"https://piccdn.luojilab.com/avatar/iget/31403312-1528888752.jpeg","brief":"æ™®é€šå¤§V123123","v_type":2},"product_baseinfo":{"title":"é‡‘é’±æ°¸ä¸çœ ","authors":["é¦™å¸…æ— èŠ±ï¼ˆå”æ¶¯ï¼‰"],"cover_img":"http://piccdn.igetget.com/img/201712/13/201712131535065106961180.jpg"},"timestamp":1556075769},{"id":94,"user_id":31403312,"product_id":2694,"product_type":2,"title":"å‹‡æ•¢çš„æ€è€ƒå“ˆ","content":"å•¦å•¦å•¦ç™»é™†æœˆçƒçš„è‹è”æ¢é™©é˜Ÿä¸­å±…ç„¶ä¼šæœ‰ä¸€ä½æ¤ç‰©å­¦å®¶ï¼Œè¿™ä¸ªæ¶ˆæ¯è®©å¤§å®¶å—¤ç¬‘äº†å¥½ä¹…ã€‚å¯æ˜¯ï¼Œæˆ‘ä»¬å„æ–¹æ¢é™©é˜ŸæŠŠç™»é™†ç‚¹å‘¨å›´å‡ å¹³æ–¹è‹±é‡Œçš„æœˆçƒè¡¨é¢ç¿»äº†ä¸ªéï¼Œä¹Ÿæ²¡èƒ½æ‰¾åˆ°ä»»ä½•å­˜åœ¨æ¤ç‰©çš„è¿¹è±¡ï¼Œæ— è®ºæ˜¯æ´»ä½“æ¤ç‰©è¿˜æ˜¯åŒ–çŸ³ï¼Œä»€ä¹ˆéƒ½æ²¡æœ‰ã€‚è¿™çœŸæ˜¯å†·é…·çš„æœˆäº®ç»™äºˆæˆ‘ä»¬çš„æœ€å¤§çš„æ‰“å‡»ã€‚æœ‰äº›äººè™½ç„¶ç™¾åˆ†ä¹‹ç™¾ç›¸ä¿¡æœˆäº®ä¸Šä¸å¯èƒ½æœ‰ç”Ÿå‘½å­˜æ´»ï¼Œå¿ƒé‡Œå´ä¾ç„¶å¸Œæœ›æœ‰äººèƒ½è¯æ˜ä»–ä»¬æ˜¯é”™çš„â€¦â€¦\n","score":3,"share_url":"http://m.dev.igetget.com/hybrid/ebook/detail?from=review\u0026bid=2694","created_at":1556075751,"updated_at":1556075751,"log_id":"94","log_type":"ebook","expert":{"id":0,"nickname":"ä¸€ä¸ªé’å¹´è¯—äºº156æ–¤","avatar":"https://piccdn.luojilab.com/avatar/iget/31403312-1528888752.jpeg","brief":"æ™®é€šå¤§V123123","v_type":2},"product_baseinfo":{"title":"å‹‡æ•¢æ€è€ƒ","authors":["å¼ åœ†æ˜"],"cover_img":"http://piccdn.igetget.com/img/201804/20/201804201745155890446476.jpg"},"timestamp":1556075751},{"id":93,"user_id":35629851,"product_id":4158,"product_type":2,"title":"beishangçš„ä¸–ç•Œ","content":"beishangçš„ä¸–ç•Œä¸ºä»€ä¹ˆæœ‰çš„å›½å®¶èµ‹äºˆæœ‰çš„å›½å®¶è´«ç©·å‘¢ä½ è¯´ä¸ºä»€ä¹ˆå‘¢beishangçš„ä¸–ç•Œä¸ºä»€ä¹ˆæœ‰çš„å›½å®¶èµ‹äºˆæœ‰çš„å›½å®¶è´«ç©·å‘¢ä½ è¯´ä¸ºä»€ä¹ˆå‘¢beishangçš„ä¸–ç•Œä¸ºä»€ä¹ˆæœ‰çš„å›½å®¶èµ‹äºˆæœ‰çš„å›½å®¶è´«ç©·å‘¢ä½ è¯´ä¸ºä»€ä¹ˆå‘¢beishangçš„ä¸–ç•Œä¸ºä»€ä¹ˆæœ‰çš„å›½å®¶èµ‹äºˆæœ‰çš„å›½å®¶è´«ç©·å‘¢ä½ è¯´ä¸ºä»€ä¹ˆå‘¢","score":3,"share_url":"http://m.dev.igetget.com/hybrid/ebook/detail?from=review\u0026bid=4158","created_at":1556075667,"updated_at":1556075667,"log_id":"93","log_type":"ebook","expert":{"id":0,"nickname":"YUN","avatar":"https://piccdn.luojilab.com/avatar/iget/35629851-1503483503.jpeg","brief":"ã€Šæ¥è‡ªæœªæ¥çš„ä¸€ä¸ªå°å¯çˆ±ã€‹çˆ±å­¦ä¹ çš„å°å¯çˆ±å‘¢","v_type":4},"product_baseinfo":{"title":"æ‚²ä¼¤çš„ä¸–ç•Œ","authors":["[ç¾] è‹çŠÂ·æ¡‘å¡”æ ¼ "],"cover_img":"http://piccdn.igetget.com/img/201904/12/201904121755433815342817.jpg"},"timestamp":1556075667},{"id":92,"user_id":35629851,"product_id":802,"product_type":2,"title":"ä»€ä¹ˆäº‹å‘¢","content":"å“ˆå“ˆå“ˆç™»é™†æœˆçƒçš„è‹è”æ¢é™©é˜Ÿä¸­å±…ç„¶ä¼šæœ‰ä¸€ä½æ¤ç‰©å­¦å®¶ï¼Œè¿™ä¸ªæ¶ˆæ¯è®©å¤§å®¶å—¤ç¬‘äº†å¥½ä¹…ã€‚å¯æ˜¯ï¼Œæˆ‘ä»¬å„æ–¹æ¢é™©é˜ŸæŠŠç™»é™†ç‚¹å‘¨å›´å‡ å¹³æ–¹è‹±é‡Œçš„æœˆçƒè¡¨é¢ç¿»äº†ä¸ªéï¼Œä¹Ÿæ²¡èƒ½æ‰¾åˆ°ä»»ä½•å­˜åœ¨æ¤ç‰©çš„è¿¹è±¡ï¼Œæ— è®ºæ˜¯æ´»ä½“æ¤ç‰©è¿˜æ˜¯åŒ–çŸ³ï¼Œä»€ä¹ˆéƒ½æ²¡æœ‰ã€‚è¿™çœŸæ˜¯å†·é…·çš„æœˆäº®ç»™äºˆæˆ‘ä»¬çš„æœ€å¤§çš„æ‰“å‡»ã€‚æœ‰äº›äººè™½ç„¶ç™¾åˆ†ä¹‹ç™¾ç›¸ä¿¡æœˆäº®ä¸Šä¸å¯èƒ½æœ‰ç”Ÿå‘½å­˜æ´»ï¼Œå¿ƒé‡Œå´ä¾ç„¶å¸Œæœ›æœ‰äººèƒ½è¯æ˜ä»–ä»¬æ˜¯é”™çš„â€¦â€¦\n","score":4,"share_url":"http://m.dev.igetget.com/hybrid/ebook/detail?from=review\u0026bid=802","created_at":1556075588,"updated_at":1556075588,"log_id":"92","log_type":"ebook","expert":{"id":0,"nickname":"YUN","avatar":"https://piccdn.luojilab.com/avatar/iget/35629851-1503483503.jpeg","brief":"ã€Šæ¥è‡ªæœªæ¥çš„ä¸€ä¸ªå°å¯çˆ±ã€‹çˆ±å­¦ä¹ çš„å°å¯çˆ±å‘¢","v_type":4},"product_baseinfo":{"title":"ä»€ä¹ˆæ˜¯æˆ˜ç•¥","authors":["[ç¾]æ°å…‹Â·ç‰¹åŠ³ç‰¹"],"cover_img":"http://piccdn.igetget.com/img/201703/27/201703271832277940328292.jpg"},"timestamp":1556075588},{"id":91,"user_id":35629851,"product_id":1769,"product_type":2,"title":"å¾ˆå‰å®³å‘¢","content":"å‰å®³å“¦ç™»é™†æœˆçƒçš„è‹è”æ¢é™©é˜Ÿä¸­å±…ç„¶ä¼šæœ‰ä¸€ä½æ¤ç‰©å­¦å®¶ï¼Œè¿™ä¸ªæ¶ˆæ¯è®©å¤§å®¶å—¤ç¬‘äº†å¥½ä¹…ã€‚å¯æ˜¯ï¼Œæˆ‘ä»¬å„æ–¹æ¢é™©é˜ŸæŠŠç™»é™†ç‚¹å‘¨å›´å‡ å¹³æ–¹è‹±é‡Œçš„æœˆçƒè¡¨é¢ç¿»äº†ä¸ªéï¼Œä¹Ÿæ²¡èƒ½æ‰¾åˆ°ä»»ä½•å­˜åœ¨æ¤ç‰©çš„è¿¹è±¡ï¼Œæ— è®ºæ˜¯æ´»ä½“æ¤ç‰©è¿˜æ˜¯åŒ–çŸ³ï¼Œä»€ä¹ˆéƒ½æ²¡æœ‰ã€‚è¿™çœŸæ˜¯å†·é…·çš„æœˆäº®ç»™äºˆæˆ‘ä»¬çš„æœ€å¤§çš„æ‰“å‡»ã€‚æœ‰äº›äººè™½ç„¶ç™¾åˆ†ä¹‹ç™¾ç›¸ä¿¡æœˆäº®ä¸Šä¸å¯èƒ½æœ‰ç”Ÿå‘½å­˜æ´»ï¼Œå¿ƒé‡Œå´ä¾ç„¶å¸Œæœ›æœ‰äººèƒ½è¯æ˜ä»–ä»¬æ˜¯é”™çš„â€¦â€¦\n","score":3,"share_url":"http://m.dev.igetget.com/hybrid/ebook/detail?from=review\u0026bid=1769","created_at":1556075544,"updated_at":1556075544,"log_id":"91","log_type":"ebook","expert":{"id":0,"nickname":"YUN","avatar":"https://piccdn.luojilab.com/avatar/iget/35629851-1503483503.jpeg","brief":"ã€Šæ¥è‡ªæœªæ¥çš„ä¸€ä¸ªå°å¯çˆ±ã€‹çˆ±å­¦ä¹ çš„å°å¯çˆ±å‘¢","v_type":4},"product_baseinfo":{"title":"æ‰¹åˆ¤æ€§æ€ç»´","authors":["[ç¾] å¸ƒé²å…‹Â·è¯ºåŸƒå°”Â·æ‘©å°”ã€ç†æŸ¥å¾·Â·å¸•å…‹"],"cover_img":"http://piccdn.igetget.com/img/201711/07/201711071422240219911812.jpg"},"timestamp":1556075544},{"id":90,"user_id":35629851,"product_id":1833,"product_type":2,"title":"ç”¨ç”Ÿå‘½æ¨è","content":"ç™»é™†æœˆçƒçš„è‹è”æ¢é™©é˜Ÿä¸­å±…ç„¶ä¼šæœ‰ä¸€ä½æ¤ç‰©å­¦å®¶ï¼Œè¿™ä¸ªæ¶ˆæ¯è®©å¤§å®¶å—¤ç¬‘äº†å¥½ä¹…ã€‚å¯æ˜¯ï¼Œæˆ‘ä»¬å„æ–¹æ¢é™©é˜ŸæŠŠç™»é™†ç‚¹å‘¨å›´å‡ å¹³æ–¹è‹±é‡Œçš„æœˆçƒè¡¨é¢ç¿»äº†ä¸ªéï¼Œä¹Ÿæ²¡èƒ½æ‰¾åˆ°ä»»ä½•å­˜åœ¨æ¤ç‰©çš„è¿¹è±¡ï¼Œæ— è®ºæ˜¯æ´»ä½“æ¤ç‰©è¿˜æ˜¯åŒ–çŸ³ï¼Œä»€ä¹ˆéƒ½æ²¡æœ‰ã€‚è¿™çœŸæ˜¯å†·é…·çš„æœˆäº®ç»™äºˆæˆ‘ä»¬çš„æœ€å¤§çš„æ‰“å‡»ã€‚æœ‰äº›äººè™½ç„¶ç™¾åˆ†ä¹‹ç™¾ç›¸ä¿¡æœˆäº®ä¸Šä¸å¯èƒ½æœ‰ç”Ÿå‘½å­˜æ´»ï¼Œå¿ƒé‡Œå´ä¾ç„¶å¸Œæœ›æœ‰äººèƒ½è¯æ˜ä»–ä»¬æ˜¯é”™çš„â€¦â€¦","score":5,"share_url":"http://m.dev.igetget.com/hybrid/ebook/detail?from=review\u0026bid=1833","created_at":1556075407,"updated_at":1556075407,"log_id":"90","log_type":"ebook","expert":{"id":0,"nickname":"YUN","avatar":"https://piccdn.luojilab.com/avatar/iget/35629851-1503483503.jpeg","brief":"ã€Šæ¥è‡ªæœªæ¥çš„ä¸€ä¸ªå°å¯çˆ±ã€‹çˆ±å­¦ä¹ çš„å°å¯çˆ±å‘¢","v_type":4},"product_baseinfo":{"title":"é˜¿ç‘ŸÂ·å…‹æ‹‰å…‹è¶…å€¼ç»å…¸å¥—è£…","authors":["é˜¿ç‘ŸÂ·å…‹æ‹‰å…‹"],"cover_img":"http://piccdn.igetget.com/img/201711/17/201711171053469437604563.jpg"},"timestamp":1556075407},{"id":89,"user_id":15372345,"product_id":18,"product_type":2,"title":"äºº","content":"æœ¬ä¹¦æ˜¯ç”±æˆ´è’™å¾·å…ˆç”Ÿå…³äºäººç±»ç¤¾ä¼šè´«å¯Œå…´è¡°é—®é¢˜ç³»åˆ—æ¼”è®²çš„è®²ç¨¿æ•´ç†è€Œæˆï¼Œä»¥å®è§‚æ¯”è¾ƒè§†é‡ã€è‡ªç„¶å®éªŒæ–¹æ³•æ¥æ¢ç©¶å„ä¸ªäººç±»ç¤¾ä¼šçš„ç‰¹ç‚¹å’Œå¼‚åŒï¼Œè¿›è€Œæ€»ç»“å‡ºäººç±»ç¤¾ä¼šå…´è¡°çš„å†³å®šæ€§å› ç´ ï¼Œå¹¶å¯¹ç°ä»£ç¤¾ä¼šä¸ªäººå’Œå›½å®¶çš„å…³ç³»ã€ç°ä»£å›½å®¶çš„å±æœºå’Œé£é™©ç­‰é—®é¢˜å±•å¼€è®ºè¿°ï¼Œè¿˜ç‰¹åˆ«å…³æ³¨ä¸­å›½è¿™ä¸€ç‹¬ç‰¹è€Œå¤è€ã€å¦‚ä»Šåˆæ­£åœ¨å´›èµ·çš„æ–‡æ˜ï¼Œä»¥å…¶ç‹¬ç‰¹çš„è§£é‡Šç³»ç»Ÿæ¥ä¸ºä¸­å›½çš„å‘å±•æ½œåŠ›å’Œæ–¹å‘æä¾›äº†å®è´µæ„è§ã€‚æœ¬ä¹¦ä¸ä»…å±•ç¤ºäº†æˆ´è’™å¾·ä½œä¸ºæ€æƒ³å®¶å¯¹","score":4,"share_url":"http://m.dev.igetget.com/hybrid/ebook/detail?from=review\u0026bid=18","created_at":1556013915,"updated_at":1556013915,"log_id":"89","log_type":"ebook","expert":{"id":0,"nickname":"Monaco","avatar":"https://piccdn.luojilab.com/noprod/avatar/iget/15372345-1557927901.jpeg","brief":"","v_type":0},"product_baseinfo":{"title":"äººç±»ç®€å²","authors":["æ±¤å§†Â·æ–¯ä¸¹è¿ªå¥‡ "],"cover_img":"http://piccdn.igetget.com/img/201607/21/201607211219149029779403.jpg"},"timestamp":1556013915},{"id":88,"user_id":15372345,"product_id":4158,"product_type":2,"title":"6","content":"æœ¬ä¹¦æ˜¯ç”±æˆ´è’™å¾·å…ˆç”Ÿå…³äºäººç±»ç¤¾ä¼šè´«å¯Œå…´è¡°é—®é¢˜ç³»åˆ—æ¼”è®²çš„è®²ç¨¿æ•´ç†è€Œæˆï¼Œä»¥å®è§‚æ¯”è¾ƒè§†é‡ã€è‡ªç„¶å®éªŒæ–¹æ³•æ¥æ¢ç©¶å„ä¸ªäººç±»ç¤¾ä¼šçš„ç‰¹ç‚¹å’Œå¼‚åŒï¼Œè¿›è€Œæ€»ç»“å‡ºäººç±»ç¤¾ä¼šå…´è¡°çš„å†³å®šæ€§å› ç´ ï¼Œå¹¶å¯¹ç°ä»£ç¤¾ä¼šä¸ªäººå’Œå›½å®¶çš„å…³ç³»ã€ç°ä»£å›½å®¶çš„å±æœºå’Œé£é™©ç­‰é—®é¢˜å±•å¼€è®ºè¿°ï¼Œè¿˜ç‰¹åˆ«å…³æ³¨ä¸­å›½è¿™ä¸€ç‹¬ç‰¹è€Œå¤è€ã€å¦‚ä»Šåˆæ­£åœ¨å´›èµ·çš„æ–‡æ˜ï¼Œä»¥å…¶ç‹¬ç‰¹çš„è§£é‡Šç³»ç»Ÿæ¥ä¸ºä¸­å›½çš„å‘å±•æ½œåŠ›å’Œæ–¹å‘æä¾›äº†å®è´µæ„è§ã€‚æœ¬ä¹¦ä¸ä»…å±•ç¤ºäº†æˆ´è’™å¾·ä½œä¸ºæ€æƒ³å®¶å¯¹","score":4,"share_url":"http://m.dev.igetget.com/hybrid/ebook/detail?from=review\u0026bid=4158","created_at":1556013896,"updated_at":1556013896,"log_id":"88","log_type":"ebook","expert":{"id":0,"nickname":"Monaco","avatar":"https://piccdn.luojilab.com/noprod/avatar/iget/15372345-1557927901.jpeg","brief":"","v_type":0},"product_baseinfo":{"title":"æ‚²ä¼¤çš„ä¸–ç•Œ","authors":["[ç¾] è‹çŠÂ·æ¡‘å¡”æ ¼ "],"cover_img":"http://piccdn.igetget.com/img/201904/12/201904121755433815342817.jpg"},"timestamp":1556013896},{"id":87,"user_id":15372345,"product_id":2304,"product_type":2,"title":"11","content":"æœ¬ä¹¦æ˜¯ç”±æˆ´è’™å¾·å…ˆç”Ÿå…³äºäººç±»ç¤¾ä¼šè´«å¯Œå…´è¡°é—®é¢˜ç³»åˆ—æ¼”è®²çš„è®²ç¨¿æ•´ç†è€Œæˆï¼Œä»¥å®è§‚æ¯”è¾ƒè§†é‡ã€è‡ªç„¶å®éªŒæ–¹æ³•æ¥æ¢ç©¶å„ä¸ªäººç±»ç¤¾ä¼šçš„ç‰¹ç‚¹å’Œå¼‚åŒï¼Œè¿›è€Œæ€»ç»“å‡ºäººç±»ç¤¾ä¼šå…´è¡°çš„å†³å®šæ€§å› ç´ ï¼Œå¹¶å¯¹ç°ä»£ç¤¾ä¼šä¸ªäººå’Œå›½å®¶çš„å…³ç³»ã€ç°ä»£å›½å®¶çš„å±æœºå’Œé£é™©ç­‰é—®é¢˜å±•å¼€è®ºè¿°ï¼Œè¿˜ç‰¹åˆ«å…³æ³¨ä¸­å›½è¿™ä¸€ç‹¬ç‰¹è€Œå¤è€ã€å¦‚ä»Šåˆæ­£åœ¨å´›èµ·çš„æ–‡æ˜ï¼Œä»¥å…¶ç‹¬ç‰¹çš„è§£é‡Šç³»ç»Ÿæ¥ä¸ºä¸­å›½çš„å‘å±•æ½œåŠ›å’Œæ–¹å‘æä¾›äº†å®è´µæ„è§ã€‚æœ¬ä¹¦ä¸ä»…å±•ç¤ºäº†æˆ´è’™å¾·ä½œä¸ºæ€æƒ³å®¶å¯¹","score":3,"share_url":"http://m.dev.igetget.com/hybrid/ebook/detail?from=review\u0026bid=2304","created_at":1556013882,"updated_at":1556013882,"log_id":"87","log_type":"ebook","expert":{"id":0,"nickname":"Monaco","avatar":"https://piccdn.luojilab.com/noprod/avatar/iget/15372345-1557927901.jpeg","brief":"","v_type":0},"product_baseinfo":{"title":"å§¿åŠ¿è·‘æ³•","authors":["å¶è€˜"],"cover_img":"http://piccdn.igetget.com/img/201802/27/201802271550526692158063.jpg"},"timestamp":1556013882},{"id":86,"user_id":15372345,"product_id":4156,"product_type":2,"title":"å¥½ä¹¦","content":"æœ¬ä¹¦æ˜¯ç”±æˆ´è’™å¾·å…ˆç”Ÿå…³äºäººç±»ç¤¾ä¼šè´«å¯Œå…´è¡°é—®é¢˜ç³»åˆ—æ¼”è®²çš„è®²ç¨¿æ•´ç†è€Œæˆï¼Œä»¥å®è§‚æ¯”è¾ƒè§†é‡ã€è‡ªç„¶å®éªŒæ–¹æ³•æ¥æ¢ç©¶å„ä¸ªäººç±»ç¤¾ä¼šçš„ç‰¹ç‚¹å’Œå¼‚åŒï¼Œè¿›è€Œæ€»ç»“å‡ºäººç±»ç¤¾ä¼šå…´è¡°çš„å†³å®šæ€§å› ç´ ï¼Œå¹¶å¯¹ç°ä»£ç¤¾ä¼šä¸ªäººå’Œå›½å®¶çš„å…³ç³»ã€ç°ä»£å›½å®¶çš„å±æœºå’Œé£é™©ç­‰é—®é¢˜å±•å¼€è®ºè¿°ï¼Œè¿˜ç‰¹åˆ«å…³æ³¨ä¸­å›½è¿™ä¸€ç‹¬ç‰¹è€Œå¤è€ã€å¦‚ä»Šåˆæ­£åœ¨å´›èµ·çš„æ–‡æ˜ï¼Œä»¥å…¶ç‹¬ç‰¹çš„è§£é‡Šç³»ç»Ÿæ¥ä¸ºä¸­å›½çš„å‘å±•æ½œåŠ›å’Œæ–¹å‘æä¾›äº†å®è´µæ„è§ã€‚æœ¬ä¹¦ä¸ä»…å±•ç¤ºäº†æˆ´è’™å¾·ä½œä¸ºæ€æƒ³å®¶å¯¹","score":4,"share_url":"http://m.dev.igetget.com/hybrid/ebook/detail?from=review\u0026bid=4156","created_at":1556013463,"updated_at":1556013463,"log_id":"86","log_type":"ebook","expert":{"id":0,"nickname":"Monaco","avatar":"https://piccdn.luojilab.com/noprod/avatar/iget/15372345-1557927901.jpeg","brief":"","v_type":0},"product_baseinfo":{"title":"ä¸ºä»€ä¹ˆæœ‰çš„å›½å®¶å¯Œè£•ï¼Œæœ‰çš„å›½å®¶è´«ç©·","authors":["ï¼»ç¾ï¼½è´¾é›·å¾·Â·æˆ´è’™å¾·"],"cover_img":"http://piccdn.igetget.com/img/201904/12/201904121814220529281266.jpg"},"timestamp":1556013463},{"id":85,"user_id":15372345,"product_id":16,"product_type":2,"title":"æ¨è","content":"102å²çš„è¯ºè´å°”ç»æµå­¦å®¶å¾—ä¸»ç§‘æ–¯è®²è¿°çš„ä¸€ä¸ªä¸­å›½ç‰¹è‰²å¸‚åœºç»æµçš„ç‹¬ç‰¹æ•…äº‹ï¼Œç»™ä½ ä¸€ä¸ªè®¤è¯†ä¸­å›½å¸‚åœºç»æµæ›´å®¢è§‚çš„è§’åº¦ã€‚\n102å²çš„è¯ºè´å°”ç»æµå­¦å®¶å¾—ä¸»ç§‘æ–¯è®²è¿°çš„ä¸€ä¸ªä¸­å›½ç‰¹è‰²å¸‚åœºç»æµçš„ç‹¬ç‰¹æ•…äº‹ï¼Œç»™ä½ ä¸€ä¸ªè®¤è¯†ä¸­å›½å¸‚åœºç»æµæ›´å®¢è§‚çš„è§’åº¦ã€‚\n102å²çš„è¯ºè´å°”ç»æµå­¦å®¶å¾—ä¸»ç§‘æ–¯è®²è¿°çš„ä¸€ä¸ªä¸­å›½ç‰¹è‰²å¸‚åœºç»æµçš„ç‹¬ç‰¹æ•…äº‹ï¼Œç»™ä½ ä¸€ä¸ªè®¤è¯†ä¸­å›½å¸‚åœºç»æµæ›´å®¢è§‚çš„è§’åº¦ã€‚\n","score":3,"share_url":"http://m.dev.igetget.com/hybrid/ebook/detail?from=review\u0026bid=16","created_at":1556013364,"updated_at":1556013364,"log_id":"85","log_type":"ebook","expert":{"id":0,"nickname":"Monaco","avatar":"https://piccdn.luojilab.com/noprod/avatar/iget/15372345-1557927901.jpeg","brief":"","v_type":0},"product_baseinfo":{"title":"å˜é©ä¸­å›½","authors":["ï¼»æ³•ï¼½å¸æ±¤è¾¾"],"cover_img":"http://piccdn.igetget.com/img/201607/21/201607211219144381763946.jpg"},"timestamp":1556013364},{"id":84,"user_id":33840424,"product_id":4120,"product_type":2,"title":"ä¸å¤§å¥½éƒ½å¥½å¥½çš„å¥½å¤šå¥½å¤šè¯","content":"ä¸è¡Œä¸è¡Œé‚£ä½ æƒ³ä½ çŒœä½ ä»å“ªé™ˆå¨œå¨œé‚£äº›ä½ ä»å“ªæ‰èƒ½ä¸è¡Œä¸è¡Œé‚£ä½ æƒ³ä½ çŒœä½ ä»å“ªé™ˆå¨œå¨œé‚£äº›ä½ ä»å“ªæ‰èƒ½ä¸è¡Œä¸è¡Œé‚£ä½ æƒ³ä½ çŒœä½ ä»å“ªé™ˆå¨œå¨œé‚£äº›ä½ ä»å“ªæ‰èƒ½ä¸è¡Œä¸è¡Œé‚£ä½ æƒ³ä½ çŒœä½ ä»å“ªé™ˆå¨œå¨œé‚£äº›ä½ ä»å“ªæ‰èƒ½ä¸è¡Œä¸è¡Œé‚£ä½ æƒ³ä½ çŒœä½ ä»å“ªé™ˆå¨œå¨œé‚£äº›ä½ ä»å“ªæ‰èƒ½ä¸è¡Œä¸è¡Œé‚£ä½ æƒ³ä½ çŒœä½ ä»å“ªé™ˆå¨œå¨œé‚£äº›ä½ ä»å“ªæ‰èƒ½","score":5,"share_url":"http://m.dev.igetget.com/hybrid/ebook/detail?from=review\u0026bid=4120","created_at":1555056413,"updated_at":1555056413,"log_id":"84","log_type":"ebook","expert":{"id":0,"nickname":"001","avatar":"https://piccdn.luojilab.com/avatar/iget/33840424-1541746863.jpeg","brief":"æ™®é€šV","v_type":2},"product_baseinfo":{"title":"æœ‰é¡¶å¤©å®¶æ—","authors":[],"cover_img":"http://piccdn.igetget.com/img/201901/17/201901171852479506893168.jpg"},"timestamp":1555056413},{"id":83,"user_id":84846036,"product_id":100,"product_type":2,"title":"fff","content":"aaaaaaaaaa","score":8,"share_url":"http://m.dev.igetget.com/hybrid/ebook/detail?from=review\u0026bid=100","created_at":1554969344,"updated_at":1554969344,"log_id":"83","log_type":"ebook","expert":{"id":0,"nickname":"ä»¿çœŸ09","avatar":"https://piccdn.luojilab.com/avatar/iget/84846036-1526958335.jpeg","brief":"","v_type":0},"product_baseinfo":{"title":"å„¿ç«¥å¤§è„‘å¼€çªæ‰‹å†Œ","authors":[],"cover_img":"http://piccdn.igetget.com/img/201607/21/201607211219363066153144.jpg"},"timestamp":1554969344},{"id":79,"user_id":31403312,"product_id":2708,"product_type":2,"title":"ç»™å“ˆå“ˆå“ˆ","content":"éå…¬ç»æµå°±å¿«çœ‹çœ‹æˆ‘æ€ä¹ˆè¿™ä¹ˆçˆ±ä»–å°±è¦å¼€å§‹è¿™æ ·å­å¯¹è‡ªå·±äº†ã€ï½–ï½‡ï½ˆï½ˆï½ˆéå…¬ç»æµå°±å¿«çœ‹çœ‹æˆ‘æ€ä¹ˆè¿™ä¹ˆçˆ±ä»–å°±è¦å¼€å§‹è¿™æ ·å­å¯¹è‡ªå·±äº†ã€ï½–ï½‡ï½ˆï½ˆï½ˆéå…¬ç»æµå°±å¿«çœ‹çœ‹æˆ‘æ€ä¹ˆè¿™ä¹ˆçˆ±ä»–å°±è¦å¼€å§‹è¿™æ ·å­å¯¹è‡ªå·±äº†ã€ï½–ï½‡ï½ˆï½ˆï½ˆéå…¬ç»æµå°±å¿«çœ‹çœ‹æˆ‘æ€ä¹ˆè¿™ä¹ˆçˆ±ä»–å°±è¦å¼€å§‹è¿™æ ·å­å¯¹è‡ªå·±äº†ã€ï½–ï½‡ï½ˆï½ˆï½ˆ","score":4,"share_url":"http://m.dev.igetget.com/hybrid/ebook/detail?from=review\u0026bid=2708","created_at":1554891215,"updated_at":1554891215,"log_id":"79","log_type":"ebook","expert":{"id":0,"nickname":"ä¸€ä¸ªé’å¹´è¯—äºº156æ–¤","avatar":"https://piccdn.luojilab.com/avatar/iget/31403312-1528888752.jpeg","brief":"æ™®é€šå¤§V123123","v_type":2},"product_baseinfo":{"title":"åç‰©æ¬²æ—¶ä»£çš„æ¥ä¸´","authors":[],"cover_img":"http://piccdn.igetget.com/img/201804/23/201804232323186339593638.jpg"},"timestamp":1554891215},{"id":78,"user_id":31403312,"product_id":2642,"product_type":2,"title":"è¿™æ‰æ˜¯","content":"æˆ‘ä»¬åªæœ‰ä»å„è‡ªçš„å›½å®¶ã€æ°‘æ—å†å²ä¸­é€€åä¸€æ­¥ï¼Œå°†æ•´ä¸ªäººç±»å†å²å½“æˆæ•´ä½“æ¥å®¡è§†ï¼Œæ‰èƒ½æ›´å¥½åœ°ç†è§£äººç±»è¿™ä¸ªç‰©ç§çš„ç‰¹æ®Šæ€§ï¼Œä»¥åŠæˆ‘ä»¬åœ¨æœªæ¥å‡ åå¹´ä¸­å³å°†é¢ä¸´çš„æŒ‘æˆ˜ã€‚è€Œä¸ºäº†æ›´å¥½åœ°è®¤æ¸…äººç±»å†å²ï¼Œæˆ‘ä»¬ä¸å¾—ä¸å†ä¸€æ¬¡é€€åï¼Œå°†äººç±»å²ç½®äºæ›´å®å¤§çš„åœ°çƒå²ç”šè‡³å®‡å®™å²ä¸­æ¥è§‚å¯Ÿã€‚ã€Šæç®€äººç±»å²ã€‹å°±æ˜¯å°†äººç±»å²ä½œä¸ºå®‡å®™å²çš„ä¸€ä¸ªç« èŠ‚æ¥æè¿°ã€‚ç”¨è¿™ç§æ–¹å¼è§‚å¯Ÿäººç±»å²æ˜¯æ–°å…´å­¦ç§‘â€œå¤§å†å²â€çš„ä¸»è¦ä»»åŠ¡ä¹‹ä¸€ã€‚å¤§å†å²åˆ©ç”¨ç°ä»£ç§‘å­¦è¯æ®å’Œå­¦æœ¯æˆ","score":4,"share_url":"http://m.dev.igetget.com/hybrid/ebook/detail?from=review\u0026bid=2642","created_at":1554888061,"updated_at":1554888061,"log_id":"78","log_type":"ebook","expert":{"id":0,"nickname":"ä¸€ä¸ªé’å¹´è¯—äºº156æ–¤","avatar":"https://piccdn.luojilab.com/avatar/iget/31403312-1528888752.jpeg","brief":"æ™®é€šå¤§V123123","v_type":2},"product_baseinfo":{"title":"è¿™æ‰æ˜¯æ•°å­¦","authors":[],"cover_img":"http://piccdn.igetget.com/img/201804/12/201804121417071663641482.jpg"},"timestamp":1554888061},{"id":77,"user_id":31403312,"product_id":2548,"product_type":2,"title":"ä¼šåæ‚”","content":"æˆ‘ä»¬åªæœ‰ä»å„è‡ªçš„å›½å®¶ã€æ°‘æ—å†å²ä¸­é€€åä¸€æ­¥ï¼Œå°†æ•´ä¸ªäººç±»å†å²å½“æˆæ•´ä½“æ¥å®¡è§†ï¼Œæ‰èƒ½æ›´å¥½åœ°ç†è§£äººç±»è¿™ä¸ªç‰©ç§çš„ç‰¹æ®Šæ€§ï¼Œä»¥åŠæˆ‘ä»¬åœ¨æœªæ¥å‡ åå¹´ä¸­å³å°†é¢ä¸´çš„æŒ‘æˆ˜ã€‚è€Œä¸ºäº†æ›´å¥½åœ°è®¤æ¸…äººç±»å†å²ï¼Œæˆ‘ä»¬ä¸å¾—ä¸å†ä¸€æ¬¡é€€åï¼Œå°†äººç±»å²ç½®äºæ›´å®å¤§çš„åœ°çƒå²ç”šè‡³å®‡å®™å²ä¸­æ¥è§‚å¯Ÿã€‚ã€Šæç®€äººç±»å²ã€‹å°±æ˜¯å°†äººç±»å²ä½œä¸ºå®‡å®™å²çš„ä¸€ä¸ªç« èŠ‚æ¥æè¿°ã€‚ç”¨è¿™ç§æ–¹å¼è§‚å¯Ÿäººç±»å²æ˜¯æ–°å…´å­¦ç§‘â€œå¤§å†å²â€çš„ä¸»è¦ä»»åŠ¡ä¹‹ä¸€ã€‚å¤§å†å²åˆ©ç”¨ç°ä»£ç§‘å­¦è¯æ®å’Œå­¦æœ¯æˆ","score":5,"share_url":"http://m.dev.igetget.com/hybrid/ebook/detail?from=review\u0026bid=2548","created_at":1554887090,"updated_at":1554887090,"log_id":"77","log_type":"ebook","expert":{"id":0,"nickname":"ä¸€ä¸ªé’å¹´è¯—äºº156æ–¤","avatar":"https://piccdn.luojilab.com/avatar/iget/31403312-1528888752.jpeg","brief":"æ™®é€šå¤§V123123","v_type":2},"product_baseinfo":{"title":"éæš´åŠ›æ²Ÿé€š","authors":["[ç¾]é©¬æ­‡å°”Â·å¢æ£®å ¡"],"cover_img":"http://piccdn.igetget.com/img/201803/28/201803281426332097587057.jpg"},"timestamp":1554887090},{"id":76,"user_id":31403312,"product_id":2700,"product_type":2,"title":"æ­¤æ¬¡æˆ‘ä»¬åªæœ‰ä»å„è‡ªçš„å›½å®¶ã€æ°‘æ—å†å²ä¸­é€€åä¸€æ­¥ï¼Œå°†æ•´ä¸ªäººç±»å†å²å½“æˆæ•´ä½“æ¥å®¡è§†ï¼Œæ‰èƒ½æ›´å¥½åœ°ç†è§£äººç±»è¿™ä¸ªç‰©","content":"ä½œè€…é‡ä¸­ä¹‹é‡æˆ‘ä»¬åªæœ‰ä»å„è‡ªçš„å›½å®¶ã€æ°‘æ—å†å²ä¸­é€€åä¸€æ­¥ï¼Œå°†æ•´ä¸ªäººç±»å†å²å½“æˆæ•´ä½“æ¥å®¡è§†ï¼Œæ‰èƒ½æ›´å¥½åœ°ç†è§£äººç±»è¿™ä¸ªç‰©ç§çš„ç‰¹æ®Šæ€§ï¼Œä»¥åŠæˆ‘ä»¬åœ¨æœªæ¥å‡ åå¹´ä¸­å³å°†é¢ä¸´çš„æŒ‘æˆ˜ã€‚è€Œä¸ºäº†æ›´å¥½åœ°è®¤æ¸…äººç±»å†å²ï¼Œæˆ‘ä»¬ä¸å¾—ä¸å†ä¸€æ¬¡é€€åï¼Œå°†äººç±»å²ç½®äºæ›´å®å¤§çš„åœ°çƒå²ç”šè‡³å®‡å®™å²ä¸­æ¥è§‚å¯Ÿã€‚ã€Šæç®€äººç±»å²ã€‹å°±æ˜¯å°†äººç±»å²ä½œä¸ºå®‡å®™å²çš„ä¸€ä¸ªç« èŠ‚æ¥æè¿°ã€‚ç”¨è¿™ç§æ–¹å¼è§‚å¯Ÿäººç±»å²æ˜¯æ–°å…´å­¦ç§‘â€œå¤§å†å²â€çš„ä¸»è¦ä»»åŠ¡ä¹‹ä¸€ã€‚å¤§å†å²åˆ©ç”¨ç°ä»£ç§‘å­¦è¯æ®å’Œå­¦æœ¯æˆ","score":5,"share_url":"http://m.dev.igetget.com/hybrid/ebook/detail?from=review\u0026bid=2700","created_at":1554886976,"updated_at":1554886976,"log_id":"76","log_type":"ebook","expert":{"id":0,"nickname":"ä¸€ä¸ªé’å¹´è¯—äºº156æ–¤","avatar":"https://piccdn.luojilab.com/avatar/iget/31403312-1528888752.jpeg","brief":"æ™®é€šå¤§V123123","v_type":2},"product_baseinfo":{"title":"è¸Œèº‡çš„éœ¸æƒ | ç½—èƒ–æ¨è","authors":["ç‹ç«‹æ–°"],"cover_img":"http://piccdn.igetget.com/img/201804/21/201804211957269414601885.jpg"},"timestamp":1554886976},{"id":75,"user_id":31403312,"product_id":2667,"product_type":2,"title":"æˆ‘ä»¬åªæœ‰ä»å„è‡ªçš„å›½å®¶ã€æ°‘æ—å†å²ä¸­é€€åä¸€æ­¥ï¼Œå°†æ•´ä¸ªäººç±»å†å²å½“æˆæ•´ä½“æ¥å®¡è§†ï¼Œæ‰èƒ½æ›´å¥½åœ°ç†è§£äººç±»è¿™ä¸ªç‰©ç§çš„","content":"å“ˆå“ˆå“ˆå“ˆå“ˆæˆ‘ä»¬åªæœ‰ä»å„è‡ªçš„å›½å®¶ã€æ°‘æ—å†å²ä¸­é€€åä¸€æ­¥ï¼Œå°†æ•´ä¸ªäººç±»å†å²å½“æˆæ•´ä½“æ¥å®¡è§†ï¼Œæ‰èƒ½æ›´å¥½åœ°ç†è§£äººç±»è¿™ä¸ªç‰©ç§çš„ç‰¹æ®Šæ€§ï¼Œä»¥åŠæˆ‘ä»¬åœ¨æœªæ¥å‡ åå¹´ä¸­å³å°†é¢ä¸´çš„æŒ‘æˆ˜ã€‚è€Œä¸ºäº†æ›´å¥½åœ°è®¤æ¸…äººç±»å†å²ï¼Œæˆ‘ä»¬ä¸å¾—ä¸å†ä¸€æ¬¡é€€åï¼Œå°†äººç±»å²ç½®äºæ›´å®å¤§çš„åœ°çƒå²ç”šè‡³å®‡å®™å²ä¸­æ¥è§‚å¯Ÿã€‚ã€Šæç®€äººç±»å²ã€‹å°±æ˜¯å°†äººç±»å²ä½œä¸ºå®‡å®™å²çš„ä¸€ä¸ªç« èŠ‚æ¥æè¿°ã€‚ç”¨è¿™ç§æ–¹å¼è§‚å¯Ÿäººç±»å²æ˜¯æ–°å…´å­¦ç§‘â€œå¤§å†å²â€çš„ä¸»è¦ä»»åŠ¡ä¹‹ä¸€ã€‚å¤§å†å²åˆ©ç”¨ç°ä»£ç§‘å­¦è¯æ®å’Œå­¦æœ¯æˆ","score":3,"share_url":"http://m.dev.igetget.com/hybrid/ebook/detail?from=review\u0026bid=2667","created_at":1554886880,"updated_at":1554886880,"log_id":"75","log_type":"ebook","expert":{"id":0,"nickname":"ä¸€ä¸ªé’å¹´è¯—äºº156æ–¤","avatar":"https://piccdn.luojilab.com/avatar/iget/31403312-1528888752.jpeg","brief":"æ™®é€šå¤§V123123","v_type":2},"product_baseinfo":{"title":"è¯´è¯çš„åŠ›é‡","authors":["å­™è·¯å¼˜"],"cover_img":"http://piccdn.igetget.com/img/201804/17/201804171511592870042434.jpg"},"timestamp":1554886880},{"id":74,"user_id":30832947,"product_id":1003,"product_type":2,"title":"æ¨èæ¨èå•¦å•¦å•¦å•¦å•¦å•¦å•¦å“ˆå“ˆé›¶é›¶è½è½å–½ã€å•¦å•¦å•¦å¡è·¯é‡Œ356765567888åƒå¡4678887777ï¼‰","content":"æˆ‘çš„ä¸¤ä¸ªå°æ—¶åæˆ‘è¦æŠŠæŒfoggyå‘æŒ¥ç§¯æå¦‚æœè¿˜å¥½å§ vvé£ v å’Œå¥å¥åº·åº·çœ‹è¿‡å“ˆå“ˆå“ˆå“ˆå“ˆå“ˆå“ˆå“ˆå“ˆç¬‘çš„å¥½å¿ƒæƒ…â€¦â€¦æ²Ÿæ²Ÿå£‘å£‘å’Œä»–è¯´è¯éƒ½è´¹åŠ²å·´ä»¥å†²çªå„æ–¹å…³æ³¨ç™¾èŠ±ç«å¼€????â€¦â€¦å“ˆå“ˆ vv æ›´å¥½æ›´å›å®¶çœ‹çœ‹è¿‡å“¼å“¼å”§å”§æ³•å›½çº¢é…’è¿›å£","score":4,"share_url":"http://m.dev.igetget.com/hybrid/ebook/detail?from=review\u0026bid=1003","created_at":1554362682,"updated_at":1554362763,"log_id":"74","log_type":"ebook","expert":{"id":0,"nickname":"å¾—åˆ°å®˜æ–¹V15366","avatar":"https://piccdn.luojilab.com/avatar/iget/30832947-1526459337.jpeg","brief":"å¾—åˆ°å®˜æ–¹è´¦å·","v_type":3},"product_baseinfo":{"title":"å‰§é™¢é­…å½±","authors":["ï¼»æ³•ï¼½åŠ æ–¯é€šÂ·å‹’é²"],"cover_img":"http://piccdn.igetget.com/img/201706/01/201706011221302478897687.jpg"},"timestamp":1554362682}]}}
,}4:type,4:http,5:error,0:~6:marked,5:false!7:version,13:1:0#2:18#1:2#]11:client_conn,204:15:ssl_established,5:false!10:clientcert,0:~13:timestamp_end,0:~7:address,60:7:address,27:15:192.168.128.181,5:63009#]8:use_ipv6,5:false!}15:timestamp_start,17:1558440320.990638^19:timestamp_ssl_setup,0:~}2:id,36:c5fadcfa-c5ba-44a4-b9fb-f0b0eee50051,11:intercepted,5:false!7:request,1448:9:is_replay,5:false!4:port,2:80#12:stickycookie,5:false!13:timestamp_end,17:1558440330.116272^4:path,97:/ebook2/v1/score/comment/list?since_id=0&count=20&max_order_num=0&sort=desc&orderby=time&max_id=0,15:timestamp_start,17:1558440330.105995^7:headers,1032:29:9:X-App-Key,13:android-6.2.0,]19:5:X-Uid,8:85003403,]14:7:X-Thumb,1:l,]15:4:X-Dt,5:phone,]13:4:X-Ov,3:6.0,]15:5:X-Net,4:WIFI,]17:4:X-Os,7:ANDROID,]26:3:X-D,16:ae244834553d4eda,]28:4:X-Dv,17:Samsung Galaxy S6,]13:3:X-T,4:json,]13:6:X-Chil,1:0,]10:3:X-V,1:2,]15:4:X-Av,5:6.2.0,]14:5:X-Scr,3:2.0,]12:5:X-Adv,1:1,]45:6:X-Seid,32:218ef9e66ce3e0025bfad70cd02dd2ed,]14:8:X-Hitdot,0:,]63:11:G-Auth-Sign,44:ZmIyM2Y4MmE4OGE4NWM1YzQ2YzJiMjc3MDhkZjE5MTI=,]52:12:G-Auth-Nonce,32:0b756abb9a530e97bad908bc8f360306,]26:9:G-Auth-Ts,10:1558440330,]44:12:G-Auth-Appid,24:5a27d122ee4638163f594393,]312:12:G-Auth-Token,291:eyJhbGciOiJIUzUxMiIsInR5cCI6IkpXVCJ9.eyJhdWQiOiJsdW9qaWxhYi5jb20iLCJleHAiOjE1NTkwNDI3OTksImlhdCI6MTU1ODQzNzk5OSwiaXNzIjoiRWFzZUdhdGV3YXkgSldUQXV0aCBQbHVnaW4iLCJuYmYiOjE1NTg0Mzc5OTksInN1YiI6Ijg1MDAzNDAzIn0.5J13wFzrBZv434Oi7yos7349FnruBeGZ0LNw4VmjORaaWUiFX3Q2yVNrSKqf27JfNQRsAT3NYL2gouO0Xju66Q,]33:4:Host,22:entree.dev.igetget.com,]28:10:Connection,10:Keep-Alive,]26:15:Accept-Encoding,4:gzip,]31:10:User-Agent,13:okhttp/3.11.0,]]7:content,0:,6:method,3:GET,4:host,22:entree.dev.igetget.com,17:first_line_format,8:relative,12:http_version,8:HTTP/1.1,6:scheme,4:http,10:stickyauth,5:false!}11:server_conn,417:15:ssl_established,5:false!14:source_address,60:7:address,27:15:192.168.128.181,5:63010#]8:use_ipv6,5:false!}13:timestamp_end,0:~7:address,64:7:address,31:22:entree.dev.igetget.com,2:80#]8:use_ipv6,5:false!}4:cert,0:~3:sni,0:~15:timestamp_start,17:1558440321.045617^19:timestamp_ssl_setup,0:~10:ip_address,54:7:address,21:12:39.107.208.4,2:80#]8:use_ipv6,5:false!}3:via,0:~19:timestamp_tcp_setup,17:1558440321.059817^}}5563:8:response,2726:6:reason,2:OK,13:timestamp_end,17:1558440330.263194^12:http_version,8:HTTP/1.1,11:status_code,3:200#15:timestamp_start,17:1558440330.252333^7:headers,273:40:4:Date,29:Tue, 21 May 2019 12:05:30 GMT,]51:12:Content-Type,31:application/json; charset=utf-8,]31:17:Transfer-Encoding,7:chunked,]28:10:Connection,10:keep-alive,]35:27:Access-Control-Allow-Origin,1:*,]31:12:G-Powered-By,11:EaseGateway,]29:11:G-Timestamp,10:1558440330,]]7:content,2282:{"h":{"c":0,"e":"","s":1558440330,"t":0},"c":{"list":[{"theme_id":279,"image":"","books_image":["http://piccdn.igetget.com/img/201803/12/201803121640403524391669.jpg","http://piccdn.igetget.com/img/201803/12/201803121909214211915183.jpg","http://piccdn.igetget.com/img/201712/23/201712231010578282952434.jpg"],"square_img":"http://piccdn.igetget.com/img/201712/23/201712231010578282952434.jpg","title":"æµ‹è¯•ä¸€ä¸ªä¸»é¢˜ä¹¦å•-ç”µå­ä¹¦","intro":"æµ‹è¯•ä¸€ä¸ªä¸»é¢˜ä¹¦å•-ç”µå­ä¹¦","uv":16,"detail_count":3,"publish_time":"2019-04-24 11:17:22","log_id":279,"log_type":"theme_book","home_info":"","type":3,"article_id":"1670823570135056384","foreword":"ç”µå­ä¹¦","article_token":"","author_nickname":"ç”µå­ä¹¦","author_avatar":"img/201904/24/201904241114136725999012.jpeg","author_intro":"ç”µå­ä¹¦"},{"theme_id":270,"image":"","books_image":["http://piccdn.igetget.com/img/201803/13/201803131457221236242456.jpg","http://piccdn.igetget.com/img/201801/22/201801221417431181074958.jpg","http://piccdn.igetget.com/img/201607/21/201607211219225932279476.jpg"],"square_img":"http://piccdn.igetget.com/img/201801/22/201801221417431181074958.jpg","title":"é˜³å…‰æ˜åªšçš„å››æœˆä½ çœŸç¾é­å©·","intro":"ä¹¦å•ä»‹ç»","uv":23,"detail_count":4,"publish_time":"2019-04-23 18:21:30","log_id":270,"log_type":"theme_book","home_info":"","type":3,"article_id":"1668339823833776129","foreword":"å¼•è¨€","article_token":"","author_nickname":"é­å©·li","author_avatar":"img/201903/28/201903281642021819504986.jpeg","author_intro":"ä½œè€…ç®€ä»‹"},{"theme_id":272,"image":"","books_image":["http://piccdn.igetget.com/img/201902/22/201902221141539175764066.jpg","http://piccdn.igetget.com/img/201901/11/201901111707452405926566.png","http://piccdn.igetget.com/img/201901/11/201901111659545245168619.jpg"],"square_img":"","title":"ä¹¦å•-æœ‰ä¸‹æ¶çš„å¬ä¹¦","intro":"ä¹¦å•é‡Œé¢æœ‰å¬ä¹¦ï¼Œä¹Ÿæœ‰ç”µå­ä¹¦å“ˆå“ˆå“ˆ","uv":30,"detail_count":8,"publish_time":"2019-04-23 18:21:06","log_id":272,"log_type":"theme_book","home_info":"","type":3,"article_id":"1668816792836898818","foreword":"è¿™éƒ¨åˆ†æ˜¯å¼•è¨€å“ˆ","article_token":"","author_nickname":"æ–‡è€å¸ˆ","author_avatar":"img/201904/03/201904031108454176652827.jpeg","author_intro":"æ–‡è€å¸ˆæ˜¯å¤ç©ç•Œçš„é«˜æ‰‹ï¼Œå¯¹äºç‰å™¨å¾ˆæœ‰äº†è§£"}]}},}4:type,4:http,5:error,0:~6:marked,5:false!7:version,13:1:0#2:18#1:2#]11:client_conn,204:15:ssl_established,5:false!10:clientcert,0:~13:timestamp_end,0:~7:address,60:7:address,27:15:192.168.128.181,5:63009#]8:use_ipv6,5:false!}15:timestamp_start,17:1558440320.990638^19:timestamp_ssl_setup,0:~}2:id,36:43b92d3a-f8af-43c0-b802-4a5f5a8ce9c2,11:intercepted,5:false!7:request,2006:9:is_replay,5:false!4:port,2:80#12:stickycookie,5:false!13:timestamp_end,17:1558440330.215974^4:path,29:/odob/v2/choicethemebook/list,15:timestamp_start,17:1558440330.205288^7:headers,1117:29:9:X-App-Key,13:android-6.2.0,]19:5:X-Uid,8:85003403,]14:7:X-Thumb,1:l,]15:4:X-Dt,5:phone,]13:4:X-Ov,3:6.0,]15:5:X-Net,4:WIFI,]17:4:X-Os,7:ANDROID,]26:3:X-D,16:ae244834553d4eda,]28:4:X-Dv,17:Samsung Galaxy S6,]13:3:X-T,4:json,]13:6:X-Chil,1:0,]10:3:X-V,1:2,]15:4:X-Av,5:6.2.0,]14:5:X-Scr,3:2.0,]12:5:X-Adv,1:1,]45:6:X-Seid,32:218ef9e66ce3e0025bfad70cd02dd2ed,]14:8:X-Hitdot,0:,]63:11:G-Auth-Sign,44:M2FkNGM1NjhjOWZmYjE4NWU2N2I5NjA0YmJmMWE4Yjg=,]52:12:G-Auth-Nonce,32:570fd79dddf8f8b10450989a371cf113,]26:9:G-Auth-Ts,10:1558440330,]44:12:G-Auth-Appid,24:5a27d122ee4638163f594393,]312:12:G-Auth-Token,291:eyJhbGciOiJIUzUxMiIsInR5cCI6IkpXVCJ9.eyJhdWQiOiJsdW9qaWxhYi5jb20iLCJleHAiOjE1NTkwNDI3OTksImlhdCI6MTU1ODQzNzk5OSwiaXNzIjoiRWFzZUdhdGV3YXkgSldUQXV0aCBQbHVnaW4iLCJuYmYiOjE1NTg0Mzc5OTksInN1YiI6Ijg1MDAzNDAzIn0.5J13wFzrBZv434Oi7yos7349FnruBeGZ0LNw4VmjORaaWUiFX3Q2yVNrSKqf27JfNQRsAT3NYL2gouO0Xju66Q,]53:12:Content-Type,33:application/x-www-form-urlencoded,]24:14:Content-Length,3:538,]33:4:Host,22:entree.dev.igetget.com,]28:10:Connection,10:Keep-Alive,]26:15:Accept-Encoding,4:gzip,]31:10:User-Agent,13:okhttp/3.11.0,]]7:content,538:h=%7B%22u%22%3A%2285003403%22%2C%22thumb%22%3A%22l%22%2C%22dt%22%3A%22phone%22%2C%22ov%22%3A%226.0%22%2C%22net%22%3A%22WIFI%22%2C%22os%22%3A%22ANDROID%22%2C%22d%22%3A%22ae244834553d4eda%22%2C%22dv%22%3A%22Samsung%20Galaxy%20S6%22%2C%22t%22%3A%22json%22%2C%22chil%22%3A%220%22%2C%22v%22%3A%222%22%2C%22av%22%3A%226.2.0%22%2C%22scr%22%3A%222.0%22%2C%22adv%22%3A%221%22%2C%22X-Dv%22%3A%22Samsung%20Galaxy%20S6%22%2C%22ts%22%3A%221558440330%22%2C%22s%22%3A%229628def9c754fceb%22%2C%22seid%22%3A%22218ef9e66ce3e0025bfad70cd02dd2ed%22%7D&type=3,6:method,4:POST,4:host,22:entree.dev.igetget.com,17:first_line_format,8:relative,12:http_version,8:HTTP/1.1,6:scheme,4:http,10:stickyauth,5:false!}11:server_conn,417:15:ssl_established,5:false!14:source_address,60:7:address,27:15:192.168.128.181,5:63010#]8:use_ipv6,5:false!}13:timestamp_end,0:~7:address,64:7:address,31:22:entree.dev.igetget.com,2:80#]8:use_ipv6,5:false!}4:cert,0:~3:sni,0:~15:timestamp_start,17:1558440321.045617^19:timestamp_ssl_setup,0:~10:ip_address,54:7:address,21:12:39.107.208.4,2:80#]8:use_ipv6,5:false!}3:via,0:~19:timestamp_tcp_setup,17:1558440321.059817^}}3353:8:response,510:6:reason,2:OK,13:timestamp_end,16:1558440330.26838^12:http_version,8:HTTP/1.1,11:status_code,3:200#15:timestamp_start,17:1558440330.258648^7:headers,257:40:4:Date,29:Tue, 21 May 2019 12:05:30 GMT,]51:12:Content-Type,31:application/json; charset=utf-8,]23:14:Content-Length,2:85,]28:10:Connection,10:keep-alive,]27:16:Content-Encoding,4:gzip,]31:12:G-Powered-By,11:EaseGateway,]29:11:G-Timestamp,10:1558440330,]]7:content,85:‹      ÿÊ1
„0…á~ñ×S¼uï6"»Ø…Ü]ì¿É…'VĞ1ÿkm¥(SÁƒ·™´*eQâs¿G_ë÷  ÿÿ¦˜ï¯A   ,}4:type,4:http,5:error,0:~6:marked,5:false!7:version,13:1:0#2:18#1:2#]11:client_conn,204:15:ssl_established,5:false!10:clientcert,0:~13:timestamp_end,0:~7:address,60:7:address,27:15:192.168.128.181,5:63008#]8:use_ipv6,5:false!}15:timestamp_start,17:1558440320.990038^19:timestamp_ssl_setup,0:~}2:id,36:6f63099c-0f23-4f42-97cd-6e4fd111ec99,11:intercepted,5:false!7:request,2013:9:is_replay,5:false!4:port,2:80#12:stickycookie,5:false!13:timestamp_end,17:1558440330.236662^4:path,23:/ebook2/v1/expert/check,15:timestamp_start,17:1558440330.222811^7:headers,1117:29:9:X-App-Key,13:android-6.2.0,]19:5:X-Uid,8:85003403,]14:7:X-Thumb,1:l,]15:4:X-Dt,5:phone,]13:4:X-Ov,3:6.0,]15:5:X-Net,4:WIFI,]17:4:X-Os,7:ANDROID,]26:3:X-D,16:ae244834553d4eda,]28:4:X-Dv,17:Samsung Galaxy S6,]13:3:X-T,4:json,]13:6:X-Chil,1:0,]10:3:X-V,1:2,]15:4:X-Av,5:6.2.0,]14:5:X-Scr,3:2.0,]12:5:X-Adv,1:1,]45:6:X-Seid,32:218ef9e66ce3e0025bfad70cd02dd2ed,]14:8:X-Hitdot,0:,]63:11:G-Auth-Sign,44:YTBlNjQ4ODE1OWJlMmU5NDM3ZjY3Nzg1NjkxYmU1MWY=,]52:12:G-Auth-Nonce,32:1218f76f358668740f995b7d33a324d2,]26:9:G-Auth-Ts,10:1558440330,]44:12:G-Auth-Appid,24:5a27d122ee4638163f594393,]312:12:G-Auth-Token,291:eyJhbGciOiJIUzUxMiIsInR5cCI6IkpXVCJ9.eyJhdWQiOiJsdW9qaWxhYi5jb20iLCJleHAiOjE1NTkwNDI3OTksImlhdCI6MTU1ODQzNzk5OSwiaXNzIjoiRWFzZUdhdGV3YXkgSldUQXV0aCBQbHVnaW4iLCJuYmYiOjE1NTg0Mzc5OTksInN1YiI6Ijg1MDAzNDAzIn0.5J13wFzrBZv434Oi7yos7349FnruBeGZ0LNw4VmjORaaWUiFX3Q2yVNrSKqf27JfNQRsAT3NYL2gouO0Xju66Q,]53:12:Content-Type,33:application/x-www-form-urlencoded,]24:14:Content-Length,3:551,]33:4:Host,22:entree.dev.igetget.com,]28:10:Connection,10:Keep-Alive,]26:15:Accept-Encoding,4:gzip,]31:10:User-Agent,13:okhttp/3.11.0,]]7:content,551:h=%7B%22u%22%3A%2285003403%22%2C%22thumb%22%3A%22l%22%2C%22dt%22%3A%22phone%22%2C%22ov%22%3A%226.0%22%2C%22net%22%3A%22WIFI%22%2C%22os%22%3A%22ANDROID%22%2C%22d%22%3A%22ae244834553d4eda%22%2C%22dv%22%3A%22Samsung%20Galaxy%20S6%22%2C%22t%22%3A%22json%22%2C%22chil%22%3A%220%22%2C%22v%22%3A%222%22%2C%22av%22%3A%226.2.0%22%2C%22scr%22%3A%222.0%22%2C%22adv%22%3A%221%22%2C%22X-Dv%22%3A%22Samsung%20Galaxy%20S6%22%2C%22ts%22%3A%221558440330%22%2C%22s%22%3A%229628def9c754fceb%22%2C%22seid%22%3A%22218ef9e66ce3e0025bfad70cd02dd2ed%22%7D&expert_uid=85003403,6:method,4:POST,4:host,22:entree.dev.igetget.com,17:first_line_format,8:relative,12:http_version,8:HTTP/1.1,6:scheme,4:http,10:stickyauth,5:false!}11:server_conn,417:15:ssl_established,5:false!14:source_address,60:7:address,27:15:192.168.128.181,5:63011#]8:use_ipv6,5:false!}13:timestamp_end,0:~7:address,64:7:address,31:22:entree.dev.igetget.com,2:80#]8:use_ipv6,5:false!}4:cert,0:~3:sni,0:~15:timestamp_start,17:1558440321.054038^19:timestamp_ssl_setup,0:~10:ip_address,54:7:address,21:12:39.107.208.4,2:80#]8:use_ipv6,5:false!}3:via,0:~19:timestamp_tcp_setup,17:1558440321.064838^}}3637:8:response,815:6:reason,2:OK,13:timestamp_end,17:1558440330.844586^12:http_version,8:HTTP/1.1,11:status_code,3:200#15:timestamp_start,17:1558440330.832918^7:headers,258:40:4:Date,29:Tue, 21 May 2019 12:05:30 GMT,]51:12:Content-Type,31:application/json; charset=utf-8,]24:14:Content-Length,3:387,]28:10:Connection,10:keep-alive,]27:16:Content-Encoding,4:gzip,]31:12:G-Powered-By,11:EaseGateway,]29:11:G-Timestamp,10:1558440330,]]7:content,387:‹      ÿ”ÔÍJë@ğı}Œÿz™ÌGÎW¹\JHsi¸ÜŞ’¤)]‰PQÁ‹.êÎ…ŠíB
¾N£}I,ƒèäkıÏd~œsæÌÁÌ0úŸÃüš!ÂpÁ³<…Æá¿Åú¦8;CÿÂ(†,óiÃ¢4óx'å§\IŸHhé1L'Ã¯AÎğ''ÙèxùÑ$†ñ’lPaøœ8ÊÉY\½.v—ÇÅz[,Wİ]Ú“Âé".d/—ïtmVûåmw§€êÊD}8¾tqv'›ıõÃÛã9‘UQ£JøœßU6hUyVåœ%«
,)h'º†T=HÎ¾Y’¶$İNÒuUÒıªÄIªã8U7+Ç8Ù Ék$IK’í$Y×8Ù«q\»÷Ò¶Ø¼|~sÍ¢jhé|sÚ'ÕKô³±HÂ’D{‘„ƒdƒ¤ßiÁ`±»{ÆœaTnö¨:Ëû•")=!Êß”ç?Ş  ÿÿëx  ,}4:type,4:http,5:error,0:~6:marked,5:false!7:version,13:1:0#2:18#1:2#]11:client_conn,204:15:ssl_established,5:false!10:clientcert,0:~13:timestamp_end,0:~7:address,60:7:address,27:15:192.168.128.181,5:63009#]8:use_ipv6,5:false!}15:timestamp_start,17:1558440320.990638^19:timestamp_ssl_setup,0:~}2:id,36:8f08b8c5-1f2c-40e0-87a5-c30e0cc9e703,11:intercepted,5:false!7:request,1992:9:is_replay,5:false!4:port,2:80#12:stickycookie,5:false!13:timestamp_end,17:1558440330.802851^4:path,22:/search/v2/keyword/hot,15:timestamp_start,17:1558440330.792619^7:headers,1117:29:9:X-App-Key,13:android-6.2.0,]19:5:X-Uid,8:85003403,]14:7:X-Thumb,1:l,]15:4:X-Dt,5:phone,]13:4:X-Ov,3:6.0,]15:5:X-Net,4:WIFI,]17:4:X-Os,7:ANDROID,]26:3:X-D,16:ae244834553d4eda,]28:4:X-Dv,17:Samsung Galaxy S6,]13:3:X-T,4:json,]13:6:X-Chil,1:0,]10:3:X-V,1:2,]15:4:X-Av,5:6.2.0,]14:5:X-Scr,3:2.0,]12:5:X-Adv,1:1,]45:6:X-Seid,32:218ef9e66ce3e0025bfad70cd02dd2ed,]14:8:X-Hitdot,0:,]63:11:G-Auth-Sign,44:YjFmY2FiOTFiMDhjMDcwZDQ4NDk1MTVmYWEwZjBlMDk=,]52:12:G-Auth-Nonce,32:b1a2842278a5a29c9226608211b56e1a,]26:9:G-Auth-Ts,10:1558440330,]44:12:G-Auth-Appid,24:5a27d122ee4638163f594393,]312:12:G-Auth-Token,291:eyJhbGciOiJIUzUxMiIsInR5cCI6IkpXVCJ9.eyJhdWQiOiJsdW9qaWxhYi5jb20iLCJleHAiOjE1NTkwNDI3OTksImlhdCI6MTU1ODQzNzk5OSwiaXNzIjoiRWFzZUdhdGV3YXkgSldUQXV0aCBQbHVnaW4iLCJuYmYiOjE1NTg0Mzc5OTksInN1YiI6Ijg1MDAzNDAzIn0.5J13wFzrBZv434Oi7yos7349FnruBeGZ0LNw4VmjORaaWUiFX3Q2yVNrSKqf27JfNQRsAT3NYL2gouO0Xju66Q,]53:12:Content-Type,33:application/x-www-form-urlencoded,]24:14:Content-Length,3:531,]33:4:Host,22:entree.dev.igetget.com,]28:10:Connection,10:Keep-Alive,]26:15:Accept-Encoding,4:gzip,]31:10:User-Agent,13:okhttp/3.11.0,]]7:content,531:h=%7B%22u%22%3A%2285003403%22%2C%22thumb%22%3A%22l%22%2C%22dt%22%3A%22phone%22%2C%22ov%22%3A%226.0%22%2C%22net%22%3A%22WIFI%22%2C%22os%22%3A%22ANDROID%22%2C%22d%22%3A%22ae244834553d4eda%22%2C%22dv%22%3A%22Samsung%20Galaxy%20S6%22%2C%22t%22%3A%22json%22%2C%22chil%22%3A%220%22%2C%22v%22%3A%222%22%2C%22av%22%3A%226.2.0%22%2C%22scr%22%3A%222.0%22%2C%22adv%22%3A%221%22%2C%22X-Dv%22%3A%22Samsung%20Galaxy%20S6%22%2C%22ts%22%3A%221558440330%22%2C%22s%22%3A%229628def9c754fceb%22%2C%22seid%22%3A%22218ef9e66ce3e0025bfad70cd02dd2ed%22%7D,6:method,4:POST,4:host,22:entree.dev.igetget.com,17:first_line_format,8:relative,12:http_version,8:HTTP/1.1,6:scheme,4:http,10:stickyauth,5:false!}11:server_conn,417:15:ssl_established,5:false!14:source_address,60:7:address,27:15:192.168.128.181,5:63010#]8:use_ipv6,5:false!}13:timestamp_end,0:~7:address,64:7:address,31:22:entree.dev.igetget.com,2:80#]8:use_ipv6,5:false!}4:cert,0:~3:sni,0:~15:timestamp_start,17:1558440321.045617^19:timestamp_ssl_setup,0:~10:ip_address,54:7:address,21:12:39.107.208.4,2:80#]8:use_ipv6,5:false!}3:via,0:~19:timestamp_tcp_setup,17:1558440321.059817^}}165535:8:response,163283:6:reason,2:OK,13:timestamp_end,17:1558440331.092303^12:http_version,8:HTTP/1.1,11:status_code,3:200#15:timestamp_start,17:1558440331.004935^7:headers,234:40:4:Date,29:Tue, 21 May 2019 12:05:30 GMT,]51:12:Content-Type,31:application/json; charset=utf-8,]31:17:Transfer-Encoding,7:chunked,]28:10:Connection,10:keep-alive,]31:12:G-Powered-By,11:EaseGateway,]29:11:G-Timestamp,10:1558440330,]]7:content,162876:{"h":{"c":0,"e":"","s":1558440330,"t":928},"c":{"data":{"requestId":"ca23433159c04651babf883da102e21a","isMore":1,"productList":[{"productId":18,"trackinfo":"request_id#ca23433159c04651babf883da102e21a^^match_type#0^^score#0^^bucket_Id#0^^rank#0^^productId#18^^topicId#18^^productType#2^^isBak#2^^articleId#0^^type#2","detail":{"id":18,"title":"","style":5,"type":1,"class":0,"sub_class":0,"author":"æ±¤å§†Â·æ–¯ä¸¹è¿ªå¥‡ ","cover":"http://piccdn.igetget.com/img/201607/21/201607211219149029779403.jpg","banner":"","count":0,"price":"27.20","status":1,"epub":"2019","sell_count":3064,"sell_seven_day":62,"operating_title":"äººç±»ç®€å²","short_title":"","integral":0,"other_content":"","other_share_title":"å¾—åˆ°ç»å…¸ | äººç±»ç®€å²ï¼šä»åŠ¨ç‰©åˆ°ä¸Šå¸","other_share_summary":"æ–°é”å†å²å­¦å®¶é‡ç£…ä½œå“ï¼Œæ­ç¤ºäººç±»è¿›åŒ–çš„ç§˜å¯†ï¼Œäº†è§£ã€Œæƒ³è±¡çš„å…±åŒä½“ã€çš„ä½œç”¨ã€‚","other_data":"","top":0,"datetime":"","uptime":"","author_info":"æ±¤å§†Â·æ–¯ä¸¹è¿ªå¥‡ï¼ˆTom Standageï¼‰ï¼Œæ¯•ä¸šäºç‰›æ´¥å¤§å­¦ï¼Œå­¦ä¹ å·¥ç¨‹å’Œç”µè„‘ç§‘æŠ€ï¼Œç›®å‰æ˜¯ã€Šç»æµå­¦äººã€‹æ‚å¿—çš„æ•°å­—ç¼–è¾‘ï¼ŒæŒç®¡æ‚å¿—çš„ç½‘ç«™åŠå…¶ç§»åŠ¨ç«¯ç‰ˆæœ¬ï¼Œæ­¤å‰è¿˜åœ¨ã€Šç»æµå­¦äººã€‹æ‹…ä»»è¿‡å•†ä¸šç¼–è¾‘ã€ç§‘æŠ€ç¼–è¾‘å’Œç§‘å­¦è®°è€…ã€‚ä»–åŒæ—¶è¿˜æ˜¯ä¸“æ ä½œå®¶ã€BBCæ—¶äº‹è¯„è®ºå‘˜ï¼Œä¹Ÿä¸ºã€Šå«æŠ¥ã€‹ã€Šæ¯æ—¥ç”µè®¯æŠ¥ã€‹å’Œã€Šçº½çº¦æ—¶æŠ¥ã€‹ç­‰åª’ä½“æ’°ç¨¿ã€‚å…¶å†å²è‘—ä½œè¿˜åŒ…æ‹¬ã€Šäººç±»é£Ÿç‰©çš„å†å²ã€‹ã€Šå…­ä¸ªæ¯å­ä¸­çš„ä¸–ç•Œå²ã€‹ï¼Œä»¥åŠç•…é”€ä¹¦ã€Šç»´å¤šåˆ©äºšæ—¶ä»£çš„äº’è”ç½‘ã€‹ã€‚\n","book_name":"ã€Šäººç±»ç®€å²ï¼šä»åŠ¨ç‰©åˆ°ä¸Šå¸ã€‹","book_author":"æ±¤å§†Â·æ–¯ä¸¹è¿ªå¥‡ ","press":"ä¸Šæµ·è¯‘æ–‡å‡ºç‰ˆç¤¾","publish_time":"1900-01-20","catalog":"","catalog_list":[{"level":0,"text":"ç‰ˆæƒä¿¡æ¯","href":"Text/Copyright.xhtml#sigil_toc_id_1","playOrder":1},{"level":0,"text":"æœ¬ä¹¦è·èª‰","href":"Text/front003.xhtml#a003","playOrder":2},{"level":0,"text":"å‰è¨€","href":"Text/chapter001.xhtml#a005","playOrder":3},{"level":0,"text":"ç¬¬ä¸€éƒ¨åˆ† èµ·æº","href":"Text/Section0005.xhtml#a006","playOrder":4},{"level":1,"text":"ä¸€ èµ·æº1ï¼šæ¼”å˜","href":"Text/Section0001.html#b001","playOrder":5},{"level":1,"text":"äºŒ èµ·æº2ï¼šåœ£ç»","href":"Text/chapter003.xhtml#b002","playOrder":6},{"level":1,"text":"ä¸‰ èµ·æº3ï¼šå¸Œè…Šäºº","href":"Text/chapter004.xhtml#b003","playOrder":7},{"level":1,"text":"å›› å­™å­å’Œé©¬åŸºé›…ç»´åˆ©","href":"Text/chapter005.xhtml#b004","playOrder":8},{"level":1,"text":"äº” æ’’æ—¦çš„æˆ˜ç•¥","href":"Text/chapter006.xhtml#b005","playOrder":9},{"level":0,"text":"ç¬¬äºŒéƒ¨åˆ† æ­¦åŠ›çš„æˆ˜ç•¥","href":"Text/Section0006.xhtml#a007","playOrder":10},{"level":1,"text":"å…­ æ–°æˆ˜ç•¥ç§‘å­¦","href":"Text/Section0002.html#b006","playOrder":11},{"level":1,"text":"ä¸ƒ å…‹åŠ³å¡ç»´èŒ¨","href":"Text/chapter008.xhtml#b007","playOrder":12},{"level":1,"text":"å…« ä¼ªç§‘å­¦","href":"Text/chapter009.xhtml#b008","playOrder":13},{"level":1,"text":"ä¹ æ­¼ç­æˆ˜æˆ–æ¶ˆè€—æˆ˜","href":"Text/chapter010.xhtml#b009","playOrder":14},{"level":1,"text":"å å¤´è„‘ä¸è‚Œè‚‰","href":"Text/chapter011.xhtml#b010","playOrder":15},{"level":1,"text":"åä¸€ é—´æ¥è·¯çº¿","href":"Text/chapter012.xhtml#b011","playOrder":16},{"level":1,"text":"åäºŒ æ ¸ç«äº‰","href":"Text/chapter013.xhtml#b012","playOrder":17},{"level":1,"text":"åä¸‰ éç†æ€§çš„ç†æ€§","href":"Text/chapter014.xhtml#b013","playOrder":18},{"level":1,"text":"åå›› æ¸¸å‡»æˆ˜","href":"Text/chapter015.xhtml#b014","playOrder":19},{"level":1,"text":"åäº” è§‚å¯Ÿä¸è°ƒæ•´","href":"Text/chapter016.xhtml#b015","playOrder":20},{"level":1,"text":"åå…­ æ–°å†›äº‹é©å‘½","href":"Text/chapter017.xhtml#b016","playOrder":21},{"level":1,"text":"åä¸ƒ æˆ˜ç•¥å¤§å¸ˆçš„ç¥è¯","href":"Text/chapter018.xhtml#b017","playOrder":22},{"level":0,"text":"ç¬¬ä¸‰éƒ¨åˆ† åº•å±‚çš„æˆ˜ç•¥","href":"Text/Section0007.xhtml#a008","playOrder":23},{"level":1,"text":"åå…« é©¬å…‹æ€åŠå…¶ä¸ºå·¥äººé˜¶çº§æœåŠ¡çš„æˆ˜ç•¥[1]","href":"Text/Section0003.html#b018","playOrder":24},{"level":1,"text":"åä¹ èµ«å°”å²‘å’Œå·´æ¯å®","href":"Text/chapter020.xhtml#b019","playOrder":25},{"level":1,"text":"äºŒå ä¿®æ­£ä¸»ä¹‰è€…å’Œå…ˆé”‹é˜Ÿ","href":"Text/chapter021.xhtml#b020","playOrder":26},{"level":1,"text":"äºŒåä¸€ å®˜åƒšã€æ°‘ä¸»äººå£«å’Œç²¾è‹±","href":"Text/chapter022.xhtml#b021","playOrder":27},{"level":1,"text":"äºŒåäºŒ è§„åˆ™ã€ç¥è¯å’Œå®£ä¼ ","href":"Text/chapter023.xhtml#b022","playOrder":28},{"level":1,"text":"äºŒåä¸‰ éæš´åŠ›çš„åŠ›é‡","href":"Text/chapter024.xhtml#b023","playOrder":29},{"level":1,"text":"äºŒåå›› å­˜åœ¨ä¸»ä¹‰æˆ˜ç•¥","href":"Text/chapter025.xhtml#b024","playOrder":30},{"level":1,"text":"äºŒåäº” é»‘äººçš„æƒåŠ›ä¸ç™½äººçš„æ„¤æ€’","href":"Text/chapter026.xhtml#b025","playOrder":31},{"level":1,"text":"äºŒåå…­ æ¡†æ¶ã€èŒƒå¼ã€è¯è¯­å’Œå™äº‹","href":"Text/chapter027.xhtml#b026","playOrder":32},{"level":1,"text":"äºŒåä¸ƒ ç§æ—ã€å®—æ•™å’Œé€‰ä¸¾åˆ¶","href":"Text/chapter028.xhtml#b027","playOrder":33},{"level":0,"text":"ç¬¬å››éƒ¨åˆ† ä¸Šå±‚çš„æˆ˜ç•¥","href":"Text/Section0008.xhtml#a009","playOrder":34},{"level":1,"text":"äºŒåå…« ç»ç†é˜¶å±‚çš„å´›èµ·","href":"Text/Section0004.html#b028","playOrder":35},{"level":1,"text":"äºŒåä¹ ä¼ä¸šçš„å¤©èŒ","href":"Text/chapter030.xhtml#b029","playOrder":36},{"level":1,"text":"ä¸‰å ç®¡ç†æˆ˜ç•¥","href":"Text/chapter031.xhtml#b030","playOrder":37},{"level":1,"text":"ä¸‰åä¸€ å•†åœºå¦‚æˆ˜åœº","href":"Text/chapter032.xhtml#b031","playOrder":38},{"level":1,"text":"ä¸‰åäºŒ ç»æµå­¦çš„å…´èµ·","href":"Text/chapter033.xhtml#b032","playOrder":39},{"level":1,"text":"ä¸‰åä¸‰ çº¢çš‡åä¸è“æµ·æ´‹","href":"Text/chapter034.xhtml#b033","playOrder":40},{"level":1,"text":"ä¸‰åå›› ç¤¾ä¼šçš„æŒ‘æˆ˜","href":"Text/chapter035.xhtml#b034","playOrder":41},{"level":1,"text":"ä¸‰åäº” è®¡åˆ’å‹æˆ˜ç•¥æˆ–åº”å˜å‹æˆ˜ç•¥","href":"Text/chapter036.xhtml#b035","playOrder":42},{"level":0,"text":"ç¬¬äº”éƒ¨åˆ† æˆ˜ç•¥ç†è®º","href":"Text/Section0009.xhtml#a010","playOrder":43},{"level":1,"text":"ä¸‰åå…­ ç†æ€§é€‰æ‹©çš„æé™","href":"Text/Section0005.html#b036","playOrder":44},{"level":1,"text":"ä¸‰åä¸ƒ è¶…è¶Šç†æ€§é€‰æ‹©","href":"Text/chapter038.xhtml#b037","playOrder":45},{"level":1,"text":"ä¸‰åå…« æ•…äº‹å’Œå‰§æœ¬","href":"Text/chapter039.xhtml#b038","playOrder":46},{"level":0,"text":"è‡´è°¢","href":"Text/chapter040.xhtml#a011","playOrder":47},{"level":0,"text":"ç´¢å¼•","href":"Text/chapter041.xhtml#a012","playOrder":48}],"book_intro":"ã€Šäººç±»ç®€å² ä»åŠ¨ç‰©åˆ°ä¸Šå¸ã€‹æ˜¯ä»¥è‰²åˆ—æ–°é”å†å²å­¦å®¶çš„ä¸€éƒ¨é‡ç£…ä½œå“ã€‚ä»åä¸‡å¹´å‰æœ‰ç”Ÿå‘½è¿¹è±¡å¼€å§‹åˆ°21ä¸–çºªèµ„æœ¬ã€ç§‘æŠ€äº¤ç»‡çš„äººç±»å‘å±•å²ã€‚åä¸‡å¹´å‰ï¼Œåœ°çƒä¸Šè‡³å°‘æœ‰å…­ä¸ªäººç§ï¼Œä¸ºä½•ä»Šå¤©å´åªå‰©ä¸‹äº†æˆ‘ä»¬è‡ªå·±ï¼Ÿæˆ‘ä»¬æ›¾ç»åªæ˜¯éæ´²è§’è½ä¸€ä¸ªæ¯«ä¸èµ·çœ¼çš„æ—ç¾¤ï¼Œå¯¹åœ°çƒä¸Šç”Ÿæ€çš„å½±å“åŠ›å’Œè¤ç«è™«ã€çŒ©çŒ©æˆ–è€…æ°´æ¯ç›¸å·®æ— å‡ ã€‚ä¸ºä½•æˆ‘ä»¬èƒ½ç™»ä¸Šç”Ÿç‰©é“¾çš„é¡¶ç«¯ï¼Œæœ€ç»ˆæˆä¸ºåœ°çƒçš„ä¸»å®°ï¼Ÿ\r\n\r\nã€€ã€€ä»è®¤çŸ¥é©å‘½ã€å†œä¸šé©å‘½åˆ°ç§‘å­¦é©å‘½ï¼Œæˆ‘ä»¬çœŸçš„äº†è§£è‡ªå·±å—ï¼Ÿæˆ‘ä»¬è¿‡å¾—æ›´åŠ å¿«ä¹å—ï¼Ÿæˆ‘ä»¬çŸ¥é“é‡‘é’±å’Œå®—æ•™ä»ä½•è€Œæ¥ï¼Œä¸ºä½•äº§ç”Ÿå—ï¼Ÿäººç±»åˆ›å»ºçš„å¸å›½ä¸ºä½•ä¸€ä¸ªä¸ªè¡°äº¡åˆå…´èµ·ï¼Ÿä¸ºä»€ä¹ˆåœ°çƒä¸Šå‡ ä¹æ¯ä¸€ä¸ªç¤¾ä¼šéƒ½æœ‰ç”·å°Šå¥³å‘çš„è§‚å¿µï¼Ÿä¸ºä½•ä¸€ç¥æ•™æˆä¸ºä¸ºå¹¿æ³›æ¥å—çš„å®—æ•™ï¼Ÿç§‘å­¦å’Œèµ„æœ¬ä¸»ä¹‰å¦‚ä½•æˆä¸ºç°ä»£ç¤¾ä¼šé‡è¦çš„ä¿¡æ¡ï¼Ÿç†æ¸…å½±å“äººç±»å‘å±•çš„é‡å¤§è„‰ç»œï¼ŒæŒ–æ˜äººç±»æ–‡åŒ–ã€å®—æ•™ã€æ³•å¾‹ã€å›½å®¶ã€ä¿¡è´·ç­‰äº§ç”Ÿçš„æ ¹æºã€‚è¿™æ˜¯ä¸€éƒ¨å®å¤§çš„äººç±»ç®€å²ï¼Œæ›´è§å¾®çŸ¥è‘—ã€ä»¥å°å†™å¤§ï¼Œè®©äººç±»é‡æ–°å®¡è§†è‡ªå·±ã€‚\r\n\r\n","tts_switch":0,"merchant_id":0,"contract_number":"","online_time":0,"b_special_price":"0","current_price":"27.20","b_special_price_stime":1514736000,"b_special_price_etime":1514736000,"is_buy":false,"current_timestamp":1558440304,"chapter_list":null,"is_trial":true,"is_tts_switch":false,"log_id":"18","log_type":"ebook","read_progress":0,"reading_title":"","original_price":"27.20","special_offer_status":0,"page_num":0,"author_list":["æ±¤å§†Â·æ–¯ä¸¹è¿ªå¥‡ ","ç¬¬ä¸€ä½œè€…","ç¬¬äºŒä½œè€…"],"can_trial_read":true,"reading_word_count":0,"reading_word_token":"eyJ0ayI6IllLU1F6VFFkc0ZuYkZiMldWNyszNGgzanBUYjZuTkRoNE1JRFpySXY1d1N2amlxTmtpRkJzWUVsNE4vODY1RVVyVVgrOGN6QUROTFZCb2lpRS9YRUJoa3EvM3VQbElKWlV3SHBBSmd1K2ljSzI2L3k5TFEvS1dYN0dMZlBxTUgxTUg3Z2RSYWxXRUZxeXQxaGFrdnBxcDVyMjhodkc1dGpraVdLSHJnREQwZz0iLCJ2IjoxfQ==","trial_read_proportion":"0.0000","authors":null,"with_video":false,"b_package_end_time":"","b_package_price":"0.00","b_package_start_time":""}},{"productId":42,"trackinfo":"request_id#ca23433159c04651babf883da102e21a^^match_type#0^^score#0^^bucket_Id#0^^rank#1^^productId#42^^topicId#42^^productType#2^^isBak#2^^articleId#0^^type#2","detail":{"id":42,"title":"","style":1,"type":1,"class":0,"sub_class":0,"author":"å¾å¿—æ–Œ","cover":"http://piccdn.igetget.com/img/201607/21/201607211219225932279476.jpg","banner":"","count":0,"price":"25.20","status":1,"epub":"2019","sell_count":188,"sell_seven_day":6,"operating_title":"ç¤¾äº¤çº¢åˆ©2.0","short_title":"","integral":0,"other_content":"","other_share_title":" ç™¾ä¸‡ç²‰ä¸ï¼Œ10ä¸‡+é˜…è¯»é‡ï¼Œä»–ä»¬å¦‚ä½•å¼•çˆ†ç¤¾äº¤ç½‘ç»œï¼Ÿ","other_share_summary":"ä¸€æœ¬ä¹¦ç³»ç»Ÿè®²é€å¦‚ä½•åˆ©ç”¨ç¤¾äº¤ç½‘ç»œå®ç°å³æ—¶å¼•çˆ†ï¼Œä¸ä½†æä¾›äº†å¼•çˆ†çš„â€œç«è¯â€ï¼Œä¹Ÿä¸ºå¼•çˆ†çš„â€œåé—ç—‡â€å¼€å‡ºäº†â€œè¯æ–¹â€ã€‚","other_data":"","top":0,"datetime":"","uptime":"","author_info":"å¾å¿—æ–Œï¼Œçƒ­é”€ä¹¦ã€Šç¤¾äº¤çº¢åˆ©ã€‹ä½œè€…ï¼Œå‰è…¾è®¯èµ„æ·±å‘˜å·¥ï¼›2007å¹´åŠ ç›Ÿè…¾è®¯ï¼Œ2015å¹´ç¦»èŒåˆ›ä¸šã€‚ç¦»èŒå‰ä»»è…¾è®¯å¾®åšå¼€æ”¾å¹³å°è´Ÿè´£äººã€å¾®è§†å•†åŠ¡å‰¯æ€»ç›‘ï¼›åŠ ç›Ÿè…¾è®¯å‰ï¼Œæ›¾ä»»èŒeNetç¡…è°·åŠ¨åŠ›ã€æ–°æµªç½‘ã€‚","book_name":"ã€Šå³æ—¶å¼•çˆ†ï¼šç¤¾äº¤çº¢åˆ©2.0ã€‹","book_author":"å¾å¿—æ–Œ","press":"ä¸­ä¿¡å‡ºç‰ˆç¤¾","publish_time":"1900-01-20","catalog":"","catalog_list":[{"level":0,"text":"å‰è¨€ â€œä¸€ä¹æ³•åˆ™â€æ—¶ä»£","href":"Text/01.html","playOrder":1},{"level":0,"text":"01 ç¤¾äº¤å¼•çˆ†å››å¤§å®šå¾‹","href":"Text/02.html","playOrder":2},{"level":1,"text":"å®šå¾‹ä¸€ï¼šçŸ­å®šå¾‹â€”â€”ç”¨æˆ·æŠ•å…¥æ—¶é—´æˆæœ¬è¶Šå°‘ï¼Œè¶Šå®¹æ˜“å¼•çˆ†","href":"Text/02.html#sigil_toc_id_1","playOrder":3},{"level":1,"text":"å®šå¾‹äºŒï¼šæ–°å®šå¾‹â€”â€”ç©æ³•è¶Šæ–°ï¼Œå¼•çˆ†é€Ÿåº¦è¶Šå¿«","href":"Text/02.html#sigil_toc_id_2","playOrder":4},{"level":1,"text":"å®šå¾‹ä¸‰ï¼šå¥½å‹å®šå¾‹â€”â€”ç”¨æˆ·è¶ŠæŠ•å…¥ï¼Œå¯¹å¥½å‹çš„å½±å“è¶Šå¤§","href":"Text/02.html#sigil_toc_id_3","playOrder":5},{"level":1,"text":"å®šå¾‹å››ï¼šå¿«è¡°å®šå¾‹â€”â€”ä½¿ç”¨æ—¶é—´è¶ŠçŸ­ï¼Œè¡°å‡é€Ÿåº¦è¶Šå¿«","href":"Text/02.html#sigil_toc_id_4","playOrder":6},{"level":0,"text":"02 èµ°å‡ºå¿«è¡°è¶‹åŠ¿ï¼šç¤¾ç¾¤è¿è¥çš„å››å¤§åŸåˆ™","href":"Text/03.html","playOrder":7},{"level":1,"text":"åŸåˆ™ä¸€ï¼šä¸æ˜¯ä¼ä¸šå»è‡ªå»ºç¤¾ç¾¤ï¼Œè€Œæ˜¯è®©ç”¨æˆ·è‡ªå·±æ¥","href":"Text/03.html#sigil_toc_id_5","playOrder":8},{"level":1,"text":"åŸåˆ™äºŒï¼šç»™å‡ºç®€å•è€Œæ¸…æ™°çš„ç›®æ ‡ï¼Œé€çº§å®ç°","href":"Text/03.html#sigil_toc_id_6","playOrder":9},{"level":1,"text":"åŸåˆ™ä¸‰ï¼šæ¯ä¸ªäººéƒ½æ¸…æ™°åœ°çŸ¥é“è‡ªå·±çš„ä»»åŠ¡ï¼Œå¹¶å»å®Œæˆå®ƒ","href":"Text/03.html#sigil_toc_id_7","playOrder":10},{"level":1,"text":"åŸåˆ™å››ï¼šå³æ—¶ä¸”æ­£å‘çš„ç¾¤ä½“æ¿€åŠ±","href":"Text/03.html#sigil_toc_id_8","playOrder":11},{"level":0,"text":"ã€åŸä¹¦ä¿¡æ¯ã€‘","href":"Text/04.html","playOrder":12}],"book_intro":"ã€€ã€€å¤§å‹ç¤¾äº¤ç½‘ç»œå‘å±•è‡³ä»Šï¼Œå¼€å§‹æ˜¾éœ²å‡ºæ›´ä¸ºæƒŠäººçš„åŠ›é‡ã€‚æœ‰ä¸€ä¸ªç‹¬ç‰¹ç°è±¡ä¸è¿™ä¸€ç»“æœç›¸ä¼´ç›¸ç”Ÿï¼Œå³æ–°åº”ç”¨æˆ–æœåŠ¡ä¸€è¿›å…¥ç¤¾äº¤ç½‘ç»œå°±å³æ—¶å¼•çˆ†ï¼Œå°±åƒç”¨æˆ·åœ¨ç­‰å¾…å®ƒå‡ºç°ä¸€æ ·ã€‚éšå³å¼€å§‹çš„ç—…æ¯’å¼æ‰©æ•£ï¼Œè®©åˆ›ä¸šè€…æˆä¸ºå…¨æ°‘è¯é¢˜çš„ç„¦ç‚¹ã€‚ä½†è¿™ä¸€åˆ‡æ˜¯å¦‚ä½•å®ç°çš„ï¼Ÿå…·å¤‡å“ªäº›ç‰¹å¾çš„åˆä½œä¼™ä¼´æ‰å¯ä»¥è¢«å³æ—¶å¼•çˆ†ï¼Ÿ\n\nã€€ã€€ä½œè€…ä»å…¶é•¿æœŸè¿½è¸ªçš„è¿‘30ä¸ªä¸€è¿›å…¥å¾®åšã€å¾®ä¿¡å°±å¼•çˆ†çš„ç»å…¸æ¡ˆä¾‹ä¸­ç”„é€‰å‡ºè‹¥å¹²å…¸å‹æ¡ˆä¾‹ã€‚ä»å¤§é‡ä¸€æ‰‹é²œæ´»çš„åå°æ•°æ®å…¥æ‰‹ï¼Œå¹¶ç»“åˆè…¾è®¯å¯¹ç¤¾äº¤ç½‘ç»œçš„ç†è§£ï¼Œæç‚¼å‡ºâ€œç¤¾äº¤å¼•çˆ†â€çš„å››å¤§å®šå¾‹ã€‚æœ‰å¼•çˆ†çš„â€œç«è¯â€â€”â€”â€œçŸ­å®šå¾‹â€ã€â€œæ–°å®šå¾‹â€ã€â€œå¥½å‹å®šå¾‹â€ï¼Œä¹Ÿæœ‰å¼•çˆ†â€œåé—ç—‡â€â€”â€”â€œå¿«è¡°å®šå¾‹â€ã€‚å¦å¤–ï¼Œä½œè€…åœ¨æå‡ºé—®é¢˜çš„åŒæ—¶ï¼Œä¹Ÿç»™å‡ºäº†â€œè§£è¯â€â€”â€”ç¤¾ç¾¤è¿è¥ã€‚æ·±å…¥åˆ†æäº†ç¤¾ç¾¤çš„æ„å»ºç­‰æ–¹æ–¹é¢é¢ï¼Œæç‚¼å‡ºç¤¾ç¾¤è¿è¥çš„å››å¤§åŸåˆ™ã€‚\n\nã€€ã€€åœ¨å¯¹è¥é”€å’Œç”¨æˆ·æ²Ÿé€šæ–¹é¢è¿›è¡Œé˜è¿°åï¼Œä½œè€…å¹¶æœªæ­¢æ­¥äºæ­¤ï¼Œä»–è¿˜æ·±å…¥åˆ°äº§å“å¼€å‘å’Œä¼ä¸šè¿è¥æ–¹å¼ä¸Šï¼Œè®ºè¿°äº†å¦‚ä½•åˆ©ç”¨ç¤¾äº¤çº¢åˆ©å®ç°å¿«é€Ÿå¼•çˆ†ï¼Œå¹¶è·å¾—ä¸æ–­å¼€å‘å‡ºå¼•çˆ†äº§å“çš„èƒ½åŠ›ã€‚","tts_switch":0,"merchant_id":10000,"contract_number":"","online_time":0,"b_special_price":"0","current_price":"25.20","b_special_price_stime":1514736000,"b_special_price_etime":1514736000,"is_buy":false,"current_timestamp":1558440305,"chapter_list":null,"is_trial":true,"is_tts_switch":false,"log_id":"42","log_type":"ebook","read_progress":0,"reading_title":"","original_price":"25.20","special_offer_status":0,"page_num":0,"author_list":["å¾å¿—æ–Œ","ç¬¬ä¸€ä½œè€…","ç¬¬äºŒä½œè€…"],"can_trial_read":true,"reading_word_count":0,"reading_word_token":"eyJ0ayI6IllLU1F6VFFkc0ZuYkZiMldWNyszNHFpT1lrcmE5M2FuMUp4aTkzdTVKK09XbkVwaVdaTkdqZFVLYUh6NDNwQnhnMmNzT0JJVTFPYWo2QlZUdDZTeUN0cTIycjBxQmxhbU1rczgzQW4rVldYSmE0V2pLUzFHWXV1U1FXS3dRanZSb29GSnJQVEFxNGxHbTZlSm1OdGxaNEVwL2lmaTFuTFRST0xhUTRiZHJTdz0iLCJ2IjoxfQ==","trial_read_proportion":"0.0000","authors":null,"with_video":false,"b_package_end_time":"","b_package_price":"0.00","b_package_start_time":""}},{"productId":43,"trackinfo":"request_id#ca23433159c04651babf883da102e21a^^match_type#0^^score#0^^bucket_Id#0^^rank#2^^productId#43^^topicId#43^^productType#2^^isBak#2^^articleId#0^^type#2","detail":{"id":43,"title":"","style":5,"type":1,"class":0,"sub_class":0,"author":"[ç¾] å½¼å¾—Â·è’‚å°”ï¼Œå¸ƒè±å…‹Â·é©¬æ–¯ç‰¹æ–¯","cover":"http://piccdn.igetget.com/img/201607/21/201607211219227739248203.jpg","banner":"","count":0,"price":"18.01","status":1,"epub":"2019","sell_count":914,"sell_seven_day":20,"operating_title":"ä»0åˆ°1","short_title":"","integral":0,"other_content":"","other_share_title":"ç½—æ°¸æµ©æ¨è |ã€Šä»0åˆ°1ã€‹åˆ›æŠ•æ•™çˆ¶å¸¦ä½ æ­å¼€åˆ›æ–°ç§˜å¯†","other_share_summary":"ç½—æ°¸æµ©ã€åˆ˜æ¶¦ä¸“æ æ¨èã€‚ç¡…è°·åˆ›æŠ•æ•™çˆ¶å½¼å¾—Â·è’‚å°”å¸¦ä½ æ­å¼€åˆ›æ–°çš„ç§˜å¯†ã€‚","other_data":"","top":0,"datetime":"","uptime":"","author_info":"å½¼å¾—Â·è’‚å°”ï¼ˆPeterThielï¼‰ï¼Œè¢«èª‰ä¸ºç¡…è°·çš„å¤©ä½¿ï¼ŒæŠ•èµ„ç•Œçš„æ€æƒ³å®¶ã€‚1998å¹´åˆ›åŠPayPalå¹¶æ‹…ä»»CEOï¼Œ2002å¹´å°†PayPalä»¥15äº¿ç¾å…ƒå‡ºå”®ç»™eBayï¼ŒæŠŠç”µå­å•†åŠ¡å¸¦å‘æ–°çºªå…ƒã€‚2004å¹´åšäº†é¦–ç¬”åœ¨Facebookçš„å¤–éƒ¨æŠ•èµ„ï¼Œå¹¶æ‹…ä»»è‘£äº‹ã€‚åŒå¹´æˆç«‹è½¯ä»¶å…¬å¸Palantirï¼ŒæœåŠ¡äºå›½é˜²å®‰å…¨ä¸å…¨çƒé‡‘èé¢†åŸŸçš„æ•°æ®åˆ†æã€‚è’‚å°”è”åˆåˆ›åŠäº†FoundersFundåŸºé‡‘ï¼Œä¸ºLinkedInã€SpaceXã€Yelpç­‰åå‡ å®¶å‡ºè‰²çš„ç§‘æŠ€æ–°åˆ›å…¬å¸æä¾›æ—©æœŸèµ„é‡‘ï¼Œå…¶ä¸­å¤šå®¶å…¬å¸ç”±PayPalçš„åŒäº‹è´Ÿè´£è¥è¿ï¼Œè¿™äº›äººåœ¨ç¡…è°·æœ‰â€œPayPalé»‘å¸®â€ä¹‹ç§°ã€‚ä»–æˆç«‹äº†è’‚å°”å¥–å­¦é‡‘ï¼ˆThielFellowshipï¼‰é¼“åŠ±å¹´è½»äººåœ¨æ ¡å›­ä¹‹å¤–å­¦ä¹ å’Œåˆ›ä¸šã€‚ä»–è¿˜æˆç«‹äº†è’‚å°”åŸºé‡‘ï¼ˆThielFoundationï¼‰ï¼Œæ¨åŠ¨ç§‘æŠ€è¿›æ­¥å’Œå¯¹æœªæ¥çš„é•¿è¿œæ€è€ƒã€‚\n\nã€€ã€€å¸ƒè±å…‹Â·é©¬æ–¯ç‰¹æ–¯ï¼ˆBlakeMastersï¼‰ï¼Œ2012å¹´åœ¨æ–¯å¦ç¦å¤§å­¦æ³•å­¦é™¢å°±è¯»ï¼ŒæœŸé—´é€‰ä¿®å½¼å¾—?è’‚å°”çš„â€œåˆåˆ›ä¼ä¸šâ€è¯¾ï¼Œå°†ç»†å¿ƒæ•´ç†çš„è¯¾å ‚ç¬”è®°å‘å¸ƒåˆ°ç½‘ç»œï¼Œå¼•èµ·240ä¸‡æ¬¡çš„ç‚¹å‡»ç‡ã€‚éšåï¼Œå½¼å¾—?è’‚å°”å‚ä¸å°†è¿™ä»½ç¥å¥‡çš„ç¬”è®°ç²¾ç¼–æˆä¸ºæœ¬ä¹¦ã€‚","book_name":"ã€Šä»0åˆ°1ï¼šå¼€å¯å•†ä¸šä¸æœªæ¥çš„ç§˜å¯†ã€‹","book_author":"[ç¾] å½¼å¾—Â·è’‚å°”ï¼Œå¸ƒè±å…‹Â·é©¬æ–¯ç‰¹æ–¯","press":"ä¸­ä¿¡å‡ºç‰ˆç¤¾","publish_time":"1900-01-20","catalog":"","catalog_list":[{"level":0,"text":"å°é¢","href":"Text/cover.xhtml","playOrder":1},{"level":0,"text":"æ¨èè¯­","href":"Text/recommended.xhtml","playOrder":2},{"level":0,"text":"åº1ï¼šæ”¹å˜ä¸–ç•Œçš„é€†è¡Œè€…","href":"Text/preface1.html","playOrder":3},{"level":0,"text":"åº2ï¼šâ€œé“ç”Ÿä¸€â€çš„å•†ä¸šæ™ºæ…§","href":"Text/preface2.html","playOrder":4},{"level":0,"text":"å‰è¨€","href":"Text/foreword.html","playOrder":5},{"level":0,"text":"ç¬¬1ç«  æœªæ¥çš„æŒ‘æˆ˜","href":"Text/chapter01.html","playOrder":6},{"level":0,"text":"ç¬¬2ç«  åƒ1999å¹´é‚£æ ·ç‹‚æ¬¢","href":"Text/chapter02.html","playOrder":7},{"level":0,"text":"ç¬¬3ç«  æ‰€æœ‰æˆåŠŸçš„ä¼ä¸šéƒ½æ˜¯ä¸åŒçš„","href":"Text/chapter03.html","playOrder":8},{"level":0,"text":"ç¬¬4ç«  ç«äº‰æ„è¯†","href":"Text/chapter04.html","playOrder":9},{"level":0,"text":"ç¬¬5ç«  åå‘ä¼˜åŠ¿","href":"Text/chapter05.html","playOrder":10},{"level":0,"text":"ç¬¬6ç«  æˆåŠŸä¸æ˜¯ä¸­å½©ç¥¨","href":"Text/chapter06.html","playOrder":11},{"level":0,"text":"ç¬¬7ç«  å‘é’±çœ‹","href":"Text/chapter07.html","playOrder":12},{"level":0,"text":"ç¬¬8ç«  ç§˜å¯†","href":"Text/chapter08.html","playOrder":13},{"level":0,"text":"ç¬¬9ç«  åŸºç¡€å†³å®šå‘½è¿","href":"Text/chapter09.html","playOrder":14},{"level":0,"text":"ç¬¬10ç«  æ‰“é€ å¸®æ´¾æ–‡åŒ–","href":"Text/chapter10.html","playOrder":15},{"level":0,"text":"ç¬¬11ç«  é¡¾å®¢ä¸ä¼šè‡ªåŠ¨ä¸Šé—¨","href":"Text/chapter11.html","playOrder":16},{"level":0,"text":"ç¬¬12ç«  äººç±»å’Œæœºå™¨","href":"Text/chapter12.html","playOrder":17},{"level":0,"text":"ç¬¬13ç«  ç»¿è‰²èƒ½æºä¸ç‰¹æ–¯æ‹‰","href":"Text/chapter13.html","playOrder":18},{"level":0,"text":"ç¬¬14ç«  åˆ›å§‹äººçš„æ‚–è®º","href":"Text/chapter14.html","playOrder":19},{"level":0,"text":"ç»“è¯­ï¼šåœæ»ä¸å‰ï¼Œè¿˜æ˜¯ä¸´è¿‘å¥‡ç‚¹","href":"Text/epilogue.html","playOrder":20},{"level":0,"text":"è‡´è°¢","href":"Text/thanks.html","playOrder":21},{"level":0,"text":"æ’å›¾ç‰ˆæƒé¡µ","href":"Text/photocopyright.html","playOrder":22},{"level":0,"text":"ç‰ˆæƒé¡µ","href":"Text/copyright.xhtml","playOrder":23}],"book_intro":"ç¡…è°·åˆ›æŠ•æ•™çˆ¶ã€PayPalåˆ›å§‹äººä½œå“\nã€€ã€€æ–¯å¦ç¦å¤§å­¦æ”¹å˜æœªæ¥çš„ä¸€å ‚è¯¾\nã€€ã€€ä¸ºä¸–ç•Œåˆ›é€ ä»·å€¼çš„å•†ä¸šå“²å­¦\nã€€ã€€åœ¨ç§‘æŠ€å‰§çƒˆæ”¹å˜ä¸–ç•Œçš„ä»Šå¤©ï¼Œæƒ³è¦æˆåŠŸï¼Œä½ å¿…é¡»åœ¨ä¸€åˆ‡å‘ç”Ÿä¹‹å‰ç ”ç©¶ç»“å±€ã€‚\nã€€ã€€ä½ å¿…é¡»æ‰¾åˆ°åˆ›æ–°çš„ç‹¬ç‰¹æ–¹å¼ï¼Œè®©æœªæ¥ä¸ä»…ä»…ä¸ä¼—ä¸åŒï¼Œè€Œä¸”æ›´åŠ ç¾å¥½ã€‚\nã€€ã€€ä»0åˆ°1ï¼Œä¸ºè‡ªå·±åˆ›é€ æ— é™çš„æœºä¼šä¸ä»·å€¼ï¼\nã€€ã€€åœ¨ä¼ ç»Ÿæ—¶ä»£ï¼ŒæˆåŠŸä¼ä¸šçš„å•†ä¸šæ¨¡å¼æ˜¯ä¸€ä¸ªä»1åˆ°Nçš„è¿‡ç¨‹ï¼Œä¹Ÿå°±æ˜¯åœ¨ç°æœ‰åŸºç¡€ä¸Šï¼Œå¤åˆ¶ä¹‹å‰çš„ç»éªŒï¼Œé€šè¿‡ç«äº‰ä¸æ–­æ‰©å¤§è‡ªå·±çš„å¸‚åœºå½±å“åŠ›ã€‚è€Œåœ¨äº’è”ç½‘æ—¶ä»£ï¼ŒæˆåŠŸçš„ä¼ä¸šå´æ˜¯ä¸€ä¸ªä»æ— åˆ°æœ‰ï¼Œå³ä»0åˆ°1åˆ›é€ å¸‚åœºçš„è¿‡ç¨‹ã€‚\nã€€ã€€ã€Šä»0åˆ°1ã€‹ä¸ºä½ å¼€å¯åˆ›æ–°çš„ç§˜å¯†ã€‚PayPalå…¬å¸åˆ›å§‹äººã€Facebookå¤–éƒ¨æŠ•èµ„è€…å½¼å¾—?è’‚å°”åœ¨æœ¬ä¹¦ä¸­è¯¦ç»†é˜è¿°äº†è‡ªå·±çš„åˆ›ä¸šå†ç¨‹ä¸å¿ƒå¾—ï¼ŒåŒ…æ‹¬å¦‚ä½•é¿å…ç«äº‰ã€å¦‚ä½•è¿›è¡Œå„æ–­ã€å¦‚ä½•å‘ç°æ–°çš„å¸‚åœºã€‚ã€Šä»0åˆ°1ã€‹è¿˜å°†å¸¦ä½ ç©¿è¶Šå“²å­¦ã€å†å²ã€ç»æµç­‰å¤šå…ƒé¢†åŸŸï¼Œè§£è¯»ä¸–ç•Œè¿è¡Œçš„è„‰ç»œï¼Œåˆ†äº«å•†ä¸šä¸æœªæ¥å‘å±•çš„é€»è¾‘ï¼Œå¸®åŠ©ä½ æ€è€ƒä»0åˆ°1çš„ç§˜å¯†ï¼Œåœ¨æ„æƒ³ä¸åˆ°ä¹‹å¤„å‘ç°ä»·å€¼ä¸æœºä¼šã€‚","tts_switch":0,"merchant_id":0,"contract_number":"","online_time":0,"b_special_price":"0","current_price":"18.01","b_special_price_stime":1514736000,"b_special_price_etime":1514736000,"is_buy":false,"current_timestamp":1558440305,"chapter_list":null,"is_trial":true,"is_tts_switch":false,"log_id":"43","log_type":"ebook","read_progress":0,"reading_title":"","original_price":"18.01","special_offer_status":0,"page_num":0,"author_list":["[ç¾] å½¼å¾—Â·è’‚å°”ï¼Œå¸ƒè±å…‹Â·é©¬æ–¯ç‰¹æ–¯","ç¬¬ä¸€ä½œè€…","ç¬¬äºŒä½œè€…"],"can_trial_read":true,"reading_word_count":0,"reading_word_token":"eyJ0ayI6IllLU1F6VFFkc0ZuYkZiMldWNyszNGhoYlZWQUs3VTMzZmdPOTN5ZkJyYnhnZHlFRXJqRS9hQWZ2dWlOMjZZSjJNUXpPcjBCd0xUODJleFBtUXBVcG52ZFo1U2piRFFxajlUUHJoOWNiUHlZQVhaYzNGemlwQ3lHTk1qdkFVUVZWUDlxUmhOazEyRTU0OWt1NmxSbUlmRmZlcTJUalNFSE9UOXdCaDJBVWNHRT0iLCJ2IjoxfQ==","trial_read_proportion":"0.0000","authors":null,"with_video":false,"b_package_end_time":"","b_package_price":"0.00","b_package_start_time":""}},{"productId":44,"trackinfo":"request_id#ca23433159c04651babf883da102e21a^^match_type#0^^score#0^^bucket_Id#0^^rank#3^^productId#44^^topicId#44^^productType#2^^isBak#2^^articleId#0^^type#2","detail":{"id":44,"title":"","style":1,"type":1,"class":0,"sub_class":0,"author":"[ç¾] æœ¬Â·éœæ´›ç»´èŒ¨ ","cover":"http://piccdn.igetget.com/img/201607/21/201607211219228849436270.jpg","banner":"","count":0,"price":"18.00","status":1,"epub":"2019","sell_count":449,"sell_seven_day":13,"operating_title":"åˆ›ä¸šç»´è‰°","short_title":"","integral":0,"other_content":"","other_share_title":"ç½—æ°¸æµ©æ¨è | åˆ›ä¸šç»´è‰°ï¼Œå¦‚ä½•å®Œæˆéš¾ä¸ŠåŠ éš¾çš„äº‹","other_share_summary":"ç½—æ°¸æµ©æ¨èã€Œå³ä½¿å†å¿™ä¹Ÿè¦è¯»çš„ä¹¦ã€ã€‚ç¡…è°·é¡¶çº§æŠ•èµ„äººç”¨20ä½™å¹´åˆ›æŠ•ç»éªŒï¼Œæ•™ä½ å¦‚ä½•é˜²æ­¢ç¾æ¢¦å˜æˆå™©æ¢¦ã€‚","other_data":"","top":0,"datetime":"","uptime":"","author_info":"æœ¬Â·éœæ´›ç»´èŒ¨ï¼ˆBen Horowitzï¼‰ï¼Œç¡…è°·å¾ˆæ—©ä¸€æ‰¹çš„äº’è”ç½‘å…ˆé©±äººç‰©ï¼Œè¢«é©¬å…‹Â·æ‰å…‹ä¼¯æ ¼æˆä¸ºâ€œæˆ‘ä»¬è¿™äº›ç¡…è°·å¹´è½»ä¼ä¸šå®¶çš„ç®¡ç†å¯¼å¸ˆâ€ã€‚1999å¹´ä¸ç½‘æ™¯ä¹‹çˆ¶é©¬å…‹Â·å®‰å¾·æ£®å…±åŒåˆ›ç«‹Loudcloudå…¬å¸ï¼ˆåè½¬å‹ä¸ºOpswareå…¬å¸ï¼‰ï¼Œåœ¨äº’è”ç½‘æ³¡æ²«çš„æ¶åŠ£å¤§ç¯å¢ƒä¸‹ï¼Œæ•°æ¬¡å¸¦é¢†å…¬å¸èµ·æ­»å›ç”Ÿï¼Œå¹¶æˆåŠŸä»¥16äº¿ç¾å…ƒçš„é«˜ä»·å°†å…¬å¸å‡ºå”®ç»™æƒ æ™®ã€‚2009å¹´å†æ¬¡ä¸é©¬å…‹?å®‰å¾·æ£®è”æ‰‹åˆ›ç«‹äº†é£é™©æŠ•èµ„å…¬å¸Andreessen Horowitzï¼Œå…¬å¸åœ¨æˆç«‹çŸ­çŸ­ä¸‰å¹´æ—¶é—´é‡Œï¼Œå°±è·»èº«æˆä¸ºç¡…è°·çš„é£æŠ•å…¬å¸ä¹‹ä¸€ï¼Œç»è¿‡ä¸‰è½®èèµ„è·å¾—äº†é«˜è¾¾ 27 äº¿ç¾å…ƒçš„èµ„é‡‘ï¼ŒæŠ•èµ„äº†åŒ…æ‹¬ Skype, Facebook, Instagram, Twitter, Foursquare, Pinterest, Airbnb, Fab, Grouponaåœ¨å†…çš„ä¼—å¤šçŸ¥åäº’è”ç½‘ä¼ä¸šã€‚æœ¬?éœæ´›ç»´èŒ¨ä¹Ÿè¢«å¤–åª’èª‰ä¸ºâ€œç¡…è°·çš„50ä¸ªå¤©ä½¿æŠ•èµ„äººâ€ä¹‹ä¸€ã€‚","book_name":"ã€Šåˆ›ä¸šç»´è‰°ï¼šå¦‚ä½•å®Œæˆæ¯”éš¾æ›´éš¾çš„äº‹ã€‹","book_author":"[ç¾] æœ¬Â·éœæ´›ç»´èŒ¨ ","press":"ä¸­ä¿¡å‡ºç‰ˆç¤¾","publish_time":"1900-01-20","catalog":"","catalog_list":[{"level":0,"text":"å°é¢","href":"Text/cover.xhtml","playOrder":1},{"level":0,"text":"å‰è¨€","href":"Text/foreword.xhtml","playOrder":2},{"level":0,"text":"ç¬¬ä¸€ç«  ä»é©å‘½è€…åˆ°é£é™©èµ„æœ¬å®¶","href":"Text/chapter1.xhtml","playOrder":3},{"level":0,"text":"ç¬¬äºŒç«  Loudcloudæ²‰æµ®å½•ï¼šæˆ‘ä¼šæ´»ä¸‹å»","href":"Text/chapter2.xhtml","playOrder":4},{"level":0,"text":"ç¬¬ä¸‰ç«  è½¬å‹Opswareï¼šè¿™ä¸€æ¬¡ï¼Œè·Ÿç€æ„Ÿè§‰èµ°","href":"Text/chapter3.xhtml","playOrder":5},{"level":0,"text":"ç¬¬å››ç«  é™·å…¥ç»å¢ƒ","href":"Text/chapter4.xhtml","playOrder":6},{"level":1,"text":"åˆ›ä¸šä¸­çš„æŒ£æ‰","href":"Text/chapter5.xhtml","playOrder":7},{"level":1,"text":"CEOå¿…é¡»å®è¯å®è¯´","href":"Text/chapter6.xhtml","playOrder":8},{"level":1,"text":"å¦‚ä½•è§£é›‡å‘˜å·¥ï¼Ÿ","href":"Text/chapter7.xhtml","playOrder":9},{"level":1,"text":"å¦‚ä½•è£æ‰é«˜ç®¡ï¼Ÿ","href":"Text/chapter8.xhtml","playOrder":10},{"level":1,"text":"ç»™å¥½æœ‹å‹é™èŒ","href":"Text/chapter9.xhtml","playOrder":11},{"level":1,"text":"å¤±è´¥è€…çš„è°è¨€","href":"Text/chapter10.xhtml","playOrder":12},{"level":1,"text":"ç¬¨åŠæ³•æ‰æœ€æœ‰æ•ˆ","href":"Text/chapter11.xhtml","playOrder":13},{"level":1,"text":"æ²¡äººä¼šåœ¨æ„","href":"Text/chapter12.xhtml","playOrder":14},{"level":0,"text":"ç¬¬äº”ç«  ä¾æ¬¡ç®¡ç†å¥½äººã€äº§å“å’Œåˆ©æ¶¦","href":"Text/chapter13.xhtml","playOrder":15},{"level":1,"text":"çŸ¥é“æˆ‘ä»Šå¤©ä¸ºä»€ä¹ˆæ¥ä¸Šç­å—ï¼Ÿå¥½å…¬å¸ä¸çƒ‚å…¬å¸çš„åŒºåˆ«","href":"Text/chapter14.xhtml","playOrder":16},{"level":1,"text":"åˆ›ä¸šå…¬å¸ä¸ºä½•è¦è¿›è¡Œäººå‘˜åŸ¹è®­ï¼Ÿ","href":"Text/chapter15.xhtml","playOrder":17},{"level":1,"text":"å¯ä»¥ä»æœ‹å‹å…¬å¸æŒ–äººå—ï¼Ÿ","href":"Text/chapter16.xhtml","playOrder":18},{"level":1,"text":"å¤§å…¬å¸ä¸»ç®¡ä¸ºä½•éš¾ä»¥èƒœä»»å°å…¬å¸çš„å·¥ä½œï¼Ÿ","href":"Text/chapter17.xhtml","playOrder":19},{"level":1,"text":"æ‹›è˜ä¸»ç®¡ï¼šåœ¨æ²¡æœ‰æ‹›è˜ç»éªŒçš„æƒ…å†µä¸‹ï¼Œæ€æ ·æ‰èƒ½æ‹›åˆ°ä¼˜ç§€çš„äººæ‰ï¼Ÿ","href":"Text/chapter18.xhtml","playOrder":20},{"level":1,"text":"ä¸ºä»€ä¹ˆå®ç°äº†ä¸šç»©ç›®æ ‡ï¼Œå´æ²¡æœ‰è¾¾åˆ°é¢„æœŸæ•ˆæœï¼Ÿ","href":"Text/chapter19.xhtml","playOrder":21},{"level":1,"text":"ç®¡ç†å€ºåŠ¡","href":"Text/chapter20.xhtml","playOrder":22},{"level":1,"text":"æœ‰æ•ˆçš„äººåŠ›èµ„æºç®¡ç†","href":"Text/chapter21.xhtml","playOrder":23},{"level":0,"text":"ç¬¬å…­ç«  å…³æ³¨çœ¼å‰çš„éº»çƒ¦","href":"Text/chapter22.xhtml","playOrder":24},{"level":1,"text":"å¦‚ä½•æœ€å¤§é™åº¦åœ°å‡å°‘åŠå…¬å®¤æ”¿æ²»ï¼Ÿ","href":"Text/chapter23.xhtml","playOrder":25},{"level":1,"text":"é€‚åº¦çš„é‡å¿ƒ","href":"Text/chapter24.xhtml","playOrder":26},{"level":1,"text":"å¤´è¡”ä¸å‡è¿","href":"Text/chapter25.xhtml","playOrder":27},{"level":1,"text":"å½“å¤©æ‰å‘˜å·¥å˜æˆè¶…çº§æµ‘è›‹","href":"Text/chapter26.xhtml","playOrder":28},{"level":1,"text":"è¯¥ä¸è¯¥æ‹›èµ„æ·±äººå£«ï¼Ÿ","href":"Text/chapter27.xhtml","playOrder":29},{"level":1,"text":"â€œä¸€å¯¹ä¸€â€æ²Ÿé€š","href":"Text/chapter28.xhtml","playOrder":30},{"level":1,"text":"æ‰“é€ ä¼ä¸šæ–‡åŒ–","href":"Text/chapter29.xhtml","playOrder":31},{"level":1,"text":"æ§åˆ¶å…¬å¸è§„æ¨¡çš„è¯€çª","href":"Text/chapter30.xhtml","playOrder":32},{"level":1,"text":"èƒ½åŠ›é¢„æœŸè°¬è®º","href":"Text/chapter31.xhtml","playOrder":33},{"level":0,"text":"ç¬¬ä¸ƒç«  å‰é€”æœªåœæ—¶æ€ä¹ˆåŠï¼Ÿ","href":"Text/chapter32.xhtml","playOrder":34},{"level":1,"text":"æœ€éš¾æŒæ¡çš„CEOå†³èƒœæŠ€","href":"Text/chapter33.xhtml","playOrder":35},{"level":1,"text":"èƒ†æ€¯ä¸å‹‡æ•¢åªä¸€çº¿ä¹‹éš”","href":"Text/chapter34.xhtml","playOrder":36},{"level":1,"text":"â€œä¸€â€ä¸â€œäºŒâ€","href":"Text/chapter35.xhtml","playOrder":37},{"level":1,"text":"ä¼˜ç§€é¢†å¯¼è€…çš„ç‰¹è´¨","href":"Text/chapter36.xhtml","playOrder":38},{"level":1,"text":"é¡ºå¢ƒä¸­çš„CEOå’Œé€†å¢ƒä¸­çš„CEO","href":"Text/chapter37.xhtml","playOrder":39},{"level":1,"text":"CEOæ˜¯åå¤©ç£¨ç‚¼å‡ºæ¥çš„","href":"Text/chapter38.xhtml","playOrder":40},{"level":1,"text":"å¦‚ä½•è¯„ä¼°CEOï¼Ÿ","href":"Text/chapter39.xhtml","playOrder":41},{"level":0,"text":"ç¬¬å…«ç«  åˆ›ä¸šå¤´æ¡æ³•åˆ™ï¼šæ²¡æœ‰æ³•åˆ™","href":"Text/chapter40.xhtml","playOrder":42},{"level":1,"text":"è§£å†³é—®è´£ä¸åˆ›æ„ä¹‹é—´çš„çŸ›ç›¾","href":"Text/chapter41.xhtml","playOrder":43},{"level":1,"text":"â€œæ€ªè¯æ˜ŸæœŸäº”â€ç®¡ç†ç­–ç•¥","href":"Text/chapter42.xhtml","playOrder":44},{"level":1,"text":"å¦‚ä½•æ‰“é€ ä¸€æµçš„ç®¡ç†å›¢é˜Ÿï¼Ÿ","href":"Text/chapter43.xhtml","playOrder":45},{"level":1,"text":"è¯¥ä¸è¯¥è½¬è®©å…¬å¸ï¼Ÿ","href":"Text/chapter44.xhtml","playOrder":46},{"level":0,"text":"ç¬¬ä¹ç«  æ˜¯ç»“æŸï¼Œä¹Ÿæ˜¯å¼€å§‹","href":"Text/chapter45.xhtml","playOrder":47},{"level":0,"text":"é™„å½•","href":"Text/appendix.xhtml","playOrder":48},{"level":0,"text":"ç‰ˆæƒé¡µ","href":"Text/copyright.xhtml#sigil_toc_id_1","playOrder":49}],"book_intro":"å¦‚ä½•è§£é›‡é«˜ç®¡ï¼Ÿ\nã€€ã€€åº”è¯¥ä»å¥½æœ‹å‹çš„å…¬å¸æŒ–äººå—ï¼Ÿ\nã€€ã€€è¯¥ä¸è¯¥æ‹›èµ„æ·±äººå£«ï¼Ÿ\nã€€ã€€é¡ºå¢ƒCEO/æˆ˜æ—¶CEOåˆ†åˆ«è¯¥æ€ä¹ˆåŠï¼Ÿ\nã€€ã€€å¦‚ä½•è§„åˆ’ä½ çš„ä¼ä¸šæ–‡åŒ–ï¼Ÿ\nã€€ã€€ä½ è¯¥å–æ‰ä½ çš„å…¬å¸å—ï¼Ÿ\nã€€ã€€è¿™äº›éƒ½æ˜¯åˆ›ä¸šè€…å’Œä¼ä¸šç®¡ç†è€…æ¯å¤©éƒ½ä¼šé‡åˆ°çš„éš¾é¢˜ï¼Œä½†å•†å­¦é™¢é‡Œå´ä»æ¥ä¸ä¼šæ•™ä½ ï¼Œä¹Ÿæå°‘æœ‰äººè¯šæ³åœ°å‘Šè¯‰ä½ åˆ›ä¸šçš„åä¸½å¤–è¡£ä¹‹ä¸‹éš¾ä»¥æƒ³è±¡çš„è‰°è¾›ã€‚åœ¨ã€Šåˆ›ä¸šç»´è‰°ï¼šå¦‚ä½•å®Œæˆæ¯”éš¾æ›´éš¾çš„äº‹ã€‹ä¸­ï¼Œæœ¬Â·éœæ´›ç»´èŒ¨ï¼Œç¡…è°·ä»¤äººæ•¬ä½©çš„ä¼ä¸šå®¶ä¹‹ä¸€ï¼Œå°±å¦‚ä½•å»ºç«‹å’Œç»è¥ä¸€å®¶åˆ›ä¸šå…¬å¸ç»™å‡ºäº†å®ç”¨çš„å»ºè®®ã€‚ä»–ä»è‡ªå·±çš„åˆ›ä¸šç»å†è®²èµ·ï¼Œä»¥è‡ªå·±åœ¨ç¡…è°·20ä½™å¹´çš„åˆ›ä¸šã€ç®¡ç†å’ŒæŠ•èµ„ç»éªŒï¼Œå¯¹åˆ›ä¸šå…¬å¸ï¼ˆå°¤å…¶æ˜¯äº’è”ç½‘å…¬å¸ï¼‰çš„åˆ›ç«‹ã€ç»è¥ã€äººæ‰é€‰æ‹”ã€ä¼ä¸šæ–‡åŒ–ã€é”€å”®ã€CEOä¸è‘£äº‹ä¼šçš„å…³ç³»ç­‰æ–¹æ–¹é¢é¢ï¼Œæ¯«æ— ä¿ç•™åœ°å¥‰ä¸Šè‡ªå·±çš„ç»éªŒä¹‹è°ˆã€‚ä»–è¿˜è°ˆåˆ°äº†ä¸æ¯”å°”Â·åè´å°”ã€å®‰è¿ªÂ·æ‹‰åˆ‡åˆ—å¤«ã€è¿ˆå…‹å°”Â·å¥¥ç»´èŒ¨ç­‰ç¡…è°·CEOå’ŒæŠ•èµ„äººçš„äº¤å¾€ç»å†ï¼Œä»ä»–ä»¬èº«ä¸Šå­¦åˆ°çš„å®è´µç»éªŒï¼Œä»¥åŠä»–å’Œé©¬å…‹Â·å®‰å¾·æ£®è¿™å¯¹æ‹æ¡£å¦‚ä½•èƒ½å¤Ÿä¸€èµ·å¥‹æ–—è¿‘20å¹´ä»åˆä½œå¾—è¿™ä¹ˆå¥½ã€‚\nã€€ã€€å¤§å¤šæ•°ç®¡ç†ä¹¦éƒ½æ˜¯å‘Šè¯‰ä½ å¦‚ä½•åšæ­£ç¡®çš„äº‹ï¼Œä¸æŠŠäº‹æƒ…æç ¸ï¼Œè€Œæœ¬Â·éœæ´›ç»´èŒ¨è¿˜ä¼šå‘Šè¯‰ä½ ï¼šå½“äº‹æƒ…å·²ç»æç ¸æ—¶ï¼Œä½ è¯¥æ€ä¹ˆåŠã€‚","tts_switch":0,"merchant_id":10000,"contract_number":"","online_time":0,"b_special_price":"0","current_price":"18.00","b_special_price_stime":1514736000,"b_special_price_etime":1514736000,"is_buy":false,"current_timestamp":1558440305,"chapter_list":null,"is_trial":true,"is_tts_switch":false,"log_id":"44","log_type":"ebook","read_progress":0,"reading_title":"","original_price":"18.00","special_offer_status":0,"page_num":0,"author_list":["[ç¾] æœ¬Â·éœæ´›ç»´èŒ¨ ","ç¬¬ä¸€ä½œè€…","ç¬¬äºŒä½œè€…"],"can_trial_read":true,"reading_word_count":0,"reading_word_token":"eyJ0ayI6IllLU1F6VFFkc0ZuYkZiMldWNyszNGdUUTBhUUlBMC9SeWpMRFNUeUg2TFBTc2JEKzRtcUhkc0xhU2lpanQ5cUpLTEVUc3dDc2Q3dlFKZDc4S1U4VEpHZ3FGZDJLWVJzR29mZ2pScTBIQ2tUVWppWFBtZGFsOS9yWmtudStxYW96ci9Da3UyV2hQTFI5L1hjS1JXYXpQSTFjRC95YXZ5M0w4c2I2d2JpdDlWbz0iLCJ2IjoxfQ==","trial_read_proportion":"0.0000","authors":null,"with_video":false,"b_package_end_time":"","b_package_price":"0.00","b_package_start_time":""}},{"productId":45,"trackinfo":"request_id#ca23433159c04651babf883da102e21a^^match_type#0^^score#0^^bucket_Id#0^^rank#4^^productId#45^^topicId#45^^productType#2^^isBak#2^^articleId#0^^type#2","detail":{"id":45,"title":"","style":1,"type":1,"class":0,"sub_class":0,"author":"","cover":"http://piccdn.igetget.com/img/201607/21/201607211219231549498678.jpg","banner":"","count":0,"price":"40.80","status":1,"epub":"2019","sell_count":351,"sell_seven_day":11,"operating_title":"åè„†å¼±","short_title":"","integral":0,"other_content":"","other_share_title":"åœ¨å……æ»¡ä¸ç¡®å®šæ€§çš„æœªæ¥ï¼ŒçœŸæ­£æœ‰æ•ˆçš„æ€ç»´æ–¹å¼é•¿å•¥æ ·ï¼Ÿ","other_share_summary":"äººç±»æ­£åœ¨è¿ˆå…¥ä¸€ä¸ªå……æ»¡ä¸ç¡®å®šæ€§çš„æœªæ¥ï¼Œåœ¨é‚£é‡Œï¼Œç°æœ‰çš„ç¡®å®šæ€§ç†è®ºå¿…å°†å´©è§£ã€‚è€Œè¿™æœ¬ä¹¦ï¼Œæ— ç–‘æ˜¯é‚£ä¸ªæ—¶ä»£çš„ç»ˆæç”Ÿå­˜æŒ‡å—ã€‚","other_data":"","top":0,"datetime":"","uptime":"","author_info":"","book_name":"ã€Šåè„†å¼±ã€‹","book_author":"","press":"","publish_time":"1900-01-20","catalog":"","catalog_list":[{"level":0,"text":"å°é¢","href":"Text/cover.xhtml","playOrder":0},{"level":0,"text":"å¼•è¨€","href":"Text/chapter2.xhtml","playOrder":1},{"level":1,"text":"åšå®¢ä¸ç“¶è£…æ°´æœ‰ä½•å…±åŒç‚¹ï¼Ÿ","href":"Text/chapter2.xhtml#sigil_toc_id_1","playOrder":2},{"level":1,"text":"è§£æ”¾æˆ‘ä»¬çš„å­©å­","href":"Text/chapter2.xhtml#sigil_toc_id_2","playOrder":3},{"level":0,"text":"ç¬¬ä¸€ç«  æˆ‘ä»¬åªæ˜¯æƒ³å¸®å¿™","href":"Text/chapter3.xhtml","playOrder":4},{"level":1,"text":"å‡å¦‚ä½ æ˜¯ææ€–åˆ†å­ï¼Œä½ ä¼šå¦‚ä½•ç­–åˆ’è¢­å‡»ï¼Ÿ","href":"Text/chapter3.xhtml#sigil_toc_id_3","playOrder":5},{"level":1,"text":"ææ€–ä¸»ä¹‰ç»­ç¯‡","href":"Text/chapter3.xhtml#sigil_toc_id_4","playOrder":6},{"level":1,"text":"â€œç¨åŠ¡æˆ˜äº‰â€å¯å¦ï¼Ÿ","href":"Text/chapter3.xhtml#sigil_toc_id_5","playOrder":7},{"level":1,"text":"å‡å¦‚å…¬ç«‹å›¾ä¹¦é¦†æœ¬ä¸å­˜åœ¨ï¼Œå¦‚ä»Šè¿˜åŠå¾—èµ·æ¥å—ï¼Ÿ","href":"Text/chapter3.xhtml#sigil_toc_id_6","playOrder":8},{"level":1,"text":"åºŸé™¤ç»ˆèº«æ•™èŒå§ï¼ˆåŒ…æ‹¬æˆ‘çš„ï¼‰","href":"Text/chapter3.xhtml#sigil_toc_id_7","playOrder":9},{"level":1,"text":"ä¸ºä½•ç©ºä¹˜äººå‘˜ä¸æ”¶å°è´¹ï¼Ÿ","href":"Text/chapter3.xhtml#sigil_toc_id_8","playOrder":10},{"level":1,"text":"æƒ³è§£å†³çº½çº¦çš„ç©ºä¸­äº¤é€šæ‹¥å µé—®é¢˜ï¼Ÿå…³æ‰æ‹‰ç“œè¿ªäºšæœºåœº","href":"Text/chapter3.xhtml#sigil_toc_id_9","playOrder":11},{"level":1,"text":"ä¸ºä½•æ¢å¤å…µå½¹åˆ¶åº¦æ˜¯ä¸‹ä¸‹ç­–","href":"Text/chapter3.xhtml#sigil_toc_id_10","playOrder":12},{"level":1,"text":"ä¸€é¡¹å¸®åŠ©æ”¹å–„è‹±å›½å›½å®¶åŒ»ç–—æœåŠ¡ä½“ç³»çš„é­”é¬¼ç»æµå­¦æè®®","href":"Text/chapter3.xhtml#sigil_toc_id_11","playOrder":13},{"level":1,"text":"æ°‘ä¸»çš„æ›¿ä»£æ–¹æ¡ˆï¼Ÿ","href":"Text/chapter3.xhtml#sigil_toc_id_12","playOrder":14},{"level":1,"text":"ä¸ºæ”¿å®¢åŠ è–ªæ˜¯å¦èƒ½å¸å¼•æ›´ä¼˜ç§€çš„æ”¿å®¢ï¼Ÿ","href":"Text/chapter3.xhtml#sigil_toc_id_13","playOrder":15},{"level":0,"text":"ç¬¬äºŒç«  æ‰‹æ·«è€…æ—ä¼¯ç¿°ä¸ç¾æ˜ŸéŸ¦æ©","href":"Text/chapter4.xhtml","playOrder":16},{"level":1,"text":"ä¸‹æ¬¡ä½ çš„å¥³å„¿æŠŠæ–°ç”·å‹å¸¦å›å®¶ï¼Œä¸€å®šè¦é—®ä»–ä¸­é—´åå«ä»€ä¹ˆ","href":"Text/chapter4.xhtml#sigil_toc_id_14","playOrder":17},{"level":1,"text":"æ‘©æ ¹æ®¿ä¸‹","href":"Text/chapter4.xhtml#sigil_toc_id_15","playOrder":18},{"level":1,"text":"æ­¤ååªåº”å¤©ä¸Šæœ‰","href":"Text/chapter4.xhtml#sigil_toc_id_16","playOrder":19},{"level":1,"text":"å©´å„¿èµ·åçš„åµæµ‹æ€§","href":"Text/chapter4.xhtml#sigil_toc_id_17","playOrder":20},{"level":1,"text":"äººå¦‚å…¶åå¤§æ¯”æ‹¼","href":"Text/chapter4.xhtml#sigil_toc_id_18","playOrder":21},{"level":1,"text":"å®£å¸ƒâ€œäººå¦‚å…¶åæ¯”èµ›â€è·å¥–è€…","href":"Text/chapter4.xhtml#sigil_toc_id_19","playOrder":22},{"level":2,"text":"æ‰‹æ·«è€…æ—ä¼¯ç¿°[7]","href":"Text/chapter4.xhtml#sigil_toc_id_20","playOrder":23},{"level":2,"text":"æ®¡ä»ªé¦†é¦†é•¿è‰¾è‚¯ä¼¯é‡Œ","href":"Text/chapter4.xhtml#sigil_toc_id_21","playOrder":24},{"level":2,"text":"ä¿é™©å‘˜è´¾æ–¯å»·Â·å‡¯æ–¯[12]","href":"Text/chapter4.xhtml#sigil_toc_id_22","playOrder":25},{"level":2,"text":"æ‰“ç¢é“¶ç‰™","href":"Text/chapter4.xhtml#sigil_toc_id_23","playOrder":26},{"level":0,"text":"ç¬¬ä¸‰ç«  é«˜æ²¹ä»·ä¸‡å²ï¼","href":"Text/chapter5.xhtml","playOrder":27},{"level":1,"text":"æœ‰äººå¯¹æˆ‘çš„æ†æ¨å€¼5ç¾å…ƒ","href":"Text/chapter5.xhtml#sigil_toc_id_24","playOrder":28},{"level":1,"text":"æ¯’è´©è‹¥èƒ½å‘æ²ƒå°”æ ¼æ—å–ç»ï¼Œä¸€å®šèƒ½å¤§å‘å…¶è´¢","href":"Text/chapter5.xhtml#sigil_toc_id_25","playOrder":29},{"level":1,"text":"æ–°è½¦çš„å‰æˆ","href":"Text/chapter5.xhtml#sigil_toc_id_26","playOrder":30},{"level":1,"text":"2500ä¸‡ç¾å…ƒæ²¡é—¨ï¼Œä½†5000ä¸‡ç¾å…ƒå¯ä»¥è€ƒè™‘","href":"Text/chapter5.xhtml#sigil_toc_id_27","playOrder":31},{"level":1,"text":"ç™¾äº‹æ„¿æ„èŠ±å¤šå°‘é’±æ”¶ä¹°å¯å£å¯ä¹çš„ç§˜æ–¹ï¼Ÿ","href":"Text/chapter5.xhtml#sigil_toc_id_28","playOrder":32},{"level":1,"text":"æˆ‘ä»¬èƒ½å¦ç«‹åˆ»å–ç¼”ç¾åˆ†å¸ï¼Ÿ","href":"Text/chapter5.xhtml#sigil_toc_id_29","playOrder":33},{"level":2,"text":"æ–°æ³•æ¡ˆå°†å–ç¼”ç¾åˆ†å¸","href":"Text/chapter5.xhtml#sigil_toc_id_30","playOrder":34},{"level":2,"text":"æ¥ä¸‹æ¥æ˜¯ä»€ä¹ˆï¼Ÿå°ç‹—å´½å’Œå½©è™¹ä¹Ÿè¦å–ç¼”å—ï¼Ÿ","href":"Text/chapter5.xhtml#sigil_toc_id_31","playOrder":35},{"level":1,"text":"é­”é¬¼è®¡åˆ’ç”Ÿè‚²å­¦ï¼","href":"Text/chapter5.xhtml#sigil_toc_id_32","playOrder":36},{"level":1,"text":"7200äº¿ç¾å…ƒé—å¤±ï¼Œæ‹¾åˆ°è€…è¯·å½’è¿˜å¤±ä¸»ï¼Œç°é‡‘ä¸ºå®œ","href":"Text/chapter5.xhtml#sigil_toc_id_33","playOrder":37},{"level":1,"text":"åŠ æ‹¿å¤§çš„è‰ºæœ¯æµè¡Œä¹æ­Œæ‰‹ä¸ç™¾å‰é¥¼ç”Ÿæ„äººæœ‰ä½•å…±åŒç‚¹ï¼Ÿ","href":"Text/chapter5.xhtml#sigil_toc_id_34","playOrder":38},{"level":1,"text":"ç®€Â·å¸Œå¸ƒä¸½çš„ä¸¥å‰è°´è´£","href":"Text/chapter5.xhtml#sigil_toc_id_35","playOrder":39},{"level":1,"text":"è¿åŠ¨å‘˜æ„¿æ„ç¼´çº³å¤šå°‘ç¨æ¬¾ï¼Ÿ","href":"Text/chapter5.xhtml#sigil_toc_id_36","playOrder":40},{"level":1,"text":"é¸¡ç¿…å®šä»·","href":"Text/chapter5.xhtml#sigil_toc_id_37","playOrder":41},{"level":1,"text":"å¥‡å¼‚æœä¸ºä»€ä¹ˆè¿™ä¹ˆä¾¿å®œï¼Ÿ","href":"Text/chapter5.xhtml#sigil_toc_id_38","playOrder":42},{"level":1,"text":"å½¼ç‰¹Â·ç½—æ–¯[18]æŒ‡ç‚¹åŸºæœ¬ç»æµå­¦ä¹‹é“","href":"Text/chapter5.xhtml#sigil_toc_id_39","playOrder":43},{"level":1,"text":"ä½†æ„¿ä¸Šå¸ä¹Ÿæœ‰ä¼ä¸šèµåŠ©â€¦â€¦","href":"Text/chapter5.xhtml#sigil_toc_id_40","playOrder":44},{"level":1,"text":"è¨ä¼¦ä¼¯æ ¼æœºé•¿æƒ³è¯´ï¼ˆå´ç¢äºæƒ…é¢æœªè¯´ï¼‰çš„è¯","href":"Text/chapter5.xhtml#sigil_toc_id_41","playOrder":45},{"level":1,"text":"é«˜æ²¹ä»·ä¸‡å²ï¼","href":"Text/chapter5.xhtml#sigil_toc_id_42","playOrder":46},{"level":0,"text":"ç¬¬å››ç«  ç«çŒœ","href":"Text/chapter6.xhtml","playOrder":47},{"level":1,"text":"ä½•ä¸ºä¸–ä¸Šæœ€æ˜“ä¸Šç˜¾ä¹‹ç‰©ï¼Ÿ","href":"Text/chapter6.xhtml#sigil_toc_id_43","playOrder":48},{"level":1,"text":"ä¸€æ¬¡æ¨ç‰¹ç«çŒœçš„æ„å¤–åæœ","href":"Text/chapter6.xhtml#sigil_toc_id_44","playOrder":49},{"level":1,"text":"ç«çŒœï¼šç¾å›½çš„å…­å­—ç®´è¨€ï¼Ÿ","href":"Text/chapter6.xhtml#sigil_toc_id_45","playOrder":50},{"level":0,"text":"ç¬¬äº”ç«  å¦‚ä½•æäººå¿§å¤©","href":"Text/chapter7.xhtml","playOrder":51},{"level":1,"text":"å","href":"Text/chapter7.xhtml#sigil_toc_id_46","playOrder":52},{"level":1,"text":"äº¤é€šéƒ¨é•¿å¯¹æœ¬äººå„¿ç«¥å®‰å…¨åº§æ¤…ç ”ç©¶çš„å›åº”","href":"Text/chapter7.xhtml#sigil_toc_id_47","playOrder":53},{"level":1,"text":"å®‰å…¨é˜²æŠ¤è¿‡å½“ä¹‹æ¢å°¿å¸ƒç¯‡","href":"Text/chapter7.xhtml#sigil_toc_id_48","playOrder":54},{"level":1,"text":"æœ€æ–°çš„ææ€–ä¸»ä¹‰å¨èƒ","href":"Text/chapter7.xhtml#sigil_toc_id_49","playOrder":55},{"level":1,"text":"â€œçŸ³æ²¹å³°å€¼â€ï¼šæ¬¢è¿æ¬£èµåª’ä½“çš„æ–°ç‰ˆé²¨é±¼è¢­å‡»","href":"Text/chapter7.xhtml#sigil_toc_id_50","playOrder":56},{"level":1,"text":"çŸ³æ²¹å³°å€¼çš„èµŒçº¦","href":"Text/chapter7.xhtml#sigil_toc_id_51","playOrder":57},{"level":1,"text":"è‚¥èƒ–ç—‡æ˜¯å¦è‡´å‘½ï¼Ÿ","href":"Text/chapter7.xhtml#sigil_toc_id_52","playOrder":58},{"level":1,"text":"ä¸¹å°¼å°”Â·å¡å°¼æ›¼çš„é—®ç­”æ´»åŠ¨","href":"Text/chapter7.xhtml#sigil_toc_id_53","playOrder":59},{"level":1,"text":"ç§‘æŠ€çš„å±å®³ä¹‹iPadç¯‡","href":"Text/chapter7.xhtml#sigil_toc_id_54","playOrder":60},{"level":1,"text":"è¿™å°±æ˜¯æˆ‘æ‰€è°“çš„è§„é¿é£é™©","href":"Text/chapter7.xhtml#sigil_toc_id_55","playOrder":61},{"level":1,"text":"æ‰“å‡»ç½‘ä¸Šæ‰‘å…‹ä¸ºä½•æœ‰é”™çš„å››ç‚¹åŸå› ","href":"Text/chapter7.xhtml#sigil_toc_id_56","playOrder":62},{"level":1,"text":"æ€¯ç”Ÿçš„ä»£ä»·","href":"Text/chapter7.xhtml#sigil_toc_id_57","playOrder":63},{"level":0,"text":"ç¬¬å…­ç«  æ²¡æœ‰ä½œå¼Šï¼Œå°±æ„å‘³ç€æ²¡æœ‰åŠªåŠ›","href":"Text/chapter8.xhtml","playOrder":64},{"level":1,"text":"æ¬ºä¸–ç›—å","href":"Text/chapter8.xhtml#sigil_toc_id_58","playOrder":65},{"level":1,"text":"ä½ ä¸ºä½•æ’’è°ï¼Ÿè‡ªæˆ‘ç”³æŠ¥çš„å±å®³","href":"Text/chapter8.xhtml#sigil_toc_id_59","playOrder":66},{"level":1,"text":"å¦‚ä½•åœ¨å­Ÿä¹°ç«è½¦ç³»ç»Ÿä¸­é€ƒç¥¨","href":"Text/chapter8.xhtml#sigil_toc_id_60","playOrder":67},{"level":1,"text":"é‚®å±€ä¸ºä½•ä¼šé‚®é€’æœªè´´é‚®ç¥¨çš„é‚®ä»¶ï¼Ÿ","href":"Text/chapter8.xhtml#sigil_toc_id_61","playOrder":68},{"level":1,"text":"ä»ä¼—å¿ƒç†ï¼Ÿä¸Šå…¬è½¦çš„é­”é¬¼ç»æµå­¦","href":"Text/chapter8.xhtml#sigil_toc_id_62","playOrder":69},{"level":1,"text":"ä¼ªè‡ªä¼ çš„å®éªŒ","href":"Text/chapter8.xhtml#sigil_toc_id_63","playOrder":70},{"level":1,"text":"ä½œå¼Šåäººå ‚çš„æ–°æ™‹å…¥é€‰è€…","href":"Text/chapter8.xhtml#sigil_toc_id_64","playOrder":71},{"level":1,"text":"ä½œå¼Šæ˜¯å¦æœ‰ç›Šäºä½“è‚²ï¼Ÿ","href":"Text/chapter8.xhtml#sigil_toc_id_65","playOrder":72},{"level":1,"text":"æˆ‘ä»¬æ˜¯å¦åº”è¯¥å¯¹æœç”¨ç¦è¯çš„ç¯æ³•è½¦æ‰‹é‡‡å–æ”¾ä»»æ€åº¦ï¼Ÿ","href":"Text/chapter8.xhtml#sigil_toc_id_66","playOrder":73},{"level":1,"text":"å¦‚ä½•ä¸¥è‚ƒæ‰“å‡»ç±»å›ºé†‡ï¼Ÿ","href":"Text/chapter8.xhtml#sigil_toc_id_67","playOrder":74},{"level":1,"text":"å¦‚ä½•æ‰èƒ½ä¸ä½œå¼Š","href":"Text/chapter8.xhtml#sigil_toc_id_68","playOrder":75},{"level":1,"text":"ç»å¯¹æ‰‘å…‹ä½œå¼Šä¸‘é—»è¢«æ›å…‰","href":"Text/chapter8.xhtml#sigil_toc_id_69","playOrder":76},{"level":1,"text":"é€ƒç¨è¿˜æ˜¯ç¨ç›²ï¼Ÿ","href":"Text/chapter8.xhtml#sigil_toc_id_70","playOrder":77},{"level":1,"text":"åç››é¡¿çš„â€œå°–å­å­¦æ ¡â€æ˜¯å¦æœ‰è¿‡ä½œå¼Šæƒ…å½¢ï¼Ÿ","href":"Text/chapter8.xhtml#sigil_toc_id_71","playOrder":78},{"level":1,"text":"ä»é“è·¯ä¸æ–‡æ˜è¡Œä¸ºä¸­è°‹åˆ©","href":"Text/chapter8.xhtml#sigil_toc_id_72","playOrder":79},{"level":0,"text":"ç¬¬ä¸ƒç«  ä½†è¿™æ˜¯å¦æœ‰ç›Šäºåœ°çƒï¼Ÿ","href":"Text/chapter9.xhtml","playOrder":80},{"level":1,"text":"æ¿’å±ç‰©ç§æ³•æ˜¯å¦å¯¹æ¿’å±ç‰©ç§æœ‰å®³ï¼Ÿ","href":"Text/chapter9.xhtml#sigil_toc_id_73","playOrder":81},{"level":1,"text":"è¦ç¯ä¿ï¼Œå¤šå¼€è½¦","href":"Text/chapter9.xhtml#sigil_toc_id_74","playOrder":82},{"level":1,"text":"æˆ‘ä»¬çœŸçš„éœ€è¦å‡ åäº¿åœŸé£Ÿè€…[1]å—ï¼Ÿ","href":"Text/chapter9.xhtml#sigil_toc_id_75","playOrder":83},{"level":1,"text":"ä»¥ç¯ä¿ä¿ƒæ”¶ç›Š","href":"Text/chapter9.xhtml#sigil_toc_id_76","playOrder":84},{"level":1,"text":"å–ä¸€æ¯æ©™æ±ï¼Œæ‹¯æ•‘ä¸€ç‰‡çƒ­å¸¦é›¨æ—","href":"Text/chapter9.xhtml#sigil_toc_id_77","playOrder":85},{"level":1,"text":"ï¼ˆå¡‘å°ï¼‰è‹¹æœå¦‚ä½•ï¼Ÿ","href":"Text/chapter9.xhtml#sigil_toc_id_78","playOrder":86},{"level":1,"text":"é£Ÿè‚‰ä¸å¯çŸ¥è®ºä¸å…¨çƒå˜æš–ï¼šä¸ºä½•ç¯ä¿ä¸»ä¹‰è€…å¯¹ç…¤ç‚­ç´§è¿½ä¸æ”¾ï¼Œå´å¯¹å¥¶ç‰›ç½‘å¼€ä¸€é¢","href":"Text/chapter9.xhtml#sigil_toc_id_79","playOrder":87},{"level":1,"text":"å˜¿ï¼Œå®è´ï¼Œä½ å¼€çš„æ˜¯æ™®é”æ–¯å—ï¼Ÿ","href":"Text/chapter9.xhtml#sigil_toc_id_80","playOrder":88},{"level":0,"text":"ç¬¬å…«ç«  ç—›å¤±21ç‚¹","href":"Text/chapter10.xhtml","playOrder":89},{"level":1,"text":"æˆ‘å¸Œæœ›è²å°”Â·æˆˆç™»[1]èµ¢å¾—ä¸–ç•Œæ‰‘å…‹å¤§èµ›","href":"Text/chapter10.xhtml#sigil_toc_id_81","playOrder":90},{"level":1,"text":"æ‹‰æ–¯ç»´åŠ æ–¯è§„åˆ™","href":"Text/chapter10.xhtml#sigil_toc_id_82","playOrder":91},{"level":1,"text":"ä¸–ç•Œæ‰‘å…‹å¤§èµ›æœ€æ–°æ¶ˆæ¯ï¼šåˆ—ç»´ç‰¹è¿½å¹³äº†æ°¸è¿œæ— æ³•æ‰“ç ´çš„çºªå½•","href":"Text/chapter10.xhtml#sigil_toc_id_83","playOrder":92},{"level":1,"text":"è·ä¸–ç•Œæ‰‘å…‹å¤§èµ›å†³èµ›åªæœ‰ä¸€å¼ ç‰Œçš„è·ç¦»","href":"Text/chapter10.xhtml#sigil_toc_id_84","playOrder":93},{"level":1,"text":"ä¸ºä½•è¥¿æ´‹åŒé™†æ£‹å¹¶ä¸ç«ï¼Ÿ","href":"Text/chapter10.xhtml#sigil_toc_id_85","playOrder":94},{"level":1,"text":"æˆ‘å…¥å›´é•¿é’å·¡å›èµ›ï¼ˆæˆ–è‡³å°‘èƒ½å°†é«˜å°”å¤«çƒä¸€æ†å‡»å‡ºå¾ˆè¿œï¼‰çš„æ¦‚ç‡æ˜¯å¤šå°‘ï¼Ÿ","href":"Text/chapter10.xhtml#sigil_toc_id_86","playOrder":95},{"level":1,"text":"10000å°æ—¶ä¹‹åï¼šç¾å·¡èµ›ï¼Ÿ","href":"Text/chapter10.xhtml#sigil_toc_id_87","playOrder":96},{"level":1,"text":"åˆ—ç»´ç‰¹å‡†å¤‡å¥½å‚åŠ é•¿é’èµ›äº†","href":"Text/chapter10.xhtml#sigil_toc_id_88","playOrder":97},{"level":1,"text":"æ©„æ¦„çƒè”ç›Ÿä¸­çš„æŸå¤±è§„é¿è¡Œä¸º","href":"Text/chapter10.xhtml#sigil_toc_id_89","playOrder":98},{"level":1,"text":"æ¯”å°”Â·è´åˆ©å¥‡å…‹å¾ˆä¼Ÿå¤§","href":"Text/chapter10.xhtml#sigil_toc_id_90","playOrder":99},{"level":1,"text":"ä¸»åœºä¼˜åŠ¿æœ‰å¤šå¤§ï¼ŸåŸå› ä½•åœ¨ï¼Ÿ","href":"Text/chapter10.xhtml#sigil_toc_id_91","playOrder":100},{"level":1,"text":"å–œæ¬¢åŒ¹å…¹å ¡é’¢äººé˜Ÿçš„10ä¸ªç†ç”±","href":"Text/chapter10.xhtml#sigil_toc_id_92","playOrder":101},{"level":1,"text":"ä¸€å¹´çº§æ•°æ®æœé›†æ§çš„äº§ç”Ÿ","href":"Text/chapter10.xhtml#sigil_toc_id_93","playOrder":102},{"level":1,"text":"ä¸€å¹´ä¸€åº¦çš„è‚¯å¡”åŸºå¾·æ¯”[28]é¢„æµ‹","href":"Text/chapter10.xhtml#sigil_toc_id_94","playOrder":103},{"level":1,"text":"æ‰€å¹¸æ— äººå…³æ³¨","href":"Text/chapter10.xhtml#sigil_toc_id_95","playOrder":104},{"level":0,"text":"ç¬¬ä¹ç«  ä½•æ—¥å®œæŠ¢é“¶è¡Œ","href":"Text/chapter11.xhtml","playOrder":105},{"level":1,"text":"ä½•æ—¥å®œæŠ¢é“¶è¡Œ","href":"Text/chapter11.xhtml#sigil_toc_id_96","playOrder":106},{"level":1,"text":"ä¸­å›½çš„å®é™…çŠ¯ç½ªç‡æ˜¯å¤šå°‘ï¼Ÿ","href":"Text/chapter11.xhtml#sigil_toc_id_97","playOrder":107},{"level":1,"text":"åˆ‡å‹¿æé†’ç½ªçŠ¯ä»–ä»¬æ˜¯ç½ªçŠ¯","href":"Text/chapter11.xhtml#sigil_toc_id_98","playOrder":108},{"level":1,"text":"çœŸæ­£çš„ç½ªçŠ¯å¦‚ä½•è¯„ä»·ã€Šç«çº¿é‡æ¡ˆç»„ã€‹ï¼Ÿ","href":"Text/chapter11.xhtml#sigil_toc_id_99","playOrder":109},{"level":1,"text":"å¸®æ´¾ç¨","href":"Text/chapter11.xhtml#sigil_toc_id_100","playOrder":110},{"level":1,"text":"ä¸è¦æŠŠèœçƒ§ç³Š","href":"Text/chapter11.xhtml#sigil_toc_id_101","playOrder":111},{"level":1,"text":"ä¸Šä¸€æ¬¡æœ‰äººå¯¹è¿™äº›é—®é¢˜ç»™å‡ºè‚¯å®šå›ç­”æ˜¯ä»€ä¹ˆæ—¶å€™ï¼Ÿ","href":"Text/chapter11.xhtml#sigil_toc_id_102","playOrder":112},{"level":1,"text":"æ™®æ‹‰å…‹è¥¿å…‹Â·ä¼¯é›·æ–¯æ˜¯å¦æ˜¯å¼‚ç±»ï¼Ÿ","href":"Text/chapter11.xhtml#sigil_toc_id_103","playOrder":113},{"level":1,"text":"éœ‡æ…‘çŠ¯ç½ªè¿˜æ˜¯é™¤æ‰æ­»æ•Œï¼Ÿ","href":"Text/chapter11.xhtml#sigil_toc_id_104","playOrder":114},{"level":1,"text":"åºŸé™¤åç››é¡¿æªæ”¯ç¦ä»¤ï¼Ÿå°äº‹ä¸€æ¡©","href":"Text/chapter11.xhtml#sigil_toc_id_105","playOrder":115},{"level":1,"text":"å‡å°‘æªæ€æ¡ˆçš„æœ€ä½³é€”å¾„æ˜¯ä»€ä¹ˆï¼Ÿ","href":"Text/chapter11.xhtml#sigil_toc_id_106","playOrder":116},{"level":1,"text":"æˆ‘é™©äº›è¢«é€è¿›å…³å¡”é‚£æ‘©","href":"Text/chapter11.xhtml#sigil_toc_id_107","playOrder":117},{"level":1,"text":"å¥‡é—»å¼‚äº‹ï¼šNBC[4]ä¹°ä¸‹é­”é¬¼ç»æµå­¦é£æ ¼çš„è­¦åŒªå‰§","href":"Text/chapter11.xhtml#sigil_toc_id_108","playOrder":118},{"level":0,"text":"ç¬¬åç«  æ€§äº‹å®œå¤šè°ˆï¼Œæˆ‘ä»¬å¯æ˜¯ç»æµå­¦å®¶","href":"Text/chapter12.xhtml","playOrder":119},{"level":1,"text":"é‡å¤§æ–°é—»ï¼šè¶³çƒè¿·å¹¶ä¸å¦‚äººä»¬ä»å‰ä»¥ä¸ºçš„é‚£æ ·å¥½è‰²","href":"Text/chapter12.xhtml#sigil_toc_id_109","playOrder":120},{"level":1,"text":"æƒŠä¸–éª‡ä¿—çš„æè®®ï¼šè¯¥æ”¶æ€§äº¤ç¨äº†ï¼Ÿ","href":"Text/chapter12.xhtml#sigil_toc_id_110","playOrder":121},{"level":1,"text":"æ€§äº‹å®œå¤šè°ˆï¼Œæˆ‘ä»¬å¯æ˜¯ç»æµå­¦å®¶","href":"Text/chapter12.xhtml#sigil_toc_id_111","playOrder":122},{"level":1,"text":"æˆ‘æ˜¯é«˜çº§åº”å¬å¥³éƒï¼Œæˆ‘çŸ¥æ— ä¸ç­”","href":"Text/chapter12.xhtml#sigil_toc_id_112","playOrder":123},{"level":1,"text":"é­”é¬¼ç»æµå­¦å¹¿æ’­è§æˆæ•ˆäº†","href":"Text/chapter12.xhtml#sigil_toc_id_113","playOrder":124},{"level":0,"text":"ç¬¬åä¸€ç«  ä¸‡èŠ±ç­’","href":"Text/chapter13.xhtml","playOrder":125},{"level":1,"text":"è‚¯å¾·åŸºæ’é˜Ÿæœ‰æ„Ÿ","href":"Text/chapter13.xhtml#sigil_toc_id_114","playOrder":126},{"level":1,"text":"ã€Šæ¯æ—¥ç§€ã€‹[1]è®¿åæ„Ÿ","href":"Text/chapter13.xhtml#sigil_toc_id_115","playOrder":127},{"level":1,"text":"ç‰™åŒ»çš„æ™ºæ…§","href":"Text/chapter13.xhtml#sigil_toc_id_116","playOrder":128},{"level":1,"text":"è¿™ä¹ˆå¤šç‹—å±æ˜¯æ€ä¹ˆå›äº‹ï¼Ÿ","href":"Text/chapter13.xhtml#sigil_toc_id_117","playOrder":129},{"level":1,"text":"å¦‚æœå¥¥å·´é©¬çš„ä»æ”¿æ‰èƒ½å¯ä»¥åŒ¹æ•Œå…¶æ–‡é‡‡ï¼Œä»–å¾ˆå¿«ä¼šå½“é€‰æ€»ç»Ÿ","href":"Text/chapter13.xhtml#sigil_toc_id_118","playOrder":130},{"level":1,"text":"åŒ»å­¦ä¸æ•°æ®ä¸å¯æ··è°ˆ","href":"Text/chapter13.xhtml#sigil_toc_id_119","playOrder":131},{"level":1,"text":"å¦‚æœä½ å–œæ¬¢æ¶ä½œå‰§â€¦â€¦","href":"Text/chapter13.xhtml#sigil_toc_id_120","playOrder":132},{"level":1,"text":"ä»ä¼˜ç§€åˆ°å“è¶Šâ€¦â€¦åˆ°ä¸åŠæ ¼","href":"Text/chapter13.xhtml#sigil_toc_id_121","playOrder":133},{"level":1,"text":"æ”¾ä¸Šå¸ä¸€é©¬","href":"Text/chapter13.xhtml#sigil_toc_id_122","playOrder":134},{"level":1,"text":"æˆ‘ä¸ºä½•å–œæ¬¢å†™ç»æµå­¦å®¶","href":"Text/chapter13.xhtml#sigil_toc_id_123","playOrder":135},{"level":1,"text":"å½“å¥³å„¿æ¶ˆæ®’","href":"Text/chapter13.xhtml#sigil_toc_id_124","playOrder":136},{"level":1,"text":"ç³è¾¾Â·åˆ—ç»´ç‰¹Â·é‡‘æ–¯ï¼ˆ1962â€”â€”2012å¹´ï¼‰","href":"Text/chapter13.xhtml#sigil_toc_id_125","playOrder":137},{"level":0,"text":"ç¬¬åäºŒç«  ä¸€æ—¥ç«ç®­â€¦â€¦[1]","href":"Text/chapter14.xhtml","playOrder":138},{"level":1,"text":"æ¨é”€ä¸€ç½å©´å„¿é…æ–¹å¥¶ç²‰éœ€è¦å¤šå°‘åä¸­å›½å·¥äººï¼Ÿ","href":"Text/chapter14.xhtml#sigil_toc_id_126","playOrder":139},{"level":1,"text":"ä¸ºä½•åŠ¨ç”»ç‰‡è¦ç”¨åäººé…éŸ³ï¼Ÿ","href":"Text/chapter14.xhtml#sigil_toc_id_127","playOrder":140},{"level":1,"text":"ä¸ºä½•è¦ä¸ºå˜è´¨çš„é¸¡è‚‰èŠ±36.09ç¾å…ƒï¼Ÿ","href":"Text/chapter14.xhtml#sigil_toc_id_128","playOrder":141},{"level":1,"text":"è¯·åŠ æ²¹ï¼","href":"Text/chapter14.xhtml#sigil_toc_id_129","playOrder":142},{"level":1,"text":"æµ·ç›—ç»æµå­¦æ¦‚è¦","href":"Text/chapter14.xhtml#sigil_toc_id_130","playOrder":143},{"level":1,"text":"æœ‰å½¢ä¹‹æ‰‹","href":"Text/chapter14.xhtml#sigil_toc_id_131","playOrder":144},{"level":1,"text":"ç”µè§†çš„é»‘ç™½ä¹‹åˆ†","href":"Text/chapter14.xhtml#sigil_toc_id_132","playOrder":145},{"level":2,"text":"ç™½äººç”µè§†å‰§åä½³ï¼š","href":"Text/chapter14.xhtml#sigil_toc_id_133","playOrder":146},{"level":2,"text":"é»‘äººç”µè§†å‰§åä½³ï¼š","href":"Text/chapter14.xhtml#sigil_toc_id_134","playOrder":147},{"level":1,"text":"ä½ çš„åˆ©ä»–ä¸»ä¹‰æœ‰å¤šçº¯ç²¹ï¼Ÿ","href":"Text/chapter14.xhtml#sigil_toc_id_135","playOrder":148},{"level":1,"text":"è¡—å¤´æ…ˆå–„ç»æµå­¦","href":"Text/chapter14.xhtml#sigil_toc_id_136","playOrder":149},{"level":2,"text":"æ³°å‹’Â·è€ƒæ©","href":"Text/chapter14.xhtml#sigil_toc_id_137","playOrder":150},{"level":2,"text":"é©¬å…‹Â·åº“ç­","href":"Text/chapter14.xhtml#sigil_toc_id_138","playOrder":151},{"level":2,"text":"å·´å·´æ‹‰Â·åŸƒä¼¦ç†å¥‡","href":"Text/chapter14.xhtml#sigil_toc_id_139","playOrder":152},{"level":2,"text":"çº³è¥¿å§†Â·å°¼å¤æ‹‰æ–¯Â·å¡”å‹’å¸ƒ","href":"Text/chapter14.xhtml#sigil_toc_id_140","playOrder":153},{"level":1,"text":"è´¿èµ‚å„¿ç«¥ç”¨å¿ƒè€ƒè¯•","href":"Text/chapter14.xhtml#sigil_toc_id_141","playOrder":154},{"level":1,"text":"é²‘é±¼å‘³ç¾å¯å£ï¼šè¯±å› ä½œç”¨çš„ä¸€ä¸ªä¾‹å­","href":"Text/chapter14.xhtml#sigil_toc_id_142","playOrder":155},{"level":1,"text":"æ²³è™¾ç»æµå­¦","href":"Text/chapter14.xhtml#sigil_toc_id_143","playOrder":156},{"level":1,"text":"å¥³äººä¸ºä»€ä¹ˆä¸å¹¸ç¦ï¼Ÿ","href":"Text/chapter14.xhtml#sigil_toc_id_144","playOrder":157},{"level":1,"text":"ä½ æ‰€å¾—åˆ°çš„æœ€ä½³å¿ å‘Šæ˜¯ä»€ä¹ˆï¼Ÿ","href":"Text/chapter14.xhtml#sigil_toc_id_145","playOrder":158},{"level":1,"text":"å‡¡äººæ‰€èƒ½ç»™äºˆçš„æœ€é«˜è¤’å¥–","href":"Text/chapter14.xhtml#sigil_toc_id_146","playOrder":159},{"level":0,"text":"é¸£è°¢","href":"Text/chapter15.xhtml","playOrder":160},{"level":0,"text":"ç‰ˆæƒé¡µ","href":"Text/copyright.xhtml#sigil_toc_id_147","playOrder":161}],"book_intro":"åœ¨ã€Šé»‘å¤©é¹…ã€‹ä¸­ï¼Œå¡”å‹’å¸ƒå‘æˆ‘ä»¬æ­ç¤ºäº†æå…¶ç½•è§è€Œä¸å¯é¢„æµ‹çš„äº‹ä»¶å¦‚ä½•æ½œä¼åœ¨ä¸–é—´ä¸‡ç‰©çš„èƒŒåï¼Œè€Œåœ¨ã€Šåè„†å¼±ï¼šä»ä¸ç¡®å®šæ€§ä¸­è·ç›Šã€‹ä¸­ï¼Œä»–æåŠ›ä¸ºä¸ç¡®å®šæ€§æ­£åï¼Œè®©æˆ‘ä»¬çœ‹åˆ°å®ƒæœ‰ç›Šçš„ä¸€é¢ï¼Œç”šè‡³è¯æ˜å…¶å­˜åœ¨çš„å¿…è¦æ€§ï¼Œä»–è¿˜å»ºè®®æˆ‘ä»¬ä»¥åè„†å¼±æ€§çš„æ–¹å¼æ„å»ºäº‹ç‰©ã€‚å€¼å¾—æ³¨æ„çš„æ˜¯ï¼Œåè„†å¼±æ€§æ˜¯ä¸€ä¸ªè¶…è¿‡å¤åŸåŠ›å’Œå¼ºéŸ§æ€§çš„æ¦‚å¿µã€‚å¤åŸåŠ›åªæ˜¯äº‹ç‰©æŠµå¾¡å†²å‡»ï¼Œå¹¶åœ¨é‡åˆ›åå¤åŸçš„èƒ½åŠ›ï¼›è€Œåè„†å¼±æ€§åˆ™è¿›ä¸€æ­¥è¶…è¿‡äº†å¤åŸåŠ›ï¼Œè®©äº‹ç‰©åœ¨å‹åŠ›ä¸‹é€†åŠ¿ç”Ÿé•¿ã€è’¸è’¸æ—¥ä¸Šã€‚\nã€€ã€€æ­¤å¤–ï¼Œåè„†å¼±æ€§èƒ½å¯¹é¢„æµ‹é”™è¯¯å…ç–«ï¼Œä¹Ÿå¯ä»¥å…å—æœ‰å®³äº‹ä»¶çš„å½±å“ã€‚ä¸ºä»€ä¹ˆåŸé‚¦åˆ¶å›½å®¶ä¼˜äºé›†æƒåˆ¶å›½å®¶ï¼Ÿä¸ºä»€ä¹ˆè´Ÿå€ºä¼šç½®ä½ äºä¸åˆ©å¢ƒåœ°ï¼Ÿä¸ºä»€ä¹ˆæˆ‘ä»¬æ‰€è¯´çš„â€œæ•ˆç‡â€å¹¶æœªç»™æˆ‘ä»¬å¸¦æ¥çœŸæ­£çš„æ•ˆç‡ï¼Ÿä¸ºä»€ä¹ˆæ”¿åºœè¡ŒåŠ¨å’Œç¤¾ä¼šæ”¿ç­–æ€»æ˜¯ä¿æŠ¤å¼ºè€…è€Œä¼¤å®³å¼±è€…ï¼Ÿä¸ºä»€ä¹ˆä½ åº”è¯¥åœ¨å¼€å§‹å·¥ä½œå‰å°±å†™å¥½è¾èŒä¿¡ï¼Ÿä¸ºä»€ä¹ˆâ€œæ³°å¦å°¼å…‹â€å·çš„æ²‰æ²¡æŒ½æ•‘äº†æ›´å¤šäººçš„ç”Ÿå‘½ï¼Ÿæœ¬ä¹¦æ¶µç›–äº†è¯¸å¤šè®®é¢˜ï¼ŒåŒ…æ‹¬è¯•é”™æ³•ã€ç”Ÿæ´»ä¸­çš„å†³ç­–ã€æ”¿æ²»ã€åŸå¸‚è§„åˆ’ã€æˆ˜äº‰ã€ä¸ªäººç†è´¢ã€ç»æµä½“ç³»å’ŒåŒ»å­¦é¢†åŸŸã€‚é™¤äº†å¸ƒé²å…‹æ—çš„èƒ–å­æ‰˜å°¼çš„å¸‚äº•æ™ºæ…§ï¼Œæºè‡ªå¤ç½—é©¬ã€å¤å¸Œè…Šã€é—ªç±³ç‰¹ä¸ä¸­ä¸–çºªçš„å£°éŸ³å’Œç»éªŒä¹Ÿå¦‚å†å²é—ç èˆ¬è´¯ç©¿å…¨æ–‡ï¼Œé—ªçƒç€ä»¤äººæ·±çœçš„æ™ºæ…§ä¹‹å…‰ã€‚\nã€€ã€€ã€Šåè„†å¼±ï¼šä»ä¸ç¡®å®šæ€§ä¸­è·ç›Šã€‹æ˜¯å¼•å¯¼æˆ‘ä»¬åœ¨é»‘å¤©é¹…çš„ä¸–ç•Œä¸­æŒç»­ç”Ÿå­˜ä¸‹å»çš„è¡ŒåŠ¨æŒ‡å—ã€‚","tts_switch":0,"merchant_id":1000,"contract_number":"","online_time":0,"b_special_price":"0","current_price":"40.80","b_special_price_stime":1514736000,"b_special_price_etime":1514736000,"is_buy":false,"current_timestamp":1558440305,"chapter_list":null,"is_trial":true,"is_tts_switch":false,"log_id":"45","log_type":"ebook","read_progress":0,"reading_title":"","original_price":"40.80","special_offer_status":0,"page_num":0,"author_list":["","ç¬¬ä¸€ä½œè€…","ç¬¬äºŒä½œè€…"],"can_trial_read":true,"reading_word_count":0,"reading_word_token":"eyJ0ayI6IllLU1F6VFFkc0ZuYkZiMldWNyszNGdSVzloRFdJK09ON05lTmVIWjBKYlF4dHJRVDVsSnJKWm1KVDBveXVaZEc4MExKSGdlNjRZTExEN1lmTDZwYW96aFArcUI3Z3JyTzZKakZrSisremUwd0dNa2Y0WjZUaDhIMDVsUW1ZMXlvb1BjVWVpQjlYK2RaakdlOFcvZXgrSGhiUDBlVnlTMC9RL3QrcCtGemNmWT0iLCJ2IjoxfQ==","trial_read_proportion":"0.0000","authors":null,"with_video":false,"b_package_end_time":"","b_package_price":"0.00","b_package_start_time":""}},{"productId":46,"trackinfo":"request_id#ca23433159c04651babf883da102e21a^^match_type#0^^score#0^^bucket_Id#0^^rank#5^^productId#46^^topicId#46^^productType#2^^isBak#2^^articleId#0^^type#2","detail":{"id":46,"title":"","style":1,"type":1,"class":0,"sub_class":0,"author":"[ç¾] çº³è¥¿å§†Â·å°¼å¤æ‹‰æ–¯Â·å¡”å‹’å¸ƒ ","cover":"http://piccdn.igetget.com/img/201607/21/201607211219235010091750.jpg","banner":"","count":0,"price":"12.99","status":1,"epub":"2019","sell_count":271,"sell_seven_day":11,"operating_title":"é»‘å¤©é¹…","short_title":"","integral":0,"other_content":"","other_share_title":"é¢å¯¹æœªçŸ¥çš„ä¸–ç•Œï¼Œæˆ‘ä»¬åº”æœ‰çš„æ€ç»´å§¿åŠ¿","other_share_summary":"â€œä¸–ç•Œæ˜¯ç”±æç«¯ã€æœªçŸ¥å’Œéå¸¸ä¸å¯èƒ½å‘ç”Ÿçš„äº‹ç‰©ä¸»å¯¼çš„â€ï¼Œé‚£ä¹ˆæˆ‘ä»¬çš„æƒ¯æ€§æ€ç»´æ–¹å¼ï¼Œå¯¹äºæœªçŸ¥çš„äº‹ç‰©ç®€ç›´æ¯«æ— å¸®åŠ©ã€‚","other_data":"","top":0,"datetime":"","uptime":"","author_info":"ã€€çº³è¥¿å§†Â·å°¼å¤æ‹‰æ–¯Â·å¡”å‹’å¸ƒï¼Œå½“å‰ä»¤äººæ•¬ç•çš„é£é™©ç®¡ç†ç†è®ºå­¦è€…ã€‚æ²ƒé¡¿å•†å­¦é™¢ä¼ç®¡ç¡•å£«ï¼Œå·´é»å¤§å­¦åšå£«ï¼Œç›®å‰ä»»çº½çº¦å¤§å­¦ç†å·¥å­¦é™¢æ°å‡ºæ•™æˆã€‚æ›¾åœ¨çº½çº¦å’Œä¼¦æ•¦äº¤æ˜“å¤šç§è¡ç”Ÿæ€§é‡‘èå•†å“ï¼Œä¹Ÿæ›¾åœ¨èŠåŠ å“¥å½“è¿‡è¥ä¸šå…çš„ç‹¬ç«‹äº¤æ˜“å‘˜ã€‚2001å¹´2æœˆæ­£å¼æˆä¸ºè¡ç”Ÿæ€§é‡‘èå•†å“äº¤æ˜“æˆ˜ç•¥åäººå ‚çš„ä¸€å‘˜ã€‚ä»–åœ¨â€œ9Â·11â€ä¹‹å‰å¤§é‡ä¹°å…¥è¡Œæƒä»·æ ¼å¾ˆä½ï¼Œçœ‹ä¼¼æ¯«æ— ä»·å€¼çš„è®¤æ²½æƒè¯ï¼Œç”¨ä¸€ç§ç‹¬ç‰¹çš„æ–¹å¼åšç©ºç¾å›½è‚¡å¸‚ï¼Œç›´åˆ°ææ€–åˆ†å­åŠ«æŒé£æœºæ’å‘çº½çº¦ä¸–è´¸å¤§æ¥¼ï¼Œç”±æ­¤è·åˆ©ä¸°åšï¼Œä¸€ä¸¾æˆåã€‚æ­¤æ¬¡ç¾å›½æ¬¡è´·å±æœºçˆ†å‘ä¹‹å‰ï¼Œä»–åˆå…ˆçŸ¥å…ˆè§‰é‡ä»“åšç©ºï¼Œä»ä¸­è·åˆ©å‡ ç™¾ä¸‡ç¾å…ƒã€‚ä»–çš„ä¸Šä¸€æœ¬ç•…é”€ä¹¦ã€Šé»‘å¤©é¹…çš„ä¸–ç•Œã€‹ï¼ˆFooled by Randomnessï¼‰ä»¥30ç§è¯­è¨€å‡ºç‰ˆã€‚","book_name":"ã€Šé»‘å¤©é¹…ï¼šå¦‚ä½•åº”å¯¹ä¸å¯é¢„çŸ¥çš„æœªæ¥ã€‹","book_author":"[ç¾] çº³è¥¿å§†Â·å°¼å¤æ‹‰æ–¯Â·å¡”å‹’å¸ƒ ","press":"ä¸­ä¿¡å‡ºç‰ˆç¤¾","publish_time":"1900-11-20","catalog":"","catalog_list":[{"level":0,"text":"ç‰ˆæƒä¿¡æ¯","href":"Text/copyright.html","playOrder":1},{"level":0,"text":"è°ˆå¤è®ºä»Šç¬¬ä¸€äºº â€”â€”å¸é©¬è¿å’Œä»–çš„ã€Šå²è®°ã€‹","href":"Text/chapter1.html","playOrder":2},{"level":1,"text":"ä¸€ã€è¢«ä¸‹ç‹±çš„å¤ªå²ä»¤","href":"Text/Section0001.html","playOrder":3},{"level":1,"text":"äºŒã€è‰°éš¾çš„æŠ‰æ‹©","href":"Text/Section0001.html#mllj2","playOrder":4},{"level":1,"text":"ä¸‰ã€ä»è€•è¯»é¾™é—¨åˆ°èµ°è¿›é•¿å®‰","href":"Text/Section0001.html#mllj3","playOrder":5},{"level":1,"text":"å››ã€å£®æ¸¸ä¸‡é‡Œï¼Œè§‚æƒ³å¤ä»Š","href":"Text/Section0001.html#mllj4","playOrder":6},{"level":1,"text":"äº”ã€åšéƒä¸­å®˜çš„åå¹´","href":"Text/Section0001.html#mllj5","playOrder":7},{"level":1,"text":"å…­ã€ä»å°æ³°å±±","href":"Text/Section0001.html#mllj6","playOrder":8},{"level":1,"text":"ä¸ƒã€ç—›è¯‰è¾›é…¸æŠ¥ä»»å®‰","href":"Text/Section0001.html#mllj7","playOrder":9},{"level":1,"text":"å…«ã€â€œæ— éŸµä¹‹ç¦»éªšâ€","href":"Text/Section0001.html#mllj8","playOrder":10},{"level":1,"text":"ä¹ã€â€œå²å®¶ä¹‹ç»å”±â€","href":"Text/Section0001.html#mllj9","playOrder":11},{"level":1,"text":"åã€èº«æ­»ä¹‹è°œ","href":"Text/Section0001.html#mllj10","playOrder":12},{"level":0,"text":"æŠŠè¿‡ç¨‹æ¤å…¥å†å²ä¹¦å†™ã€”1ã€• â€”â€”è®ºå¸é©¬è¿å¯¹ä¸­å›½å†å²ç¼–æ’°å­¦çš„çªç ´","href":"Text/chapter2.html","playOrder":13},{"level":1,"text":"ä¸€","href":"Text/Section0002.html","playOrder":14},{"level":1,"text":"äºŒ","href":"Text/Section0002.html#mllj2","playOrder":15},{"level":1,"text":"ä¸‰","href":"Text/Section0002.html#mllj3","playOrder":16},{"level":1,"text":"å››","href":"Text/Section0002.html#mllj4","playOrder":17},{"level":1,"text":"äº”","href":"Text/Section0002.html#mllj5","playOrder":18},{"level":1,"text":"å…­","href":"Text/Section0002.html#mllj6","playOrder":19},{"level":1,"text":"ä¸ƒ","href":"Text/Section0002.html#mllj7","playOrder":20},{"level":1,"text":"å…«","href":"Text/Section0002.html#mllj8","playOrder":21},{"level":0,"text":"å¤–ä¸€ç¯‡ æ¼«è°ˆè¯»ä¹¦","href":"Text/chapter3.html","playOrder":22},{"level":1,"text":"ä¸€ã€å‰è¨€ï¼šä¹¦è´µç†Ÿè¯»","href":"Text/Section0003.html","playOrder":23},{"level":1,"text":"äºŒã€â€œè¯»ä¹¦é¡»æˆè¯µâ€çš„å¯ç¤º","href":"Text/Section0003.html#mllj2","playOrder":24},{"level":1,"text":"ä¸‰ã€â€œä¸åŠ¨ç¬”å¢¨ä¸ç¿»ä¹¦â€","href":"Text/Section0003.html#mllj3","playOrder":25},{"level":1,"text":"å››ã€ä¸“ä¸€ä¸å–„ç–‘","href":"Text/Section0003.html#mllj4","playOrder":26},{"level":1,"text":"äº”ã€å…¥å‘³è€Œè´µè‡ªå¾—","href":"Text/Section0003.html#mllj5","playOrder":27}],"book_intro":"åœ¨å‘ç°æ¾³å¤§åˆ©äºšçš„é»‘å¤©é¹…ä¹‹å‰ï¼Œæ¬§æ´²äººè®¤ä¸ºå¤©é¹…éƒ½æ˜¯ç™½è‰²çš„ï¼Œâ€œé»‘å¤©é¹…â€æ›¾ç»æ˜¯ä»–ä»¬è¨€è°ˆä¸å†™ä½œä¸­çš„æƒ¯ç”¨è¯­ï¼Œç”¨æ¥æŒ‡ä¸å¯èƒ½å­˜åœ¨çš„äº‹ç‰©ï¼Œä½†è¿™ä¸ªä¸å¯åŠ¨æ‘‡çš„ä¿¡å¿µéšç€é»‘å¤©é¹…çš„å‡ºç°è€Œå´©æºƒã€‚\nã€€ã€€é»‘å¤©é¹…çš„å­˜åœ¨å¯“ç¤ºç€ä¸å¯é¢„æµ‹çš„é‡å¤§ç¨€æœ‰äº‹ä»¶ï¼Œå®ƒåœ¨æ„æ–™ä¹‹å¤–ï¼Œå´åˆæ”¹å˜ä¸€åˆ‡ï¼Œä½†äººä»¬æ€»æ˜¯å¯¹å®ƒè§†è€Œä¸è§ï¼Œå¹¶ä¹ æƒ¯äºä»¥è‡ªå·±æœ‰é™çš„ç”Ÿæ´»ç»éªŒå’Œä¸å ªä¸€å‡»çš„ä¿¡å¿µæ¥è§£é‡Šè¿™äº›æ„æ–™ä¹‹å¤–çš„é‡å¤§å†²å‡»ï¼Œæœ€ç»ˆè¢«ç°å®å‡»æºƒã€‚\nã€€ã€€ä»æ¬¡è´·å±æœºåˆ°ä¸œå—äºšæµ·å•¸ï¼Œä»â€œ9.11â€äº‹ä»¶åˆ°â€œæ³°å¦å°¼å…‹å·â€çš„æ²‰æ²¡ï¼Œé»‘å¤©é¹…å­˜åœ¨äºå„ä¸ªé¢†åŸŸï¼Œæ— è®ºé‡‘èå¸‚åœºã€å•†ä¸šã€ç»æµè¿˜æ˜¯ä¸ªäººç”Ÿæ´»ï¼Œéƒ½é€ƒä¸è¿‡å®ƒçš„æ§åˆ¶ã€‚æ€æ ·æ‰èƒ½çœŸæ­£è®¤è¯†è¿™ä¸ªç¤¾ä¼šçš„è¿è¡Œæ–¹å¼ï¼Ÿæ€æ ·æ‰èƒ½é¿å…å°æ¦‚ç‡äº‹ä»¶å¸¦æ¥çš„é‡å¤§æŸå¤±ï¼Ÿæ€æ ·æ‰èƒ½åœ¨ä¸ç¡®å®šçš„ä¸–ç•Œä¸­å å¾—å…ˆæœºï¼Ÿå‡çº§ç‰ˆæ–°å¢ä½œè€…å…¨æ–°åè®°ï¼Œæ·±å…¥åˆ†æä¸ç¡®å®šæ€§å¸¦ç»™æˆ‘ä»¬çš„å½±å“ï¼Œæ•™ä½ ä»¥å…¨æ–°çš„è§†è§’ç†è§£ç°å®ä¸–ç•Œï¼Œé‡‡å–æœ‰æ•ˆçš„ç­–ç•¥é˜²èŒƒæœªçŸ¥é£é™©ï¼Œå¹¶æŠŠæ¡é»‘å¤©é¹…å¸¦æ¥çš„æœºä¼šï¼Œä»ä¸­å—ç›Šã€‚æ¯‹åº¸ç½®ç–‘ï¼Œå®ƒå°†é¢ è¦†æˆ‘ä»¬æƒ¯å¸¸çš„æ€ç»´ï¼Œè®©ä½ é‡æ–°æŒæ¡è‡ªå·±çš„å‘½è¿ã€‚","tts_switch":0,"merchant_id":10000,"contract_number":"","online_time":0,"b_special_price":"0","current_price":"12.99","b_special_price_stime":1514736000,"b_special_price_etime":1514736000,"is_buy":false,"current_timestamp":1558440305,"chapter_list":null,"is_trial":true,"is_tts_switch":false,"log_id":"46","log_type":"ebook","read_progress":0,"reading_title":"","original_price":"12.99","special_offer_status":0,"page_num":0,"author_list":["[ç¾] çº³è¥¿å§†Â·å°¼å¤æ‹‰æ–¯Â·å¡”å‹’å¸ƒ ","ç¬¬ä¸€ä½œè€…","ç¬¬äºŒä½œè€…"],"can_trial_read":true,"reading_word_count":0,"reading_word_token":"eyJ0ayI6IllLU1F6VFFkc0ZuYkZiMldWNyszNGxNcnd4NHdHckpQTG9hUytlT3dlQVdIWFYzYWZFalBiRHg2akVNWGowak45SEpKWlQvQ20xU0xPYzY1UnI2LzdzRWxTMmdUVjlJQkk3RXNjVUd3aG1HTk55SThJeGVSNGZuZ05XaEl2NWFLdFlmRElXZTZ0b2I5TEc2ZS81M0h6RmUzOXl5dDBoYldWMnVLVVc5UWNwWT0iLCJ2IjoxfQ==","trial_read_proportion":"0.0000","authors":null,"with_video":false,"b_package_end_time":"","b_package_price":"0.00","b_package_start_time":""}},{"productId":52,"trackinfo":"request_id#ca23433159c04651babf883da102e21a^^match_type#0^^score#0^^bucket_Id#0^^rank#6^^productId#52^^topicId#52^^productType#2^^isBak#2^^articleId#0^^type#2","detail":{"id":52,"title":"","style":1,"type":1,"class":0,"sub_class":0,"author":"[ç¾]Â æ‹‰æ–¯æ´›Â·åšå…‹","cover":"http://piccdn.igetget.com/img/201607/21/201607211219252719927930.jpg","banner":"","count":0,"price":"33.60","status":1,"epub":"2019","sell_count":422,"sell_seven_day":11,"operating_title":"é‡æ–°å®šä¹‰å›¢é˜Ÿ","short_title":"","integral":0,"other_content":"","other_share_title":"è°·æ­Œä¸è¦ç»©æ•ˆè€ƒæ ¸ï¼Œå‘˜å·¥ä¸ºä½•æ›´å–åŠ›å·¥ä½œï¼Ÿ","other_share_summary":"ä½œä¸ºä¸€ä¸ªè€æ¿ï¼Œä½ è˜ç”¨çš„å‘˜å·¥åº”è¯¥åæœ‰å…«ä¹éƒ½æ¯”ä½ ä¼˜ç§€ï¼›è€Œä½œä¸ºä¸€åä¼˜ç§€çš„å‘˜å·¥ï¼Œç†æ™ºçš„åšæ³•æ˜¯è¾èŒã€‚","other_data":"","top":0,"datetime":"","uptime":"","author_info":"ä½œè€…åœ¨ã€Šé‡æ–°å®šä¹‰å›¢é˜Ÿï¼šè°·æ­Œå¦‚ä½•å·¥ä½œã€‹ä¸­æŒ‡å‡ºï¼Œåœ¨è°·æ­Œï¼Œäººå§‹ç»ˆè¢«å½“ä½œä¼ä¸šé‡è¦çš„è´¢å¯Œï¼Œè°·æ­Œç®¡ç†å±‚å§‹ç»ˆå°†å‘æ˜ã€åŸ¹å…»å’Œç•™ä½äººæ‰ï¼Œä½œä¸ºä¼ä¸šé«˜æˆ˜ç•¥ï¼Œè¿™æ˜¯è°·æ­Œæˆä¸ºå¹¸ç¦ä¼ä¸šå’ŒæˆåŠŸä¼ä¸šçš„æ ¹æœ¬ã€‚\n\nã€€ã€€æ­£å¦‚ä½œè€…æ‰€è¯´ï¼Œè°·æ­Œçš„è¿™äº›åŸåˆ™å¯¹ä»»ä½•å›¢é˜Ÿçš„ç»„å»ºå’Œç®¡ç†éƒ½é€‚ç”¨ã€‚ä¸ç®¡ä½ æ˜¯è‹¦äºæ‰¾ä¸åˆ°åˆä¼™äººçš„åˆåˆ›å…¬å¸è€æ¿ï¼Œè¿˜æ˜¯é¢ä¸´å¥½äººæ‰è·³æ§½çš„ä¼ä¸šç»ç†äººï¼ŒæŠ‘æˆ–æ˜¯é¢å¯¹äº’è”ç½‘è½¬å‹çš„ä¼ä¸šé«˜ç®¡ï¼Œéƒ½èƒ½ä»ä¹¦ä¸­é‡æ–°å‘ç°äººæ‰çš„é‡è¦æ€§å’Œå›¢é˜Ÿçš„ä»·å€¼ã€‚","book_name":"ã€Šé‡æ–°å®šä¹‰å›¢é˜Ÿï¼šè°·æ­Œå¦‚ä½•å·¥ä½œã€‹","book_author":"[ç¾]Â æ‹‰æ–¯æ´›Â·åšå…‹","press":"ä¸­ä¿¡å‡ºç‰ˆç¤¾","publish_time":"1900-01-20","catalog":"","catalog_list":[{"level":0,"text":"å‰è¨€ ä¸ºä»€ä¹ˆè°·æ­Œçš„åŸåˆ™ä¹Ÿå¯¹ä½ é€‚ç”¨","href":"Text/01.html","playOrder":1},{"level":0,"text":"ç¬¬ä¸€ç«  æˆä¸ºä¸€ååˆ›å§‹äºº","href":"Text/02.html","playOrder":2},{"level":0,"text":"ç¬¬äºŒç«  â€œæ–‡åŒ–å¯ä»¥æŠŠæˆ˜ç•¥å½“æ—©é¤ä¸€æ ·åƒæ‰â€","href":"Text/03.html","playOrder":3},{"level":0,"text":"ç¬¬ä¸‰ç«  åªè˜ç”¨æ¯”ä½ æ›´ä¼˜ç§€çš„äºº","href":"Text/04.html","playOrder":4},{"level":0,"text":"ç¬¬å››ç«  æœå¯»æœ€ä¼˜äººæ‰","href":"Text/05.html","playOrder":5},{"level":0,"text":"ç¬¬äº”ç«  ä¸è¦ç›¸ä¿¡ä½ çš„ç›´è§‰","href":"Text/06.html","playOrder":6},{"level":0,"text":"ç¬¬å…­ç«  æ‰“é€ æœ€å¹¸ç¦çš„å…¬å¸","href":"Text/07.html","playOrder":7},{"level":0,"text":"ç¬¬ä¸ƒç«  ä¸ºä»€ä¹ˆæ¯ä¸ªäººéƒ½è®¨åŒç»©æ•ˆç®¡ç†","href":"Text/08.html","playOrder":8},{"level":0,"text":"ç¬¬å…«ç«  ç®¡ç†å›¢é˜Ÿçš„ä¸¤ç«¯","href":"Text/09.html","playOrder":9},{"level":0,"text":"ç¬¬ä¹ç«  æ‰“é€ å­¦ä¹ å‹ç»„ç»‡","href":"Text/10.html","playOrder":10},{"level":0,"text":"ç¬¬åç«  ä¸å…¬å¹³è–ªé…¬","href":"Text/11.html","playOrder":11},{"level":0,"text":"ç¬¬åä¸€ç«  ä¸–ä¸Šæœ€å¥½çš„ä¸œè¥¿æ˜¯å…è´¹çš„","href":"Text/12.html","playOrder":12},{"level":0,"text":"ç¬¬åäºŒç«  åŠ©æ¨","href":"Text/13.html","playOrder":13},{"level":0,"text":"ç¬¬åä¸‰ç«  è°·æ­Œçš„æ•™è®­","href":"Text/14.html","playOrder":14},{"level":0,"text":"ç¬¬åå››ç«  ä»æ˜å¤©èµ·ä½ å¯ä»¥åšäº›ä»€ä¹ˆ","href":"Text/15.html","playOrder":15},{"level":0,"text":"åŸä¹¦ä¿¡æ¯","href":"Text/16.html","playOrder":16}],"book_intro":"æ‹‰æ–¯æ´›Â·åšå…‹ï¼ˆLaszlo Bockï¼‰ï¼Œæ³¢è«çº³å­¦é™¢å›½é™…å…³ç³»å­¦å­¦å£«ã€è€¶é²å¤§å­¦å·¥å•†ç®¡ç†å­¦ç¡•å£«ï¼Œè°·æ­Œé¦–å¸­äººæ‰å®˜ï¼Œæ¯å¹´å¤„ç†200ä¸‡ä»½ä»¥ä¸Šçš„åº”è˜ç®€å†ï¼Œè´Ÿè´£ä¸ºè°·æ­Œæ‹›å‹Ÿã€åŸ¹å…»å¹¶ç•™ä½ä¼˜ç§€è°·æ­Œäººã€‚å½“æ‹‰æ–¯æ´›è¾å»éº¦è‚¯é”¡çš„å’¨è¯¢å·¥ä½œï¼Œè½¬è€Œå»åšäººåŠ›èµ„æºå·¥ä½œï¼Œæœ‹å‹ä»¬éƒ½ä»¥ä¸ºä»–ç–¯äº†ã€‚ç„¶è€Œäº‹å®è¯æ˜ï¼Œä»–çš„é€‰æ‹©æ˜¯å¯¹çš„ã€‚åœ¨æ‹‰æ–¯æ´›çš„ä»»æœŸå†…ï¼Œè°·æ­Œå·²åœ¨å„ä¸ªå›½å®¶çš„å„ä¸ªå¥–é¡¹ä¸­è¶…è¿‡100æ¬¡è¢«è¯„ä¸ºè¾ƒä½³é›‡ä¸»ã€‚","tts_switch":0,"merchant_id":10000,"contract_number":"","online_time":0,"b_special_price":"0","current_price":"33.60","b_special_price_stime":1514736000,"b_special_price_etime":1514736000,"is_buy":false,"current_timestamp":1558440305,"chapter_list":null,"is_trial":true,"is_tts_switch":false,"log_id":"52","log_type":"ebook","read_progress":0,"reading_title":"","original_price":"33.60","special_offer_status":0,"page_num":0,"author_list":["[ç¾]Â æ‹‰æ–¯æ´›Â·åšå…‹","ç¬¬ä¸€ä½œè€…","ç¬¬äºŒä½œè€…"],"can_trial_read":true,"reading_word_count":0,"reading_word_token":"eyJ0ayI6IllLU1F6VFFkc0ZuYkZiMldWNyszNHZyNEVFMmloU2Z3VTFPNEhVakJ1M3RPOE4xN0s2cG00blFrQXQ0TkZNTjRtKzFjVFd4VU9RR0tqUDdLa3NWajlGQm4zU2V4Tk4xR2JQREU0dldzSzRXa3BOU29FRWZJdXFoZFptU1VEUTByaWlmbXRBNTY2ME55aXZib2oyL3hJSTVxWFEyejlqREkvZ0hiOGliU28vST0iLCJ2IjoxfQ==","trial_read_proportion":"0.0000","authors":null,"with_video":false,"b_package_end_time":"","b_package_price":"0.00","b_package_start_time":""}},{"productId":54,"trackinfo":"request_id#ca23433159c04651babf883da102e21a^^match_type#0^^score#0^^bucket_Id#0^^rank#7^^productId#54^^topicId#54^^productType#2^^isBak#2^^articleId#0^^type#2","detail":{"id":54,"title":"","style":1,"type":1,"class":0,"sub_class":0,"author":"[ç¾]å‡¯æ–‡Â·å‡¯åˆ©","cover":"http://piccdn.igetget.com/img/201607/21/201607211219259169474311.jpg","banner":"","count":0,"price":"18.00","status":1,"epub":"2019","sell_count":192,"sell_seven_day":5,"operating_title":"æ–°ç»æµæ–°è§„åˆ™","short_title":"","integral":0,"other_content":"","other_share_title":"å¾—åˆ°å¥½ä¹¦| æ–°ç»æµæ–°è§„åˆ™","other_share_summary":"äº’è”ç½‘æ€ç»´é¢ è¦†æ•´ä¸ªç»æµè§„åˆ™ï¼Œè€Œè¿™å°±æ˜¯è¿™æœ¬ä¹¦åå‡ å¹´å‰çš„é¢„è¨€ã€‚","other_data":"","top":0,"datetime":"","uptime":"","author_info":"ä½œè€…å‡¯æ–‡Â·å‡¯åˆ©ï¼Œã€Šå…¨çƒæ¦‚è§ˆã€‹çš„ç¼–è¾‘å’Œå‡ºç‰ˆäººï¼Œä¹‹åæ‹…ä»»ã€Šè¿çº¿ã€‹æ‚å¿—ä¸»ç¼–ï¼Œå¹¶åœ¨ã€Šçº½çº¦æ—¶æŠ¥ã€‹ã€Šç»æµå­¦äººã€‹ã€Šæ—¶ä»£ã€‹ã€Šç§‘å­¦ã€‹ç­‰é‡é‡çº§æ‚å¿—å‘è¡¨å¤šç¯‡ç§‘æŠ€æ–‡ç« ï¼Œä¸ºå…¨çƒç§‘æŠ€è¿·ä»¬ç‹‚çƒ­è¿½éšã€‚å·²å‡ºç‰ˆå¤šéƒ¨ç•…é”€ä¹¦ï¼Œå…¶ä¸­ã€Šå¤±æ§ã€‹ã€Šç§‘æŠ€æƒ³è¦ä»€ä¹ˆã€‹ã€Šæ–°ç»æµæ–°è§„åˆ™ã€‹åœ¨ä¸­å›½çš„ç§‘æŠ€çˆ±å¥½è€…ä¸­æ€èµ·çƒ­æ½®ï¼Œä½œè€…æ•°æ¬¡è¢«é‚€è¯·æ¥åï¼Œå‡å¼•èµ·è½°åŠ¨ã€‚","book_name":"ã€Šæ–°ç»æµæ–°è§„åˆ™ã€‹","book_author":"[ç¾]å‡¯æ–‡Â·å‡¯åˆ©","press":"ç”µå­å·¥ä¸šå‡ºç‰ˆç¤¾","publish_time":"1900-01-20","catalog":"","catalog_list":[{"level":0,"text":"å°é¢","href":"Text/coverpage.html","playOrder":1},{"level":0,"text":"ä½œå“ç®€ä»‹","href":"Text/chapter2.html","playOrder":2},{"level":0,"text":"ä½œè€…ç®€ä»‹","href":"Text/chapter3.html","playOrder":3},{"level":0,"text":"å‰è¨€ æ–°ç»æµé™ä¸´","href":"Text/chapter4.html","playOrder":4},{"level":0,"text":"01 æ‹¥æŠ±é›†ç¾¤ï¼šå»ä¸­å¿ƒåŒ–çš„åŠ›é‡","href":"Text/chapter5.html","playOrder":5},{"level":0,"text":"02 å›æŠ¥é€’å¢ï¼šèƒœåˆ©è¿ç€èƒœåˆ©","href":"Text/chapter6.html","playOrder":6},{"level":0,"text":"03 æ™®åŠï¼Œè€Œéç¨€æœ‰ï¼šä¸°å¯Œäº§ç”Ÿçš„ä»·å€¼","href":"Text/chapter7.html","playOrder":7},{"level":0,"text":"04 è¿½éšå…è´¹ä¹‹é“ï¼šå”¯æœ‰æ…·æ…¨æ‰èƒ½åœ¨ç½‘ç»œä¸­èƒœå‡º","href":"Text/chapter8.html","playOrder":8},{"level":0,"text":"05 ä¼˜å…ˆå‘å±•ç½‘ç»œï¼šç½‘ç»œç¹è£å¸¦æ¥æˆå‘˜ç¹è£","href":"Text/chapter9.html","playOrder":9},{"level":0,"text":"06 ä¸è¦åœ¨å·…å³°é€—ç•™ï¼šæˆåŠŸä¹‹åï¼Œå›é€€","href":"Text/chapter10.html","playOrder":10},{"level":0,"text":"07 ä»åœ°ç‚¹åˆ°ç©ºé—´ï¼šåˆ¶é€ å·¨å¤§çš„å·®å¼‚","href":"Text/chapter11.html","playOrder":11},{"level":0,"text":"08 å’Œè°ä¸å†ï¼Œä¹±æµæ¶Œç°ï¼šæ‰¾å¯»å¤±è¡¡çŠ¶æ€ä¸­çš„æŒç»­æ€§","href":"Text/chapter12.html","playOrder":12},{"level":0,"text":"09 å…³ç³»æŠ€æœ¯ï¼šå§‹äºæŠ€æœ¯ï¼Œç»ˆäºä¿¡ä»»","href":"Text/chapter13.html","playOrder":13},{"level":0,"text":"10 æœºé‡ä¼˜äºæ•ˆç‡ï¼šä¸å…¶è§£å†³é—®é¢˜ï¼Œä¸å¦‚å¯»æ±‚æœºé‡","href":"Text/chapter14.html","playOrder":14},{"level":0,"text":"ç»“è¯­ è´¢å¯Œæ— å¤„ä¸åœ¨","href":"Text/chapter15.html","playOrder":15},{"level":0,"text":"NEW RULES FOR THE NEW ECONOMY æ–°ç»æµä¸­çš„æ–°è§„åˆ™","href":"Text/chapter16.html","playOrder":16},{"level":0,"text":"è‡´è°¢","href":"Text/chapter17.html","playOrder":17},{"level":0,"text":"å‚è€ƒä¹¦ç›®","href":"Text/chapter18.html","playOrder":18},{"level":0,"text":"ç½‘ç«™","href":"Text/chapter19.html","playOrder":19},{"level":0,"text":"ç‰ˆæƒä¿¡æ¯","href":"Text/copyright.html","playOrder":20}],"book_intro":"ã€Šæ–°ç»æµæ–°è§„åˆ™ã€‹ä»‹ç»äº†äº’è”ç½‘æ—¶ä»£ï¼Œç½‘ç»œåˆ›é€ çš„æ–°çš„ç»æµç§©åºå’Œç»æµè¿è¡Œçš„åä¸ªæ–°è§„åˆ™ï¼Œåˆ†åˆ«æ˜¯ï¼šèœ‚ç¾¤æ¯”ç‹®å­é‡è¦ï¼Œçº§æ•°æ¯”åŠ æ³•é‡è¦ï¼Œæ™®åŠæ¯”ç¨€æœ‰é‡è¦ï¼Œå…è´¹æ¯”åˆ©æ¶¦é‡è¦ï¼Œç½‘ç»œæ¯”å…¬å¸é‡è¦ï¼Œé€ å±±æ¯”ç™»å±±é‡è¦ï¼Œç©ºé—´æ¯”åœºæ‰€é‡è¦ï¼ŒæµåŠ¨æ¯”å¹³è¡¡é‡è¦ï¼Œå…³ç³»æ¯”äº§èƒ½é‡è¦ï¼Œæœºä¼šæ¯”æ•ˆç‡é‡è¦ã€‚","tts_switch":1,"merchant_id":10004,"contract_number":"","online_time":0,"b_special_price":"0","current_price":"18.00","b_special_price_stime":1514736000,"b_special_price_etime":1514736000,"is_buy":false,"current_timestamp":1558440305,"chapter_list":null,"is_trial":true,"is_tts_switch":true,"log_id":"54","log_type":"ebook","read_progress":0,"reading_title":"","original_price":"18.00","special_offer_status":0,"page_num":0,"author_list":["[ç¾]å‡¯æ–‡Â·å‡¯åˆ©","ç¬¬ä¸€ä½œè€…","ç¬¬äºŒä½œè€…"],"can_trial_read":true,"reading_word_count":0,"reading_word_token":"eyJ0ayI6IllLU1F6VFFkc0ZuYkZiMldWNyszNGpFMUVCcE5NRXVzNHAzWldObWJvQi9weWpQUFRBdjhtWWQzWFdUd3lPRFltMHVJNEoreThQUWZrckZKeEJScDE0cTl6YUZxQTltK1ZtOWQwZTM5UlZndWcrNW5aaFlNUVJzTERQYkozbStMZ3ByOUlYYjduc0VqSnRyajJqbDdMTWNMMDJ0RksxcllrZDNwTkhyOFBoZz0iLCJ2IjoxfQ==","trial_read_proportion":"0.0000","authors":null,"with_video":false,"b_package_end_time":"","b_package_price":"0.00","b_package_start_time":""}},{"productId":57,"trackinfo":"request_id#ca23433159c04651babf883da102e21a^^match_type#0^^score#0^^bucket_Id#0^^rank#8^^productId#57^^topicId#57^^productType#2^^isBak#2^^articleId#0^^type#2","detail":{"id":57,"title":"","style":1,"type":1,"class":0,"sub_class":0,"author":"[ç¾]Â å‡¯æ–‡Â·å‡¯åˆ©","cover":"http://piccdn.igetget.com/img/201607/21/201607211219265409544928.jpg","banner":"","count":0,"price":"12.00","status":1,"epub":"2019","sell_count":165,"sell_seven_day":8,"operating_title":"æŠ€æœ¯å…ƒç´ ","short_title":"","integral":0,"other_content":"","other_share_title":"ä¸ºä»€ä¹ˆè¿™æœ¬ä¹¦è¢«ã€Šé»‘å®¢å¸å›½ã€‹å¯¼æ¼”åˆ—å…¥æ¼”å‘˜å¿…è¯»ä¹¦å•ï¼Ÿ","other_share_summary":"æŠ€æœ¯çš„æœ¬è´¨æ˜¯ä»€ä¹ˆï¼Ÿäººç±»åº”è¯¥æ€æ ·å¯¹å¾…æŠ€æœ¯ï¼Ÿäººç±»å¯¹æŠ€æœ¯çš„å‘å±•ç©¶ç«Ÿæœ‰å‡ æˆæŠŠæ¡ï¼Ÿå¸¦ä½ èµ°å…¥ç¡…è°·æ•™çˆ¶KKçš„å¤§è„‘ã€‚","other_data":"","top":0,"datetime":"","uptime":"","author_info":"å‡¯æ–‡Â·å‡¯åˆ©ï¼ˆ1952ï½ï¼‰ï¼Œã€Šå…¨çƒæ¦‚è§ˆã€‹ï¼ˆä¹”å¸ƒæ–¯å–œæ¬¢çš„æ‚å¿—ï¼‰çš„ç¼–è¾‘å’Œå‡ºç‰ˆäººï¼Œä¹‹åæ‹…ä»»ã€Šè¿çº¿ã€‹æ‚å¿—ä¸»ç¼–ï¼Œå¹¶åœ¨ã€Šçº½çº¦æ—¶æŠ¥ã€‹ã€Šç»æµå­¦äººã€‹ã€Šæ—¶ä»£ã€‹ã€Šç§‘å­¦ã€‹ç­‰é‡é‡çº§æ‚å¿—å‘è¡¨å¤šç¯‡ç§‘æŠ€æ–‡ç« ï¼Œä¸ºå…¨çƒç§‘æŠ€è¿·ä»¬ç‹‚çƒ­è¿½éšã€‚å·²å‡ºç‰ˆå¤šéƒ¨ç•…é”€ä¹¦ï¼Œå…¶ä¸­ã€Šå¤±æ§ã€‹ã€Šç§‘æŠ€æƒ³è¦ä»€ä¹ˆã€‹ã€Šæ–°ç»æµæ–°è§„åˆ™ã€‹åœ¨ä¸­å›½çš„ç§‘æŠ€çˆ±å¥½è€…ä¸­æ€èµ·çƒ­æ½®ï¼Œä½œè€…æ•°æ¬¡è¢«é‚€è¯·æ¥åï¼Œå‡å¼•èµ·è½°åŠ¨ã€‚","book_name":"ã€ŠæŠ€æœ¯å…ƒç´ ã€‹","book_author":"[ç¾]Â å‡¯æ–‡Â·å‡¯åˆ©","press":"ç”µå­å·¥ä¸šå‡ºç‰ˆç¤¾","publish_time":"1900-12-20","catalog":"","catalog_list":[{"level":0,"text":"ç¬¬ä¸€ç«  æŠ€æœ¯å…ƒç´ ","href":"Text/01.html","playOrder":1},{"level":1,"text":"1ï¼æŠ€æœ¯çš„æ´—ç¤¼","href":"Text/01.html#sigil_toc_id_1","playOrder":2},{"level":1,"text":"2ï¼ä¸–é—´è‡³å¼ºä¹‹åŠ›","href":"Text/01.html#sigil_toc_id_2","playOrder":3},{"level":1,"text":"3ï¼æ¯ä¸ªç”Ÿç‰©éƒ½æ˜¯é»‘å®¢","href":"Text/01.html#sigil_toc_id_3","playOrder":4},{"level":1,"text":"4ï¼æ–‡æ˜çš„ç”Ÿç‰©æ€§","href":"Text/01.html#sigil_toc_id_4","playOrder":5},{"level":1,"text":"5ï¼äººç±»çš„èº«ä»½å±æœº","href":"Text/01.html#sigil_toc_id_5","playOrder":6},{"level":1,"text":"6ï¼é€ å°±æˆ‘ä»¬çš„æœºå™¨","href":"Text/01.html#sigil_toc_id_6","playOrder":7},{"level":1,"text":"7ï¼åŸå¸‚åŒ–çŸ³","href":"Text/01.html#sigil_toc_id_7","playOrder":8},{"level":1,"text":"8ï¼äººç±»è¯¥æˆä¸ºä»€ä¹ˆï¼Ÿ","href":"Text/01.html#sigil_toc_id_8","playOrder":9},{"level":1,"text":"9ï¼è¿›åŒ–çš„æŠ€æœ¯ï¼Œè¿›åŒ–çš„è¿›åŒ–","href":"Text/01.html#sigil_toc_id_9","playOrder":10},{"level":1,"text":"10ï¼æŠ€æœ¯çš„ç¾å¦™å¤©å¹³","href":"Text/01.html#sigil_toc_id_10","playOrder":11},{"level":1,"text":"11ï¼æŠ€æœ¯è·¨è¶Šçš„ç¥è¯","href":"Text/01.html#sigil_toc_id_11","playOrder":12},{"level":1,"text":"12ï¼è¿æ¥çš„æŠ€æœ¯","href":"Text/01.html#sigil_toc_id_12","playOrder":13},{"level":1,"text":"13ï¼é€’å½’çš„åˆ›é€ ","href":"Text/01.html#sigil_toc_id_13","playOrder":14},{"level":1,"text":"14ï¼ä¸å¯æ»¥ç”¨çš„æŠ€æœ¯","href":"Text/01.html#sigil_toc_id_14","playOrder":15},{"level":0,"text":"ç¬¬äºŒç«  å…è´¹ç»æµ","href":"Text/02.html","playOrder":16},{"level":1,"text":"15ï¼ä¸€åƒé“æ†ç²‰ä¸","href":"Text/02.html#sigil_toc_id_15","playOrder":17},{"level":1,"text":"16ï¼ä¸€åƒé“æ†ç²‰ä¸çš„åä¾‹","href":"Text/02.html#sigil_toc_id_16","playOrder":18},{"level":1,"text":"17ï¼æˆ˜èƒœå…è´¹","href":"Text/02.html#sigil_toc_id_17","playOrder":19},{"level":1,"text":"18ï¼æ¯”æ‹¥æœ‰æ›´å¥½","href":"Text/02.html#sigil_toc_id_18","playOrder":20},{"level":1,"text":"19ï¼æŠ€æœ¯æƒ³è¦å…è´¹","href":"Text/02.html#sigil_toc_id_19","playOrder":21},{"level":1,"text":"20ï¼æ»¡æ„æ‚–è®º","href":"Text/02.html#sigil_toc_id_20","playOrder":22},{"level":1,"text":"21ï¼ä¹¦ç±çš„æœªæ¥","href":"Text/02.html#sigil_toc_id_21","playOrder":23},{"level":1,"text":"22ï¼åå®ä½“çš„å‡ºä¹¦","href":"Text/02.html#sigil_toc_id_22","playOrder":24},{"level":1,"text":"23ï¼æ£®æ—ç«ç¾è¥é”€","href":"Text/02.html#sigil_toc_id_23","playOrder":25},{"level":1,"text":"24ï¼ä½ çš„å…³æ³¨å¾ˆå»‰ä»·ï¼š2.5ç¾å…ƒï¼å°æ—¶","href":"Text/02.html#sigil_toc_id_24","playOrder":26},{"level":1,"text":"25ï¼ç›®å…‰èšé›†çš„åœ°æ–¹ï¼Œé‡‘é’±å¿…å°†è¿½éš","href":"Text/02.html#sigil_toc_id_25","playOrder":27},{"level":1,"text":"26ï¼ä¸­å›½çš„DNA","href":"Text/02.html#sigil_toc_id_26","playOrder":28},{"level":1,"text":"27ï¼å¦‚ä½•é ç›—ç‰ˆå…´ç››","href":"Text/02.html#sigil_toc_id_27","playOrder":29},{"level":1,"text":"28ï¼ç›—ç‰ˆä¸ºä½•ï¼Ÿ","href":"Text/02.html#sigil_toc_id_28","playOrder":30},{"level":1,"text":"29ï¼å¤åˆ¶å…´è¡°å²","href":"Text/02.html#sigil_toc_id_29","playOrder":31},{"level":1,"text":"30ï¼æœç´¢ä»˜è´¹ï¼Œä½ æ„¿æ„å—ï¼Ÿ","href":"Text/02.html#sigil_toc_id_30","playOrder":32},{"level":1,"text":"31ï¼åŸå¸‚ä¸æœ½ï¼Œå…¬å¸ç»ˆæ®†","href":"Text/02.html#sigil_toc_id_31","playOrder":33},{"level":1,"text":"32ï¼å½“ä¸€åˆ‡ä¾¿å®œåˆ°å¯å¿½ç•¥ä¸è®¡","href":"Text/02.html#sigil_toc_id_32","playOrder":34},{"level":1,"text":"33ï¼ç‰¹ç‚¹ã€äº§å“ã€å…¬å¸","href":"Text/02.html#sigil_toc_id_33","playOrder":35},{"level":1,"text":"34ï¼å…è´¹ç»æµ","href":"Text/02.html#sigil_toc_id_34","playOrder":36},{"level":1,"text":"35ï¼éšç§˜çš„åŒ¿åå¸‚åœº","href":"Text/02.html#sigil_toc_id_35","playOrder":37},{"level":1,"text":"36ï¼æ‘†åŠ¨çˆ±çš„é•¿å°¾","href":"Text/02.html#sigil_toc_id_36","playOrder":38},{"level":0,"text":"ç¬¬ä¸‰ç«  Web 3.0","href":"Text/03.html","playOrder":39},{"level":1,"text":"37ï¼ä¸¤ç§å½¢å¼çš„è”æ¥ä¸»ä¹‰","href":"Text/03.html#sigil_toc_id_37","playOrder":40},{"level":1,"text":"38ï¼ç»Ÿä¸€ä½“æœºå™¨çš„è§„æ¨¡","href":"Text/03.html#sigil_toc_id_38","playOrder":41},{"level":1,"text":"39ï¼ç‰©è”ç½‘çš„å››ä¸ªé˜¶æ®µ","href":"Text/03.html#sigil_toc_id_39","playOrder":42},{"level":1,"text":"40ï¼äº‘æ–‡åŒ–","href":"Text/03.html#sigil_toc_id_40","playOrder":43},{"level":1,"text":"41ï¼ç›¸ä¿¡å¤©æ–¹å¤œè°­","href":"Text/03.html#sigil_toc_id_41","playOrder":44},{"level":1,"text":"42ï¼äº¿ä¸‡å·®çº§","href":"Text/03.html#sigil_toc_id_42","playOrder":45},{"level":1,"text":"43ï¼é»˜è®¤â€”â€”äº‹å…³é€‰æ‹©çš„æ„å¤–æˆåŠŸ","href":"Text/03.html#sigil_toc_id_43","playOrder":46},{"level":1,"text":"44ï¼æ•°å­—ç¤¾ä¼šä¸»ä¹‰","href":"Text/03.html#sigil_toc_id_44","playOrder":47},{"level":1,"text":"45ï¼çŸ¥è¯†åœ°å›¾","href":"Text/03.html#sigil_toc_id_45","playOrder":48},{"level":1,"text":"46ï¼æ‹œæ‰˜ï¼Œæœç´¢ä¸­ç«‹ä¸å¯èƒ½","href":"Text/03.html#sigil_toc_id_46","playOrder":49},{"level":1,"text":"47ï¼è°·æ­Œå¼ç§‘å­¦","href":"Text/03.html#sigil_toc_id_47","playOrder":50},{"level":1,"text":"48ï¼å›¾çµåŒ–","href":"Text/03.html#sigil_toc_id_48","playOrder":51},{"level":1,"text":"49ï¼ä¸ºä»€ä¹ˆä¸å¯èƒ½æ›´ç»å¸¸å‘ç”Ÿ","href":"Text/03.html#sigil_toc_id_49","playOrder":52},{"level":1,"text":"50ï¼åˆ°2100å¹´ï¼Œæ™ºèƒ½æœºå™¨äººä¼šå–ä»£äººç±»å—ï¼Ÿ","href":"Text/03.html#sigil_toc_id_50","playOrder":53},{"level":1,"text":"51ï¼ä½ ä¸æ˜¯ä¸ªç©æ„ï¼Œä½ æ˜¯ä¸ªæœºå™¨äºº","href":"Text/03.html#sigil_toc_id_51","playOrder":54},{"level":0,"text":"ç¬¬å››ç«  æ•°ä½äººç”Ÿ","href":"Text/04.html","playOrder":55},{"level":1,"text":"52ï¼ä½ çš„ä¸¤æ ·è®¾å¤‡","href":"Text/04.html#sigil_toc_id_52","playOrder":56},{"level":1,"text":"53ï¼æˆ‘ä»¬è¢«æŠ€æœ¯å¿½æ‚ äº†ï¼Ÿ","href":"Text/04.html#sigil_toc_id_53","playOrder":57},{"level":1,"text":"54ï¼è‡ªæˆ‘è¿½è¸ªï¼Ÿä½ ä¹Ÿä¼šçš„","href":"Text/04.html#sigil_toc_id_54","playOrder":58},{"level":1,"text":"55ï¼è®°å½•ç”Ÿå‘½æ—¥å¿—ï¼Œä¸€ç§å¿…ç„¶è¶‹åŠ¿","href":"Text/04.html#sigil_toc_id_55","playOrder":59},{"level":1,"text":"56ï¼æ— å°½å‡çº§çš„è‰ºæœ¯","href":"Text/04.html#sigil_toc_id_56","playOrder":60},{"level":1,"text":"57ï¼æç«¯ä¹è§‚ä¸»ä¹‰","href":"Text/04.html#sigil_toc_id_57","playOrder":61},{"level":1,"text":"58ï¼æ”¯æŒ-è¡ŒåŠ¨åŸåˆ™","href":"Text/04.html#sigil_toc_id_58","playOrder":62},{"level":1,"text":"59ï¼æ•°ä½äººç”Ÿ","href":"Text/04.html#sigil_toc_id_59","playOrder":63},{"level":1,"text":"60ï¼ç§‘æŠ€è´­ç‰©ç»éªŒæ³•åˆ™","href":"Text/04.html#sigil_toc_id_60","playOrder":64},{"level":1,"text":"61ï¼ç§‘æŠ€ç”Ÿæ´»æŒ‡å—","href":"Text/04.html#sigil_toc_id_61","playOrder":65},{"level":1,"text":"62ï¼æŠ€æœ¯è¿·ä¿¡","href":"Text/04.html#sigil_toc_id_62","playOrder":66},{"level":1,"text":"63ï¼å¯å›æ”¾åª’ä»‹","href":"Text/04.html#sigil_toc_id_63","playOrder":67},{"level":1,"text":"64ï¼å¯¹ç§°ä¸éå¯¹ç§°æŠ€æœ¯","href":"Text/04.html#sigil_toc_id_64","playOrder":68},{"level":1,"text":"65ï¼ä¸–ç•Œä¸Šçš„ä¿¡æ¯é‡","href":"Text/04.html#sigil_toc_id_65","playOrder":69},{"level":1,"text":"66ï¼ä¿¡æ¯çš„é€Ÿåº¦","href":"Text/04.html#sigil_toc_id_66","playOrder":70},{"level":1,"text":"67ï¼ç«äººèŠ‚çš„è‰ºæœ¯","href":"Text/04.html#sigil_toc_id_67","playOrder":71},{"level":1,"text":"68ï¼2008å¹´å›½é™…ç«äººèŠ‚","href":"Text/04.html#sigil_toc_id_68","playOrder":72},{"level":1,"text":"69ï¼æ‹“å±•æ— çŸ¥","href":"Text/04.html#sigil_toc_id_69","playOrder":73},{"level":0,"text":"ç¬¬äº”ç«  æœªæ¥","href":"Text/05.html","playOrder":74},{"level":1,"text":"70ï¼æœªæ¥çš„ä¸€å¤©","href":"Text/05.html#sigil_toc_id_70","playOrder":75},{"level":1,"text":"71ï¼æœªæ¥å­¦å®¶çš„ä¸¤éš¾å›°å¢ƒ","href":"Text/05.html#sigil_toc_id_71","playOrder":76},{"level":1,"text":"72ï¼ç»‘å®šåœ¨æ­¤åˆ»çš„ä¸ç¡®å®šæ€§","href":"Text/05.html#sigil_toc_id_72","playOrder":77},{"level":1,"text":"73ï¼æ¢…æ–¯-åŠ ç½—ç‚¹â€”â€”å¥‡ç‚¹â€œä¸´è¿‘â€","href":"Text/05.html#sigil_toc_id_73","playOrder":78},{"level":1,"text":"74ï¼æ½œæ„è¯†ææ–™çš„æ”¶è—","href":"Text/05.html#sigil_toc_id_74","playOrder":79},{"level":1,"text":"75ï¼éº¦å…‹å¢æ±‰è¯è¾°100å¹´","href":"Text/05.html#sigil_toc_id_75","playOrder":80},{"level":1,"text":"76ï¼å½“çº¸è´¨ä¹¦æ¶ˆäº¡çš„æ—¶å€™","href":"Text/05.html#sigil_toc_id_76","playOrder":81},{"level":1,"text":"77ï¼å®ç”¨å›¾ä¹¦é¦†","href":"Text/05.html#sigil_toc_id_77","playOrder":82},{"level":1,"text":"78ï¼çº¿æ€§ä¸æŒ‡æ•°çš„äº¤å‰","href":"Text/05.html#sigil_toc_id_78","playOrder":83},{"level":0,"text":"åŸä¹¦ä¿¡æ¯","href":"Text/06.html","playOrder":84}],"book_intro":"ã€€æŠ€æœ¯å…ƒç´ ï¼ˆtechnium)ä¸€è¯æ˜¯å‡¯æ–‡Â·å‡¯åˆ©ï¼ˆKKï¼‰ä¸“é—¨åˆ›é€ å‡ºæ¥çš„è¯è¯­ã€‚â€œæŠ€æœ¯å…ƒç´ ä¸ä»…ä»…åŒ…æ‹¬ä¸€äº›å…·è±¡çš„æŠ€æœ¯ï¼ˆä¾‹å¦‚æ±½è½¦ã€é›·è¾¾å’Œè®¡ç®—æœºç­‰ï¼‰ï¼Œå®ƒè¿˜åŒ…æ‹¬æ–‡åŒ–ã€æ³•å¾‹ã€ç¤¾ä¼šæœºæ„å’Œæ‰€æœ‰çš„æ™ºèƒ½åˆ›é€ ç‰©ã€‚â€ç®€è€Œè¨€ä¹‹ï¼ŒæŠ€æœ¯å…ƒç´ å°±æ˜¯ä»äººçš„æ„è¯†ä¸­æ¶Œç°å‡ºæ¥çš„ä¸€åˆ‡ã€‚KKæŠŠè¿™ç§ç§‘æŠ€çš„å»¶ä¼¸é¢çœ‹æˆä¸€ä¸ªèƒ½äº§ç”Ÿè‡ªæˆ‘åŠ¨åŠ›çš„æ•´ä½“ã€‚\nã€€ã€€æœ¬ä¹¦ç»§æ‰¿äº†ã€Šå¤±æ§ã€‹å’Œã€Šæ–°ç»æµçš„æ–°è§„åˆ™ã€‹çš„æ€è€ƒä½“ç³»ï¼Œè°ˆåˆ°äº†æ–‡æ˜è¿›åŒ–ã€æ•°å­—å‡ºç‰ˆã€å…è´¹ç»æµã€äººå·¥æ™ºèƒ½ã€ç‰©è”ç½‘ã€æ•°å­—åŒ–ç”Ÿæ´»ç­‰çƒ­è®®çš„è¯é¢˜ã€‚è€Œæ›´æ·±å±‚æ¬¡çš„æ˜¯ï¼ŒKKå¸Œæœ›å€Ÿæ­¤è®¨è®ºï¼šæŠ€æœ¯å…ƒç´ çš„æœ¬è´¨æ˜¯ä»€ä¹ˆï¼Ÿäººç±»åº”è¯¥æ‹¥æŠ±è¿˜æ˜¯æ‹’ç»å®ƒï¼Ÿäººç±»å¯¹å®ƒæœ¬èº«çš„æœªæ¥å‘å±•ç©¶ç«Ÿæœ‰å¤šå°‘æŠŠæ¡ï¼Ÿ\nã€€ã€€KKæŠŠå¯¹è¿™äº›ç–‘æƒ‘çš„ç†è§£éƒ½å†™åœ¨äº†â€œæŠ€æœ¯å…ƒç´ â€åšå®¢ä¸“æ é‡Œï¼Œä»–è¯´ï¼šâ€œæˆ‘ä¼šå°†æˆ‘ä¸æˆç†Ÿçš„æƒ³æ³•ã€ç¬”è®°ã€å†…å¿ƒè®ºäº‰ã€è‰ç¨¿ä»¥åŠå¯¹å…¶ä»–æ–‡ç« çš„å›åº”ä¸Šä¼ åˆ°è¿™å„¿ï¼Œè¿™æ ·æˆ‘å°±èƒ½çŸ¥é“è‡ªå·±åˆ°åº•åœ¨æƒ³äº›ä»€ä¹ˆã€‚â€ã€ŠæŠ€æœ¯å…ƒç´ ã€‹ä¸€ä¹¦ä¾¿æ˜¯åŸºäºæ­¤ä¸“æ ç¼–æ’°è€Œæˆã€‚ç›¸æ¯”äºKKä¹‹å‰çš„è‘—ä½œï¼Œæœ¬ä¹¦å°†æ›´é€šä¿—æ˜“æ‡‚ï¼Œæ–‡ç« ä¸­æ¶‰åŠåˆ°çš„é¢†åŸŸã€æ‰€ä¸¾çš„äº‹ä¾‹éƒ½æ›´è´´è¿‘å½“ä¸‹äººä»¬çš„ç”Ÿæ´»ä½“éªŒã€‚è€Œé˜…è¯»è¿™æ ·ä¸€æœ¬ä¹¦ï¼Œå°†èƒ½è´´è¿‘åœ°äº†è§£åˆ°KKåœ¨æ€è€ƒä»€ä¹ˆã€‚\n\n","tts_switch":1,"merchant_id":10004,"contract_number":"","online_time":0,"b_special_price":"0","current_price":"12.00","b_special_price_stime":1514736000,"b_special_price_etime":1514736000,"is_buy":false,"current_timestamp":1558440305,"chapter_list":null,"is_trial":true,"is_tts_switch":true,"log_id":"57","log_type":"ebook","read_progress":0,"reading_title":"","original_price":"12.00","special_offer_status":0,"page_num":0,"author_list":["[ç¾]Â å‡¯æ–‡Â·å‡¯åˆ©","ç¬¬ä¸€ä½œè€…","ç¬¬äºŒä½œè€…"],"can_trial_read":true,"reading_word_count":0,"reading_word_token":"eyJ0ayI6IllLU1F6VFFkc0ZuYkZiMldWNyszNHNBTVNaZWxGKzJLb0ZqckQ3OWlFcUUwUkdnL2l3UjRTSnBwbkdDbTJsY2t2ZGx5azM2MjRMY3J5Qm9FWjNjYTRnZm5YR0FCK0hGb2hMUEVKV3FwdzM0ZnFaWnlOYjIwdlM0cUl4Q3dDQWNBUmFQRExDLzdPbHhrLzFzUGFuZ0JjbjBWd2F3aEdIbEVHb0tXMXhxVk90Yz0iLCJ2IjoxfQ==","trial_read_proportion":"0.0000","authors":null,"with_video":false,"b_package_end_time":"","b_package_price":"0.00","b_package_start_time":""}},{"productId":58,"trackinfo":"request_id#ca23433159c04651babf883da102e21a^^match_type#0^^score#0^^bucket_Id#0^^rank#9^^productId#58^^topicId#58^^productType#2^^isBak#2^^articleId#0^^type#2","detail":{"id":58,"title":"","style":1,"type":1,"class":0,"sub_class":0,"author":"[ç¾] å‡¯æ–‡Â·å‡¯åˆ©","cover":"http://piccdn.igetget.com/img/201607/21/201607211219266878246102.jpg","banner":"","count":0,"price":"35.00","status":1,"epub":"2019","sell_count":316,"sell_seven_day":14,"operating_title":"å¤±æ§","short_title":"","integral":0,"other_content":"","other_share_title":"æ²¡æ—¶é—´çœ‹50ä¸‡å­—çš„ã€Šå¤±æ§ã€‹å§ï¼Œæ¥è¯»é€šä¿—ç®€å•çš„è§£è¯»ç‰ˆ","other_share_summary":"å¤§å±€è§‚å¿…è¯»ï¼Œç½—èƒ–è§£è¯»æ¨èã€‚ã€Œäº’è”ç½‘æ•™çˆ¶ã€ä½œå“ï¼Œå…¨äººç±»çš„æœ€ç»ˆå‘½è¿å’Œç»“å±€ï¼Œå½±å“ä¸€ä»£äººã€‚","other_data":"","top":0,"datetime":"","uptime":"","author_info":"å‡¯æ–‡Â·å‡¯åˆ©ï¼ˆ1952ï½ï¼‰ï¼Œã€Šå…¨çƒæ¦‚è§ˆã€‹ï¼ˆä¹”å¸ƒæ–¯å–œæ¬¢çš„æ‚å¿—ï¼‰çš„ç¼–è¾‘å’Œå‡ºç‰ˆäººï¼Œä¹‹åæ‹…ä»»ã€Šè¿çº¿ã€‹æ‚å¿—ä¸»ç¼–ï¼Œå¹¶åœ¨ã€Šçº½çº¦æ—¶æŠ¥ã€‹ã€Šç»æµå­¦äººã€‹ã€Šæ—¶ä»£ã€‹ã€Šç§‘å­¦ã€‹ç­‰é‡é‡çº§æ‚å¿—å‘è¡¨å¤šç¯‡ç§‘æŠ€æ–‡ç« ï¼Œä¸ºå…¨çƒç§‘æŠ€è¿·ä»¬ç‹‚çƒ­è¿½éšã€‚å·²å‡ºç‰ˆå¤šéƒ¨ç•…é”€ä¹¦ï¼Œå…¶ä¸­ã€Šå¤±æ§ã€‹ã€Šç§‘æŠ€æƒ³è¦ä»€ä¹ˆã€‹ã€Šæ–°ç»æµæ–°è§„åˆ™ã€‹åœ¨ä¸­å›½çš„ç§‘æŠ€çˆ±å¥½è€…ä¸­æ€èµ·çƒ­æ½®ï¼Œä½œè€…æ•°æ¬¡è¢«é‚€è¯·æ¥åï¼Œå‡å¼•èµ·è½°åŠ¨ã€‚","book_name":"å¤±æ§ï¼šå…¨äººç±»çš„æœ€ç»ˆå‘½è¿å’Œç»“å±€","book_author":"[ç¾] å‡¯æ–‡Â·å‡¯åˆ©","press":"ç”µå­å·¥ä¸šå‡ºç‰ˆç¤¾","publish_time":"1900-01-20","catalog":"","catalog_list":[{"level":0,"text":"å°é¢","href":"Text/cover.html","playOrder":1},{"level":0,"text":"è‡´ã€Šå¤±æ§ã€‹ä¸­æ–‡ç‰ˆçš„è¯»è€…ä»¬","href":"Text/chapter2.html","playOrder":2},{"level":0,"text":"ç¬¬ä¸€ç«  äººé€ ä¸å¤©ç”Ÿ","href":"Text/chapter3.html","playOrder":3},{"level":1,"text":"1.1 æ–°ç”Ÿç‰©æ–‡æ˜","href":"Text/chapter3.html#mllj1","playOrder":4},{"level":1,"text":"1.2 ç”Ÿç‰©é€»è¾‘çš„èƒœåˆ©","href":"Text/chapter3.html#mllj2","playOrder":5},{"level":1,"text":"1.3 å­¦ä¼šå‘æˆ‘ä»¬çš„åˆ›é€ ç‰©ä½å¤´","href":"Text/chapter3.html#mllj3","playOrder":6},{"level":0,"text":"ç¬¬äºŒç«  èœ‚ç¾¤æ€ç»´","href":"Text/chapter4.html","playOrder":7},{"level":1,"text":"2.1 èœœèœ‚ä¹‹é“ï¼šåˆ†å¸ƒå¼ç®¡ç†","href":"Text/chapter4.html#mllj1","playOrder":8},{"level":1,"text":"2.2 ç¾¤æ°“çš„é›†ä½“æ™ºæ…§","href":"Text/chapter4.html#mllj2","playOrder":9},{"level":1,"text":"2.3 éåŒ€è´¨çš„çœ‹ä¸è§çš„æ‰‹","href":"Text/chapter4.html#mllj3","playOrder":10},{"level":1,"text":"2.4 è®¤çŸ¥è¡Œä¸ºçš„åˆ†æ•£è®°å¿†","href":"Text/chapter4.html#mllj4","playOrder":11},{"level":1,"text":"2.5 ä»é‡å˜åˆ°è´¨å˜","href":"Text/chapter4.html#mllj5","playOrder":12},{"level":1,"text":"2.6 ç¾¤é›†çš„åˆ©ä¸å¼Š","href":"Text/chapter4.html#mllj6","playOrder":13},{"level":1,"text":"2.7 ç½‘ç»œæ˜¯21ä¸–çºªçš„å›¾æ ‡","href":"Text/chapter4.html#mllj7","playOrder":14},{"level":0,"text":"ç¬¬ä¸‰ç«  æœ‰å¿ƒæ™ºçš„æœºå™¨","href":"Text/chapter5.html","playOrder":15},{"level":1,"text":"3.1 å–æ‚¦æœ‰èº«ä½“çš„æœºå™¨","href":"Text/chapter5.html#mllj1","playOrder":16},{"level":1,"text":"3.2 å¿«é€Ÿã€å»‰ä»·ã€å¤±æ§","href":"Text/chapter5.html#mllj2","playOrder":17},{"level":1,"text":"3.3 ä¼—æ„šæˆæ™º","href":"Text/chapter5.html#mllj3","playOrder":18},{"level":1,"text":"3.4 åµŒå¥—å±‚çº§çš„ä¼˜ç‚¹","href":"Text/chapter5.html#mllj4","playOrder":19},{"level":1,"text":"3.5 åˆ©ç”¨ç°å®ä¸–ç•Œçš„åé¦ˆå®ç°äº¤æµ","href":"Text/chapter5.html#mllj5","playOrder":20},{"level":1,"text":"3.6 æ— èº¯ä½“åˆ™æ— æ„è¯†","href":"Text/chapter5.html#mllj6","playOrder":21},{"level":1,"text":"3.7 å¿ƒæ™º/èº¯ä½“çš„é»‘ç›²æ€§ç²¾ç¥é”™ä¹±","href":"Text/chapter5.html#mllj7","playOrder":22},{"level":0,"text":"ç¬¬å››ç«  ç»„è£…å¤æ‚æ€§","href":"Text/chapter6.html","playOrder":23},{"level":1,"text":"4.1 ç”Ÿç‰©â€”â€”æœºå™¨çš„æœªæ¥","href":"Text/chapter6.html#mllj1","playOrder":24},{"level":1,"text":"4.2 ç”¨ç«å’Œè½¯ä½“ç§å­æ¢å¤è‰åŸ","href":"Text/chapter6.html#mllj2","playOrder":25},{"level":1,"text":"4.3 é€šå¾€ç¨³å®šç”Ÿæ€ç³»ç»Ÿçš„éšæœºè·¯çº¿","href":"Text/chapter6.html#mllj3","playOrder":26},{"level":1,"text":"4.4 å¦‚ä½•åŒæ—¶åšå¥½ä¸€åˆ‡","href":"Text/chapter6.html#mllj4","playOrder":27},{"level":1,"text":"4.5 è‰°å·¨çš„â€œæ‹¼è›‹å£³â€ä»»åŠ¡","href":"Text/chapter6.html#mllj5","playOrder":28},{"level":0,"text":"ç¬¬äº”ç«  å…±åŒè¿›åŒ–","href":"Text/chapter7.html","playOrder":29},{"level":1,"text":"5.1 æ”¾åœ¨é•œå­ä¸Šçš„å˜è‰²é¾™æ˜¯ä»€ä¹ˆé¢œè‰²çš„ï¼Ÿ","href":"Text/chapter7.html#mllj1","playOrder":30},{"level":1,"text":"5.2 ç”Ÿå‘½ä¹‹æ— æ³•ç†å–»ä¹‹å¤„","href":"Text/chapter7.html#mllj2","playOrder":31},{"level":1,"text":"5.3 åœ¨æŒä¹…çš„æ‘‡æ‘‡æ¬²å çŠ¶æ€ä¸­ä¿æŒå¹³è¡¡","href":"Text/chapter7.html#mllj3","playOrder":32},{"level":1,"text":"5.4 å²©çŸ³ä¹ƒèŠ‚å¥ç¼“æ…¢çš„ç”Ÿå‘½","href":"Text/chapter7.html#mllj4","playOrder":33},{"level":1,"text":"5.5 ä¸è®²äº¤æƒ…æˆ–æ— è¿œè§çš„åˆä½œ","href":"Text/chapter7.html#mllj5","playOrder":34},{"level":0,"text":"ç¬¬å…­ç«  è‡ªç„¶ä¹‹æµå˜","href":"Text/chapter8.html","playOrder":35},{"level":1,"text":"6.1 å‡è¡¡å³æ­»äº¡","href":"Text/chapter8.html#mllj1","playOrder":36},{"level":1,"text":"6.2 è°å…ˆå‡ºç°ï¼Œç¨³å®šæ€§è¿˜æ˜¯å¤šæ ·æ€§ï¼Ÿ","href":"Text/chapter8.html#mllj2","playOrder":37},{"level":1,"text":"6.3 ç”Ÿæ€ç³»ç»Ÿï¼šè¶…æœ‰æœºä½“ï¼ŒæŠ‘æˆ–æ˜¯èº«ä»½ä½œåŠï¼Ÿ","href":"Text/chapter8.html#mllj3","playOrder":38},{"level":1,"text":"6.4 å˜åŒ–çš„èµ·æº","href":"Text/chapter8.html#mllj4","playOrder":39},{"level":1,"text":"6.5 ç”Ÿç”Ÿä¸æ¯çš„ç”Ÿå‘½","href":"Text/chapter8.html#mllj5","playOrder":40},{"level":1,"text":"6.6 è´Ÿç†µ","href":"Text/chapter8.html#mllj6","playOrder":41},{"level":1,"text":"6.7 ç¬¬å››ä¸ªé—´æ–­ï¼šç”Ÿæˆä¹‹ç¯","href":"Text/chapter8.html#mllj7","playOrder":42},{"level":0,"text":"ç¬¬ä¸ƒç«  æ§åˆ¶çš„å…´èµ·","href":"Text/chapter9.html","playOrder":43},{"level":1,"text":"7.1 å¤å¸Œè…Šçš„ç¬¬ä¸€ä¸ªäººå·¥è‡ªæˆ‘","href":"Text/chapter9.html#mllj1","playOrder":44},{"level":1,"text":"7.2 æœºæ¢°è‡ªæˆ‘çš„æˆç†Ÿ","href":"Text/chapter9.html#mllj2","playOrder":45},{"level":1,"text":"7.3 æŠ½æ°´é©¬æ¡¶ï¼šå¥—å¥—é€»è¾‘çš„åŸå‹","href":"Text/chapter9.html#mllj3","playOrder":46},{"level":1,"text":"7.4 è‡ªæˆ‘èƒ½åŠ¨æ´¾","href":"Text/chapter9.html#mllj4","playOrder":47},{"level":0,"text":"ç¬¬å…«ç«  å°é—­ç³»ç»Ÿ","href":"Text/chapter10.html","playOrder":48},{"level":1,"text":"8.1 å¯†å°çš„ç“¶è£…ç”Ÿå‘½","href":"Text/chapter10.html#mllj1","playOrder":49},{"level":1,"text":"8.2 é‚®è´­ç›–äºš","href":"Text/chapter10.html#mllj2","playOrder":50},{"level":1,"text":"8.3 äººä¸ç»¿è—»æ¯æ¯ç›¸å…³","href":"Text/chapter10.html#mllj3","playOrder":51},{"level":1,"text":"8.4 å·¨å¤§çš„ç”Ÿæ€æŠ€æœ¯ç»ç’ƒçƒ","href":"Text/chapter10.html#mllj4","playOrder":52},{"level":1,"text":"8.5 åœ¨æŒä¹…çš„æ··æ²Œä¸­è¿›è¡Œçš„å®éªŒ","href":"Text/chapter10.html#mllj5","playOrder":53},{"level":1,"text":"8.6 å¦å¤–ä¸€ç§åˆæˆç”Ÿæ€ç³»ç»Ÿ","href":"Text/chapter10.html#mllj6","playOrder":54},{"level":0,"text":"ç¬¬ä¹ç«  â€œå†’å‡ºâ€çš„ç”Ÿæ€åœˆ","href":"Text/chapter11.html","playOrder":55},{"level":1,"text":"9.1 ä¸€äº¿ç¾å…ƒç»ç’ƒæ–¹èˆŸçš„å‰¯é©¾é©¶","href":"Text/chapter11.html#mllj1","playOrder":56},{"level":1,"text":"9.2 åŸå¸‚é‡è‰","href":"Text/chapter11.html#mllj2","playOrder":57},{"level":1,"text":"9.3 æœ‰æ„çš„å­£èŠ‚è°ƒé…","href":"Text/chapter11.html#mllj3","playOrder":58},{"level":1,"text":"9.4 ç”Ÿå‘½ç§‘å­¦çš„å›æ—‹åŠ é€Ÿå™¨","href":"Text/chapter11.html#mllj4","playOrder":59},{"level":1,"text":"9.5 ç»ˆææŠ€æœ¯","href":"Text/chapter11.html#mllj5","playOrder":60},{"level":0,"text":"ç¬¬åç«  å·¥ä¸šç”Ÿæ€å­¦","href":"Text/chapter12.html","playOrder":61},{"level":1,"text":"10.1 å…¨å¤©å€™ã€å…¨æ–¹ä½çš„æ¥å…¥","href":"Text/chapter12.html#mllj1","playOrder":62},{"level":1,"text":"10.2 çœ‹ä¸è§çš„æ™ºèƒ½","href":"Text/chapter12.html#mllj2","playOrder":63},{"level":1,"text":"10.3 å’¬äººçš„æˆ¿é—´ä¸ä¸å’¬äººçš„æˆ¿é—´","href":"Text/chapter12.html#mllj3","playOrder":64},{"level":1,"text":"10.4 è§„åˆ’ä¸€ä¸ªå…±åŒä½“","href":"Text/chapter12.html#mllj4","playOrder":65},{"level":1,"text":"10.5 é—­ç¯åˆ¶é€ ","href":"Text/chapter12.html#mllj5","playOrder":66},{"level":1,"text":"10.6 é€‚åº”çš„æŠ€æœ¯","href":"Text/chapter12.html#mllj6","playOrder":67},{"level":0,"text":"ç¬¬åä¸€ç«  ç½‘ç»œç»æµå­¦","href":"Text/chapter13.html","playOrder":68},{"level":1,"text":"11.1 è„±ç¦»å®ä½“","href":"Text/chapter13.html#mllj1","playOrder":69},{"level":1,"text":"11.2 ä»¥è”ç»“å–ä»£è®¡ç®—","href":"Text/chapter13.html#mllj2","playOrder":70},{"level":1,"text":"11.3 ä¿¡æ¯å·¥å‚","href":"Text/chapter13.html#mllj3","playOrder":71},{"level":1,"text":"11.4 ä¸é”™è¯¯æ‰“äº¤é“","href":"Text/chapter13.html#mllj4","playOrder":72},{"level":1,"text":"11.5 è”é€šæ‰€æœ‰çš„ä¸€åˆ‡","href":"Text/chapter13.html#mllj5","playOrder":73},{"level":0,"text":"ç¬¬åäºŒç«  ç”µå­è´§å¸","href":"Text/chapter14.html","playOrder":74},{"level":1,"text":"12.1 å¯†ç æ— æ”¿åºœçŠ¶æ€ï¼šåŠ å¯†æ°¸èƒœ","href":"Text/chapter14.html#mllj1","playOrder":75},{"level":1,"text":"12.2 ä¼ çœŸæœºæ•ˆåº”å’Œæ”¶ç›Šé€’å¢å®šå¾‹","href":"Text/chapter14.html#mllj2","playOrder":76},{"level":1,"text":"12.3 è¶…çº§ä¼ æ’­","href":"Text/chapter14.html#mllj3","playOrder":77},{"level":1,"text":"12.4 å¸¦ç”µè·çš„ä¸œè¥¿å°±å¯ç”¨äºç”µå­è´§å¸å……å€¼","href":"Text/chapter14.html#mllj4","playOrder":78},{"level":1,"text":"12.5 ç‚¹å¯¹ç‚¹é‡‘èä¸è¶…çº§å°é’±","href":"Text/chapter14.html#mllj5","playOrder":79},{"level":1,"text":"12.6 å¯¹éšå¯†ç»æµçš„ææƒ§","href":"Text/chapter14.html#mllj6","playOrder":80},{"level":0,"text":"ç¬¬åä¸‰ç«  ä¸Šå¸çš„æ¸¸æˆ","href":"Text/chapter15.html","playOrder":81},{"level":1,"text":"13.1 ç”µå­ç¥æ ¼","href":"Text/chapter15.html#mllj1","playOrder":82},{"level":1,"text":"13.2 æœ‰äº¤äº’ç•Œé¢çš„ç†è®º","href":"Text/chapter15.html#mllj2","playOrder":83},{"level":1,"text":"13.3 ä¸€ä½é€ è®¿ä»–ç”¨å¤šè¾¹å½¢åˆ›é€ å‡ºæ¥çš„å¤©åœ°çš„ç¥ç¥—","href":"Text/chapter15.html#mllj3","playOrder":84},{"level":1,"text":"13.4 æ‹Ÿåƒçš„ä¼ é€","href":"Text/chapter15.html#mllj4","playOrder":85},{"level":1,"text":"13.5 æ•°å­—ä¹‹æˆ˜","href":"Text/chapter15.html#mllj5","playOrder":86},{"level":1,"text":"13.6 æ— ç¼åˆ†å¸ƒçš„å†›é˜Ÿ","href":"Text/chapter15.html#mllj6","playOrder":87},{"level":1,"text":"13.7 ä¸€ä¸ªä¸‡åƒç¢ç‰‡çš„è¶…çœŸå®","href":"Text/chapter15.html#mllj7","playOrder":88},{"level":1,"text":"13.8 ä¸¤å¢æƒ…æ„¿çš„æ–‡å­—è¶…çº§æœ‰æœºä½“","href":"Text/chapter15.html#mllj8","playOrder":89},{"level":1,"text":"13.9 æ”¾æ‰‹åˆ™èµ¢","href":"Text/chapter15.html#mllj9","playOrder":90},{"level":0,"text":"ç¬¬åå››ç«  åœ¨å½¢å¼çš„å›¾ä¹¦é¦†ä¸­","href":"Text/chapter16.html","playOrder":91},{"level":1,"text":"14.1 â€œå¤§åƒâ€å›¾ä¹¦é¦†ä¹‹æ—…","href":"Text/chapter16.html#mllj1","playOrder":92},{"level":1,"text":"14.2 ä¸€åˆ‡å¯èƒ½å›¾åƒä¹‹ç©ºé—´","href":"Text/chapter16.html#mllj2","playOrder":93},{"level":1,"text":"14.3 å€˜ä½¯åœ¨ç”Ÿç‰©å½¢æ€ç‹å›½","href":"Text/chapter16.html#mllj3","playOrder":94},{"level":1,"text":"14.4 å¾¡å˜å¼‚ä½“è€Œè¡Œ","href":"Text/chapter16.html#mllj4","playOrder":95},{"level":1,"text":"14.5 å½¢å¼åº“ä¸­ä¹Ÿæœ‰æ€§","href":"Text/chapter16.html#mllj5","playOrder":96},{"level":1,"text":"14.6 ä¸‰æ­¥è½»æ¾ç¹è‚²è‰ºæœ¯æ°ä½œ","href":"Text/chapter16.html#mllj6","playOrder":97},{"level":1,"text":"14.7 ç©¿è¶Šéšæœºæ€§","href":"Text/chapter16.html#mllj7","playOrder":98},{"level":0,"text":"ç¬¬åäº”ç«  äººå·¥è¿›åŒ–","href":"Text/chapter17.html","playOrder":99},{"level":1,"text":"15.1 æ±¤å§†Â·é›·çš„ç”µè¿›åŒ–æœº","href":"Text/chapter17.html#mllj1","playOrder":100},{"level":1,"text":"15.2 ä½ åŠ›æ‰€ä¸é€®çš„ï¼Œè¿›åŒ–èƒ½è¡Œ","href":"Text/chapter17.html#mllj2","playOrder":101},{"level":1,"text":"15.3 å¹¶è¡Œå®æ–½çš„ç›²ç›®è¡Œä¸º","href":"Text/chapter17.html#mllj3","playOrder":102},{"level":1,"text":"15.4 è®¡ç®—ä¸­çš„å†›å¤‡ç«èµ›","href":"Text/chapter17.html#mllj4","playOrder":103},{"level":1,"text":"15.5 é©¾é©­é‡æ€§çš„è¿›åŒ–","href":"Text/chapter17.html#mllj5","playOrder":104},{"level":1,"text":"15.6 è¿›åŒ–èªæ˜åˆ†å­çš„æ„šé’ç§‘å­¦å®¶","href":"Text/chapter17.html#mllj6","playOrder":105},{"level":1,"text":"15.7 æ­»äº¡æ˜¯æœ€å¥½çš„è€å¸ˆ","href":"Text/chapter17.html#mllj7","playOrder":106},{"level":1,"text":"15.8 èš‚èšçš„ç®—æ³•å¤©èµ‹","href":"Text/chapter17.html#mllj8","playOrder":107},{"level":1,"text":"15.9 å·¥ç¨‹éœ¸æƒçš„ç»ˆç»“","href":"Text/chapter17.html#mllj9","playOrder":108},{"level":0,"text":"ç¬¬åå…­ç«  æ§åˆ¶çš„æœªæ¥","href":"Text/chapter18.html","playOrder":109},{"level":1,"text":"16.1 ç©å…·ä¸–ç•Œçš„å¡é€šç‰©ç†å­¦","href":"Text/chapter18.html#mllj1","playOrder":110},{"level":1,"text":"16.2 åˆæˆè§’è‰²çš„è¯ç”Ÿ","href":"Text/chapter18.html#mllj2","playOrder":111},{"level":1,"text":"16.3 æ²¡æœ‰å®ä½“çš„æœºå™¨äºº","href":"Text/chapter18.html#mllj3","playOrder":112},{"level":1,"text":"16.4 è¡Œä¸ºå­¦æ¶æ„ä¸­çš„ä»£ç†","href":"Text/chapter18.html#mllj4","playOrder":113},{"level":1,"text":"16.5 ç»™è‡ªç”±æ„å¿—å¼ºåŠ å®¿å‘½","href":"Text/chapter18.html#mllj5","playOrder":114},{"level":1,"text":"16.6 ç±³è€é¼ é‡è£…ä¸Šé˜µ","href":"Text/chapter18.html#mllj6","playOrder":115},{"level":1,"text":"16.7 å¯»æ±‚ååŒæ§åˆ¶","href":"Text/chapter18.html#mllj7","playOrder":116},{"level":0,"text":"ç¬¬åä¸ƒç«  å¼€æ”¾çš„å®‡å®™","href":"Text/chapter19.html","playOrder":117},{"level":1,"text":"17.1 æ‹“å±•ç”Ÿå­˜çš„ç©ºé—´","href":"Text/chapter19.html#mllj1","playOrder":118},{"level":1,"text":"17.2 ç”Ÿæˆå›¾åƒçš„åŸºå…ƒç»„","href":"Text/chapter19.html#mllj2","playOrder":119},{"level":1,"text":"17.3 æ— å¿ƒæ’æŸ³æŸ³æˆè«","href":"Text/chapter19.html#mllj3","playOrder":120},{"level":1,"text":"17.4 æ‰“ç ´è§„åˆ™æ±‚ç”Ÿå­˜","href":"Text/chapter19.html#mllj4","playOrder":121},{"level":1,"text":"17.5 æŒæ¡è¿›åŒ–å·¥å…·","href":"Text/chapter19.html#mllj5","playOrder":122},{"level":1,"text":"17.6 ä»æ»‘ç¿”æ„å¤–åˆ°ç”Ÿå‘½æ¸¸æˆ","href":"Text/chapter19.html#mllj6","playOrder":123},{"level":1,"text":"17.7 ç”Ÿå‘½çš„åŠ¨è¯","href":"Text/chapter19.html#mllj7","playOrder":124},{"level":1,"text":"17.8 åœ¨è¶…ç”Ÿå‘½çš„å›½åº¦ä¸­å®‰å®¶è½æˆ·","href":"Text/chapter19.html#mllj8","playOrder":125},{"level":0,"text":"ç¬¬åå…«ç«  æœ‰ç»„ç»‡çš„å˜åŒ–ä¹‹æ¶æ„","href":"Text/chapter20.html","playOrder":126},{"level":1,"text":"18.1 æ—¥å¸¸è¿›åŒ–çš„é©å‘½","href":"Text/chapter20.html#mllj1","playOrder":127},{"level":1,"text":"18.2 ç»•å¼€ä¸­å¿ƒæ³•åˆ™","href":"Text/chapter20.html#mllj2","playOrder":128},{"level":1,"text":"18.3 å­¦ä¹ å’Œè¿›åŒ–ä¹‹é—´çš„åŒºåˆ«","href":"Text/chapter20.html#mllj3","playOrder":129},{"level":1,"text":"18.4 è¿›åŒ–çš„è¿›åŒ–","href":"Text/chapter20.html#mllj4","playOrder":130},{"level":1,"text":"18.5 è¿›åŒ–è§£é‡Šä¸€åˆ‡","href":"Text/chapter20.html#mllj5","playOrder":131},{"level":0,"text":"ç¬¬åä¹ç«  åè¾¾å°”æ–‡ä¸»ä¹‰","href":"Text/chapter21.html","playOrder":132},{"level":1,"text":"19.1 è¾¾å°”æ–‡è¿›åŒ–è®ºä¸å®Œå¤‡ä¹‹å¤„","href":"Text/chapter21.html#mllj1","playOrder":133},{"level":1,"text":"19.2 åªæœ‰è‡ªç„¶é€‰æ‹©è¿˜ä¸å¤Ÿ","href":"Text/chapter21.html#mllj2","playOrder":134},{"level":1,"text":"19.3 ç”Ÿå‘½ä¹‹æ ‘ä¸Šçš„è¿ç†æ","href":"Text/chapter21.html#mllj3","playOrder":135},{"level":1,"text":"19.4 ééšæœºçªå˜çš„å‰æ","href":"Text/chapter21.html#mllj4","playOrder":136},{"level":1,"text":"19.5 æ€ªäº¦æœ‰é“","href":"Text/chapter21.html#mllj5","playOrder":137},{"level":1,"text":"19.6 åŒ–æŠ½è±¡ä¸ºå…·è±¡","href":"Text/chapter21.html#mllj6","playOrder":138},{"level":1,"text":"19.7 ç‰©ä»¥ç±»èš","href":"Text/chapter21.html#mllj7","playOrder":139},{"level":1,"text":"19.8 DNAå¹¶ä¸èƒ½ç»™æ‰€æœ‰ä¸œè¥¿ç¼–ç ","href":"Text/chapter21.html#mllj8","playOrder":140},{"level":1,"text":"19.9 ä¸ç¡®å®šçš„ç”Ÿç‰©æœç´¢ç©ºé—´å¯†åº¦","href":"Text/chapter21.html#mllj9","playOrder":141},{"level":1,"text":"19.10 è‡ªç„¶é€‰æ‹©ä¹‹æ•°å­¦åŸç†","href":"Text/chapter21.html#mllj10","playOrder":142},{"level":0,"text":"ç¬¬äºŒåç«  æ²‰ç¡çš„è´è¶","href":"Text/chapter22.html","playOrder":143},{"level":1,"text":"20.1 æ— åºä¹‹æœ‰åº","href":"Text/chapter22.html#mllj1","playOrder":144},{"level":1,"text":"20.2 åç›´è§‰çš„ç½‘ç»œæ•°å­¦","href":"Text/chapter22.html#mllj2","playOrder":145},{"level":1,"text":"20.3 è¿­åï¼Œå–·æ¶Œï¼Œè‡ªå‚¬åŒ–","href":"Text/chapter22.html#mllj3","playOrder":146},{"level":1,"text":"20.4 å€¼å¾—ä¸€é—®çš„é—®é¢˜","href":"Text/chapter22.html#mllj4","playOrder":147},{"level":1,"text":"20.5 è‡ªè°ƒèŠ‚çš„æ´»ç³»ç»Ÿ","href":"Text/chapter22.html#mllj5","playOrder":148},{"level":0,"text":"ç¬¬äºŒåä¸€ç«  æ°´å¾€é«˜å¤„æµ","href":"Text/chapter23.html","playOrder":149},{"level":1,"text":"21.1 40äº¿å¹´çš„åºæ°éª—å±€","href":"Text/chapter23.html#mllj1","playOrder":150},{"level":1,"text":"21.2 è¿›åŒ–çš„ç›®çš„æ˜¯ä»€ä¹ˆ","href":"Text/chapter23.html#mllj2","playOrder":151},{"level":1,"text":"21.3 è¶…è¿›åŒ–çš„7ä¸ªè¶‹åŠ¿","href":"Text/chapter23.html#mllj3","playOrder":152},{"level":1,"text":"21.4 åœŸç‹¼èˆ¬çš„è‡ªæˆ‘è¿›åŒ–","href":"Text/chapter23.html#mllj4","playOrder":153},{"level":0,"text":"ç¬¬äºŒåäºŒç«  é¢„è¨€æœº","href":"Text/chapter24.html","playOrder":154},{"level":1,"text":"22.1 æ¥çƒçš„å¤§è„‘","href":"Text/chapter24.html#mllj1","playOrder":155},{"level":1,"text":"22.2 æ··æ²Œçš„å¦ä¸€é¢","href":"Text/chapter24.html#mllj2","playOrder":156},{"level":1,"text":"22.3 å…·æœ‰æ­£é¢æ„ä¹‰çš„çŸ­è§†","href":"Text/chapter24.html#mllj3","playOrder":157},{"level":1,"text":"22.4 ä»å¯é¢„æµ‹æ€§èŒƒå›´é‡ŒæŒ£å¤§é’±","href":"Text/chapter24.html#mllj4","playOrder":158},{"level":1,"text":"22.5 å‰ç»ï¼šå†…è§†è¡ŒåŠ¨","href":"Text/chapter24.html#mllj5","playOrder":159},{"level":1,"text":"22.6 é¢„æµ‹çš„å¤šæ ·æ€§","href":"Text/chapter24.html#mllj6","playOrder":160},{"level":1,"text":"22.7 ä»¥ä¸‡å˜æ±‚ä¸å˜","href":"Text/chapter24.html#mllj7","playOrder":161},{"level":1,"text":"22.8 ç³»ç»Ÿå­˜åœ¨çš„ç›®çš„å°±æ˜¯æ­ç¤ºæœªæ¥","href":"Text/chapter24.html#mllj8","playOrder":162},{"level":1,"text":"22.9 å…¨çƒæ¨¡å‹çš„è¯¸å¤šé—®é¢˜","href":"Text/chapter24.html#mllj9","playOrder":163},{"level":1,"text":"22.10 èˆµæ‰‹æ˜¯å¤§å®¶","href":"Text/chapter24.html#mllj10","playOrder":164},{"level":0,"text":"ç¬¬äºŒåä¸‰ç«  æ•´ä½“ï¼Œç©ºæ´ï¼Œä»¥åŠç©ºé—´","href":"Text/chapter25.html","playOrder":165},{"level":1,"text":"23.1 æ§åˆ¶è®ºæ€ä¹ˆäº†ï¼Ÿ","href":"Text/chapter25.html#mllj1","playOrder":166},{"level":1,"text":"23.2 ç§‘å­¦çŸ¥è¯†ç½‘ä¹‹ç¼ºå£","href":"Text/chapter25.html#mllj2","playOrder":167},{"level":1,"text":"23.3 ä»¤äººæƒŠè®¶çš„çç¢å°äº‹","href":"Text/chapter25.html#mllj3","playOrder":168},{"level":1,"text":"23.4 è¶…æ–‡æœ¬ï¼šæƒå¨çš„ç»ˆç»“","href":"Text/chapter25.html#mllj4","playOrder":169},{"level":1,"text":"23.5 æ–°çš„æ€è€ƒç©ºé—´","href":"Text/chapter25.html#mllj5","playOrder":170},{"level":0,"text":"ç¬¬äºŒåå››ç«  ä¹å¾‹","href":"Text/chapter26.html","playOrder":171},{"level":1,"text":"24.1 å¦‚ä½•æ— ä¸­ç”Ÿæœ‰","href":"Text/chapter26.html#mllj1","playOrder":172},{"level":1,"text":"24.2 å°†å®‡å®™æ®ä¸ºå·±æœ‰","href":"Text/chapter26.html#mllj2","playOrder":173},{"level":0,"text":"é™„å½• äººåç´¢å¼•","href":"Text/chapter27.html","playOrder":174},{"level":0,"text":"è¯‘åè®°ï¼šâ€œå¤±æ§â€çš„åä½œä¸è¿›åŒ–","href":"Text/chapter28.html","playOrder":175},{"level":0,"text":"ç‰ˆæƒä¿¡æ¯","href":"Text/copyright.html","playOrder":176}],"book_intro":"ã€€å¤§è‡ªç„¶ä»æ— åˆ›é€ äº†æœ‰ã€‚è™½ç„¶å¤§è‡ªç„¶æ·±è°™è¿™ä¸ªæŠŠæˆï¼Œä½†ä»…ä»…ä¾é è§‚å¯Ÿå¥¹ï¼Œæˆ‘ä»¬å¹¶æ²¡å­¦åˆ°å¤ªå¤šçš„ä¸œè¥¿ã€‚æˆ‘ä»¬æ›´å¤šåœ°æ˜¯ä»æ„é€ å¤æ‚çš„å¤±è´¥ä¸­ï¼Œä»¥åŠä»æ¨¡ä»¿å’Œç†è§£è‡ªç„¶ç³»ç»Ÿçš„ç‚¹æ»´æˆå°±ä¸­å­¦ä¹ ç»éªŒæ•™è®­ã€‚\r\nã€€ã€€ã€Šå¤±æ§ï¼šå…¨äººç±»çš„æœ€ç»ˆå‘½è¿å’Œç»“å±€ã€‹ä»è®¡ç®—æœºç§‘å­¦å’Œç”Ÿç‰©ç ”ç©¶çš„*å‰æ²¿æˆæœä¸­ï¼Œä»¥åŠäº¤å‰å­¦ç§‘çš„å„ç§çŠ„è§’æ—®æ—¯é‡Œæå–å‡ºäº†å¤§è‡ªç„¶ç”¨ä»¥æ— ä¸­ç”Ÿæœ‰çš„ä¹æ¡è§„å¾‹ï¼Œæ˜¯ä¸ºä¹å¾‹ã€‚","tts_switch":1,"merchant_id":10004,"contract_number":"","online_time":0,"b_special_price":"0","current_price":"35.00","b_special_price_stime":1514736000,"b_special_price_etime":1514736000,"is_buy":false,"current_timestamp":1558440305,"chapter_list":null,"is_trial":true,"is_tts_switch":true,"log_id":"58","log_type":"ebook","read_progress":0,"reading_title":"","original_price":"35.00","special_offer_status":0,"page_num":0,"author_list":["[ç¾] å‡¯æ–‡Â·å‡¯åˆ©","ç¬¬ä¸€ä½œè€…","ç¬¬äºŒä½œè€…"],"can_trial_read":true,"reading_word_count":0,"reading_word_token":"eyJ0ayI6IllLU1F6VFFkc0ZuYkZiMldWNyszNGptSkJlMkduYnc5Z1VsNnQrV2VoVUJGbkplN2htNVNIU0ZvNHlkTnhDbkVGN3BsaTJqM2VuVEVaNGdpM1cvV2lSeEJOdlFBc3Y2a3pVa3UxMG5Uei9MT0ZRQktnZHp6ekZwdDVYZ1EwMlFWb3NYNWp6d2YvZld3L215dkVCZlpudlVRZ1RKSUUzcEhxSk1ZUFZmcU9pZz0iLCJ2IjoxfQ==","trial_read_proportion":"0.0000","authors":null,"with_video":false,"b_package_end_time":"","b_package_price":"0.00","b_package_start_time":""}},{"productId":62,"trackinfo":"request_id#ca23433159c04651babf883da102e21a^^match_type#0^^score#0^^bucket_Id#0^^rank#10^^productId#62^^topicId#62^^productType#2^^isBak#2^^articleId#0^^type#2","detail":{"id":62,"title":"","style":1,"type":1,"class":0,"sub_class":0,"author":"ï¼»ç¾ï¼½äº¨åˆ©Â·åŸºè¾›æ ¼","cover":"http://piccdn.igetget.com/img/201607/21/201607211219274824249083.jpg","banner":"","count":0,"price":"42.00","status":1,"epub":"2019","sell_count":83,"sell_seven_day":6,"operating_title":"ä¸–ç•Œç§©åº","short_title":"","integral":0,"other_content":"","other_share_title":"åŸºè¾›æ ¼æœ€æ–°åŠ›ä½œï¼Œè®©ä½ ä¸€æœ¬ä¹¦è¯»æ‡‚ä¸–ç•Œæ ¼å±€","other_share_summary":"åŸºè¾›æ ¼å°†è§†é‡æ‹“å®½åˆ°å…¨ä¸–ç•Œï¼Œå°†æ—¶é—´æ‹‰é•¿åˆ°400å¹´ï¼Œé›†ç»“60å¹´å¤–äº¤ç”Ÿæ¶¯çš„ç†å¿µç²¾é«“ï¼Œä¸ºæ‚¨è§£è¯»å›½é™…æ”¿å±€ã€‚","other_data":"","top":0,"datetime":"","uptime":"","author_info":"ã€€äº¨åˆ©Â·åŸºè¾›æ ¼ï¼ˆHenry Kissingerï¼‰ï¼Œå“ˆä½›å¤§å­¦åšå£«ã€æ•™æˆï¼Œç¾å›½å‰å›½åŠ¡å¿ï¼Œ20ä¸–çºªç¾å›½çŸ¥åçš„å¤–äº¤å®¶ã€å›½é™…é—®é¢˜ä¸“å®¶ï¼Œè¢«ç§°ä¸ºâ€œç¾å›½æ”¿å›å¸¸é’æ ‘â€ã€â€œä¸­å›½äººæ°‘çš„è€æœ‹å‹â€ã€‚1971å¹´7æœˆï¼ŒåŸºè¾›æ ¼ä½œä¸ºå°¼å…‹æ¾æ€»ç»Ÿç§˜å¯†ç‰¹ä½¿è®¿åï¼Œä¸ºä¸­ç¾å»ºäº¤å¼€å¯äº†å¤§é—¨ï¼Œä¸ºä¸­ç¾å…³ç³»ä½œå‡ºäº†å†å²æ€§è´¡çŒ®ã€‚ä»–ä¸æ¯›æ³½ä¸œã€å‘¨æ©æ¥ã€é‚“å°å¹³ç­‰ä¸­å›½é¢†å¯¼äººéƒ½æœ‰è¿‡æ·±å…¥çš„äº¤å¾€ã€‚1973å¹´1æœˆï¼ŒåŸºè¾›æ ¼åœ¨å·´é»å®Œæˆäº†ç»“æŸè¶Šå—æˆ˜äº‰çš„è°ˆåˆ¤ï¼Œå¹¶å› æ­¤è·å¾—è¯ºè´å°”å’Œå¹³å¥–ã€‚å…¶ä¸»è¦è‘—ä½œæœ‰ã€Šè®ºä¸­å›½ã€‹ã€ã€Šå¤§å¤–äº¤ã€‹ã€ã€Šç™½å®«å²æœˆã€‹ã€ã€Šå¤å…´å¹´ä»£ã€‹ç­‰ã€‚","book_name":"ã€Šä¸–ç•Œç§©åºã€‹","book_author":"[ç¾]Â äº¨åˆ©Â·åŸºè¾›æ ¼Â ","press":"ä¸­ä¿¡å‡ºç‰ˆç¤¾","publish_time":"1900-01-20","catalog":"","catalog_list":[{"level":0,"text":"å°é¢","href":"Text/cover.xhtml","playOrder":1},{"level":0,"text":"åºè¨€ å¯¹ä¸–ç•Œç§©åºé—®é¢˜çš„æ€è€ƒ","href":"Text/preface.xhtml#sigil_toc_id_2","playOrder":2},{"level":0,"text":"ï½œç¬¬ä¸€ç« ï½œ æ¬§æ´²ï¼šå¤šå…ƒåŒ–çš„å›½é™…ç§©åº","href":"Text/chapter1.xhtml","playOrder":3},{"level":0,"text":"ï½œç¬¬äºŒç« ï½œ æ¬§æ´²å‡åŠ¿ä½“ç³»åŠå…¶ç»ˆç»“","href":"Text/chapter2.xhtml","playOrder":4},{"level":0,"text":"ï½œç¬¬ä¸‰ç« ï½œ ä¼Šæ–¯å…°ä¸»ä¹‰å’Œä¸­ä¸œï¼šä¸–ç•Œä¹±å±€","href":"Text/chapter3.xhtml","playOrder":5},{"level":0,"text":"ï½œç¬¬å››ç« ï½œ ç¾å›½ä¸ä¼Šæœ—ï¼šä¸åŒçš„ç§©åºç†å¿µ","href":"Text/chapter4.xhtml","playOrder":6},{"level":0,"text":"ï½œç¬¬äº”ç« ï½œ äºšæ´²çš„å¤šæ ·æ€§","href":"Text/chapter5.xhtml","playOrder":7},{"level":0,"text":"ï½œç¬¬å…­ç« ï½œ é€šå¾€äºšæ´²ç§©åºä¹‹è·¯ï¼šå¯¹æŠ—è¿˜æ˜¯ä¼™ä¼´å…³ç³»ï¼Ÿ","href":"Text/chapter6.xhtml","playOrder":8},{"level":0,"text":"ï½œç¬¬ä¸ƒç« ï½œ â€œä»£è¡¨å…¨äººç±»è¡Œäº‹â€ï¼šç¾å›½åŠå…¶ç§©åºè§‚","href":"Text/chapter7.xhtml","playOrder":9},{"level":0,"text":"ï½œç¬¬å…«ç« ï½œ ç¾å›½ï¼šå¿ƒæƒ…çŸ›ç›¾çš„è¶…çº§å¤§å›½","href":"Text/chapter8.xhtml","playOrder":10},{"level":0,"text":"ï½œç¬¬ä¹ç« ï½œ æŠ€æœ¯ã€å‡è¡¡ä¸äººçš„æ„è¯†","href":"Text/chapter9.xhtml","playOrder":11},{"level":0,"text":"ç»“è®º å½“ä»Šæ—¶ä»£èƒ½å»ºç«‹ä¸–ç•Œç§©åºå—ï¼Ÿ","href":"Text/epilogue.xhtml#sigil_toc_id_55","playOrder":12},{"level":0,"text":"è‡´è°¢","href":"Text/thanks.xhtml","playOrder":13},{"level":0,"text":"ç‰ˆæƒé¡µ","href":"Text/copyright.xhtml#sigil_toc_id_1","playOrder":14}],"book_intro":"è¿‘ä¸€å¹´å¤šæ¥ï¼Œä¹Œå…‹å…°ä¹±å±€ï¼Œå¢å¸ƒå±æœºï¼Œæ—¥å…ƒæ¬§å…ƒæš´è·Œï¼Œç¾å†›æ’¤å‡ºé˜¿å¯Œæ±—ï¼›è€ŒåŒä¸€æ—¶é—´ä¸­å›½ä¹Ÿé¢‘ç¹å‡ºæ‰‹â€”â€”ä¸œç›Ÿè‡ªè´¸åŒºçš„å»ºç«‹ï¼Œä¸­ç¾æ´²è¿æ²³å¼€å‡¿ï¼Œä¸€å¸¦ä¸€è·¯é«˜è°ƒæ¨è¿›ï¼ŒäºšæŠ•è¡Œåˆ›å»ºâ€¦â€¦\nã€€ã€€ä¸–ç•Œæ ¼å±€è¿æ¥å¤§æ´—ç‰Œã€‚åœ¨å…¨çƒäº‹åŠ¡ä¸Šï¼Œå„ä¸ªåœ°åŒºå’Œå›½å®¶å¥‰è¡Œç€å„è‡ªçš„ç§©åºè§„åˆ™ï¼Œç»“æœå¯¼è‡´äº†å›½é™…å±€åŠ¿çš„ç´§å¼ ã€æ··ä¹±å’Œæ— åºã€‚\nã€€ã€€åŸºè¾›æ ¼è®¤ä¸ºï¼Œåœ°åŒºç§©åºè§‚ä¹‹é—´çš„å†²çªæ˜¯å½“ä»Šé‡è¦çš„å›½é™…é—®é¢˜ã€‚åœ¨ã€Šä¸–ç•Œç§©åºã€‹ä¸­ï¼Œä»–ç³»ç»Ÿæ¢³ç†äº†å„åœ°åŒºçš„æˆ˜ç•¥é€»è¾‘å’Œåœ°åŒºç§©åºè§‚â€”â€”æ¬§æ´²çš„å‡åŠ¿ç§©åºè§‚ï¼Œä¸­ä¸œçš„ä¼Šæ–¯å…°æ•™è§‚ï¼Œäºšæ´²å¤šæ ·åŒ–æ–‡åŒ–èµ·æºä¸‹å½¢æˆçš„ä¸åŒç§©åºè§‚ï¼Œä»¥åŠç¾å›½â€œä»£è¡¨å…¨äººç±»â€çš„ä¸–ç•Œè§‚â€”â€”ä»æ–‡åŒ–ã€å®—æ•™ã€åœ°ç¼˜ç­‰ç»¼åˆå› ç´ è§£è¯»äº†è¿™äº›ä¸åŒç§©åºè§‚çš„å½¢æˆã€å†²çªå’Œåˆä½œï¼Œå¹¶ç»“åˆç½‘ç»œç§‘æŠ€ç­‰å½“å‰æ–°çš„æˆ˜ç•¥è¦ç´ ï¼Œè§£æäº†å½“ä¸‹æ—¶å±€çš„æŒ‘æˆ˜ä¸æœºé‡ã€‚ä»–ä¸ä»…å°†è§†é‡æ‹“å®½åˆ°å…¨ä¸–ç•Œï¼Œè€Œä¸”å°†æ—¶é—´æ‹‰é•¿åˆ°400å¹´ï¼Œé›†ç»“äº†ä»–60å¹´å¤–äº¤ç”Ÿæ¶¯çš„ç†å¿µç²¾é«“ï¼Œå¯ä»¥è¯´æ˜¯ä¸€éƒ¨å¤§å¼€å¤§é˜–ã€è°ˆå¤è®ºä»Šã€æ±‚ç´¢å›½é™…å…³ç³»æ²»ç†ä¹‹é“çš„é›†å¤§æˆä¹‹ä½œã€‚\n\n","tts_switch":0,"merchant_id":10000,"contract_number":"","online_time":0,"b_special_price":"0","current_price":"42.00","b_special_price_stime":1514736000,"b_special_price_etime":1514736000,"is_buy":false,"current_timestamp":1558440305,"chapter_list":null,"is_trial":true,"is_tts_switch":false,"log_id":"62","log_type":"ebook","read_progress":0,"reading_title":"","original_price":"42.00","special_offer_status":0,"page_num":0,"author_list":["[ç¾]Â äº¨åˆ©Â·åŸºè¾›æ ¼Â ","ç¬¬ä¸€ä½œè€…","ç¬¬äºŒä½œè€…"],"can_trial_read":true,"reading_word_count":0,"reading_word_token":"eyJ0ayI6IllLU1F6VFFkc0ZuYkZiMldWNyszNHVxZm1Ja0FPK2FWNkg1ZjhLWHU4Q2xYNEl4ZnZRb3BRSE9PRlhCa0lnNnNod3gxRDkzR3BkWC9ZcG9BVHJEa2RCTXhBQ2VCMlgwcjJtSXYvaTJ6bFdUY0JjaHNCQmlkMEZORnFnTEJISE41NTFzaTd5UmdMWmo1QnpBWXF1Tysyb0V4REU5ck8vWmR3Q29vcXJMV1dyST0iLCJ2IjoxfQ==","trial_read_proportion":"0.0000","authors":null,"with_video":false,"b_package_end_time":"","b_package_price":"0.00","b_package_start_time":""}},{"productId":64,"trackinfo":"request_id#ca23433159c04651babf883da102e21a^^match_type#0^^score#0^^bucket_Id#0^^rank#11^^productId#64^^topicId#64^^productType#2^^isBak#2^^articleId#0^^type#2","detail":{"id":64,"title":"","style":1,"type":1,"class":0,"sub_class":0,"author":"é©¬ä¸Â·ç¦ç‰¹","cover":"http://piccdn.igetget.com/img/201607/21/201607211219278639468256.jpg","banner":"","count":0,"price":"19.60","status":1,"epub":"2019","sell_count":122,"sell_seven_day":3,"operating_title":"æœºå™¨äººæ—¶ä»£","short_title":"","integral":0,"other_content":"","other_share_title":"æœªæ¥ï¼Œä½ å¯èƒ½æ°¸è¿œå¤±ä¸š","other_share_summary":"2025å¹´ï¼Œæœºå™¨äººæ—¶ä»£å°†ä¼šæ¥ä¸´ã€‚æœªæ¥çš„å·¥ä½œä¼šæ˜¯ä»€ä¹ˆæ ·çš„ï¼Ÿè¿˜æœ‰å¤šå°‘å·¥ä½œæœºä¼šæ˜¯å±äºä½ çš„ï¼Ÿ","other_data":"","top":0,"datetime":"","uptime":"","author_info":"é©¬ä¸Â·ç¦ç‰¹ï¼Œæœºå™¨äººé©å‘½ã€äººå·¥æ™ºèƒ½ã€å·¥ä½œè‡ªåŠ¨åŒ–é¢†åŸŸçš„ä¸€æµä¸“å®¶ï¼Œåœ¨è®¡ç®—æœºè®¾è®¡å’Œè½¯ä»¶å¼€å‘é¢†åŸŸæ‹¥æœ‰è¶…è¿‡25å¹´çš„å®è·µç»éªŒï¼Œè‘—æœ‰ã€Šæœªæ¥ä¹‹å…‰ï¼šè‡ªåŠ¨åŒ–ã€æŠ€æœ¯å‘å±•å’Œæœªæ¥çš„ç»æµã€‹ä¸€ä¹¦ã€‚","book_name":"ã€Šæœºå™¨äººæ—¶ä»£ã€‹","book_author":"é©¬ä¸Â·ç¦ç‰¹","press":"ä¸­ä¿¡å‡ºç‰ˆç¤¾","publish_time":"1900-01-20","catalog":"","catalog_list":[{"level":0,"text":"å°é¢","href":"Text/cover.xhtml","playOrder":1},{"level":0,"text":"ä¸“å®¶æ¨èä¸€","href":"Text/preface1.xhtml","playOrder":2},{"level":0,"text":"ä¸“å®¶æ¨èäºŒ","href":"Text/preface2.xhtml","playOrder":3},{"level":0,"text":"ä¸­æ–‡å‡ºç‰ˆåº","href":"Text/preface3.xhtml","playOrder":4},{"level":0,"text":"å‰è¨€","href":"Text/foreword.xhtml","playOrder":5},{"level":0,"text":"ç¬¬ä¸€ç«  è‡ªåŠ¨åŒ–æµªæ½®","href":"Text/chapter01.xhtml","playOrder":6},{"level":0,"text":"ç¬¬äºŒç«  è¿™ä¸€æ¬¡æˆªç„¶ä¸åŒå—","href":"Text/chapter02.xhtml","playOrder":7},{"level":0,"text":"ç¬¬ä¸‰ç«  ä¿¡æ¯æŠ€æœ¯ï¼šå‰æ‰€æœªæœ‰çš„ç ´ååŠ›é‡","href":"Text/chapter03.xhtml","playOrder":8},{"level":0,"text":"ç¬¬å››ç«  å²Œå²Œå¯å±çš„ç™½é¢†å·¥ä½œ","href":"Text/chapter04.xhtml","playOrder":9},{"level":0,"text":"ç¬¬äº”ç«  æ…•è¯¾é©å‘½","href":"Text/chapter05.xhtml","playOrder":10},{"level":0,"text":"ç¬¬å…­ç«  æœºå™¨äººåŒ»ç”Ÿ","href":"Text/chapter06.xhtml","playOrder":11},{"level":0,"text":"ç¬¬ä¸ƒç«  æŠ€æœ¯ä¸äº§ä¸šçš„æœªæ¥","href":"Text/chapter07.xhtml","playOrder":12},{"level":0,"text":"ç¬¬å…«ç«  æŠ€æœ¯å¦‚ä½•å½±å“ç»æµçš„å¢é•¿","href":"Text/chapter08.xhtml","playOrder":13},{"level":0,"text":"ç¬¬ä¹ç«  è¶…çº§æ™ºèƒ½å’Œå¥‡ç‚¹","href":"Text/chapter09.xhtml","playOrder":14},{"level":0,"text":"ç¬¬åç«  æ–°ç»æµæ¨¡å¼","href":"Text/chapter10.xhtml","playOrder":15},{"level":0,"text":"ç»“è¯­","href":"Text/epilogue.xhtml","playOrder":16},{"level":0,"text":"è‡´è°¢","href":"Text/thanks.xhtml","playOrder":17},{"level":0,"text":"ç‰ˆæƒé¡µ","href":"Text/copyright.xhtml#sigil_toc_id_1","playOrder":18}],"book_intro":"æœªæ¥çš„å·¥ä½œä¼šæ˜¯ä»€ä¹ˆæ ·çš„ï¼Ÿè¿˜æœ‰å¤šå°‘å·¥ä½œæœºä¼šæ˜¯å±äºä½ çš„ï¼Ÿä½ å¯èƒ½ä¼šæƒ³è±¡æˆ–å¸Œæœ›è¿™ä¸€åœºæœºå™¨äººå·¥ä¸šé©å‘½å°†åƒä¸Šæ¬¡é‚£æ ·å±•å¼€ï¼šå³ä½¿ä¸€äº›å·¥ä½œè¢«æ·˜æ±°ï¼Œä½†ä¼šæœ‰æ›´å¤šçš„å·¥ä½œè¢«åˆ›é€ å‡ºæ¥ä»¥æ»¡è¶³æ–°æ—¶ä»£æ–°çš„åˆ›æ–°ã€‚åœ¨ã€Šæœºå™¨äººæ—¶ä»£ã€‹ä¸­ï¼Œç¡…è°·ä¼ä¸šå®¶é©¬ä¸Â·ç¦ç‰¹è®¤ä¸ºï¼Œä½ çš„æƒ³æ³•å®Œå…¨é”™äº†ï¼Œå› ä¸ºæƒ…å†µç»éå¦‚æ­¤ã€‚ \nã€€ã€€éšç€æŠ€æœ¯å‘å±•çš„ä¸æ–­åŠ å¿«å’Œæœºå™¨è‡ªåŠ¨åŒ–çš„å‘å±•ï¼Œå¯¹äººçš„éœ€æ±‚å°†ä¼šå‡å°‘ã€‚äººå·¥æ™ºèƒ½å·²ç»åœ¨å¤§æ­¥è¿ˆè¿›ï¼Œæ‰€è°“çš„â€œå¥½å·¥ä½œâ€å°†ä¼šè¿‡æ—¶ï¼šå¾ˆå¤šå¾‹å¸ˆåŠ©ç†ã€è®°è€…ã€ä¸Šç­æ—ï¼Œç”šè‡³ç”µè„‘ç¨‹åºå‘˜å°†è¢«æœºå™¨äººå’Œæ™ºèƒ½è½¯ä»¶å–ä»£ã€‚éšç€æŠ€æœ¯çš„è¿›ä¸€æ­¥å‘å±•ï¼Œè“é¢†å’Œç™½é¢†å·¥ä½œéƒ½å°†è’¸å‘ï¼Œä½¿å·¥è–ªå®¶åº­å’Œä¸­äº§é˜¶çº§å®¶åº­å—åˆ°è¿›ä¸€æ­¥æŒ¤å‹ã€‚åŒæ—¶ï¼Œäººä»¬çš„å®¶åº­è¿˜è¦ç»å—ç”Ÿæ´»æˆæœ¬ä¸Šæ¶¨çš„å†²å‡»ï¼Œå°¤å…¶æ˜¯æ•™è‚²æˆæœ¬å’ŒåŒ»ç–—ä¿å¥æˆæœ¬çš„ä¸Šæ¶¨ã€‚ \nã€€ã€€å…¨çƒè‡ªåŠ¨åŒ–è¶‹åŠ¿æ­£åŠ é€Ÿåˆ°æ¥ï¼Œä¸­å›½åˆ¶é€ ä¸šé¢ä¸´çš„æœ€å¤§éš¾é¢˜å°†æ˜¯æœºå™¨æ™ºèƒ½å’Œè‡ªåŠ¨åŒ–å¸¦æ¥çš„å†²å‡»ã€‚åœ¨å¯é¢„è§çš„å°†æ¥ï¼Œæœºå™¨äººè¡Œä¸šå°†ä¸å¤§æ•°æ®ã€ç§»åŠ¨é€šä¿¡ç­‰è¿›è¡Œè·¨é¢†åŸŸæŠ€æœ¯èåˆï¼ŒåŸºäºæœåŠ¡åˆ›æ–°çš„æœºå™¨äººäº§ä¸šä½“ç³»ä¹Ÿè®¸å¾ˆå¿«å°±è¦åˆ°æ¥ã€‚å½“ä¸‹ä¸€é£å£æ¥ä¸´çš„æ—¶å€™ï¼Œä½ å‡†å¤‡å¥½äº†å—ï¼Ÿ\n","tts_switch":0,"merchant_id":10000,"contract_number":"","online_time":0,"b_special_price":"0","current_price":"19.60","b_special_price_stime":1514736000,"b_special_price_etime":1514736000,"is_buy":false,"current_timestamp":1558440305,"chapter_list":null,"is_trial":true,"is_tts_switch":false,"log_id":"64","log_type":"ebook","read_progress":0,"reading_title":"","original_price":"19.60","special_offer_status":0,"page_num":0,"author_list":["é©¬ä¸Â·ç¦ç‰¹","ç¬¬ä¸€ä½œè€…","ç¬¬äºŒä½œè€…"],"can_trial_read":true,"reading_word_count":0,"reading_word_token":"eyJ0ayI6IllLU1F6VFFkc0ZuYkZiMldWNyszNGsrRE9DZFZKWUpab2V3bWtjZkN1anJmSGlBazZaN3lzUndScGEzNVNVQ21ZNnRUbEpFQm0vb0xxekJXQi82eGZjZkh5NFQ3dkZUSG0yTURLb3I4aG1GdHNmWGw3OHlQSkFjVHVUc3RXY1JFdy9vYzJ5Y2xYM1N3ZGpCdS9HNWZBSWVBdFphSG1YU2pubjVtQnZDby83UT0iLCJ2IjoxfQ==","trial_read_proportion":"0.0000","authors":null,"with_video":false,"b_package_end_time":"","b_package_price":"0.00","b_package_start_time":""}},{"productId":66,"trackinfo":"request_id#ca23433159c04651babf883da102e21a^^match_type#0^^score#0^^bucket_Id#0^^rank#12^^productId#66^^topicId#66^^productType#2^^isBak#2^^articleId#0^^type#2","detail":{"id":66,"title":"","style":5,"type":1,"class":0,"sub_class":0,"author":"[ç¾] å‡¯æ–‡Â·å‡¯åˆ© ","cover":"http://piccdn.igetget.com/img/201607/21/201607211219281528843852.jpg","banner":"","count":0,"price":"24.00","status":1,"epub":"2019","sell_count":16907,"sell_seven_day":6,"operating_title":"å¿…ç„¶","short_title":"","integral":0,"other_content":"","other_share_title":"ç½—èƒ–åŠ›èï¼šæœªæ¥30å¹´ï¼Œé‡å¤§è´¢å¯Œæœºä¼šå°†å‡ºç°åœ¨å“ªé‡Œï¼Ÿ","other_share_summary":"è¯»è¿‡ã€Šå¤±æ§ã€‹çš„äººéƒ½çŸ¥é“ï¼Œå‡¯æ–‡Â·å‡¯åˆ©è¯´å¯¹äº†æ­¤å‰çš„30å¹´ã€‚ä½ æ„¿æ„ç›¸ä¿¡ä»–æ‰€çŒœæƒ³çš„å30å¹´å—ï¼Ÿ","other_data":"","top":0,"datetime":"","uptime":"","author_info":"å‡¯æ–‡Â·å‡¯åˆ©ï¼ˆ1952ï½ï¼‰ï¼Œã€Šå…¨çƒæ¦‚è§ˆã€‹ï¼ˆä¹”å¸ƒæ–¯å–œæ¬¢çš„æ‚å¿—ï¼‰çš„ç¼–è¾‘å’Œå‡ºç‰ˆäººï¼Œä¹‹åæ‹…ä»»ã€Šè¿çº¿ã€‹æ‚å¿—ä¸»ç¼–ï¼Œå¹¶åœ¨ã€Šçº½çº¦æ—¶æŠ¥ã€‹ã€Šç»æµå­¦äººã€‹ã€Šæ—¶ä»£ã€‹ã€Šç§‘å­¦ã€‹ç­‰é‡é‡çº§æ‚å¿—å‘è¡¨å¤šç¯‡ç§‘æŠ€æ–‡ç« ï¼Œä¸ºå…¨çƒç§‘æŠ€è¿·ä»¬ç‹‚çƒ­è¿½éšã€‚å·²å‡ºç‰ˆå¤šéƒ¨ç•…é”€ä¹¦ï¼Œå…¶ä¸­ã€Šå¤±æ§ã€‹ã€Šç§‘æŠ€æƒ³è¦ä»€ä¹ˆã€‹ã€Šæ–°ç»æµæ–°è§„åˆ™ã€‹åœ¨ä¸­å›½çš„ç§‘æŠ€çˆ±å¥½è€…ä¸­æ€èµ·çƒ­æ½®ï¼Œä½œè€…æ•°æ¬¡è¢«é‚€è¯·æ¥åï¼Œå‡å¼•èµ·è½°åŠ¨ã€‚","book_name":"ã€Šå¿…ç„¶ã€‹","book_author":"[ç¾] å‡¯æ–‡Â·å‡¯åˆ© ","press":"ç”µå­å·¥ä¸šå‡ºç‰ˆç¤¾","publish_time":"1900-01-20","catalog":"","catalog_list":[{"level":0,"text":"å°é¢","href":"Text/cover.xhtml","playOrder":1},{"level":0,"text":"ç‰ˆæƒé¡µ","href":"Text/copyright.xhtml","playOrder":2},{"level":0,"text":"ä½œè€…åº","href":"Text/preface.xhtml","playOrder":3},{"level":0,"text":"ç¬¬1ç«  å½¢æˆ Becoming","href":"Text/chapter01.xhtml","playOrder":4},{"level":0,"text":"ç¬¬2ç«  çŸ¥åŒ– Cognifying","href":"Text/chapter02.xhtml","playOrder":5},{"level":0,"text":"ç¬¬3ç«  æµåŠ¨ Flowing","href":"Text/chapter03.xhtml","playOrder":6},{"level":0,"text":"ç¬¬4ç«  å±è¯» Screening","href":"Text/chapter04.xhtml","playOrder":7},{"level":0,"text":"ç¬¬5ç«  ä½¿ç”¨ Accessing","href":"Text/chapter05.xhtml","playOrder":8},{"level":0,"text":"ç¬¬6ç«  å…±äº« Sharing","href":"Text/chapter06.xhtml","playOrder":9},{"level":0,"text":"ç¬¬7ç«  è¿‡æ»¤ Filtering","href":"Text/chapter07.xhtml","playOrder":10},{"level":0,"text":"ç¬¬8ç«  é‡æ·· Remixing","href":"Text/chapter08.xhtml","playOrder":11},{"level":0,"text":"ç¬¬9ç«  äº’åŠ¨ Interacting","href":"Text/chapter09.xhtml","playOrder":12},{"level":0,"text":"ç¬¬10ç«  è¿½è¸ª Tracking","href":"Text/chapter10.xhtml","playOrder":13},{"level":0,"text":"ç¬¬11ç«  æé—® Questioning","href":"Text/chapter11.xhtml","playOrder":14},{"level":0,"text":"ç¬¬12ç«  å¼€å§‹ Beginning","href":"Text/chapter12.xhtml","playOrder":15},{"level":0,"text":"è‡´è°¢","href":"Text/thanks.xhtml","playOrder":16}],"book_intro":"äººç±»çš„ç”Ÿæ´»æ— æ—¶æ— åˆ»ä¸åœ¨æ”¹å˜ï¼Œåœ¨å½“ä¸‹ï¼Œèƒ½è¿…é€Ÿã€æ¿€çƒˆåœ°ä¿ƒè¿›è¿™äº›æ”¹å˜çš„ï¼Œå°±æ˜¯ç§‘æŠ€ã€‚è€Œè¿™äº›æ”¹å˜ï¼Œå“ªäº›æ˜¯å¿…ç„¶å‘ç”Ÿçš„ï¼Œå“ªäº›åˆåœ¨æˆ‘ä»¬é¢„æ–™ä¹‹å¤–ï¼Ÿä¸¾ä¾‹æ¥è¯´ï¼Œäº’è”ç½‘æ˜¯å¿…ç„¶çš„ï¼Œä½†é€‰æ‹©å“ªç§ç½‘ç»œä¸æ˜¯å¿…ç„¶çš„ï¼›å››è½®æ±½è½¦å‡ºç°æ˜¯å¿…ç„¶çš„ï¼Œä½†SUVä¸æ˜¯å¿…ç„¶çš„ï¼›ç§»åŠ¨ç”µè¯çš„å‘æ˜æ˜¯å¿…ç„¶çš„ï¼Œä½†iPhoneä¸æ˜¯å¿…ç„¶çš„â€¦â€¦ è¢«ç§°ä½œç½‘ç»œæ–‡åŒ–\"æ¸¸ä¾ â€çš„å‡¯æ–‡Â·å‡¯åˆ©ï¼Œåœ¨æœ¬ä¹¦ä¸­æ€»ç»“äº†è‡ªå·±å‡ åå¹´æ¥å¯¹äºç§‘æŠ€çš„è§‚å¯Ÿå’Œåˆ†æï¼Œç²¾å½©åœ°è¯„è¯´å½“ä¸‹ç§‘æŠ€å‘å±•çš„å¿…ç„¶è¶‹åŠ¿ï¼Œä¸ä»…ä»¤æå®¢ä»¬ä¸ºä¹‹ç–¯ç‹‚ï¼Œä¹Ÿä¸ºç§‘æŠ€äº§ä¸šçš„å‘å±•æä¾›äº†æå¯Œå‰ç»æ€§çš„è§†é‡å’ŒæŒ‡å¯¼ã€‚ ","tts_switch":1,"merchant_id":10026,"contract_number":"","online_time":0,"b_special_price":"0","current_price":"24.00","b_special_price_stime":1514736000,"b_special_price_etime":1514736000,"is_buy":false,"current_timestamp":1558440305,"chapter_list":null,"is_trial":true,"is_tts_switch":true,"log_id":"66","log_type":"ebook","read_progress":0,"reading_title":"","original_price":"24.00","special_offer_status":0,"page_num":0,"author_list":["[ç¾] å‡¯æ–‡Â·å‡¯åˆ© ","ç¬¬ä¸€ä½œè€…","ç¬¬äºŒä½œè€…"],"can_trial_read":true,"reading_word_count":0,"reading_word_token":"eyJ0ayI6IllLU1F6VFFkc0ZuYkZiMldWNyszNHVpUmFzemZ3VlQwRG5TNjFaUXFpTXR0MGwwNDNaSmNrcDV0VUNvdThLU0RyM1dXVmR0OVZlUnl2dzR6dDVBeldJMjMwWDNVTkJNcGF0RE9FTWZhNk5CMDZxeG1VdTR2L0ZXVTVKVmVtdG1FbUtvbFdRNUQ4QkpDOXFyZUdUdHRsemxCc1hxVDBRSlZYU1RoSDVXcWFlWT0iLCJ2IjoxfQ==","trial_read_proportion":"0.0000","authors":null,"with_video":false,"b_package_end_time":"","b_package_price":"0.00","b_package_start_time":""}},{"productId":73,"trackinfo":"request_id#ca23433159c04651babf883da102e21a^^match_type#0^^score#0^^bucket_Id#0^^rank#13^^productId#73^^topicId#73^^productType#2^^isBak#2^^articleId#0^^type#2","detail":{"id":73,"title":"","style":1,"type":1,"class":0,"sub_class":0,"author":"[ç¾] è¿ˆå…‹å°”Â·åˆ˜æ˜“æ–¯ ","cover":"http://piccdn.igetget.com/img/201607/21/201607211219296169775180.jpg","banner":"","count":0,"price":"25.20","status":1,"epub":"2019","sell_count":177,"sell_seven_day":7,"operating_title":"å¤§ç©ºå¤´","short_title":"","integral":0,"other_content":"","other_share_title":"å¾—åˆ°å¥½ä¹¦| å¤§ç©ºå¤´","other_share_summary":"ä»–ä»¬ä¹‹å‰ä»…æ˜¯åä¸è§ç»ä¼ çš„åå°”è¡—å‘˜å·¥ï¼Œä¹‹åå´æ´è§ç–¯ç‹‚æŠ•èµ„èƒŒåçš„è™šå‡ç¹è£ï¼Œåˆ›é€ äº†è·Œå®•èµ·ä¼çš„åšç©ºä¼ å¥‡ã€‚","other_data":"","top":0,"datetime":"","uptime":"","author_info":"è¿ˆå…‹å°”Â·åˆ˜æ˜“æ–¯ï¼ˆMichael Lewisï¼‰ï¼Œç¾å›½è¶…çº§ç•…é”€ä¹¦ä½œå®¶ï¼Œæ¯•ä¸šäºç¾å›½æ™®æ—æ–¯é¡¿å¤§å­¦å’Œè‹±å›½ä¼¦æ•¦ç»æµå­¦é™¢ï¼Œæ›¾ä»»æ‰€ç½—é—¨å…„å¼Ÿå…¬å¸çš„å€ºåˆ¸äº¤æ˜“å‘˜ï¼Œåä¸ºã€Šçº½çº¦æ—¶æŠ¥ã€‹æ’°ç¨¿ï¼Œå¹¶æ‹…ä»»è‹±å›½ã€Šè§‚å¯Ÿå®¶å‘¨åˆŠã€‹çš„ç¾å›½ç‰ˆç¼–è¾‘ã€‚ä»–çš„æˆåä½œã€Šè¯´è°è€…çš„æ‰‘å…‹ç‰Œã€‹è¢«å…¬è®¤æ˜¯æå†™20ä¸–çºª80å¹´ä»£åå°”è¡—æ–‡åŒ–çš„ç»å…¸åä½œï¼Œä¹¦ä¸­çš„ç²¾å½©ç‰‡æ®µè¢«å„ç§åª’ä½“å¹¿æ³›å¼•ç”¨ï¼Œå¯¹ç¾å›½å•†ä¸šæ–‡åŒ–äº§ç”Ÿäº†é‡å¤§å½±å“ã€‚è¿˜è‘—æœ‰ã€Šé’±çƒã€‹ã€ã€Šç›²è¾¹ã€‹ä»¥åŠã€Šä½æˆ¿æ¸¸æˆã€‹ã€‚","book_name":"ã€Šå¤§ç©ºå¤´ã€‹","book_author":"[ç¾] è¿ˆå…‹å°”Â·åˆ˜æ˜“æ–¯ ","press":"ä¸­ä¿¡å‡ºç‰ˆç¤¾","publish_time":"1900-01-20","catalog":"","catalog_list":[{"level":0,"text":"å°é¢","href":"Text/cover.xhtml","playOrder":1},{"level":0,"text":"æ¨èåº é‡‘èå¸‚åœºå¤§æ´—ç‰Œæ—¶æœŸçš„åæ€","href":"Text/preface1.xhtml","playOrder":2},{"level":0,"text":"åº æ•²é—¨çš„å°é¬¼","href":"Text/preface2.xhtml","playOrder":3},{"level":0,"text":"ç¬¬ä¸€ç«  æœ«æ—¥æœºå™¨çš„å¼•æ“","href":"Text/chapter01.xhtml","playOrder":4},{"level":1,"text":"å¤©æ‰å‹äººç‰©","href":"Text/chapter01_01.xhtml","playOrder":5},{"level":1,"text":"å¤©ç”Ÿçš„å¯¼å¸ˆ","href":"Text/chapter01_02.xhtml","playOrder":6},{"level":1,"text":"å°†è´Ÿå€ºå˜æˆäº§å“é”€å”®","href":"Text/chapter01_03.xhtml","playOrder":7},{"level":1,"text":"å®¡è®¡çš„é»‘ç®±","href":"Text/chapter01_04.xhtml","playOrder":8},{"level":1,"text":"æœ«æ—¥æœºå™¨çš„å¼•æ“","href":"Text/chapter01_05.xhtml","playOrder":9},{"level":1,"text":"çœŸå®çš„é‡‘èç•Œ","href":"Text/chapter01_06.xhtml","playOrder":10},{"level":1,"text":"åäº‹éšæ—¶ä¼šå‘ç”Ÿ","href":"Text/chapter01_07.xhtml","playOrder":11},{"level":1,"text":"å¼€è¾Ÿå€ºåˆ¸å¸‚åœº","href":"Text/chapter01_08.xhtml","playOrder":12},{"level":0,"text":"ç¬¬äºŒç«  å¯»æ‰¾å¸‚åœºçš„æ¼æ´","href":"Text/chapter02.xhtml","playOrder":13},{"level":1,"text":"æ— æ³•å–ç©ºçš„æ¬¡è´·å€ºåˆ¸","href":"Text/chapter02_01.xhtml","playOrder":14},{"level":1,"text":"å¯¹èµŒæ¬¡è´·","href":"Text/chapter02_02.xhtml","playOrder":15},{"level":1,"text":"å­¤åƒ»çš„é‡‘èä¸“å®¶","href":"Text/chapter02_03.xhtml","playOrder":16},{"level":1,"text":"æ–°çš„ç™¾ä¸‡å¯Œç¿è¯ç”Ÿäº†","href":"Text/chapter02_04.xhtml","playOrder":17},{"level":1,"text":"å¤§è·æˆåŠŸ","href":"Text/chapter02_05.xhtml","playOrder":18},{"level":1,"text":"ä»·å€¼æŠ•èµ„æ³•","href":"Text/chapter02_06.xhtml","playOrder":19},{"level":1,"text":"ä¸ä¸€ä¸ªä½“ç³»å¯¹èµŒ","href":"Text/chapter02_07.xhtml","playOrder":20},{"level":1,"text":"ç–¯ç‹‚åœ°ä¸‹æ³¨","href":"Text/chapter02_08.xhtml","playOrder":21},{"level":1,"text":"å’ŒæŠ•èµ„äººè®ºæˆ˜","href":"Text/chapter02_09.xhtml","playOrder":22},{"level":1,"text":"ä¸åå°”è¡—åšäº¤æ˜“","href":"Text/chapter02_10.xhtml","playOrder":23},{"level":0,"text":"ç¬¬ä¸‰ç«  å…³äºæ¬¡è´·çš„èµŒæ³¨","href":"Text/chapter03.xhtml","playOrder":24},{"level":1,"text":"å¸‚åœºçš„æš—ç®±æ“ä½œ","href":"Text/chapter03_01.xhtml","playOrder":25},{"level":1,"text":"é£é™©åé£Ÿè€…","href":"Text/chapter03_02.xhtml","playOrder":26},{"level":1,"text":"è¢«æ©ç›–äº†çš„é£é™©","href":"Text/chapter03_03.xhtml","playOrder":27},{"level":1,"text":"ç©ºå¤´è®¾ä¸‹çš„èµŒå±€","href":"Text/chapter03_04.xhtml","playOrder":28},{"level":0,"text":"ç¬¬å››ç«  åå°”è¡—çš„é‡‘çŸ¿","href":"Text/chapter04.xhtml","playOrder":29},{"level":1,"text":"æ— çŸ¥ä¼šå¸¦æ¥æ€æ ·çš„å›æŠ¥","href":"Text/chapter04_01.xhtml","playOrder":30},{"level":1,"text":"å¯»æ‰¾æ›´å¤šäººæ¥ä¸‹æ³¨","href":"Text/chapter04_02.xhtml","playOrder":31},{"level":1,"text":"æœ€è¯±äººçš„åšç©ºå¯¹è±¡","href":"Text/chapter04_03.xhtml","playOrder":32},{"level":1,"text":"è¯„çº§åˆ¶åº¦çš„ç›²ç‚¹","href":"Text/chapter04_04.xhtml","playOrder":33},{"level":1,"text":"å‘ç°æƒŠäººçš„è—å®å›¾","href":"Text/chapter04_05.xhtml","playOrder":34},{"level":0,"text":"ç¬¬äº”ç«  æ„å¤–çš„èµ„æœ¬å®¶","href":"Text/chapter05.xhtml","playOrder":35},{"level":1,"text":"é¢å¯¹é£é™©çš„æ€åº¦","href":"Text/chapter05_01.xhtml","playOrder":36},{"level":1,"text":"ä¸¤ä¸ªé—¨å¤–æ±‰çš„é›„å¿ƒ","href":"Text/chapter05_02.xhtml","playOrder":37},{"level":1,"text":"å……æ»¡æƒ³è±¡åŠ›çš„èµšé’±ç­–ç•¥","href":"Text/chapter05_03.xhtml","playOrder":38},{"level":1,"text":"æˆä¸ºåå°”è¡—å¤§å…¬å¸çš„å®¢æˆ·","href":"Text/chapter05_04.xhtml","playOrder":39},{"level":1,"text":"äºŒç­‰å…¬æ°‘","href":"Text/chapter05_05.xhtml","playOrder":40},{"level":1,"text":"å¾·æ„å¿—é“¶è¡Œçš„æœºæ„å®¢æˆ·","href":"Text/chapter05_06.xhtml","playOrder":41},{"level":1,"text":"æ‹…ä¿å€ºåŠ¡æƒè¯æ¬ºè¯ˆ","href":"Text/chapter05_07.xhtml","playOrder":42},{"level":1,"text":"æ­å¼€åƒåœ¾å€ºåˆ¸çš„çœŸç›¸","href":"Text/chapter05_08.xhtml","playOrder":43},{"level":1,"text":"å¤æ‚äº§å“çš„äº¤æ˜“","href":"Text/chapter05_09.xhtml","playOrder":44},{"level":0,"text":"ç¬¬å…­ç«  é‡‘èå¸‚åœºä¸­çš„èœ˜è››ä¾ ","href":"Text/chapter06.xhtml","playOrder":45},{"level":1,"text":"ä»€ä¹ˆæ—¶å€™æ‰èƒ½èµ¢åˆ©","href":"Text/chapter06_01.xhtml","playOrder":46},{"level":1,"text":"ä¸å¯¹æ‰‹æ­£é¢äº¤é”‹","href":"Text/chapter06_02.xhtml","playOrder":47},{"level":1,"text":"è‡ªæ¬ºæ¬ºäººçš„ä¸“ä¸šæœºæ„","href":"Text/chapter06_03.xhtml","playOrder":48},{"level":1,"text":"æ¯«æ— ç»æµæ„ä¹‰çš„èµ„æœ¬æœºå™¨","href":"Text/chapter06_04.xhtml","playOrder":49},{"level":1,"text":"è™šæ„å‡ºæ¥çš„åºæ°éª—å±€","href":"Text/chapter06_05.xhtml","playOrder":50},{"level":0,"text":"ç¬¬ä¸ƒç«  è´¢å¯Œç‹©çŒå¤§è¡ŒåŠ¨","href":"Text/chapter07.xhtml","playOrder":51},{"level":1,"text":"å¸‚åœºè£‚ç¼å¼€å§‹å‡ºç°","href":"Text/chapter07_01.xhtml","playOrder":52},{"level":1,"text":"äºæŸå’Œç ´äº§","href":"Text/chapter07_02.xhtml","playOrder":53},{"level":1,"text":"è„±ç¦»ç°å®çš„å¸‚åœºèµ°åŠ¿","href":"Text/chapter07_03.xhtml","playOrder":54},{"level":1,"text":"éšè—çš„æ¬¡è´·å±æœº","href":"Text/chapter07_04.xhtml","playOrder":55},{"level":0,"text":"ç¬¬å…«ç«  ç¾éš¾å‘ç”Ÿå‰å¤•","href":"Text/chapter08.xhtml","playOrder":56},{"level":1,"text":"åæ‰§çš„è¿½æ±‚","href":"Text/chapter08_01.xhtml","playOrder":57},{"level":1,"text":"å·¨é¢èµŒæ³¨","href":"Text/chapter08_02.xhtml","playOrder":58},{"level":1,"text":"æ„å¤–çš„é£é™©","href":"Text/chapter08_03.xhtml","playOrder":59},{"level":1,"text":"å¸‚åœºåè½¬","href":"Text/chapter08_04.xhtml","playOrder":60},{"level":0,"text":"ç¬¬ä¹ç«  ä¹¦å†™ç»“å°¾çš„æ—¶åˆ»","href":"Text/chapter09.xhtml","playOrder":61},{"level":1,"text":"å¼€å‘ä¿¡ç”¨è¿çº¦æ‰æœŸäº§å“","href":"Text/chapter09_01.xhtml","playOrder":62},{"level":1,"text":"æ‘©æ ¹å£«ä¸¹åˆ©çš„æ–°äº¤æ˜“å›¢é˜Ÿ","href":"Text/chapter09_02.xhtml","playOrder":63},{"level":1,"text":"â€œè¿™äº›äº¤æ˜“æ²¡æœ‰é£é™©â€","href":"Text/chapter09_03.xhtml","playOrder":64},{"level":1,"text":"ä»èµ¢åˆ©10äº¿åˆ°äºæŸ27äº¿","href":"Text/chapter09_04.xhtml","playOrder":65},{"level":1,"text":"æœ€å¤§çš„å•ä¸€äº¤æ˜“äºæŸ","href":"Text/chapter09_05.xhtml","playOrder":66},{"level":1,"text":"æœ€åçš„æ—¶åˆ»","href":"Text/chapter09_06.xhtml","playOrder":67},{"level":0,"text":"ç¬¬åç«  æŠ•è¡Œä¸šçš„é»‘æš—é¢","href":"Text/chapter10.xhtml","playOrder":68},{"level":1,"text":"æœ«æ—¥å¯¹å†³","href":"Text/chapter10_01.xhtml","playOrder":69},{"level":1,"text":"ä¸€æºƒåƒé‡Œ","href":"Text/chapter10_02.xhtml","playOrder":70},{"level":1,"text":"å±æœºå¤§çˆ†å‘","href":"Text/chapter10_03.xhtml","playOrder":71},{"level":1,"text":"æ‘§æ¯åå°”è¡—","href":"Text/chapter10_04.xhtml","playOrder":72},{"level":1,"text":"å­¤ç‹¬çš„èƒœåˆ©","href":"Text/chapter10_05.xhtml","playOrder":73},{"level":1,"text":"â€œæ¯ç­å®ƒæ˜¯æ­£ä¹‰çš„è¡Œä¸ºâ€","href":"Text/chapter10_06.xhtml","playOrder":74},{"level":0,"text":"å°¾å£° ä¸‡äº‹ä¸‡ç‰©çš†å…³è”","href":"Text/epilogue.xhtml","playOrder":75},{"level":0,"text":"è‡´è°¢","href":"Text/thanks.xhtml","playOrder":76},{"level":0,"text":"ç‰ˆæƒé¡µ","href":"Text/copyright.xhtml","playOrder":77}],"book_intro":"ã€€åœ¨ã€Šå¤§ç©ºå¤´ã€‹ä¸­ï¼Œä½œè€…å……åˆ†å‘æŒ¥ä¸“ä¸šç‰¹é•¿ï¼Œå°†ç¾å›½æ¬¡çº§æŠµæŠ¼è´·æ¬¾å€ºåˆ¸åŠå…¶è¡ç”Ÿå“çš„èµ·æºã€å‘å±•ç›´è‡³æ¼”å˜ä¸ºé‡‘èå±æœºçš„è¿‡ç¨‹èå…¥æœ‰è¶£çš„æ•…äº‹å½“ä¸­ï¼Œå°†æ¬¡è´·æ‹…ä¿å€ºåŠ¡æƒè¯ã€å¤¹å±‚æ‹…ä¿å€ºåŠ¡æƒè¯ã€ä¿¡ç”¨è¿çº¦æ‰æœŸç­‰äº§å“çš„æ“ä½œæŠ€å·§å’Œæ‰‹æ®µå¨“å¨“é“æ¥ã€‚åŒæ—¶ï¼Œä½œè€…ä¹Ÿå…¨æ™¯å¼åœ°æç»˜äº†ä¸€ä¸ªè¡Œä¸šå’Œå…¶ä¸­å½¢å½¢è‰²è‰²çš„äººç‰©ä¸æ•…äº‹ï¼Œæ¬¡è´·å¸‚åœºçš„é‡‘èæœºæ„ã€è¯„çº§æœºæ„ã€æŠ•èµ„è€…ç­‰ä¸ºäº†è‡ªèº«åˆ©ç›Šï¼Œå½¢æˆäº†æ··ä¹±çš„äº¤æ˜“ç½‘ï¼Œä»ä¸€ä¸ªè§’åº¦æ­ç¤ºäº†å±æœºçš„åŸå› å’ŒçœŸç›¸ã€‚\r\nã€€ã€€ã€Šå¤§ç©ºå¤´ã€‹é‡ç‚¹åˆ»ç”»äº†ä¸€ç¾¤æ™ºåŠ›è¶…ç¾¤ã€æ€§æ ¼æ€ªå¼‚çš„â€œç»ˆç»“è€…â€ï¼Œä»–ä»¬æˆ–æ˜¯åä¸è§ç»ä¼ çš„åå°”è¡—å‰äº¤æ˜“å‘˜ï¼Œæˆ–è€…æ˜¯éé‡‘èä¸“ä¸šå‡ºèº«çš„â€œé—¨å¤–æ±‰â€ï¼Œå´ç”±äºå¯¹æ¬¡è´·å¸‚åœºçš„ç¹è£å’Œé‡‘èè¡ç”Ÿå·¥å…·çš„å±‚å‡ºä¸ç©·å……æ»¡è´¨ç–‘å’Œä¸ä¿¡ä»»ï¼Œæœ€ç»ˆæ´å¯Ÿåˆ°ç¾è”å‚¨ã€ç¾å›½è´¢æ”¿éƒ¨åŠåå°”è¡—çš„â€œé‡‘èå¤§é³„â€éƒ½ä¸æ›¾å¯Ÿè§‰çš„å¸‚åœºæ³¡æ²«ï¼Œä»è€Œå°†èµŒæ³¨æŠ¼åœ¨ç¾å›½é‡‘èå¸‚åœºè¡Œå°†å´©æºƒä¸Šã€‚æœ€ç»ˆï¼Œå±æœºçˆ†å‘äº†ï¼Œä»–ä»¬æ‰“è´¥äº†åå°”è¡—ã€‚\r\nã€€ã€€åœ¨è¿™ä¸ªæƒ…èŠ‚è·Œå®•èµ·ä¼çš„æ•…äº‹èƒŒåï¼Œæœ‰æ›´å¤šçš„ä¸œè¥¿å€¼å¾—æˆ‘ä»¬æ·±æ€ã€‚æŠ•è¡Œå¦‚ä½•ç”¨é£é™©çš„å¤æ‚åŒ–æ©ç›–äº§å“çš„é£é™©ï¼Ÿè¯„çº§åˆ¶åº¦å­˜åœ¨æ€æ ·çš„ç›²ç‚¹ï¼Ÿé‡‘èç•Œæ€æ ·è¿ç”¨æœ¯è¯­ç¼–é€ è°è¨€æ¥æ¬ºéª—å®¢æˆ·ï¼Ÿäººæ€§çš„ç¼ºé™·å’Œé‡‘èä½“ç³»çš„å¼Šç«¯åœ¨æœ¬ä¹¦ä¸­çš†å¯çª¥è§ä¸€æ–‘ã€‚","tts_switch":0,"merchant_id":10000,"contract_number":"","online_time":0,"b_special_price":"0","current_price":"25.20","b_special_price_stime":1514736000,"b_special_price_etime":1514736000,"is_buy":false,"current_timestamp":1558440306,"chapter_list":null,"is_trial":true,"is_tts_switch":false,"log_id":"73","log_type":"ebook","read_progress":0,"reading_title":"","original_price":"25.20","special_offer_status":0,"page_num":0,"author_list":["[ç¾] è¿ˆå…‹å°”Â·åˆ˜æ˜“æ–¯ ","ç¬¬ä¸€ä½œè€…","ç¬¬äºŒä½œè€…"],"can_trial_read":true,"reading_word_count":0,"reading_word_token":"eyJ0ayI6IllLU1F6VFFkc0ZuYkZiMldWNyszNGhsQVFsLzFBOXdlUm5WMklieVZta2JrdlczWWVCUkFya09QalI0eDBQclRidWVFUEJqTjI3KzVNZzNMeTdPdmk5TWJCZmU3NnpxV1UxZmR5cUFZSzF5ZDh1ZzVmOGFYdTE3Y1JlOXpSbjg3VmpsUEVtUWpzMjQ0eE0zNUVRWGVnejZWMjBidHBGTHBqYndCRElJUytqND0iLCJ2IjoxfQ==","trial_read_proportion":"0.0000","authors":null,"with_video":false,"b_package_end_time":"","b_package_price":"0.00","b_package_start_time":""}},{"productId":74,"trackinfo":"request_id#ca23433159c04651babf883da102e21a^^match_type#0^^score#0^^bucket_Id#0^^rank#14^^productId#74^^topicId#74^^productType#2^^isBak#2^^articleId#0^^type#2","detail":{"id":74,"title":"","style":1,"type":1,"class":0,"sub_class":0,"author":"èƒ¡ç´«è–‡","cover":"http://piccdn.igetget.com/img/201607/21/201607211219298304435387.jpg","banner":"","count":0,"price":"15.60","status":1,"epub":"2019","sell_count":724,"sell_seven_day":4,"operating_title":"å¦‚ä½•æˆä¸ºä¸€ä¸ªå¦–å­½","short_title":"","integral":0,"other_content":"","other_share_title":"ä¸€æœ¬å¥³äººæƒ³çœ‹ï¼Œç”·äººæ›´æƒ³äº†è§£çš„ä¹¦","other_share_summary":"èƒ¡ç´«å¾®çš„è¾›è¾£æ–‡å­—é›†åˆ,å…¨ä¹¦æ¶µç›–å¥¹çš„ä¸ªäººå¿ƒè·¯å†ç¨‹ï¼Œä¹Ÿæœ‰å¥¹å¯¹å¥³æ€§é—®é¢˜çš„å„ç§è¾›è¾£ç‚¹è¯„ï¼Œè¿˜æœ‰å¥¹å¯¹è¯»ä¹¦è§‚å½±ç»éªŒçš„è¯šæ„åˆ†äº«ã€‚","other_data":"","top":0,"datetime":"","uptime":"","author_info":"ã€€ã€€èƒ¡ç´«å¾®ï¼Œå°±è¯»äºåŒ—äº¬ç”µå½±å­¦é™¢æ–‡å­¦ç³»ï¼Œ1993å¹´æ¯•ä¸šåè¿›å…¥åŒ—äº¬ç”µè§†å°ã€‚æ›¾æ‹…ä»»ã€ŠåŒ—äº¬ç‰¹å¿«ã€‹ã€Šæ¸©é¦¨çš„å®¶ã€‹ã€Šè¯åˆ¸æ— é™å‘¨åˆŠã€‹å’Œã€Šèº«è¾¹ã€‹ç­‰åç‰Œæ ç›®çš„åˆ¶ç‰‡äººã€ä¸»æŒäººã€ä¸»æ’­ç­‰ã€‚2007å¹´æ·¡å‡ºè§å±åï¼Œå…ˆååœ¨ã€Šåšå®¢å¤©ä¸‹ã€‹ã€è´¢æ–°ã€Šæ–°ä¸–çºªã€‹å‘¨åˆŠå¼€è®¾ä¸“æ ï¼Œä¹Ÿæ´»è·ƒäºåšå®¢ã€å¾®åšç­‰æ–°åª’ä½“å¹³å°ã€‚","book_name":"ã€Šå¦‚ä½•æˆä¸ºä¸€ä¸ªå¦–å­½ã€‹","book_author":"èƒ¡ç´«è–‡","press":"ä¸­ä¿¡å‡ºç‰ˆç¤¾","publish_time":"1900-01-20","catalog":"","catalog_list":[{"level":0,"text":"å°é¢","href":"Text/cover.xhtml","playOrder":1},{"level":0,"text":"è‡ªåº é«˜å…´å°±å†™","href":"Text/preface.xhtml","playOrder":2},{"level":0,"text":"æƒ…ä¸é‡ä¸ç”Ÿå¨‘å©†","href":"Text/part1.xhtml","playOrder":3},{"level":1,"text":"ç« å­æ€¡çš„æ°”è±¡","href":"Text/chapter01.xhtml","playOrder":4},{"level":1,"text":"ä½ çœ‹å¥¹æ¥åŠ¿æ±¹æ±¹","href":"Text/chapter02.xhtml","playOrder":5},{"level":1,"text":"é‡è§æ‰å¥³ç»•ç€èµ°","href":"Text/chapter03.xhtml","playOrder":6},{"level":1,"text":"ç»™ä¸–ç•Œç•™ç‚¹ç ´ç»½","href":"Text/chapter04.xhtml","playOrder":7},{"level":1,"text":"å–„å“‰ï¼Œé£Ÿæ— æ¯”","href":"Text/chapter05.xhtml","playOrder":8},{"level":1,"text":"æƒ…ä¸é‡ï¼Œä¸ç”Ÿå¨‘å©†","href":"Text/chapter06.xhtml","playOrder":9},{"level":1,"text":"é’æ˜¥ä¸æ˜¯é’æ˜¥æœŸ","href":"Text/chapter07.xhtml","playOrder":10},{"level":1,"text":"å¥³äººå•Šï¼Œä½ åˆ°åº•è¦ä»€ä¹ˆï¼Ÿ","href":"Text/chapter08.xhtml","playOrder":11},{"level":1,"text":"çˆ±æˆ‘ï¼Œå¹¶ç»™æˆ‘ä¸€å¹¢æˆ¿å­","href":"Text/chapter09.xhtml","playOrder":12},{"level":1,"text":"ä»€ä¹ˆæ ·çš„å©†å©†æœ€å¯æ€•","href":"Text/chapter10.xhtml","playOrder":13},{"level":1,"text":"ä»€ä¹ˆæ ·çš„å„¿åª³è¦ä¸å¾—","href":"Text/chapter11.xhtml","playOrder":14},{"level":1,"text":"ä¸åŠ¨ï¼Œå°±è¿™æ ·","href":"Text/chapter12.xhtml","playOrder":15},{"level":1,"text":"å¦‚ä½•æˆä¸ºä¸€ä¸ªå¦–å­½","href":"Text/chapter13.xhtml","playOrder":16},{"level":1,"text":"åšæŒç‚¹ä»€ä¹ˆæ¯”æ­»è¿˜éš¾","href":"Text/chapter14.xhtml","playOrder":17},{"level":0,"text":"è¿™æ˜¯æˆ‘çš„ç«‹åœº","href":"Text/part2.xhtml","playOrder":18},{"level":1,"text":"å¯¹äºç½ªæ¶æˆ‘ä»¬æ— æ³•ä¸€åˆ†ä¸ºäºŒ","href":"Text/chapter16.xhtml","playOrder":19},{"level":1,"text":"â€œå­å¼¹æ— æ³•å‡»è½æˆ‘ä»¬çš„å£°éŸ³â€","href":"Text/chapter17.xhtml","playOrder":20},{"level":1,"text":"æ‚²æ™ºåŒè¿ï¼Œå†é€ å…±å’Œ","href":"Text/chapter18.xhtml","playOrder":21},{"level":1,"text":"æˆ‘è¯»ç‹æœ”å’ŒçŸ³åº·","href":"Text/chapter19.xhtml","playOrder":22},{"level":1,"text":"é˜´é›¨å¤©å°±æ¥è¯»æ­¢åºµ","href":"Text/chapter20.xhtml","playOrder":23},{"level":1,"text":"æˆ‘åºŠå¤´çš„é‚£äº›å¥½ä¹¦","href":"Text/chapter21.xhtml","playOrder":24},{"level":1,"text":"æˆ‘ä»¬ç¦»å¼€çš„é‚£äº›æ·±æƒ…çš„å¹´ä»£","href":"Text/chapter22.xhtml","playOrder":25},{"level":1,"text":"è´¢å¯Œå»å“ªå„¿äº†","href":"Text/chapter23.xhtml","playOrder":26},{"level":1,"text":"å…¥è‚ æ˜¯è‹¦","href":"Text/chapter24.xhtml","playOrder":27},{"level":1,"text":"å¤±æœ›ï¼Œç…§å¸¸å‡èµ·","href":"Text/chapter25.xhtml","playOrder":28},{"level":1,"text":"æŠ•åçŠ¶ â€”â€”å…„å¼Ÿæ€æˆ‘å…„å¼Ÿè€…ï¼Œå¿…æ€ä¹‹","href":"Text/chapter26.xhtml","playOrder":29},{"level":1,"text":"ç”µå½±å¤–å››ç¯‡","href":"Text/chapter27.xhtml","playOrder":30},{"level":0,"text":"æ˜¯çœŸåå£«è‡ªé£æµ","href":"Text/part3.xhtml","playOrder":31},{"level":1,"text":"æ— å…³é£æœˆ","href":"Text/chapter29.xhtml","playOrder":32},{"level":1,"text":"ç­”æ¡ˆå‡ºæ¥äº†ï¼Œä½†é—®é¢˜ä¾ç„¶å­˜åœ¨","href":"Text/chapter30.xhtml","playOrder":33},{"level":1,"text":"æ˜äººä¸è¯´æš—è¯","href":"Text/chapter31.xhtml","playOrder":34},{"level":1,"text":"ä»–äººå³åœ°ç‹±","href":"Text/chapter32.xhtml","playOrder":35},{"level":1,"text":"å¦‚æœæˆ‘æ˜¯èƒ¡ç«","href":"Text/chapter33.xhtml","playOrder":36},{"level":1,"text":"å”¯æœ‰æœˆçŸ¥å›å»å¤„","href":"Text/chapter34.xhtml","playOrder":37},{"level":1,"text":"æˆ‘å†™å®Œäº†ï¼Œä½ é†’æ¥å§ï¼Œå¥½ä¹ˆï¼Ÿ","href":"Text/chapter35.xhtml","playOrder":38},{"level":0,"text":"å†™çš„éƒ½æ˜¯å¿ƒæ€","href":"Text/part4.xhtml","playOrder":39},{"level":1,"text":"æœ€å¥½çš„å‘Šåˆ«","href":"Text/chapter37.xhtml","playOrder":40},{"level":1,"text":"ä¸æƒ³è¯´è¯","href":"Text/chapter38.xhtml","playOrder":41},{"level":1,"text":"å¿…ä¹Ÿæ­£åä¹","href":"Text/chapter39.xhtml","playOrder":42},{"level":1,"text":"ç”Ÿäºæ¸…æ˜","href":"Text/chapter40.xhtml","playOrder":43},{"level":1,"text":"ä¸€èˆ¬äºº","href":"Text/chapter41.xhtml","playOrder":44},{"level":1,"text":"é‚£äº›å¹´ï¼Œæˆ‘ä»¬èƒŒè¿‡çš„ç”·å­©å„¿","href":"Text/chapter42.xhtml","playOrder":45},{"level":1,"text":"è£‚çª—è®°","href":"Text/chapter43.xhtml","playOrder":46},{"level":0,"text":"é™„å½•","href":"Text/appendix.xhtml","playOrder":47},{"level":0,"text":"ç‰ˆæƒé¡µ","href":"Text/copyright.xhtml#sigil_toc_id_1","playOrder":48}],"book_intro":"ã€Šå¦‚ä½•æˆä¸ºä¸€ä¸ªå¦–å­½ã€‹æ˜¯èƒ¡ç´«å¾®çš„ç¬¬ä¸€æœ¬ä¸ªäººè‘—ä½œã€‚å…¨ä¹¦æ—¢æ¶µç›–æœ‰å¥¹çš„ä¸ªäººå¿ƒè·¯å†ç¨‹ï¼Œä¹Ÿå›Šæœ‰å¥¹å¯¹å¥³æ€§é—®é¢˜çš„å„ç§è¾›è¾£ç‚¹è¯„ï¼Œè¿˜æœ‰å¥¹å¯¹è¯»ä¹¦è§‚å½±ç»éªŒçš„è¯šæ„åˆ†äº«ã€‚åœ¨ã€Šå¦‚ä½•æˆä¸ºä¸€ä¸ªå¦–å­½ã€‹ä¸­ï¼Œå¥¹å†™ç« å­æ€¡ï¼Œå†™é‚“æ–‡è¿ªï¼Œå†™ä»€ä¹ˆæ ·çš„å©†å©†å’Œåª³å¦‡ä¸èƒ½ç¢°ï¼›è¯„ã€Šé’è›‡ã€‹ï¼Œè¯„ã€Šè‡´é’æ˜¥ã€‹ï¼Œè¯„ã€Šå¸ƒæ‹‰æ ¼ã€‹å’Œç‹æœ”ã€çŸ³åº·ã€æ­¢åºµï¼›å¥¹å†™è‡ªå·±çš„æ•…äº‹ï¼Œå†™å¥³äººæ€ä¹ˆä¿®ç‚¼æˆå¦–å­½ï¼Œå†™çˆ±æƒ…å’Œé£æœˆã€‚èƒ¡ç´«å¾®çš„æ–‡å­—éŸ§æ€§åè¶³ï¼Œè¯­è¨€çŠ€åˆ©çƒ­è¾£ï¼Œä¸€é’ˆè§è¡€ï¼›è¯„ä¹¦è¯„å‰§è¯„äººç‰©ï¼Œåˆè®©äººçœ‹åˆ°å¥¹åœ¨å¬‰ç¬‘æ€’éª‚ä¹‹ä¸‹çš„æ‚²æ‚¯ä¸æ‰§ç€ï¼Œå‰è€…æ˜¯ä¸ºè¿™ä¸–ç•Œçš„è‹¦éš¾ï¼Œåè€…æ˜¯ä¸ºè¿™è‹¦éš¾ä¸–ç•Œé‡Œä»ç„¶é—ªçƒç€çš„ç¾å¾·ã€‚\nã€€ã€€è§è¿‡é‚£ç§å¥³äººä¹ˆï¼Ÿå¥¹ä»¬æ€»æ˜¯é©¾ç€ä¸€ç‰‡ä¹Œäº‘ï¼Œé»‘å‹å‹æ©æ€è€Œæ¥ã€‚å¥¹ä»¬è®¾å®šç›®æ ‡ï¼Œæ­å»ºæ¨¡å‹ï¼ŒåŠ¿å¦‚ç ´ç«¹åœ°æ¨è¿›ï¼Œæ¨åœŸæœºèˆ¬ç¢¾è½§è¿‡åˆ«äººçš„ç”Ÿæ´»å’Œè‡ªå·±çš„å¿ƒçµâ€¦â€¦å¥¹ä»¬æ˜¯åé‡Œé•¿è¡—ï¼Œä¸æ˜¯é€šå¹½çš„æ›²å¾„ï¼Œå¥¹ä»¬çš„äººç”Ÿæ˜¯ä¸€æ›²é¢‚æ­Œï¼Œç£…ç¤´å´æ— æ³•é™ä¸‹è°ƒé—¨ç¨ä½œè¾—è½¬ã€‚","tts_switch":0,"merchant_id":10000,"contract_number":"","online_time":0,"b_special_price":"0","current_price":"15.60","b_special_price_stime":1514736000,"b_special_price_etime":1514736000,"is_buy":false,"current_timestamp":1558440306,"chapter_list":null,"is_trial":true,"is_tts_switch":false,"log_id":"74","log_type":"ebook","read_progress":0,"reading_title":"","original_price":"15.60","special_offer_status":0,"page_num":0,"author_list":["èƒ¡ç´«è–‡","ç¬¬ä¸€ä½œè€…","ç¬¬äºŒä½œè€…"],"can_trial_read":true,"reading_word_count":0,"reading_word_token":"eyJ0ayI6IllLU1F6VFFkc0ZuYkZiMldWNyszNHQrdWNUcy9lajhvaFA1WFFBS09MQ1oreTBsQUE4cHptZkhLK3RSV2VZZ1ZGYThuaDJNV1FDd0s5dGxyM1RHMXAyeXpoamVYTkVucHFpYldqSnpGVmJ4MUNkaWI0Nmx6QUpPS2VvM0t2Vi9VTHhjcFFMaTIybHRTd2RZeXY3K0E1YXVSaVpTNy9oMXdMKzZkTC9JdFVrWT0iLCJ2IjoxfQ==","trial_read_proportion":"0.0000","authors":null,"with_video":false,"b_package_end_time":"","b_package_price":"0.00","b_package_start_time":""}},{"productId":76,"trackinfo":"request_id#ca23433159c04651babf883da102e21a^^match_type#0^^score#0^^bucket_Id#0^^rank#15^^productId#76^^topicId#76^^productType#2^^isBak#2^^articleId#0^^type#2","detail":{"id":76,"title":"","style":1,"type":1,"class":0,"sub_class":0,"author":"[ç¾] æˆ´ç»´Â·é˜¿å…‹","cover":"http://piccdn.igetget.com/img/201607/21/201607211219303307352251.jpg","banner":"","count":0,"price":"28.80","status":1,"epub":"2019","sell_count":314,"sell_seven_day":15,"operating_title":"å“ç‰Œå¤§å¸ˆ","short_title":"","integral":0,"other_content":"","other_share_title":"è®©ä¸“ä¸šäººå£«å¦‚é±¼å¾—æ°´ï¼Œè®©é—¨å¤–æ±‰æ›´å¿«â€œä¸Šé“â€","other_share_summary":"å¼€åˆ›ä¸€ä¸ªå¥½å“ç‰Œä¸éš¾ï¼Œéš¾çš„æ˜¯æ€ä¹ˆè®©å®ƒä¸€ç›´å¥½ä¸‹å»ã€‚","other_data":"","top":0,"datetime":"","uptime":"","author_info":"æˆ´ç»´Â·é˜¿å…‹ (David Aaker)ï¼Œä¸–ç•Œçº§å“ç‰Œç®¡ç†å¤§å¸ˆï¼Œä¸–ç•Œè‘—åçš„å“ç‰Œæˆ˜ç•¥ç ”ç©¶æƒå¨ï¼Œè¢«èª‰ä¸ºâ€œå“ç‰Œèµ„äº§é¼»ç¥–â€å’Œå“ç‰Œè¥é”€é¢†åŸŸçš„â€œæ•™çˆ¶â€ï¼Œç¾å›½åŠ å·å¤§å­¦ä¼¯å…‹åˆ©åˆ†æ ¡å“ˆæ–¯å•†å­¦é™¢è¥é”€æˆ˜ç•¥æ•™æˆï¼Œå…¨çƒè¥é”€æ€æƒ³é¢†åŸŸçš„30ä½é¢†è¢–ä¹‹ä¸€ã€‚","book_name":"ã€Šå“ç‰Œå¤§å¸ˆã€‹","book_author":"[ç¾] æˆ´ç»´Â·é˜¿å…‹ï¼Œ[ä¸­] ç‹å®å­ ","press":"ä¸­ä¿¡å‡ºç‰ˆç¤¾","publish_time":"1900-01-20","catalog":"","catalog_list":[{"level":0,"text":"å°é¢","href":"Text/cover.xhtml","playOrder":1},{"level":0,"text":"æ¨èè¯­","href":"Text/chapter_00001.xhtml","playOrder":2},{"level":0,"text":"å¼• è¨€","href":"Text/chapter_00002.xhtml","playOrder":3},{"level":0,"text":"...","href":"Text/chapter_00003.xhtml","playOrder":4},{"level":0,"text":"ç¬¬ä¸€éƒ¨åˆ†","href":"Text/chapter_00003.xhtml#CHP3","playOrder":5},{"level":1,"text":"è®¤è¯†å“ç‰Œèµ„äº§","href":"Text/chapter_00003.xhtml#CHP3","playOrder":6},{"level":2,"text":"ç¬¬ä¸€ç«  å“ç‰Œæ˜¯æ¨åŠ¨æˆ˜ç•¥çš„èµ„äº§","href":"Text/Section0001.xhtml","playOrder":7},{"level":2,"text":"ç¬¬äºŒç«  å“ç‰Œèµ„äº§çš„ä»·å€¼","href":"Text/Section0002.xhtml","playOrder":8},{"level":0,"text":"...","href":"Text/chapter_00004.xhtml","playOrder":9},{"level":0,"text":"ç¬¬äºŒéƒ¨åˆ†","href":"Text/chapter_00004.xhtml#CHP4","playOrder":10},{"level":1,"text":"å¡‘é€ æœ‰åŠ›çš„å“ç‰Œæ„¿æ™¯","href":"Text/chapter_00004.xhtml#CHP4","playOrder":11},{"level":2,"text":"ç¬¬ä¸‰ç«  ç¼”é€ å“ç‰Œæ„¿æ™¯","href":"Text/Section0003.xhtml","playOrder":12},{"level":2,"text":"ç¬¬å››ç«  å½°æ˜¾å“ç‰Œä¸ªæ€§","href":"Text/Section0004.xhtml","playOrder":13},{"level":2,"text":"ç¬¬äº”ç«  ä¼ä¸šçš„ä»·å€¼è§‚ç»™äºˆä¼ä¸šç«äº‰ä¼˜åŠ¿","href":"Text/Section0005.xhtml","playOrder":14},{"level":2,"text":"ç¬¬å…­ç«  è¶…è¶ŠåŠŸèƒ½æ€§åˆ©ç›Š","href":"Text/Section0006.xhtml","playOrder":15},{"level":2,"text":"ç¬¬ä¸ƒç«  åˆ›é€ â€œå¿…å¤‡è¦ç´ â€ï¼Œè®©ç«äº‰è€…å¤±å»ç›¸å…³æ€§","href":"Text/Section0007.xhtml","playOrder":16},{"level":2,"text":"ç¬¬å…«ç«  æ‹¥æœ‰ä¸€ä¸ªåˆ›æ–°å¹¶æŠŠå®ƒæ ‘ä¸ºå“ç‰Œ","href":"Text/Section0008.xhtml","playOrder":17},{"level":2,"text":"ç¬¬ä¹ç«  ä»å“ç‰Œçš„å®šä½åˆ°å­å“ç±»çš„æ¶æ„","href":"Text/Section0009.xhtml","playOrder":18},{"level":0,"text":"...","href":"Text/chapter_00005.xhtml","playOrder":19},{"level":0,"text":"ç¬¬ä¸‰éƒ¨åˆ†","href":"Text/chapter_00005.xhtml#CHP5","playOrder":20},{"level":1,"text":"ç»™äºˆå“ç‰Œç”Ÿå‘½æ´»åŠ›","href":"Text/chapter_00005.xhtml#CHP5","playOrder":21},{"level":2,"text":"ç¬¬åç«  å“ç‰Œå»ºè®¾åˆ›æ„ä»ä½•è€Œæ¥ï¼Ÿ","href":"Text/Section0010.xhtml","playOrder":22},{"level":2,"text":"ç¬¬åä¸€ç«  ä¸“æ³¨æ¶ˆè´¹è€…çš„â€œç”œèœœç‚¹â€","href":"Text/Section0011.xhtml","playOrder":23},{"level":2,"text":"ç¬¬åäºŒç«  æ•°å­—åª’ä»‹â€”å“ç‰Œå»ºè®¾é”å™¨","href":"Text/Section0012.xhtml","playOrder":24},{"level":2,"text":"ç¬¬åä¸‰ç«  æ’å¿ƒåˆ¶èƒœ","href":"Text/Section0013.xhtml","playOrder":25},{"level":2,"text":"ç¬¬åå››ç«  ä¼ä¸šå†…éƒ¨å“ç‰ŒåŒ–ï¼šè¦ç´ ä¹‹ä¸€","href":"Text/Section0014.xhtml","playOrder":26},{"level":0,"text":"...","href":"Text/chapter_00006.xhtml","playOrder":27},{"level":0,"text":"ç¬¬å››éƒ¨åˆ†","href":"Text/chapter_00006.xhtml#CHP6","playOrder":28},{"level":1,"text":"ä¿æŒå“ç‰Œçš„ç›¸å…³æ€§","href":"Text/chapter_00006.xhtml#CHP6","playOrder":29},{"level":2,"text":"ç¬¬åäº”ç«  å“ç‰Œç›¸å…³æ€§çš„ä¸‰å¤§å¨èƒ","href":"Text/Section0015.xhtml","playOrder":30},{"level":2,"text":"ç¬¬åå…­ç«  è®©å“ç‰Œå…·æœ‰æ´»åŠ›","href":"Text/Section0016.xhtml","playOrder":31},{"level":0,"text":"...","href":"Text/chapter_00007.xhtml","playOrder":32},{"level":0,"text":"ç¬¬äº”éƒ¨åˆ†","href":"Text/chapter_00007.xhtml#CHP7","playOrder":33},{"level":1,"text":"ç®¡ç†å“ç‰Œç»„åˆ","href":"Text/chapter_00007.xhtml#CHP7","playOrder":34},{"level":2,"text":"ç¬¬åä¸ƒç«  åˆ¶å®šå“ç‰Œç»„åˆæˆ˜ç•¥çš„å¿…è¦æ€§","href":"Text/Section0017.xhtml","playOrder":35},{"level":2,"text":"ç¬¬åå…«ç«  å“ç‰Œå»¶ä¼¸ï¼šæ˜¯å¥½ï¼Œæ˜¯å·®ï¼Œè¿˜æ˜¯ç³Ÿ","href":"Text/Section0018.xhtml","playOrder":36},{"level":2,"text":"ç¬¬åä¹ç«  å“ç‰Œå‚ç›´å»¶ä¼¸çš„é£é™©ä¸å›æŠ¥","href":"Text/Section0019.xhtml","playOrder":37},{"level":2,"text":"ç¬¬äºŒåç«  ç‹¬ç«‹ç»è¥çš„ç»„ç»‡ç»“æ„æŠ‘åˆ¶å“ç‰Œå»ºè®¾","href":"Text/Section0020.xhtml","playOrder":38},{"level":2,"text":"å è®°","href":"Text/chapter_00008.xhtml","playOrder":39},{"level":1,"text":"è‡´ è°¢","href":"Text/chapter_00009.xhtml","playOrder":40},{"level":1,"text":"ç‰ˆæƒé¡µ","href":"Text/copyright.xhtml#sigil_toc_id_1","playOrder":41}],"book_intro":"ã€Šå“ç‰Œå¤§å¸ˆã€‹æå‡ºçš„20æ¡å“ç‰Œæ³•åˆ™æ˜¯å¯¹ä¼—å¤šæœ‰æ•ˆå“ç‰Œè§‚å¿µå’Œå®è·µçš„ç²¾ç‚¼ä¸å‡ç¼©ï¼Œä¼šè®©æˆ‘ä»¬æ·±å…¥äº†è§£å“ç‰Œã€å“ç‰Œæˆ˜ç•¥ã€å“ç‰Œç»„åˆä»¥åŠå“ç‰Œå»ºè®¾ç­‰å†…å®¹ï¼Œè¿™äº›éƒ½æ˜¯é”€å”®ç­–ç•¥åˆ†æå¸ˆã€å¸‚åœºç­–ç•¥åˆ†æå¸ˆå’Œå“ç‰Œç­–ç•¥åˆ†æå¸ˆå¿…å¤‡çš„åŸºæœ¬çŸ¥è¯†ã€‚ã€Šå“ç‰Œå¤§å¸ˆã€‹å¯¹è¿™äº›æ³•åˆ™çš„é˜è¿°ä¼šè®©é‚£äº›ä¸“ä¸šäººå£«å¦‚é±¼å¾—æ°´ï¼Œä¹Ÿèƒ½è®©é‚£äº›é—¨å¤–æ±‰æ›´å¿«â€œä¸Šè·¯â€ã€‚\n\n","tts_switch":0,"merchant_id":10000,"contract_number":"","online_time":0,"b_special_price":"0","current_price":"28.80","b_special_price_stime":1514736000,"b_special_price_etime":1514736000,"is_buy":false,"current_timestamp":1558440306,"chapter_list":null,"is_trial":true,"is_tts_switch":false,"log_id":"76","log_type":"ebook","read_progress":0,"reading_title":"","original_price":"28.80","special_offer_status":0,"page_num":0,"author_list":["[ç¾] æˆ´ç»´Â·é˜¿å…‹ï¼Œ[ä¸­] ç‹å®å­ ","ç¬¬ä¸€ä½œè€…","ç¬¬äºŒä½œè€…"],"can_trial_read":true,"reading_word_count":0,"reading_word_token":"eyJ0ayI6IllLU1F6VFFkc0ZuYkZiMldWNyszNHZWWDdsbzBIdWdaZzZJV2ZtNVhWMGZHS1dyOVBualIrSGhlNkcrMTdwVDlUNDhZZUJNQTdFc3JLdldmT3RxNG0zSTNZQXU2MnVFOU5NUVlZTzBnaVczaHNvYm0weUJwMUZTRjBsSVBlKzVQOXRSclEwajIrd1pqSy9mQms0U1pxYk9sek1EWElVdzlIbm5nWitKbUVvND0iLCJ2IjoxfQ==","trial_read_proportion":"0.0000","authors":null,"with_video":false,"b_package_end_time":"","b_package_price":"0.00","b_package_start_time":""}},{"productId":80,"trackinfo":"request_id#ca23433159c04651babf883da102e21a^^match_type#0^^score#0^^bucket_Id#0^^rank#16^^productId#80^^topicId#80^^productType#2^^isBak#2^^articleId#0^^type#2","detail":{"id":80,"title":"","style":1,"type":1,"class":0,"sub_class":0,"author":"[ç¾] è’‚è«è¥¿Â·FÂ·ç›–ç‰¹çº³","cover":"http://piccdn.igetget.com/img/201607/21/201607211219311262493598.jpg","banner":"","count":0,"price":"34.79","status":1,"epub":"2019","sell_count":45,"sell_seven_day":6,"operating_title":"å‹åŠ›æµ‹è¯•:å¯¹é‡‘èå±æœºçš„åæ€","short_title":"","integral":0,"other_content":"","other_share_title":"æ‹¯æ•‘ç¾å›½ç»æµçš„ç„¦ç‚¹äººç‰©ï¼Œå‘Šè¯‰ä½ å±æœºå¦‚ä½•å˜æˆè½¬æœº","other_share_summary":"ç¾å›½æœ‰å²ä»¥æ¥æœ€å¹´è½»çš„è´¢æ”¿éƒ¨é•¿ç›–ç‰¹çº³ï¼Œåæ€æ•´ä¸ªé‡‘èå±æœºçš„å§‹æœ«ã€‚","other_data":"","top":0,"datetime":"","uptime":"","author_info":"ç›–ç‰¹çº³ï¼Œ1961å¹´8æœˆ18æ—¥å‡ºç”Ÿäºçº½çº¦å¸ƒé²å…‹æ—ï¼Œåœ¨ç¾å›½ã€äºšæ´²å’Œéæ´²ç­‰å¤šä¸ªå›½å®¶å’Œåœ°åŒºåº¦è¿‡äº†ç«¥å¹´æ—¶æœŸã€‚ä»–é«˜ä¸­å°±è¯»äºæ›¼è°·çš„ä¸€æ‰€ä¸­å­¦ï¼Œå›åˆ°ç¾å›½åå°±è¯»äºè¾¾ç‰¹èŒ…æ–¯å¤§å­¦ã€‚ä¹‹åï¼Œä»–åˆåœ¨éœæ™®é‡‘æ–¯å¤§å­¦è·å¾—å›½é™…ç»æµå’Œä¸œäºšç ”ç©¶ç¡•å£«å­¦ä½ã€‚æ­¤å¤–ï¼Œè¿˜å­¦ä¹ è¿‡æ—¥è¯­å’Œä¸­æ–‡ã€‚ç›–ç‰¹çº³äº1985å¹´ä¸è¾¾ç‰¹èŒ…æ–¯å¤§å­¦åŒå­¦å¡ç½—å°”ç»“å©šï¼Œä¸¤äººè‚²æœ‰ä¸€å„¿ä¸€å¥³ã€‚\nã€€ã€€ç›–ç‰¹çº³æ˜¯ç¾å›½ç»æµå­¦å®¶ï¼Œç¬¬75ä»»ç¾å›½è´¢æ”¿éƒ¨éƒ¨é•¿ï¼Œä¹Ÿæ˜¯ç¾å›½å†å²ä¸Šæœ€å¹´è½»çš„è´¢é•¿ï¼Œæ›¾æ‹…ä»»ç¾å›½å‰å›½åŠ¡å¿åŸºè¾›æ ¼çš„ç ”ç©¶åŠ©ç†ï¼Œäº1988å¹´åŠ å…¥ç¾å›½è´¢æ”¿éƒ¨å›½é™…äº‹åŠ¡å¸ï¼Œå¹¶åœ¨æ¥ä¸‹æ¥çš„10å¤šå¹´ä¸­å…ˆåæ‹…ä»»è´Ÿè´£å›½é™…è´§å¸å’Œé‡‘èæ”¿ç­–çš„å‰¯åŠ©ç†éƒ¨é•¿ã€è´Ÿè´£å›½é™…äº‹åŠ¡çš„åŠ©ç†éƒ¨é•¿å’Œè´Ÿè´£å›½é™…äº‹åŠ¡çš„å‰¯éƒ¨é•¿ã€‚","book_name":"ã€Šå‹åŠ›æµ‹è¯•:å¯¹é‡‘èå±æœºçš„åæ€ã€‹","book_author":"[ç¾] è’‚è«è¥¿Â·FÂ·ç›–ç‰¹çº³","press":"ä¸­ä¿¡å‡ºç‰ˆç¤¾","publish_time":"1900-01-20","catalog":"","catalog_list":[{"level":0,"text":"è¯‘è€…åº","href":"Text/preface.xhtml","playOrder":1},{"level":0,"text":"å¼• è¨€","href":"Text/introduction.xhtml","playOrder":2},{"level":0,"text":"ç¬¬ä¸€ç«  ä¸€ä¸ªç¾å›½äººåœ¨æµ·å¤–","href":"Text/chapter1.xhtml","playOrder":3},{"level":0,"text":"ç¬¬äºŒç«  å±æœºçš„æ•™è®­","href":"Text/chapter2.xhtml","playOrder":4},{"level":0,"text":"ç¬¬ä¸‰ç«  é€†é£è€Œè¡Œ","href":"Text/chapter3.xhtml","playOrder":5},{"level":0,"text":"ç¬¬å››ç«  ç«åœ¨çƒ§","href":"Text/chapter4.xhtml","playOrder":6},{"level":0,"text":"ç¬¬äº”ç«  ä¸–ç•Œæœ«æ—¥","href":"Text/chapter5.xhtml","playOrder":7},{"level":0,"text":"ç¬¬å…­ç«  æˆ‘ä»¬æ¥æå®š","href":"Text/chapter6.xhtml","playOrder":8},{"level":0,"text":"ç¬¬ä¸ƒç«  è½å…¥ç«å‘","href":"Text/chapter7.xhtml","playOrder":9},{"level":0,"text":"ç¬¬å…«ç«  é¢„åˆ™ç«‹ï¼Œä¸é¢„åˆ™åºŸ","href":"Text/chapter8.xhtml","playOrder":10},{"level":0,"text":"ç¬¬ä¹ç«  æ¸å…¥ä½³å¢ƒï¼Œæ„Ÿè§‰æ›´ç³Ÿ","href":"Text/chapter9.xhtml","playOrder":11},{"level":0,"text":"ç¬¬åç«  å˜é©ä¹‹äº‰","href":"Text/chapter10.xhtml","playOrder":12},{"level":0,"text":"ç¬¬åä¸€ç«  ä½™éœ‡","href":"Text/chapter11.xhtml","playOrder":13},{"level":0,"text":"å è®°","href":"Text/postscript.xhtml","playOrder":14},{"level":0,"text":"å‘å±æœºåº”å¯¹å›¢é˜Ÿè‡´æ•¬","href":"Text/acknowledgments1.xhtml","playOrder":15},{"level":0,"text":"è‡´ è°¢","href":"Text/acknowledgments2.xhtml","playOrder":16},{"level":0,"text":"ä½œè€…æ³¨","href":"Text/reference1.xhtml","playOrder":17},{"level":0,"text":"æ³¨ é‡Š","href":"Text/reference2.xhtml","playOrder":18},{"level":0,"text":"ç‰ˆæƒé¡µ","href":"Text/copyright.xhtml#sigil_toc_id_1","playOrder":19}],"book_intro":"æ‹¯æ•‘ç¾å›½ç»æµçš„ç„¦ç‚¹äººç‰©â€”â€”ç¾å›½æœ‰å²ä»¥æ¥æœ€å¹´è½»çš„è´¢æ”¿éƒ¨é•¿ç›–ç‰¹çº³ï¼Œåæ€æ•´ä¸ªé‡‘èå±æœºå§‹æœ«ï¼\nã€€ã€€åœ¨è¿™æœ¬å……æ»¡å¯è¿ªçš„å›å¿†å½•ä¸­ï¼Œè’‚è«è¥¿Â·ç›–ç‰¹çº³è§£é‡Šäº†ç¾å›½å¦‚ä½•æˆåŠŸæ¸¡è¿‡äº†å…¶æ”¿æ²»å’Œé‡‘èç³»ç»Ÿçš„æœ€ç»ˆå‹åŠ›æµ‹è¯•ã€‚\nã€€ã€€ä½œä¸ºçº½çº¦è”é‚¦å‚¨å¤‡é“¶è¡Œçš„ä¸»å¸­å’Œç¾å›½æ€»ç»Ÿè´æ‹‰å…‹Â·å¥¥å·´é©¬çš„è´¢æ”¿éƒ¨é•¿ï¼Œç›–ç‰¹çº³å¸®åŠ©ç¾å›½æ¸¡è¿‡äº†å¤§è§æ¡ä»¥æ¥æœ€ä¸¥é‡çš„é‡‘èå±æœº,ä»ç¹è£åˆ°è§æ¡åˆ°æŠ¢æ•‘å†åˆ°å¤è‹ã€‚åœ¨è¿™éƒ¨å¦è¯šã€å¸å¼•äººã€æœ‰å†å²ä»·å€¼çš„å›å¿†å½•ä¸­ï¼Œå¸¦é¢†è¯»è€…é¢†ç•¥å±æœºçš„å°å‰å¹•åï¼Œè§£é‡Šä»–å¦‚ä½•åšå‡ºå„ç§è‰°éš¾æŠ‰æ‹©ä»¥åŠåœ¨æ”¿æ²»ä¸Šä¸å—æ¬¢è¿çš„å†³å®šï¼Œç”¨ä»¥ä¿®å¤ä¸€ä¸ªç ´ç¢çš„é‡‘èä½“ç³»ï¼Œé˜²æ­¢å›½å®¶ç»æµèµ°å‘å´©æºƒï¼Œé¿å…äº†ç¬¬äºŒæ¬¡ç»æµå¤§è§æ¡ï¼Œä½†å´å¤±å»äº†ç¾å›½äººæ°‘çš„æ”¯æŒã€‚\nã€€ã€€ã€Šå‹åŠ›æµ‹è¯•ï¼šå¯¹é‡‘èå±æœºçš„åæ€ã€‹æ­ç¤ºäº†ç›–ç‰¹çº³éƒ¨é•¿é²œä¸ºäººçŸ¥çš„ä¸€é¢ã€‚ä»–è®²è¿°äº†æ—©æœŸä½œä¸ºä¸€ä¸ªå¹´è½»çš„è´¢æ”¿éƒ¨å®˜å‘˜å¸®åŠ©åº”å¯¹1990å¹´çš„å›½é™…é‡‘èå±æœºï¼Œç„¶åæè¿°äº†åœ¨åå°”è¡—ç¹è£ç ´ç­ä¹‹å‰ä»–æ‰€çœ‹åˆ°çš„ä¸€åˆ‡,æ‰€åšçš„äº‹æƒ…å’Œä»–é”™è¿‡çš„äº‹æƒ…ã€‚ä»–å¸¦é¢†è¯»è€…è¿›å…¥å…¶é—´ï¼Œä»å±æœºå¼€å§‹ï¼Œåˆ°åŠ å‰§ã€‚ç„¶åå¤±æ§ï¼Œè®¨è®ºä»–åœ¨çº½çº¦è”å‚¨å’Œè´¢æ”¿éƒ¨æœŸé—´å…·äº‰è®®çš„ä»»æœŸï¼ŒåŒ…æ‹¬æ‹¯æ•‘è´å°”æ–¯ç™»ã€é›·æ›¼å…„å¼Ÿç ´äº§æ—¶æ‚²æƒ¨çš„å‘¨æœ«ï¼Œå¯¹AIGçš„æ•‘æ´å’Œå…¬å¸å¤§é‡åˆ†çº¢çš„æ„¤æ€’ï¼Œä»¥åŠåœ¨å¥¥å·´é©¬æ”¿åºœå†…éƒ¨å¯¹ä»–çš„å¹¿å—æ‰¹è¯„ä½†æœ€ç»ˆæˆåŠŸç»“æŸå±æœºçš„è®¡åˆ’æ‰€åšçš„æ–—äº‰ï¼Œå¹¶å°†äº‰å–åˆ°åœ¨70å¤šå¹´æ¥æœ€å…¨é¢çš„é‡‘èæ”¹é©ã€‚","tts_switch":0,"merchant_id":10000,"contract_number":"","online_time":0,"b_special_price":"0","current_price":"34.79","b_special_price_stime":1514736000,"b_special_price_etime":1514736000,"is_buy":false,"current_timestamp":1558440306,"chapter_list":null,"is_trial":true,"is_tts_switch":false,"log_id":"80","log_type":"ebook","read_progress":0,"reading_title":"","original_price":"34.79","special_offer_status":0,"page_num":0,"author_list":["[ç¾] è’‚è«è¥¿Â·FÂ·ç›–ç‰¹çº³","ç¬¬ä¸€ä½œè€…","ç¬¬äºŒä½œè€…"],"can_trial_read":true,"reading_word_count":0,"reading_word_token":"eyJ0ayI6IllLU1F6VFFkc0ZuYkZiMldWNyszNGdGQ2dHL1JDakkvTk9DZjlGQm5xaVRFL0JsS0tsZ1RsampnUHRmelNZSjdiRnlkRFhMbUhuNnBPSjkvODhsdi9NakJweFFyUmNDWXJJbC9MaFphWE9Wek1GN3VvWnA3K3NOZmpnN1dZVXhxNzJQLysxNDhDSGFwVGhqb0o5SDcwcUQ2bkRXdGhkamF1eDBzNHJ4Z1pLaz0iLCJ2IjoxfQ==","trial_read_proportion":"0.0000","authors":null,"with_video":false,"b_package_end_time":"","b_package_price":"0.00","b_package_start_time":""}},{"productId":81,"trackinfo":"request_id#ca23433159c04651babf883da102e21a^^match_type#0^^score#0^^bucket_Id#0^^rank#17^^productId#81^^topicId#81^^productType#2^^isBak#2^^articleId#0^^type#2","detail":{"id":81,"title":"","style":1,"type":1,"class":0,"sub_class":0,"author":"[ç¾] å½¼å¾—Â·æ–¯è±æ–‡","cover":"http://piccdn.igetget.com/img/201607/21/201607211219312699507655.jpg","banner":"","count":0,"price":"35.40","status":1,"epub":"2019","sell_count":91,"sell_seven_day":3,"operating_title":"äººç”ŸçœŸç›¸:ç±³æ­‡å°”â€¢å¥¥å·´é©¬ä¼ ","short_title":"","integral":0,"other_content":"","other_share_title":"ç™½å®«é»‘çç è‡ªç™½","other_share_summary":"å¥¹æ˜¯ç¾å›½ç¬¬ä¸€å¤«äººï¼Œå´æ¯”ç¾å›½æ€»ç»Ÿçš„æ”¯æŒç‡æ›´é«˜ï¼›æˆåŠŸç”·äººâ€œèƒŒåâ€çš„å¥³äººï¼Œç©¶ç«Ÿæœ‰å“ªèˆ¬â€œæœ¬é¢†â€ï¼Ÿ","other_data":"","top":0,"datetime":"","uptime":"","author_info":"å½¼å¾—Â·æ–¯è±æ–‡ï¼ˆPeter Slevinï¼‰ï¼Œã€Šåç››é¡¿é‚®æŠ¥ã€‹è®°è€…ã€è¥¿åŒ—å¤§å­¦æ¢…è¿ªå°”æ–°é—»å­¦é™¢æ•™æˆï¼Œæ‹¥æœ‰è¿‘20å¹´é©»å¤–æ—¶æ”¿æŠ¥é“ç»éªŒï¼Œå¯¹è´æ‹‰å…‹Â·å¥¥å·´é©¬å’Œç±³æ­‡å°”Â·å¥¥å·´é©¬è¿›è¡Œäº†åä½™è½½çš„è´´èº«æŠ¥é“ã€‚ä½œè€…è¿˜è·Ÿè¸ªæŠ¥é“è¿‡è‹è”è§£ä½“ã€9/11è¢­å‡»ã€ä¼Šæ‹‰å…‹æˆ˜äº‰ï¼Œå¡ç‰¹é‡Œå¨œé£“é£ã€å¾·å…‹è¨æ–¯èƒ¡å¾·å ¡ç¾å†›åŸºåœ°æªå‡»æ¡ˆã€‚æ–¯è±æ–‡ç°ä½åœ¨ä¼Šåˆ©è¯ºä¼Šå·åŸƒæ–‡æ–¯é¡¿ã€‚","book_name":"ã€Šäººç”ŸçœŸç›¸ï¼šç±³æ­‡å°”Â·å¥¥å·´é©¬ä¼ ã€‹","book_author":"[ç¾] å½¼å¾—Â·æ–¯è±æ–‡","press":"ä¸­ä¿¡å‡ºç‰ˆç¤¾","publish_time":"1900-01-20","catalog":"","catalog_list":[{"level":0,"text":"å°é¢","href":"Text/cover.xhtml","playOrder":1},{"level":0,"text":"æ’å›¾","href":"Text/chatu.xhtml","playOrder":2},{"level":0,"text":"çŒ®è¯","href":"Text/dedication.xhtml","playOrder":3},{"level":0,"text":"å‰è¨€","href":"Text/foreword.xhtml","playOrder":4},{"level":0,"text":"1 èŠåŠ å“¥çš„å¸Œæœ›","href":"Text/Section001.xhtml","playOrder":5},{"level":0,"text":"2 åœ¨å—åŒºé•¿å¤§","href":"Text/Section002.xhtml","playOrder":6},{"level":0,"text":"3 å°šæœªä¹¦å†™çš„å‘½è¿","href":"Text/Section003.xhtml","playOrder":7},{"level":0,"text":"4 æ©™è‰²ä¸é»‘è‰²","href":"Text/Section004.xhtml","playOrder":8},{"level":0,"text":"5 è¿›æ­¥ä¸åŸåœ°è¸æ­¥","href":"Text/Section005.xhtml","playOrder":9},{"level":0,"text":"6 æ­£ç¡®çš„é“è·¯","href":"Text/Section006.xhtml","playOrder":10},{"level":0,"text":"7 èµ„äº§ä¸èµ¤å­—","href":"Text/Section007.xhtml","playOrder":11},{"level":0,"text":"8 ä¸€ä¸ç´§å¼ ","href":"Text/Section008.xhtml","playOrder":12},{"level":0,"text":"9 åˆ«æç ¸äº†","href":"Text/Section009.xhtml","playOrder":13},{"level":0,"text":"10 æˆ‘éå¸¸ç¡®ä¿¡","href":"Text/Section010.xhtml","playOrder":14},{"level":0,"text":"11 â€œä¸å¯èƒ½â€çº±å¹”","href":"Text/Section011.xhtml","playOrder":15},{"level":0,"text":"12 æ²¡æƒ³åˆ°ä¼šåœ¨è¿™é‡Œ","href":"Text/Section012.xhtml","playOrder":16},{"level":0,"text":"13 æ”¿æ²»ä¸ç†æ™ºä¹‹é—´","href":"Text/Section013.xhtml","playOrder":17},{"level":0,"text":"14 ç®€å•çš„ç¤¼ç‰©","href":"Text/Section014.xhtml","playOrder":18},{"level":0,"text":"15 æˆ‘ä¸ä½ ä»¬æ²¡æœ‰ä»€ä¹ˆä¸åŒ","href":"Text/Section015.xhtml","playOrder":19},{"level":0,"text":"åè®°","href":"Text/postscript.xhtml","playOrder":20},{"level":0,"text":"è‡´è°¢","href":"Text/thanks.xhtml","playOrder":21},{"level":0,"text":"ç‰ˆæƒé¡µ","href":"Text/copyright.xhtml","playOrder":22}],"book_intro":"å¥¹æ˜¯ç¾å›½ä¸€å¤«äººï¼Œå´æ¯”ç¾å›½æ€»ç»Ÿçš„æ”¯æŒç‡æ›´é«˜ï¼›\n\nã€€ã€€å¥¹æ›¾ç»æ€€ç–‘æ”¿æ²»ï¼Œæœ€ç»ˆå´ä¸ºè´æ‹‰å…‹Â·å¥¥å·´é©¬çš„æ€»ç»Ÿç«é€‰æ‹æ¿ï¼Œæˆä¸ºä¸ˆå¤«æ”¿æ²»ç”Ÿæ¶¯çš„åˆä¼™äººï¼›\n\nã€€ã€€å¥¹å…³æ³¨ä¸å¹³ç­‰å’ŒåŸå¸‚å‘å±•ï¼Œåœ¨æ•™è‚²ã€å¥åº·ã€å†›äººå®¶åº­æ”¯æŒç­‰æ–¹é¢å‘èµ·ä¸€é¡¹é¡¹å€¡è®®ï¼›\n\nã€€ã€€å¥¹åœ¨ç™½å®«è‰åªä¸Šç©å„¿å‘¼å•¦åœˆã€å‚åŠ éšœç¢èµ›ã€è·³é“åŸºèˆï¼Œç”šè‡³æ‹”æ²³ï¼Œå¥¹è¯´ï¼šâ€œæˆ‘æ„¿æ„æŠŠè‡ªå·±å˜æˆä¸€ä¸ªåè¶³çš„å‚»å­ï¼Œç›®çš„å°±æ˜¯è®©å­©å­ä»¬åŠ¨èµ·æ¥ã€‚â€\n\nã€€ã€€å¥¹å‚åŠ æƒ…æ™¯å–œå‰§ï¼Œä¸Šè„±å£ç§€ã€æ—¶è£…ç§€ï¼ŒæŠ“ä½æ¯ä¸€æ¬¡æœºä¼šï¼Œä¼ æ’­å‘ä¸Šçš„ä»·å€¼ï¼›\n\nã€€ã€€å¥¹æ˜¯ç±³æ­‡å°”Â·å¥¥å·´é©¬ï¼Œæ›¾ç»çš„æ— åè§’è‰²ï¼Œæœ€ä¸å¯èƒ½æˆä¸ºç¾å›½ä¸€å¤«äººçš„ä¸€å¤«äººï¼Œå´é€šè¿‡è‡ªå·±çš„åŠªåŠ›ï¼Œæˆä¸ºå½“ä»Šä¸–ç•Œæœ€è€€çœ¼çš„å¥³æ€§ã€‚\n\nã€€ã€€ã€Šäººç”ŸçœŸç›¸ï¼šç±³æ­‡å°”Â·å¥¥å·´é©¬ä¼ ã€‹æ˜¯ç«‹ä½“ã€çœŸå®ã€ç”ŸåŠ¨å‹¾å‹’ç¾å›½ä¸€å¤«äººç±³æ­‡å°”Â·å¥¥å·´é©¬çš„é‡è¦ä¼ è®°ä½œå“ã€‚ä»æˆé•¿äºç§æ—éš”ç¦»æœ€ä¸¥é‡çš„èŠåŠ å“¥å—åŒºï¼Œåˆ°è¿›å…¥ç¾å›½ä¸€æµå¤§å­¦è‰°éš¾å¯»æ‰¾è‡ªæˆ‘ï¼›ä»å°±èŒäºå¾‹æ‰€ï¼Œåˆ°é‡æ–°æ€è€ƒå·¥ä½œçš„æ„ä¹‰ï¼Œæœæ–­è¾æ‰é«˜è–ªå·¥ä½œï¼ŒæŠ•èº«ç¤¾åŒºæœåŠ¡ï¼Œæˆä¸ºé’å¹´å¯¼å¸ˆå’Œç¤¾ä¼šæ´»åŠ¨æ¨åŠ¨è€…ï¼›ä»ä¸å¥¥å·´é©¬ç›¸é‡ï¼Œåˆ°æŒ‡æŒ¥ä¸€æ¬¡æ¬¡ç«é€‰æˆ˜ï¼ŒåŠ©åŠ›å¥¥å·´é©¬å½“é€‰å¹¶è¿ä»»ç¾å›½æ€»ç»Ÿã€‚ä½œè€…ä¸ºæˆ‘ä»¬å±•ç°äº†ï¼Œç±³æ­‡å°”çš„æˆå°±ä¸èƒ½åŠ›ï¼Œæ¤æ ¹äºå¥¹çš„è‚¤è‰²ã€å¥¹çš„å¥‹æ–—ã€å¥¹çš„æŒ«æŠ˜ã€å¥¹çš„è´£ä»»æ„Ÿã€å¥¹åšå®šçš„ä¿¡å¿µä¸æ¢¦æƒ³ã€‚\n\nã€€ã€€ã€Šäººç”ŸçœŸç›¸ï¼šç±³æ­‡å°”Â·å¥¥å·´é©¬ä¼ ã€‹ä½œè€…è´´èº«æŠ¥é“å¥¥å·´é©¬å¤«å¦‡åè½½ï¼Œä»¥è¿‡å»50å¹´ç¾å›½ç¤¾ä¼šå¯¹ç§æ—å’Œå¥³æ€§çš„æ€åº¦å˜åŒ–ä¸ºèƒŒæ™¯ï¼Œé€šè¿‡è®°è€…çš„ä¸¥è‚ƒç¬”è§¦ï¼Œå­¦è€…çš„è¯¦å®è°ƒæŸ¥ï¼Œä»¥åŠç¾å›½ç¤¾ä¼šä¸æ”¿æ²»äº²å†è€…çš„èº«ä»½å»è¿½æº¯ç±³æ­‡å°”ä»æ™®é€šèŠåŠ å“¥å—åŒºå¥³å­©åˆ°é¦–ä½éæ´²è£”ç™½å®«å¥³ä¸»äººçš„æˆé•¿ä¸èœ•å˜ã€‚æœ¬ä¹¦ä¹ŸæŠ«éœ²äº†ç±³æ­‡å°”å¯¹æ€»ç»Ÿç«é€‰çš„ä¸€åº¦çŠ¹è±«ï¼Œé™©è±¡ç¯ç”Ÿçš„ç¾å›½å¤§é€‰å†…å¹•ï¼Œä»¥åŠä¸€å¤«äººè¿™ä¸€è§’è‰²æ‰€é¢ä¸´çš„éš¾é¢˜ä¸åšæŒï¼Œè¿™äº›å†…å®¹ä»å„ä¸ªæ–¹é¢ä¸°å¯Œäº†ã€Šäººç”ŸçœŸç›¸ï¼šç±³æ­‡å°”Â·å¥¥å·´é©¬ä¼ ã€‹çš„å¯è¯»æ€§å’Œå²æ–™ä»·å€¼ï¼Œä½¿å…¶æˆä¸ºä¸€æœ¬çš„ç±³æ­‡å°”ä¼ è®°ã€‚","tts_switch":0,"merchant_id":10000,"contract_number":"","online_time":0,"b_special_price":"0","current_price":"35.40","b_special_price_stime":1514736000,"b_special_price_etime":1514736000,"is_buy":false,"current_timestamp":1558440306,"chapter_list":null,"is_trial":true,"is_tts_switch":false,"log_id":"81","log_type":"ebook","read_progress":0,"reading_title":"","original_price":"35.40","special_offer_status":0,"page_num":0,"author_list":["[ç¾] å½¼å¾—Â·æ–¯è±æ–‡","ç¬¬ä¸€ä½œè€…","ç¬¬äºŒä½œè€…"],"can_trial_read":true,"reading_word_count":0,"reading_word_token":"eyJ0ayI6IllLU1F6VFFkc0ZuYkZiMldWNyszNHJkdFJQMzVPeHZIUXc1NEZSYjFLMmVmbWticGNrZzM5ZmJtZVF0eGh4V0hZVllCWjN1REtLY2RoajBNY1YvbGo0bTd1VXZzQnpWNW1MbUZhOENUSE5RdzIyNS9XaWQvVVlTYTQzcmdnallCaHR5WWUyRUh3Q1NvUHdzaHhwcUFzanNpdE9RREUrK2FoQTR1OGlmWXRQRT0iLCJ2IjoxfQ==","trial_read_proportion":"0.0000","authors":null,"with_video":false,"b_package_end_time":"","b_package_price":"0.00","b_package_start_time":""}},{"productId":83,"trackinfo":"request_id#ca23433159c04651babf883da102e21a^^match_type#0^^score#0^^bucket_Id#0^^rank#18^^productId#83^^topicId#83^^productType#2^^isBak#2^^articleId#0^^type#2","detail":{"id":83,"title":"","style":5,"type":1,"class":0,"sub_class":0,"author":"[åŠ ] é©¬å°”ç§‘å§†Â·æ ¼æ‹‰å¾·å¨å°” ","cover":"http://piccdn.igetget.com/img/201607/21/201607211219318528797235.jpg","banner":"","count":0,"price":"22.52","status":1,"epub":"2019","sell_count":1072,"sell_seven_day":7,"operating_title":"å¼‚ç±»","short_title":"","integral":0,"other_content":"","other_share_title":"ä¸ºä»€ä¹ˆæœ‰äº›äººæ™ºå•†150ï¼Œå´åœ¨åš250çš„å·¥ä½œï¼Ÿ","other_share_summary":"æˆåŠŸçš„è§„å¾‹å¹¶éæ— è¿¹å¯å¯»ï¼Œã€Šçº½çº¦å®¢ã€‹æ€ªæ‰å¸¦ä½ æ‰¾åˆ°æˆåŠŸçš„æ ¹æºï¼ŒæŠŠæ¡æˆåŠŸçš„å¥‘æœºã€‚","other_data":"","top":0,"datetime":"","uptime":"","author_info":"é©¬å°”ç§‘å§†Â·æ ¼æ‹‰å¾·å¨å°”ï¼ˆMalcolm Gladwellï¼‰ï¼Œè¢«ã€Šå¿«å…¬å¸ã€‹èª‰ä¸ºâ€œ21ä¸–çºªçš„å½¼å¾—Â·å¾·é²å…‹â€ï¼Œæ›¾æ˜¯ã€Šåç››é¡¿é‚®æŠ¥ã€‹å•†åŠ¡ç§‘å­¦ä¸“æ ä½œå®¶ï¼Œç›®å‰æ˜¯ã€Šçº½çº¦å®¢ã€‹æ‚å¿—ä¸“èŒä½œå®¶ã€‚2005å¹´è¢«ã€Šæ—¶ä»£ã€‹å‘¨åˆŠè¯„ä¸ºå…¨çƒæœ‰å½±å“åŠ›çš„100ä½äººç‰©ä¹‹ä¸€ã€‚ä»–çš„ä»£è¡¨ä½œå“ã€Šå¼•çˆ†ç‚¹ã€‹ã€ã€Šå¼‚ç±»ã€‹ã€ã€Šçœ¨çœ¼ä¹‹é—´ã€‹å‡åˆ›é€ äº†ä¹¦å¸‚ç¥è¯ã€‚ã€Šçº½çº¦æ—¶æŠ¥ã€‹æ›´æ˜¯æŠŠæ ¼æ‹‰å¾·å¨å°”å¯¹ç¤¾ä¼šæ€æ½®çš„å½±å“ç§°ä¸ºâ€œæ ¼æ‹‰å¾·å¨å°”æ•ˆåº”â€ï¼ˆGladwell Effectï¼‰ã€‚\nã€€ã€€é©¬å°”ç§‘å§†å‡ºç”Ÿäºè‹±æ ¼å…°ï¼Œæ˜¯ç‰™ä¹°åŠ äººçš„åè£”ã€‚ä»–åœ¨åŠ æ‹¿å¤§é•¿å¤§ï¼Œç°å±…çº½çº¦å¸‚ã€‚","book_name":"ã€Šå¼‚ç±»ï¼šä¸ä¸€æ ·çš„æˆåŠŸå¯ç¤ºå½•ã€‹","book_author":"[åŠ ] é©¬å°”ç§‘å§†Â·æ ¼æ‹‰å¾·å¨å°”","press":"ä¸­ä¿¡å‡ºç‰ˆç¤¾","publish_time":"1900-01-20","catalog":"","catalog_list":[{"level":0,"text":"å¯¼è¯»","href":"Text/01.html","playOrder":1},{"level":0,"text":"ä¸€ã€å¤©æ—¶â€”â€”è‡ªå¤æ—¶åŠ¿é€ è‹±é›„","href":"Text/02.html","playOrder":2},{"level":0,"text":"äºŒã€åœ°åˆ©â€”â€”åœ°åŸŸã€å†å²é€ å°±æ°‘æ—çš„æ€§æ ¼","href":"Text/03.html","playOrder":3},{"level":0,"text":"ä¸‰ã€äººå’Œâ€”â€”å¤©æ‰ä¹Ÿæ˜¯éœ€è¦åŠªåŠ›çš„","href":"Text/04.html","playOrder":4},{"level":0,"text":"åŸä¹¦ä¿¡æ¯","href":"Text/05.html","playOrder":5}],"book_intro":"ã€€ã€Šæ ¼æ‹‰å¾·å¨å°”ç»å…¸ç³»åˆ—Â·å¼‚ç±»ï¼šä¸ä¸€æ ·çš„æˆåŠŸå¯ç¤ºå½•ï¼ˆæ–°ç‰ˆï¼‰ã€‹å¸¦æˆ‘ä»¬èµ°è¿›äº†æˆåŠŸäººå£«çš„ä¸–ç•Œï¼Œæ„å¤–æ­å¼€ä¸€è¿ä¸²ä»¤äººæƒŠå¼‚çš„ç»Ÿè®¡ç»“æœï¼šè‹±è¶…è”èµ›å¤§å¤šæ•°çƒå‘˜éƒ½åœ¨9æœˆè‡³11æœˆå‡ºç”Ÿï¼›æ¯”å°”Â·ç›–èŒ¨å’Œå²è’‚å¤«Â·ä¹”å¸ƒæ–¯éƒ½ç”Ÿäº1955å¹´ï¼›çº½çº¦å¾ˆå¤šçŸ¥åå¾‹æ‰€çš„å¼€åˆ›è€…ç«Ÿéƒ½æ˜¯çŠ¹å¤ªäººåè£”ï¼Œå¹¶ä¸”å…¶ç¥–è¾ˆå¤§å¤šåœ¨çº½çº¦æœè£…è¡Œä¸šè°‹ç”Ÿã€‚ä¸ºä»€ä¹ˆä¼šå‡ºç°è¿™ç§æƒ…å†µï¼ŸåŸå› åœ¨äºï¼šè‹±è¶…çƒå‘˜çš„æ³¨å†Œæ—¶é—´æ˜¯æ¯å¹´9æœˆï¼Œåœ¨åŒé¾„çƒå‘˜ä¸­ï¼Œ9æœˆå‡ºç”Ÿçš„äººå®é™…ä¸Šæ¯”8æœˆå‡ºç”Ÿçš„äººå‡ ä¹å¤§äº†ä¸€å²ï¼Œä¸€å²ä¹‹å·®å¯¹ä»–ä»¬çš„èŒä¸šç”Ÿæ¶¯å½±å“å·¨å¤§ï¼›1955å¹´å‰åæ­£æ˜¯è®¡ç®—æœºé©å‘½æ—¶æœŸï¼Œå‡ºç”Ÿå¤ªæ—©ï¼Œæ— æ³•æ‹¥æœ‰ä¸ªäººç”µè„‘ï¼Œè€Œå‡ºç”Ÿå¤ªæ™šï¼Œè®¡ç®—æœºé©å‘½çš„æ—¶æœºåˆè¢«åˆ«äººå å»â€¦â€¦å› æ­¤ï¼Œé‚£äº›å¥‡æ‰å¼‚ç±»å¾—æ„Ÿè°¢æœºé‡çš„çœ·é¡¾ã€‚å¦å¤–ï¼Œä»–ä»¬çš„æˆåŠŸè¿˜éœ€è¦ä¸Šè¾ˆäººçš„æ–‡åŒ–ç†é™¶ï¼Œä¸æ–‡åŒ–ä¼ æ‰¿æ¯æ¯ç›¸å…³ï¼šä¸­å›½äººçš„æ•°å­¦ä¼˜åŠ¿å¾—ç›Šäºä¸­å›½äººç§æ¤æ°´ç¨»çš„å‹¤åŠ³ç²¾ç¥å’Œæ±‰å­—è¯»éŸ³çš„ç®€æ´æ˜äº†ï¼›20ä¸–çºª90å¹´ä»£åˆéŸ©å›½è¾ƒé«˜çš„é£æœºå¤±äº‹ç‡ï¼Œä¹Ÿæ˜¯ç”±éŸ©å›½ä¸Šä¸‹çº§ä¹‹é—´è¿‡äºä¸¥æ ¼çš„ç­‰çº§åˆ¶åº¦é€ æˆçš„ã€‚\nã€€ã€€æ€ªæ‰æ ¼æ‹‰å¾·å¨å°”å‘Šè¯‰æˆ‘ä»¬ï¼Œå¦‚æœæ²¡æœ‰æœºé‡å’Œæ–‡åŒ–ã€ç¯å¢ƒå› ç´ ï¼Œå³ä¾¿æ˜¯æ™ºå•†è¶…è¿‡çˆ±å› æ–¯å¦ï¼Œä¹Ÿåªèƒ½åšä¸€ä»½å¹³åº¸çš„å·¥ä½œã€‚\nã€€ã€€ã€Šæ ¼æ‹‰å¾·å¨å°”ç»å…¸ç³»åˆ—Â·å¼‚ç±»ï¼šä¸ä¸€æ ·çš„æˆåŠŸå¯ç¤ºå½•ï¼ˆæ–°ç‰ˆï¼‰ã€‹å¸¦é¢†æˆ‘ä»¬æ‰¾åˆ°äº†æˆåŠŸçš„æ ¹æºï¼Œå‘ç°äº†æ›´æ·±åˆ»çš„æˆåŠŸå¥‘æœºï¼Œä¹Ÿä¸ºç¤¾ä¼šå˜é©å¸¦æ¥æ–°çš„å¯ç¤ºã€‚","tts_switch":0,"merchant_id":10000,"contract_number":"","online_time":0,"b_special_price":"0","current_price":"22.52","b_special_price_stime":1514736000,"b_special_price_etime":1514736000,"is_buy":false,"current_timestamp":1558440306,"chapter_list":null,"is_trial":true,"is_tts_switch":false,"log_id":"83","log_type":"ebook","read_progress":0,"reading_title":"","original_price":"22.52","special_offer_status":0,"page_num":0,"author_list":["[åŠ ] é©¬å°”ç§‘å§†Â·æ ¼æ‹‰å¾·å¨å°”","ç¬¬ä¸€ä½œè€…","ç¬¬äºŒä½œè€…"],"can_trial_read":true,"reading_word_count":0,"reading_word_token":"eyJ0ayI6IllLU1F6VFFkc0ZuYkZiMldWNyszNHFjM1IrZGo4VWtyMEJZV3B1b2IyV3QzVkIySTZFOHV1aW5pMUhpMjdMWmFmU2JveE1CN2tFQW16ckZNUmFuYS9rT0xCMmswNnEyV0JxMkx3Mk9vWndYdEFKSERqTW9id1ozYkY0NWYxelVvUk1vMzFKOWE2cWIyREE5ZXJnekFDa2JWczcxVUVjV2Rid01CaVNrNnNCST0iLCJ2IjoxfQ==","trial_read_proportion":"0.0000","authors":null,"with_video":false,"b_package_end_time":"","b_package_price":"0.00","b_package_start_time":""}},{"productId":86,"trackinfo":"request_id#ca23433159c04651babf883da102e21a^^match_type#0^^score#0^^bucket_Id#0^^rank#19^^productId#86^^topicId#86^^productType#2^^isBak#2^^articleId#0^^type#2","detail":{"id":86,"title":"","style":1,"type":1,"class":0,"sub_class":0,"author":"æœ±å® è‘—","cover":"http://piccdn.igetget.com/img/201607/21/201607211219325888989295.jpg","banner":"","count":0,"price":"18.00","status":1,"epub":"2019","sell_count":278,"sell_seven_day":5,"operating_title":"æŠ•èµ„è€…çš„æ•Œäºº","short_title":"","integral":0,"other_content":"","other_share_title":"çœ‹å®Œè¿™æœ¬ä¹¦ï¼Œèƒ½å¦èµšé’±å¾ˆéš¾è¯´ï¼Œä½†å‡å°‘äºé’±æ˜¯ä¸€å®šçš„","other_share_summary":"ä¸€æœ¬é€šä¿—çš„è¡Œä¸ºé‡‘èå­¦è‘—ä½œï¼Œæˆ–è®¸å¯ä»¥å¸®åŠ©ä½ æˆä¸ºä¸€ä¸ªæ›´ç†æ€§çš„æŠ•èµ„è€…ã€‚","other_data":"","top":0,"datetime":"","uptime":"","author_info":"æœ±å®ï¼Œè€¶é²å¤§å­¦é‡‘èåšå£«ï¼Œç°ä»»ä¸Šæµ·äº¤é€šå¤§å­¦ä¸Šæµ·é«˜çº§é‡‘èå­¦é™¢å‰¯é™¢é•¿ã€é‡‘èå­¦æ•™æˆã€è€¶é²å¤§å­¦å›½é™…é‡‘èä¸­å¿ƒç ”ç©¶å‘˜ï¼Œå¹¶åœ¨åŒ—äº¬å¤§å­¦å…‰åç®¡ç†å­¦é™¢åŠåŠ å·å¤§å­¦æ‹…ä»»ç‰¹è˜é‡‘èæ•™æˆï¼›æ›¾ä»»åŠ å·å¤§å­¦æˆ´ç»´æ–¯åˆ†æ ¡é‡‘èå­¦å‰¯æ•™æˆï¼ˆç»ˆèº«æ•™èŒï¼‰ã€‚","book_name":"ã€ŠæŠ•èµ„çš„æ•Œäººã€‹","book_author":"æœ±å®","press":"ä¸­ä¿¡å‡ºç‰ˆç¤¾","publish_time":"1900-01-20","catalog":"","catalog_list":[{"level":0,"text":"å°é¢","href":"Text/cover.xhtml","playOrder":1},{"level":0,"text":"å˜‰è¯„","href":"Text/preface0.xhtml","playOrder":2},{"level":0,"text":"åºä¸€","href":"Text/preface1.xhtml","playOrder":3},{"level":0,"text":"åºäºŒ","href":"Text/preface2.xhtml","playOrder":4},{"level":0,"text":"åºä¸‰","href":"Text/preface3.xhtml","playOrder":5},{"level":0,"text":"ç¬¬ä¸€ç«  ä¸å°½å¦‚äººæ„çš„ä¸šç»©","href":"Text/chapter01_0001.xhtml","playOrder":6},{"level":0,"text":"ç¬¬äºŒç«  ä¸å®‰åˆ†çš„æ•£æˆ·","href":"Text/chapter02_0001.xhtml","playOrder":7},{"level":0,"text":"ç¬¬ä¸‰ç«  ä¸åˆ†æ•£çš„ç»„åˆ","href":"Text/chapter03_0001.xhtml","playOrder":8},{"level":0,"text":"ç¬¬å››ç«  ä¸æ·¡å®šçš„æ‹©æ—¶ä¸æ˜æ™ºçš„é€‰è‚¡","href":"Text/chapter04_0001.xhtml","playOrder":9},{"level":0,"text":"ç¬¬äº”ç«  ä¸ç»™åŠ›çš„åŸºé‡‘","href":"Text/chapter05_0001.xhtml","playOrder":10},{"level":0,"text":"ç¬¬å…­ç«  ä¸ç†æ€§çš„å¤§è„‘","href":"Text/chapter06_0001.xhtml","playOrder":11},{"level":0,"text":"ç¬¬ä¸ƒç«  è¡Œä¸ºåå·®ä¸æŠ•èµ„å†³ç­–","href":"Text/chapter07_0001.xhtml","playOrder":12},{"level":0,"text":"ç¬¬å…«ç«  éš¾è¯»çš„å†å²","href":"Text/chapter08_0001.xhtml","playOrder":13},{"level":0,"text":"ç¬¬ä¹ç«  æˆé•¿çš„çƒ¦æ¼","href":"Text/chapter09_0001.xhtml","playOrder":14},{"level":0,"text":"ç¬¬åç«  è¿‡åº¦è‡ªä¿¡çš„é«˜ç®¡","href":"Text/chapter10_0001.xhtml","playOrder":15},{"level":0,"text":"ç¬¬åä¸€ç«  æŸäººåˆ©å·±çš„é«˜ç®¡","href":"Text/chapter11_0001.xhtml","playOrder":16},{"level":0,"text":"ç¬¬åäºŒç«  æŠ•å…¶æ‰€å¥½çš„é«˜ç®¡","href":"Text/chapter12_0001.xhtml","playOrder":17},{"level":0,"text":"ç¬¬åä¸‰ç«  åå°”è¡—","href":"Text/chapter13_0001.xhtml","playOrder":18},{"level":0,"text":"ç¬¬åå››ç«  é£é™©ç®¡ç†","href":"Text/chapter14_0001.xhtml","playOrder":19},{"level":0,"text":"ç¬¬åäº”ç«  æ”¿ç­–ä¸ç›‘ç®¡","href":"Text/chapter15_0001.xhtml","playOrder":20},{"level":0,"text":"ç¬¬åå…­ç«  GDPçš„æ•°å­—æ¸¸æˆ","href":"Text/chapter16_0001.xhtml","playOrder":21},{"level":0,"text":"ç¬¬åä¸ƒç«  ä½•å»ä½•ä»","href":"Text/chapter17_0001.xhtml","playOrder":22},{"level":0,"text":"è‡´è°¢","href":"Text/thanks.xhtml","playOrder":23},{"level":0,"text":"ç‰ˆæƒé¡µ","href":"Text/copyright.xhtml#sigil_toc_id_1","playOrder":24}],"book_intro":"æŠ•èµ„æ˜¯ä¸€é—¨æŠ€æœ¯ï¼Œæ›´æ˜¯å¿ƒç†è¾ƒé‡ã€‚â€œæŠ•èµ„è€…å¿…é¡»æŒæ§è‡ªå·±çš„å†²åŠ¨ï¼Œæ´å¯Ÿä»–äººçš„å†²åŠ¨â€ï¼Œè¯ºè´å°”ç»æµå­¦å¥–å¾—ä¸»ç½—ä¼¯ç‰¹Â·å¸­å‹’åœ¨ã€ŠæŠ•èµ„è€…çš„æ•Œäººã€‹çš„åºè¨€ä¸­å¦‚æ˜¯è¯´ã€‚ \nã€€ã€€æŠ•èµ„æ€ç»´æ–¹å¼ä¸æ—¥å¸¸æ€ç»´æ–¹å¼ä¸åŒï¼Œå®ƒè¦æ±‚æŠ•èµ„è€…æ—¢æ´»åœ¨å½“ä¸‹ï¼Œåˆæ´»åœ¨æœªæ¥ã€‚æŠ•èµ„è€…å¿…é¡»æ—¶åˆ»å¯Ÿè§‰è‡ªå·±å†…å¿ƒçš„ç»†å¾®å˜åŒ–ï¼Œåœ¨è¿™ä¸¤ç§æ€ç»´æ–¹å¼ä¹‹é—´è‡ªå¦‚åœ°åˆ‡æ¢ï¼›å¦‚æ­¤ï¼Œæ‰èƒ½å°†æŠ•èµ„è€…æœ€å¤§çš„æ•Œäººâ€”â€”è´ªå©ªå’Œææƒ§ï¼ŒåŒ–ä¸ºç§¯æçš„åŠ›é‡ã€‚ \nã€€ã€€ã€ŠæŠ•èµ„è€…çš„æ•Œäººã€‹é€šä¿—æ˜“è¯»ï¼Œé€šè¿‡å¤§é‡å‘ç”Ÿåœ¨å›½å†…å¤–é‡‘èå¸‚åœºçš„å…¸å‹å®ä¾‹ã€ç”ŸåŠ¨æ•…äº‹ï¼ŒåŠæœ‰è¯´æœåŠ›çš„æ•°æ®ï¼Œè§£é‡Šäº†è®¸å¤šä»¤äººå›°æƒ‘çš„é‡‘èç°è±¡ï¼Œæ­ç¤ºäº†é‡‘èå­¦çš„ä¸€èˆ¬åŸç†ï¼Œå¹¶æå‡ºäº†è®¸å¤šä¸“ä¸šæŠ•èµ„è€…å’Œæ•£æˆ·æŠ•èµ„è€…åœ¨å®è·µä¸­éƒ½åº”è¯¥äºˆä»¥è®¤çœŸè€ƒè™‘çš„å»ºè®®ã€‚ \nã€€ã€€ã€ŠæŠ•èµ„è€…çš„æ•Œäººã€‹ä½œè€…è¿ç”¨è¡Œä¸ºé‡‘èå­¦ç†è®ºï¼Œæ¢³ç†å‘ˆç°äº†æŠ•èµ„ä¸å¿ƒç†çš„å…³ç³»ï¼Œæ·±å…¥åˆ†æäº†æŠ•èµ„è€…çš„æ•Œäººï¼šä¸å®‰åˆ†çš„å¿ƒæ€ã€ä¸åˆ†æ•£çš„ç»„åˆã€ä¸æ·¡å®šçš„æ‹©æ—¶ã€ä¸æ˜æ™ºçš„é€‰è‚¡ã€ä¸ç»™åŠ›çš„åŸºé‡‘ã€ä¸ç†æ€§çš„å¤§è„‘ç­‰ç­‰ã€‚ä½œè€…è¿›ä¸€æ­¥å±•ç¤ºï¼Œä¸ªäººæŠ•èµ„è€…å¸¸çŠ¯çš„å¿ƒç†é”™è¯¯å¦‚ä½•åœ¨ä¼ä¸šé«˜ç®¡ã€æœºæ„æŠ•èµ„è€…å’Œæ”¿åºœèº«ä¸Šæˆå€æ”¾å¤§ï¼Œä»è€Œé€ æˆæ›´æƒ¨é‡çš„æŸå¤±ã€‚ \nã€€ã€€ä¸æ‡‚æŠ•èµ„å¿ƒç†å­¦ï¼Œä¸çŸ¥æŠ•èµ„è€…çš„æ•Œäººï¼ŒæŠ•èµ„æ—¶éœ€è°¨æ…ã€‚","tts_switch":0,"merchant_id":10000,"contract_number":"","online_time":0,"b_special_price":"0","current_price":"18.00","b_special_price_stime":1514736000,"b_special_price_etime":1514736000,"is_buy":false,"current_timestamp":1558440306,"chapter_list":null,"is_trial":true,"is_tts_switch":false,"log_id":"86","log_type":"ebook","read_progress":0,"reading_title":"","original_price":"18.00","special_offer_status":0,"page_num":0,"author_list":["æœ±å®","ç¬¬ä¸€ä½œè€…","ç¬¬äºŒä½œè€…"],"can_trial_read":true,"reading_word_count":0,"reading_word_token":"eyJ0ayI6IllLU1F6VFFkc0ZuYkZiMldWNyszNG9VWGZsK1BoT1NXakxTZGFXdXdwdEZDeU9uS2hYK0RSL0VTSXhHdzVJeEN4OVlFdS9HNFcvcmNuV1lOWW5oNEl3MytsNUJsYkRKbUJIbkhUc1FhTmNXUGwzSU1MVnB1UG9hbEJ6Wk44Mnhra3V2d3dnbFZqenNUeFV4dkx3OW1pUjJ5YXFxMlhFUEZzdENFZ0VZOHZHST0iLCJ2IjoxfQ==","trial_read_proportion":"0.0000","authors":null,"with_video":false,"b_package_end_time":"","b_package_price":"0.00","b_package_start_time":""}}]}}}
,}4:type,4:http,5:error,0:~6:marked,5:false!7:version,13:1:0#2:18#1:2#]11:client_conn,203:15:ssl_established,5:false!10:clientcert,0:~13:timestamp_end,0:~7:address,60:7:address,27:15:192.168.128.181,5:63032#]8:use_ipv6,5:false!}15:timestamp_start,16:1558440329.85148^19:timestamp_ssl_setup,0:~}2:id,36:dd024053-31df-44d7-9c07-f6e133887ffb,11:intercepted,5:false!7:request,1420:9:is_replay,5:false!4:port,2:80#12:stickycookie,5:false!13:timestamp_end,17:1558440330.024911^4:path,69:/ebook2/v1/ebookRecommend/get?page=1&isLogin=0&requestId=&pageSize=20,15:timestamp_start,17:1558440330.013623^7:headers,1032:29:9:X-App-Key,13:android-6.2.0,]19:5:X-Uid,8:85003403,]14:7:X-Thumb,1:l,]15:4:X-Dt,5:phone,]13:4:X-Ov,3:6.0,]15:5:X-Net,4:WIFI,]17:4:X-Os,7:ANDROID,]26:3:X-D,16:ae244834553d4eda,]28:4:X-Dv,17:Samsung Galaxy S6,]13:3:X-T,4:json,]13:6:X-Chil,1:0,]10:3:X-V,1:2,]15:4:X-Av,5:6.2.0,]14:5:X-Scr,3:2.0,]12:5:X-Adv,1:1,]45:6:X-Seid,32:218ef9e66ce3e0025bfad70cd02dd2ed,]14:8:X-Hitdot,0:,]63:11:G-Auth-Sign,44:OThjMGNhMTk0NDQyMzQzNTIwYTIzZmQyYmEzN2E4Mjk=,]52:12:G-Auth-Nonce,32:88ed8622ecf472588bd5de3b52019b36,]26:9:G-Auth-Ts,10:1558440329,]44:12:G-Auth-Appid,24:5a27d122ee4638163f594393,]312:12:G-Auth-Token,291:eyJhbGciOiJIUzUxMiIsInR5cCI6IkpXVCJ9.eyJhdWQiOiJsdW9qaWxhYi5jb20iLCJleHAiOjE1NTkwNDI3OTksImlhdCI6MTU1ODQzNzk5OSwiaXNzIjoiRWFzZUdhdGV3YXkgSldUQXV0aCBQbHVnaW4iLCJuYmYiOjE1NTg0Mzc5OTksInN1YiI6Ijg1MDAzNDAzIn0.5J13wFzrBZv434Oi7yos7349FnruBeGZ0LNw4VmjORaaWUiFX3Q2yVNrSKqf27JfNQRsAT3NYL2gouO0Xju66Q,]33:4:Host,22:entree.dev.igetget.com,]28:10:Connection,10:Keep-Alive,]26:15:Accept-Encoding,4:gzip,]31:10:User-Agent,13:okhttp/3.11.0,]]7:content,0:,6:method,3:GET,4:host,22:entree.dev.igetget.com,17:first_line_format,8:relative,12:http_version,8:HTTP/1.1,6:scheme,4:http,10:stickyauth,5:false!}11:server_conn,417:15:ssl_established,5:false!14:source_address,60:7:address,27:15:192.168.128.181,5:63033#]8:use_ipv6,5:false!}13:timestamp_end,0:~7:address,64:7:address,31:22:entree.dev.igetget.com,2:80#]8:use_ipv6,5:false!}4:cert,0:~3:sni,0:~15:timestamp_start,17:1558440329.896162^19:timestamp_ssl_setup,0:~10:ip_address,54:7:address,21:12:39.107.208.4,2:80#]8:use_ipv6,5:false!}3:via,0:~19:timestamp_tcp_setup,17:1558440329.904011^}}3538:8:response,911:6:reason,2:OK,13:timestamp_end,17:1558440332.198161^12:http_version,8:HTTP/1.1,11:status_code,3:200#15:timestamp_start,16:1558440332.17754^7:headers,258:40:4:Date,29:Tue, 21 May 2019 12:05:32 GMT,]51:12:Content-Type,31:application/json; charset=utf-8,]24:14:Content-Length,3:484,]28:10:Connection,10:keep-alive,]27:16:Content-Encoding,4:gzip,]31:12:G-Powered-By,11:EaseGateway,]29:11:G-Timestamp,10:1558440332,]]7:content,484:‹      ÿœÕ_kÛ0 ğïrÏ*H²ÕÄzËÂÖ=dtìaŒaTûÖˆØR°N%ä»·Ì³PW’<†È÷óéşø[ĞGh@s€A -”Z–%/
É€@Ëaë{¬b³CªmVÀÀúP7¾‹½«ÃÁR³}æü4H.ª®n¤ÓŠ‚şq„ÆGG ƒÖ}<1ØšP“¥AK{óˆ5=í´ão,Yï@Kş7ÚókHU.^Âg<¬á£àÄ&Hœ	s¨Ì¡j‚>úÇG¿ìq0ãùU~ ]ó¹«2·â“ÛÙß8ø ‘ I^·y|1Åÿ5 ®bkı9HšER¥E”òÒ1—ÅíœXæD1½	„ÃI$YT9!gYÄ!àÕ.ÄÜ<GTÖgèÛ¾5„_éºæ.’&"WoßPß?x¿»FMîSäÃ[%Ã›ÃëÎ„p9\¥Ù¹»|ÍÆyí¡£O¾]Rãâ¼¼å"ñ³™Vœg·}oÜnc½ŞµĞÍ¶çy-d™,µl§ıË{l|ß£kï¼oÃå³#¤JöXF©œú€Ø¾3Î³úóíàUòÈŒr^Ñ»ˆ!|÷qcw8†>ı	  ÿÿ£»Øºï  ,}4:type,4:http,5:error,0:~6:marked,5:false!7:version,13:1:0#2:18#1:2#]11:client_conn,204:15:ssl_established,5:false!10:clientcert,0:~13:timestamp_end,0:~7:address,60:7:address,27:15:192.168.128.181,5:63009#]8:use_ipv6,5:false!}15:timestamp_start,17:1558440320.990638^19:timestamp_ssl_setup,0:~}2:id,36:db381467-946f-4e33-968c-33fc428086dd,11:intercepted,5:false!7:request,1797:9:is_replay,5:false!4:port,2:80#12:stickycookie,5:false!13:timestamp_end,17:1558440332.157364^4:path,36:/kaleidoscope/homepage/new_structure,15:timestamp_start,17:1558440332.133435^7:headers,1115:29:9:X-App-Key,13:android-6.2.0,]19:5:X-Uid,8:85003403,]14:7:X-Thumb,1:l,]15:4:X-Dt,5:phone,]13:4:X-Ov,3:6.0,]15:5:X-Net,4:WIFI,]17:4:X-Os,7:ANDROID,]26:3:X-D,16:ae244834553d4eda,]28:4:X-Dv,17:Samsung Galaxy S6,]13:3:X-T,4:json,]13:6:X-Chil,1:0,]10:3:X-V,1:2,]15:4:X-Av,5:6.2.0,]14:5:X-Scr,3:2.0,]12:5:X-Adv,1:1,]45:6:X-Seid,32:218ef9e66ce3e0025bfad70cd02dd2ed,]14:8:X-Hitdot,0:,]63:11:G-Auth-Sign,44:YmZlMzA3ZjY5MWQ2ZGNiMGRiZjk4ZWU2MTg4ZjJkM2Q=,]52:12:G-Auth-Nonce,32:17c200468c311f579de5ad3c8103bc9f,]26:9:G-Auth-Ts,10:1558440331,]44:12:G-Auth-Appid,24:5a27d122ee4638163f594393,]312:12:G-Auth-Token,291:eyJhbGciOiJIUzUxMiIsInR5cCI6IkpXVCJ9.eyJhdWQiOiJsdW9qaWxhYi5jb20iLCJleHAiOjE1NTkwNDI3OTksImlhdCI6MTU1ODQzNzk5OSwiaXNzIjoiRWFzZUdhdGV3YXkgSldUQXV0aCBQbHVnaW4iLCJuYmYiOjE1NTg0Mzc5OTksInN1YiI6Ijg1MDAzNDAzIn0.5J13wFzrBZv434Oi7yos7349FnruBeGZ0LNw4VmjORaaWUiFX3Q2yVNrSKqf27JfNQRsAT3NYL2gouO0Xju66Q,]51:12:Content-Type,31:application/json; charset=UTF-8,]24:14:Content-Length,3:324,]33:4:Host,22:entree.dev.igetget.com,]28:10:Connection,10:Keep-Alive,]26:15:Accept-Encoding,4:gzip,]31:10:User-Agent,13:okhttp/3.11.0,]]7:content,324:{"page_type":"","h":{"u":"85003403","thumb":"l","dt":"phone","ov":"6.0","net":"WIFI","os":"ANDROID","d":"ae244834553d4eda","dv":"Samsung Galaxy S6","t":"json","chil":"0","v":"2","av":"6.2.0","scr":"2.0","adv":"1","X-Dv":"Samsung Galaxy S6","ts":"1558440331","s":"9628def9c754fceb","seid":"218ef9e66ce3e0025bfad70cd02dd2ed"}},6:method,4:POST,4:host,22:entree.dev.igetget.com,17:first_line_format,8:relative,12:http_version,8:HTTP/1.1,6:scheme,4:http,10:stickyauth,5:false!}11:server_conn,417:15:ssl_established,5:false!14:source_address,60:7:address,27:15:192.168.128.181,5:63010#]8:use_ipv6,5:false!}13:timestamp_end,0:~7:address,64:7:address,31:22:entree.dev.igetget.com,2:80#]8:use_ipv6,5:false!}4:cert,0:~3:sni,0:~15:timestamp_start,17:1558440321.045617^19:timestamp_ssl_setup,0:~10:ip_address,54:7:address,21:12:39.107.208.4,2:80#]8:use_ipv6,5:false!}3:via,0:~19:timestamp_tcp_setup,17:1558440321.059817^}}3636:8:response,814:6:reason,2:OK,13:timestamp_end,17:1558440332.203359^12:http_version,8:HTTP/1.1,11:status_code,3:200#15:timestamp_start,17:1558440332.181926^7:headers,258:40:4:Date,29:Tue, 21 May 2019 12:05:32 GMT,]51:12:Content-Type,31:application/json; charset=utf-8,]24:14:Content-Length,3:386,]28:10:Connection,10:keep-alive,]27:16:Content-Encoding,4:gzip,]31:12:G-Powered-By,11:EaseGateway,]29:11:G-Timestamp,10:1558440332,]]7:content,386:‹      ÿ”ÔÍJë@ğı}Œÿz™ÌGÎW¹\JHsi¸ÜŞ’¤)]‰PQÁ‹.êÎ…ŠíB
¾N£}I,ƒèäkıŸa~œsæÌÁÌ0úŸÃüš!ÂpÁ³<…Æá¿Åú¦8;CÿÂ(†,óiÃ¢4óx'åQ®¤O$´ô¦“á× gø“Œ“lt<†ühÃøI6¨0|Îåä,®^O»Ëãb½-–«î.íIát²—Ëwº6«ıò¶;‡S@ue¢>_º8»“ÍşúáíñœˆÈª¨Q%|N‚‚ï*´ª<«rÎ’U–´“]C*ƒ$gß,I[’n'éº*é~Uâ$Õqœª—•cœlĞƒä5’¤%Év’¬kœìÕ8®İ{i[l^>ÿ¹fQµ´tş9í“ê%úÙX$aI¢½HÂA²AÒo†4`°¿¿Øİ=cÎ0*7{T]ˆ?„åûJ‘”>Cuqşã=  ÿÿ>;é|  ,}4:type,4:http,5:error,0:~6:marked,5:false!7:version,13:1:0#2:18#1:2#]11:client_conn,204:15:ssl_established,5:false!10:clientcert,0:~13:timestamp_end,0:~7:address,60:7:address,27:15:192.168.128.181,5:63008#]8:use_ipv6,5:false!}15:timestamp_start,17:1558440320.990038^19:timestamp_ssl_setup,0:~}2:id,36:aef6a36e-29f4-4f2e-ab60-1ab964837932,11:intercepted,5:false!7:request,1992:9:is_replay,5:false!4:port,2:80#12:stickycookie,5:false!13:timestamp_end,17:1558440332.157845^4:path,22:/search/v2/keyword/hot,15:timestamp_start,17:1558440332.133055^7:headers,1117:29:9:X-App-Key,13:android-6.2.0,]19:5:X-Uid,8:85003403,]14:7:X-Thumb,1:l,]15:4:X-Dt,5:phone,]13:4:X-Ov,3:6.0,]15:5:X-Net,4:WIFI,]17:4:X-Os,7:ANDROID,]26:3:X-D,16:ae244834553d4eda,]28:4:X-Dv,17:Samsung Galaxy S6,]13:3:X-T,4:json,]13:6:X-Chil,1:0,]10:3:X-V,1:2,]15:4:X-Av,5:6.2.0,]14:5:X-Scr,3:2.0,]12:5:X-Adv,1:1,]45:6:X-Seid,32:218ef9e66ce3e0025bfad70cd02dd2ed,]14:8:X-Hitdot,0:,]63:11:G-Auth-Sign,44:NTcyNGQwNjFmODIwMDllYTZjZGFiNDc2NThiZGNmZjg=,]52:12:G-Auth-Nonce,32:b72d3ffc419b51a55d1b7b5a58cd36ae,]26:9:G-Auth-Ts,10:1558440331,]44:12:G-Auth-Appid,24:5a27d122ee4638163f594393,]312:12:G-Auth-Token,291:eyJhbGciOiJIUzUxMiIsInR5cCI6IkpXVCJ9.eyJhdWQiOiJsdW9qaWxhYi5jb20iLCJleHAiOjE1NTkwNDI3OTksImlhdCI6MTU1ODQzNzk5OSwiaXNzIjoiRWFzZUdhdGV3YXkgSldUQXV0aCBQbHVnaW4iLCJuYmYiOjE1NTg0Mzc5OTksInN1YiI6Ijg1MDAzNDAzIn0.5J13wFzrBZv434Oi7yos7349FnruBeGZ0LNw4VmjORaaWUiFX3Q2yVNrSKqf27JfNQRsAT3NYL2gouO0Xju66Q,]53:12:Content-Type,33:application/x-www-form-urlencoded,]24:14:Content-Length,3:531,]33:4:Host,22:entree.dev.igetget.com,]28:10:Connection,10:Keep-Alive,]26:15:Accept-Encoding,4:gzip,]31:10:User-Agent,13:okhttp/3.11.0,]]7:content,531:h=%7B%22u%22%3A%2285003403%22%2C%22thumb%22%3A%22l%22%2C%22dt%22%3A%22phone%22%2C%22ov%22%3A%226.0%22%2C%22net%22%3A%22WIFI%22%2C%22os%22%3A%22ANDROID%22%2C%22d%22%3A%22ae244834553d4eda%22%2C%22dv%22%3A%22Samsung%20Galaxy%20S6%22%2C%22t%22%3A%22json%22%2C%22chil%22%3A%220%22%2C%22v%22%3A%222%22%2C%22av%22%3A%226.2.0%22%2C%22scr%22%3A%222.0%22%2C%22adv%22%3A%221%22%2C%22X-Dv%22%3A%22Samsung%20Galaxy%20S6%22%2C%22ts%22%3A%221558440331%22%2C%22s%22%3A%229628def9c754fceb%22%2C%22seid%22%3A%22218ef9e66ce3e0025bfad70cd02dd2ed%22%7D,6:method,4:POST,4:host,22:entree.dev.igetget.com,17:first_line_format,8:relative,12:http_version,8:HTTP/1.1,6:scheme,4:http,10:stickyauth,5:false!}11:server_conn,417:15:ssl_established,5:false!14:source_address,60:7:address,27:15:192.168.128.181,5:63011#]8:use_ipv6,5:false!}13:timestamp_end,0:~7:address,64:7:address,31:22:entree.dev.igetget.com,2:80#]8:use_ipv6,5:false!}4:cert,0:~3:sni,0:~15:timestamp_start,17:1558440321.054038^19:timestamp_ssl_setup,0:~10:ip_address,54:7:address,21:12:39.107.208.4,2:80#]8:use_ipv6,5:false!}3:via,0:~19:timestamp_tcp_setup,17:1558440321.064838^}}3471:8:response,601:6:reason,2:OK,13:timestamp_end,17:1558440332.336243^12:http_version,8:HTTP/1.1,11:status_code,3:200#15:timestamp_start,17:1558440332.312782^7:headers,258:40:4:Date,29:Tue, 21 May 2019 12:05:32 GMT,]51:12:Content-Type,31:application/json; charset=utf-8,]24:14:Content-Length,3:173,]28:10:Connection,10:keep-alive,]27:16:Content-Encoding,4:gzip,]31:12:G-Powered-By,11:EaseGateway,]29:11:G-Timestamp,10:1558440332,]]7:content,173:‹      ÿDÎ±Î‚0àw9sø¡ÉŸûºÓ¨´	µ¤½¦éêèæìÓñÏÉwsn‚%´ B@ƒ *¥ü¯ë¢ªşTf±„ÖOWI¶<l>ØŞğñ—tJpj
Ã§sÊvë†S—àİ·Œ*?‚Ê%İu7f]¿+¾z]SÛ`½¹ı#çç}~=Ï9¿  ÿÿ+  ×   ,}4:type,4:http,5:error,0:~6:marked,5:false!7:version,13:1:0#2:18#1:2#]11:client_conn,204:15:ssl_established,5:false!10:clientcert,0:~13:timestamp_end,0:~7:address,60:7:address,27:15:192.168.128.181,5:63009#]8:use_ipv6,5:false!}15:timestamp_start,17:1558440320.990638^19:timestamp_ssl_setup,0:~}2:id,36:a5165e62-9723-4862-9833-45fde19701a5,11:intercepted,5:false!7:request,2040:9:is_replay,5:false!4:port,2:80#12:stickycookie,5:false!13:timestamp_end,17:1558440332.293348^4:path,54:/kaleidoscope/internal/homepage/category/structuredata,15:timestamp_start,17:1558440332.257256^7:headers,1117:29:9:X-App-Key,13:android-6.2.0,]19:5:X-Uid,8:85003403,]14:7:X-Thumb,1:l,]15:4:X-Dt,5:phone,]13:4:X-Ov,3:6.0,]15:5:X-Net,4:WIFI,]17:4:X-Os,7:ANDROID,]26:3:X-D,16:ae244834553d4eda,]28:4:X-Dv,17:Samsung Galaxy S6,]13:3:X-T,4:json,]13:6:X-Chil,1:0,]10:3:X-V,1:2,]15:4:X-Av,5:6.2.0,]14:5:X-Scr,3:2.0,]12:5:X-Adv,1:1,]45:6:X-Seid,32:218ef9e66ce3e0025bfad70cd02dd2ed,]14:8:X-Hitdot,0:,]63:11:G-Auth-Sign,44:MTIzNjIwNTk0MTM3YzM4YzczYjQ0ZmJhZTllNjg2ZjM=,]52:12:G-Auth-Nonce,32:58033c26d3d680a14db19167062ec333,]26:9:G-Auth-Ts,10:1558440332,]44:12:G-Auth-Appid,24:5a27d122ee4638163f594393,]312:12:G-Auth-Token,291:eyJhbGciOiJIUzUxMiIsInR5cCI6IkpXVCJ9.eyJhdWQiOiJsdW9qaWxhYi5jb20iLCJleHAiOjE1NTkwNDI3OTksImlhdCI6MTU1ODQzNzk5OSwiaXNzIjoiRWFzZUdhdGV3YXkgSldUQXV0aCBQbHVnaW4iLCJuYmYiOjE1NTg0Mzc5OTksInN1YiI6Ijg1MDAzNDAzIn0.5J13wFzrBZv434Oi7yos7349FnruBeGZ0LNw4VmjORaaWUiFX3Q2yVNrSKqf27JfNQRsAT3NYL2gouO0Xju66Q,]53:12:Content-Type,33:application/x-www-form-urlencoded,]24:14:Content-Length,3:547,]33:4:Host,22:entree.dev.igetget.com,]28:10:Connection,10:Keep-Alive,]26:15:Accept-Encoding,4:gzip,]31:10:User-Agent,13:okhttp/3.11.0,]]7:content,547:h=%7B%22u%22%3A%2285003403%22%2C%22thumb%22%3A%22l%22%2C%22dt%22%3A%22phone%22%2C%22ov%22%3A%226.0%22%2C%22net%22%3A%22WIFI%22%2C%22os%22%3A%22ANDROID%22%2C%22d%22%3A%22ae244834553d4eda%22%2C%22dv%22%3A%22Samsung%20Galaxy%20S6%22%2C%22t%22%3A%22json%22%2C%22chil%22%3A%220%22%2C%22v%22%3A%222%22%2C%22av%22%3A%226.2.0%22%2C%22scr%22%3A%222.0%22%2C%22adv%22%3A%221%22%2C%22X-Dv%22%3A%22Samsung%20Galaxy%20S6%22%2C%22ts%22%3A%221558440332%22%2C%22s%22%3A%229628def9c754fceb%22%2C%22seid%22%3A%22218ef9e66ce3e0025bfad70cd02dd2ed%22%7D&struct_id=25487,6:method,4:POST,4:host,22:entree.dev.igetget.com,17:first_line_format,8:relative,12:http_version,8:HTTP/1.1,6:scheme,4:http,10:stickyauth,5:false!}11:server_conn,417:15:ssl_established,5:false!14:source_address,60:7:address,27:15:192.168.128.181,5:63010#]8:use_ipv6,5:false!}13:timestamp_end,0:~7:address,64:7:address,31:22:entree.dev.igetget.com,2:80#]8:use_ipv6,5:false!}4:cert,0:~3:sni,0:~15:timestamp_start,17:1558440321.045617^19:timestamp_ssl_setup,0:~10:ip_address,54:7:address,21:12:39.107.208.4,2:80#]8:use_ipv6,5:false!}3:via,0:~19:timestamp_tcp_setup,17:1558440321.059817^}}6285:8:response,3426:6:reason,2:OK,13:timestamp_end,17:1558440332.336837^12:http_version,8:HTTP/1.1,11:status_code,3:200#15:timestamp_start,17:1558440332.313041^7:headers,234:40:4:Date,29:Tue, 21 May 2019 12:05:32 GMT,]51:12:Content-Type,31:application/json; charset=utf-8,]31:17:Transfer-Encoding,7:chunked,]28:10:Connection,10:keep-alive,]31:12:G-Powered-By,11:EaseGateway,]29:11:G-Timestamp,10:1558440332,]]7:content,3021:{"h":{"c":0,"e":"","s":1558440332,"t":4},"c":{"list":[{"id":3513,"title":"ä¹¦å•","image":"https://piccdn.igetget.com/img/201903/27/201903271112243378028738.jpeg","jump_type":"61","jump_url":"igetapp://odob/theme/themeArticle?themeId=261","sort_no":10,"create_time":"2019-05-16T17:17:34+08:00","update_time":"2019-05-16T17:17:34+08:00","relate_id":25489},{"id":3514,"title":"è®²åº§","image":"https://piccdn.igetget.com/img/201903/21/201903211521533508174733.png","jump_type":"81","jump_url":"igetapp://lecture.rn/list?lectureId=5055","sort_no":20,"create_time":"2019-05-16T17:17:34+08:00","update_time":"2019-05-16T17:17:34+08:00","relate_id":25489},{"id":3515,"title":"è®²åº§é¦–é¡µ","image":"https://piccdn.igetget.com/img/201903/21/201903211523022008524053.png","jump_type":"300","jump_url":"igetapp://lecture.rn/home","sort_no":30,"create_time":"2019-05-16T17:17:34+08:00","update_time":"2019-05-16T17:17:34+08:00","relate_id":25489},{"id":3516,"title":"å•†ä¸š","image":"https://piccdn.igetget.com/img/201903/21/201903211523238416810422.png","jump_type":"150","jump_url":"igetapp://home/category?navId=4\u0026type=1","sort_no":40,"create_time":"2019-05-16T17:17:34+08:00","update_time":"2019-05-16T17:17:34+08:00","relate_id":25489},{"id":3517,"title":"ç»æµå­¦","image":"https://piccdn.igetget.com/img/201903/21/201903211523380656000492.png","jump_type":"150","jump_url":"igetapp://home/category?navId=5\u0026type=1","sort_no":50,"create_time":"2019-05-16T17:17:34+08:00","update_time":"2019-05-16T17:17:34+08:00","relate_id":25489},{"id":3518,"title":"è§†é‡å­¦é™¢","image":"https://piccdn.igetget.com/img/201903/21/201903211523534664308259.png","jump_type":"70","jump_url":"igetapp://class/college?collegeId=2","sort_no":60,"create_time":"2019-05-16T17:17:34+08:00","update_time":"2019-05-16T17:17:34+08:00","relate_id":25489},{"id":3519,"title":"è–›å…†ä¸°","image":"https://piccdn.igetget.com/img/201903/21/201903211522299054134639.png","jump_type":"80","jump_url":"igetapp://user/detail?uid=11335114","sort_no":70,"create_time":"2019-05-16T17:17:34+08:00","update_time":"2019-05-16T17:17:34+08:00","relate_id":25489},{"id":3520,"title":"å…¨éƒ¨","image":"https://piccdn.igetget.com/img/201903/21/201903211522117832339867.png","jump_type":"150","jump_url":"igetapp://home/category?type=1\u0026navId=7","sort_no":80,"create_time":"2019-05-16T17:17:34+08:00","update_time":"2019-05-16T17:17:34+08:00","relate_id":25489},{"id":3521,"title":"å¾—åˆ°å¤§å­¦","image":"https://piccdn.igetget.com/img/201903/21/201903211727232225339873.png","jump_type":"66","jump_url":"igetapp://university/index","sort_no":90,"create_time":"2019-05-16T17:17:34+08:00","update_time":"2019-05-16T17:17:34+08:00","relate_id":25489},{"id":3522,"title":"ç§‘å­¦åˆ†ç±»","image":"https://piccdn.igetget.com/img/201905/12/201905121700264074110095.jpeg","jump_type":"150","jump_url":"igetapp://home/category?navId=1\u0026type=1","sort_no":100,"create_time":"2019-05-16T17:17:34+08:00","update_time":"2019-05-16T17:17:34+08:00","relate_id":25489}]}},}4:type,4:http,5:error,0:~6:marked,5:false!7:version,13:1:0#2:18#1:2#]11:client_conn,204:15:ssl_established,5:false!10:clientcert,0:~13:timestamp_end,0:~7:address,60:7:address,27:15:192.168.128.181,5:63008#]8:use_ipv6,5:false!}15:timestamp_start,17:1558440320.990038^19:timestamp_ssl_setup,0:~}2:id,36:551142ba-f29e-469c-9fd0-6fe5db40bfcc,11:intercepted,5:false!7:request,2028:9:is_replay,5:false!4:port,2:80#12:stickycookie,5:false!13:timestamp_end,17:1558440332.293119^4:path,42:/kaleidoscope/v1/operation/assortment/list,15:timestamp_start,17:1558440332.267137^7:headers,1117:29:9:X-App-Key,13:android-6.2.0,]19:5:X-Uid,8:85003403,]14:7:X-Thumb,1:l,]15:4:X-Dt,5:phone,]13:4:X-Ov,3:6.0,]15:5:X-Net,4:WIFI,]17:4:X-Os,7:ANDROID,]26:3:X-D,16:ae244834553d4eda,]28:4:X-Dv,17:Samsung Galaxy S6,]13:3:X-T,4:json,]13:6:X-Chil,1:0,]10:3:X-V,1:2,]15:4:X-Av,5:6.2.0,]14:5:X-Scr,3:2.0,]12:5:X-Adv,1:1,]45:6:X-Seid,32:218ef9e66ce3e0025bfad70cd02dd2ed,]14:8:X-Hitdot,0:,]63:11:G-Auth-Sign,44:YjA0NzdmNDgwMjM1MGRlM2JkNTU4OTllZWRiYmNiZDA=,]52:12:G-Auth-Nonce,32:dc2e0d43ac3d732580bfcb60b8582a59,]26:9:G-Auth-Ts,10:1558440332,]44:12:G-Auth-Appid,24:5a27d122ee4638163f594393,]312:12:G-Auth-Token,291:eyJhbGciOiJIUzUxMiIsInR5cCI6IkpXVCJ9.eyJhdWQiOiJsdW9qaWxhYi5jb20iLCJleHAiOjE1NTkwNDI3OTksImlhdCI6MTU1ODQzNzk5OSwiaXNzIjoiRWFzZUdhdGV3YXkgSldUQXV0aCBQbHVnaW4iLCJuYmYiOjE1NTg0Mzc5OTksInN1YiI6Ijg1MDAzNDAzIn0.5J13wFzrBZv434Oi7yos7349FnruBeGZ0LNw4VmjORaaWUiFX3Q2yVNrSKqf27JfNQRsAT3NYL2gouO0Xju66Q,]53:12:Content-Type,33:application/x-www-form-urlencoded,]24:14:Content-Length,3:547,]33:4:Host,22:entree.dev.igetget.com,]28:10:Connection,10:Keep-Alive,]26:15:Accept-Encoding,4:gzip,]31:10:User-Agent,13:okhttp/3.11.0,]]7:content,547:h=%7B%22u%22%3A%2285003403%22%2C%22thumb%22%3A%22l%22%2C%22dt%22%3A%22phone%22%2C%22ov%22%3A%226.0%22%2C%22net%22%3A%22WIFI%22%2C%22os%22%3A%22ANDROID%22%2C%22d%22%3A%22ae244834553d4eda%22%2C%22dv%22%3A%22Samsung%20Galaxy%20S6%22%2C%22t%22%3A%22json%22%2C%22chil%22%3A%220%22%2C%22v%22%3A%222%22%2C%22av%22%3A%226.2.0%22%2C%22scr%22%3A%222.0%22%2C%22adv%22%3A%221%22%2C%22X-Dv%22%3A%22Samsung%20Galaxy%20S6%22%2C%22ts%22%3A%221558440332%22%2C%22s%22%3A%229628def9c754fceb%22%2C%22seid%22%3A%22218ef9e66ce3e0025bfad70cd02dd2ed%22%7D&struct_id=25489,6:method,4:POST,4:host,22:entree.dev.igetget.com,17:first_line_format,8:relative,12:http_version,8:HTTP/1.1,6:scheme,4:http,10:stickyauth,5:false!}11:server_conn,417:15:ssl_established,5:false!14:source_address,60:7:address,27:15:192.168.128.181,5:63011#]8:use_ipv6,5:false!}13:timestamp_end,0:~7:address,64:7:address,31:22:entree.dev.igetget.com,2:80#]8:use_ipv6,5:false!}4:cert,0:~3:sni,0:~15:timestamp_start,17:1558440321.054038^19:timestamp_ssl_setup,0:~10:ip_address,54:7:address,21:12:39.107.208.4,2:80#]8:use_ipv6,5:false!}3:via,0:~19:timestamp_tcp_setup,17:1558440321.064838^}}4708:8:response,2949:6:reason,2:OK,13:timestamp_end,17:1558440332.343737^12:http_version,8:HTTP/1.1,11:status_code,3:200#15:timestamp_start,17:1558440332.322477^7:headers,234:40:4:Date,29:Tue, 21 May 2019 12:05:32 GMT,]51:12:Content-Type,31:application/json; charset=utf-8,]31:17:Transfer-Encoding,7:chunked,]28:10:Connection,10:keep-alive,]31:12:G-Powered-By,11:EaseGateway,]29:11:G-Timestamp,10:1558440332,]]7:content,2544:{"h":{"c":0,"e":"","s":1558440332,"t":12},"c":{"list":[{"dd_url":"igetapp://activity/detail?url=http%3A%2F%2Fpic1cdn.luojilab.com%2Fhtml%2Fpostersimu%2Fpic4jVv1x2KjVUOL4oBg8Dx.html","log_id":2076,"log_interface":"kaleidoscope:StructDataServcie","log_type":"activity","m_from":"","m_full_image":"https://piccdn.igetget.com/img/201901/04/201901041627359606088363.gif@960w_1l_","m_id":0,"m_img":"https://piccdn.igetget.com/img/201901/04/201901041627407630968817.gif@960w_1l_","m_img_new":"https://piccdn.igetget.com/img/201901/04/201901041627407630968817.gif@960w_1l_","m_img_old":"https://piccdn.igetget.com/img/201901/04/201901041627359606088363.gif@960w_1l_","m_title":"è€webviewæ”¯æŒæ–°JSSDK","m_type":3,"m_url":"http://pic1cdn.luojilab.com/html/postersimu/pic4jVv1x2KjVUOL4oBg8Dx.html","operation_key":{"resource_id":2076,"resource_key":"topbanner"},"package_manager_switch":false},{"dd_url":"igetapp://shop/detail?url=http%3A%2F%2Fh5.dev.sao.cn%2Fproduct%2Fdetail%3Falias%3Du5oe3e3l2sh4","log_id":2071,"log_interface":"kaleidoscope:StructDataServcie","log_type":"activity","m_from":"shzf","m_full_image":"https://piccdn.igetget.com/img/201811/26/201811261626100638981129.jpg@960w_1l_","m_id":0,"m_img":"https://piccdn.igetget.com/img/201811/26/201811261626148132475300.jpg@960w_1l_","m_img_new":"https://piccdn.igetget.com/img/201811/26/201811261626148132475300.jpg@960w_1l_","m_img_old":"https://piccdn.igetget.com/img/201811/26/201811261626100638981129.jpg@960w_1l_","m_title":"ä»¿çœŸç”Ÿæ´»ä½œé£","m_type":3,"m_url":"http://h5.dev.sao.cn/product/detail?alias=u5oe3e3l2sh4","operation_key":{"resource_id":2071,"resource_key":"topbanner"},"package_manager_switch":false},{"dd_url":"igetapp://activity/detail?url=http%3A%2F%2Fpic1cdn.luojilab.com%2Fhtml%2Fpostersimu%2FpicWrplG79Xz1HQpKrN8Jvj.html\u0026needLogin=1","log_id":2082,"log_interface":"kaleidoscope:StructDataServcie","log_type":"activity","m_from":"promise","m_full_image":"https://piccdn.igetget.com/img/201905/20/201905201920567550278991.jpeg@960w_1l_","m_id":0,"m_img":"https://piccdn.igetget.com/img/201905/20/201905201921183078706473.jpeg@960w_1l_","m_img_new":"https://piccdn.igetget.com/img/201905/20/201905201921183078706473.jpeg@960w_1l_","m_img_old":"https://piccdn.igetget.com/img/201905/20/201905201920567550278991.jpeg@960w_1l_","m_title":"é¢†å–æ´»åŠ¨æ”¯æŒç«™å¤–è·³è½¬","m_type":3,"m_url":"http://pic1cdn.luojilab.com/html/postersimu/picWrplG79Xz1HQpKrN8Jvj.html","operation_key":{"resource_id":2082,"resource_key":"topbanner"},"package_manager_switch":false}]}},}4:type,4:http,5:error,0:~6:marked,5:false!7:version,13:1:0#2:18#1:2#]11:client_conn,204:15:ssl_established,5:false!10:clientcert,0:~13:timestamp_end,0:~7:address,60:7:address,27:15:192.168.128.181,5:63014#]8:use_ipv6,5:false!}15:timestamp_start,17:1558440324.690845^19:timestamp_ssl_setup,0:~}2:id,36:1ce4cb11-5623-40ac-99ca-1729d15094bc,11:intercepted,5:false!7:request,931:9:is_replay,5:false!4:port,2:80#12:stickycookie,5:false!13:timestamp_end,17:1558440332.266757^4:path,54:/v3/adv/homepage?sign=50f1fa9a4841da6e88412ab60b0cf78f,15:timestamp_start,17:1558440332.256828^7:headers,248:28:13:Cache-Control,8:no-cache,]51:12:Content-Type,31:application/json; charset=UTF-8,]24:14:Content-Length,3:309,]32:4:Host,21:dedao.dev.igetget.com,]28:10:Connection,10:Keep-Alive,]26:15:Accept-Encoding,4:gzip,]31:10:User-Agent,13:okhttp/3.11.0,]]7:content,309:{"h":{"u":"85003403","thumb":"l","dt":"phone","ov":"6.0","net":"WIFI","os":"ANDROID","d":"ae244834553d4eda","dv":"Samsung Galaxy S6","t":"json","chil":"0","v":"2","av":"6.2.0","scr":"2.0","adv":"1","X-Dv":"Samsung Galaxy S6","ts":"1558440332","s":"9628def9c754fceb","seid":"218ef9e66ce3e0025bfad70cd02dd2ed"}},6:method,4:POST,4:host,21:dedao.dev.igetget.com,17:first_line_format,8:relative,12:http_version,8:HTTP/1.1,6:scheme,4:http,10:stickyauth,5:false!}11:server_conn,415:15:ssl_established,5:false!14:source_address,60:7:address,27:15:192.168.128.181,5:63015#]8:use_ipv6,5:false!}13:timestamp_end,0:~7:address,63:7:address,30:21:dedao.dev.igetget.com,2:80#]8:use_ipv6,5:false!}4:cert,0:~3:sni,0:~15:timestamp_start,16:1558440324.75721^19:timestamp_ssl_setup,0:~10:ip_address,54:7:address,21:12:39.107.208.4,2:80#]8:use_ipv6,5:false!}3:via,0:~19:timestamp_tcp_setup,17:1558440324.778336^}}2443:8:response,660:6:reason,2:OK,13:timestamp_end,17:1558440332.481973^12:http_version,8:HTTP/1.1,11:status_code,3:200#15:timestamp_start,17:1558440332.461025^7:headers,258:40:4:Date,29:Tue, 21 May 2019 12:05:32 GMT,]51:12:Content-Type,31:application/json; charset=utf-8,]24:14:Content-Length,3:232,]28:10:Connection,10:keep-alive,]27:16:Content-Encoding,4:gzip,]31:12:G-Powered-By,11:EaseGateway,]29:11:G-Timestamp,10:1558440332,]]7:content,232:‹      ÿLAJÄ0†ïò¯ƒ$më»L)“0ÚD’×)=+W½€q£GšÑcH*Œ]=Şÿ~şï3îA3 )à@€ ƒä”º®Œi2H5M«µ¬ëjÅ;ÃöÜ—™¹ç©8b|p]˜Æ-,¹ìÒ©gÃUcÏC|¯Ÿ——÷Ë×ÓÏÇ+RŒcç-¨’€œ"ì2CBbö£Ûjè»ÛJ¹“;ëò„óóÛy]•!­ `§´¡AJ•Ï‚İG´¦D\‰üøà¶~C<ş÷(Ëßşè˜OX–å7  ÿÿg±‰0  ,}4:type,4:http,5:error,0:~6:marked,5:false!7:version,13:1:0#2:18#1:2#]11:client_conn,204:15:ssl_established,5:false!10:clientcert,0:~13:timestamp_end,0:~7:address,60:7:address,27:15:192.168.128.181,5:63014#]8:use_ipv6,5:false!}15:timestamp_start,17:1558440324.690845^19:timestamp_ssl_setup,0:~}2:id,36:a437163b-e8ec-4b74-aa37-e180ccd7765a,11:intercepted,5:false!7:request,956:9:is_replay,5:false!4:port,2:80#12:stickycookie,5:false!13:timestamp_end,16:1558440332.41722^4:path,62:/v3/igettv/structuredata?sign=14ab5f4da15c4f822930dfacb6026675,15:timestamp_start,17:1558440332.412358^7:headers,248:28:13:Cache-Control,8:no-cache,]51:12:Content-Type,31:application/json; charset=UTF-8,]24:14:Content-Length,3:327,]32:4:Host,21:dedao.dev.igetget.com,]28:10:Connection,10:Keep-Alive,]26:15:Accept-Encoding,4:gzip,]31:10:User-Agent,13:okhttp/3.11.0,]]7:content,327:{"struct_id":25490,"h":{"u":"85003403","thumb":"l","dt":"phone","ov":"6.0","net":"WIFI","os":"ANDROID","d":"ae244834553d4eda","dv":"Samsung Galaxy S6","t":"json","chil":"0","v":"2","av":"6.2.0","scr":"2.0","adv":"1","X-Dv":"Samsung Galaxy S6","ts":"1558440332","s":"9628def9c754fceb","seid":"218ef9e66ce3e0025bfad70cd02dd2ed"}},6:method,4:POST,4:host,21:dedao.dev.igetget.com,17:first_line_format,8:relative,12:http_version,8:HTTP/1.1,6:scheme,4:http,10:stickyauth,5:false!}11:server_conn,415:15:ssl_established,5:false!14:source_address,60:7:address,27:15:192.168.128.181,5:63015#]8:use_ipv6,5:false!}13:timestamp_end,0:~7:address,63:7:address,30:21:dedao.dev.igetget.com,2:80#]8:use_ipv6,5:false!}4:cert,0:~3:sni,0:~15:timestamp_start,16:1558440324.75721^19:timestamp_ssl_setup,0:~10:ip_address,54:7:address,21:12:39.107.208.4,2:80#]8:use_ipv6,5:false!}3:via,0:~19:timestamp_tcp_setup,17:1558440324.778336^}}